[2025-10-20T20:03:18.179+0000][25848][gc] Using G1
[2025-10-20T20:03:18.184+0000][25848][gc,init] Version: 15.0.1+9 (release)
[2025-10-20T20:03:18.184+0000][25848][gc,init] CPUs: 12 total, 12 available
[2025-10-20T20:03:18.184+0000][25848][gc,init] Memory: 32620M
[2025-10-20T20:03:18.184+0000][25848][gc,init] Large Page Support: Disabled
[2025-10-20T20:03:18.184+0000][25848][gc,init] NUMA Support: Disabled
[2025-10-20T20:03:18.184+0000][25848][gc,init] Compressed Oops: Enabled (32-bit)
[2025-10-20T20:03:18.185+0000][25848][gc,init] Heap Region Size: 1M
[2025-10-20T20:03:18.185+0000][25848][gc,init] Heap Min Capacity: 1G
[2025-10-20T20:03:18.185+0000][25848][gc,init] Heap Initial Capacity: 1G
[2025-10-20T20:03:18.185+0000][25848][gc,init] Heap Max Capacity: 1G
[2025-10-20T20:03:18.185+0000][25848][gc,init] Pre-touch: Disabled
[2025-10-20T20:03:18.185+0000][25848][gc,init] Parallel Workers: 10
[2025-10-20T20:03:18.185+0000][25848][gc,init] Concurrent Workers: 3
[2025-10-20T20:03:18.185+0000][25848][gc,init] Concurrent Refinement Workers: 10
[2025-10-20T20:03:18.185+0000][25848][gc,init] Periodic GC: Disabled
[2025-10-20T20:03:18.185+0000][25848][gc,metaspace] CDS disabled.
[2025-10-20T20:03:18.185+0000][25848][gc,metaspace] Compressed class space mapped at: 0x0000000100000000-0x0000000140000000, size: 1073741824
[2025-10-20T20:03:18.185+0000][25848][gc,metaspace] Narrow klass base: 0x0000000000000000, Narrow klass shift: 3, Narrow klass range: 0x140000000
[2025-10-20T20:03:18.226+0000][25848][gc,heap,exit] Heap
[2025-10-20T20:03:18.226+0000][25848][gc,heap,exit]  garbage-first heap   total 1048576K, used 1024K [0x00000000c0000000, 0x0000000100000000)
[2025-10-20T20:03:18.226+0000][25848][gc,heap,exit]   region size 1024K, 2 young (2048K), 0 survivors (0K)
[2025-10-20T20:03:18.226+0000][25848][gc,heap,exit]  Metaspace       used 3422K, capacity 4480K, committed 4480K, reserved 1056768K
[2025-10-20T20:03:18.226+0000][25848][gc,heap,exit]   class space    used 277K, capacity 384K, committed 384K, reserved 1048576K
