[2025-10-20T18:29:17.294+0000][25964][gc] Using G1
[2025-10-20T18:29:17.373+0000][25964][gc,init] Version: 15.0.1+9 (release)
[2025-10-20T18:29:17.373+0000][25964][gc,init] CPUs: 12 total, 12 available
[2025-10-20T18:29:17.373+0000][25964][gc,init] Memory: 32620M
[2025-10-20T18:29:17.373+0000][25964][gc,init] Large Page Support: Disabled
[2025-10-20T18:29:17.373+0000][25964][gc,init] NUMA Support: Disabled
[2025-10-20T18:29:17.373+0000][25964][gc,init] Compressed Oops: Enabled (32-bit)
[2025-10-20T18:29:17.374+0000][25964][gc,init] Heap Region Size: 1M
[2025-10-20T18:29:17.374+0000][25964][gc,init] Heap Min Capacity: 1G
[2025-10-20T18:29:17.374+0000][25964][gc,init] Heap Initial Capacity: 1G
[2025-10-20T18:29:17.374+0000][25964][gc,init] Heap Max Capacity: 1G
[2025-10-20T18:29:17.374+0000][25964][gc,init] Pre-touch: Enabled
[2025-10-20T18:29:17.374+0000][25964][gc,init] Parallel Workers: 10
[2025-10-20T18:29:17.374+0000][25964][gc,init] Concurrent Workers: 3
[2025-10-20T18:29:17.374+0000][25964][gc,init] Concurrent Refinement Workers: 10
[2025-10-20T18:29:17.374+0000][25964][gc,init] Periodic GC: Disabled
[2025-10-20T18:29:17.374+0000][25964][gc,metaspace] CDS archive(s) mapped at: [0x0000000800000000-0x0000000800b50000-0x0000000800b50000), size 11862016, SharedBaseAddress: 0x0000000800000000, ArchiveRelocationMode: 0.
[2025-10-20T18:29:17.374+0000][25964][gc,metaspace] Compressed class space mapped at: 0x0000000800b50000-0x0000000840b50000, size: 1073741824
[2025-10-20T18:29:17.374+0000][25964][gc,metaspace] Narrow klass base: 0x0000000800000000, Narrow klass shift: 3, Narrow klass range: 0x100000000
[2025-10-20T18:29:17.617+0000][25964][safepoint   ] Safepoint "ICBufferFull", Time since last: 239103100 ns, Reaching safepoint: 100300 ns, At safepoint: 6500 ns, Total: 106800 ns
[2025-10-20T18:29:17.843+0000][25964][safepoint   ] Safepoint "ICBufferFull", Time since last: 226455000 ns, Reaching safepoint: 117200 ns, At safepoint: 7000 ns, Total: 124200 ns
[2025-10-20T18:29:18.298+0000][25964][safepoint   ] Safepoint "ICBufferFull", Time since last: 455826000 ns, Reaching safepoint: 98700 ns, At safepoint: 7400 ns, Total: 106100 ns
[2025-10-20T18:29:18.420+0000][25964][gc,start    ] GC(0) Pause Young (Normal) (G1 Evacuation Pause)
[2025-10-20T18:29:18.420+0000][25964][gc,task     ] GC(0) Using 10 workers of 10 for evacuation
[2025-10-20T18:29:18.420+0000][25964][gc,age      ] GC(0) Desired survivor size 3670016 bytes, new threshold 15 (max threshold 15)
[2025-10-20T18:29:18.423+0000][25964][gc,age      ] GC(0) Age table with threshold 15 (max threshold 15)
[2025-10-20T18:29:18.423+0000][25964][gc,age      ] GC(0) - age   1:    6571208 bytes,    6571208 total
[2025-10-20T18:29:18.423+0000][25964][gc,phases   ] GC(0)   Pre Evacuate Collection Set: 0.1ms
[2025-10-20T18:29:18.423+0000][25964][gc,phases   ] GC(0)   Merge Heap Roots: 0.0ms
[2025-10-20T18:29:18.423+0000][25964][gc,phases   ] GC(0)   Evacuate Collection Set: 2.6ms
[2025-10-20T18:29:18.423+0000][25964][gc,phases   ] GC(0)   Post Evacuate Collection Set: 0.4ms
[2025-10-20T18:29:18.423+0000][25964][gc,phases   ] GC(0)   Other: 0.4ms
[2025-10-20T18:29:18.423+0000][25964][gc,heap     ] GC(0) Eden regions: 51->0(53)
[2025-10-20T18:29:18.423+0000][25964][gc,heap     ] GC(0) Survivor regions: 0->7(7)
[2025-10-20T18:29:18.423+0000][25964][gc,heap     ] GC(0) Old regions: 0->0
[2025-10-20T18:29:18.423+0000][25964][gc,heap     ] GC(0) Archive regions: 0->0
[2025-10-20T18:29:18.423+0000][25964][gc,heap     ] GC(0) Humongous regions: 1->1
[2025-10-20T18:29:18.423+0000][25964][gc,metaspace] GC(0) Metaspace: 13400K(13696K)->13400K(13696K) NonClass: 11837K(12032K)->11837K(12032K) Class: 1563K(1664K)->1563K(1664K)
[2025-10-20T18:29:18.423+0000][25964][gc          ] GC(0) Pause Young (Normal) (G1 Evacuation Pause) 52M->7M(1024M) 3.703ms
[2025-10-20T18:29:18.423+0000][25964][gc,cpu      ] GC(0) User=0.00s Sys=0.00s Real=0.00s
[2025-10-20T18:29:18.423+0000][25964][safepoint   ] Safepoint "G1CollectForAllocation", Time since last: 120377600 ns, Reaching safepoint: 83100 ns, At safepoint: 3778200 ns, Total: 3861300 ns
[2025-10-20T18:29:18.801+0000][25964][gc,start    ] GC(1) Pause Young (Normal) (G1 Evacuation Pause)
[2025-10-20T18:29:18.802+0000][25964][gc,task     ] GC(1) Using 10 workers of 10 for evacuation
[2025-10-20T18:29:18.802+0000][25964][gc,age      ] GC(1) Desired survivor size 4194304 bytes, new threshold 1 (max threshold 15)
[2025-10-20T18:29:18.804+0000][25964][gc,age      ] GC(1) Age table with threshold 1 (max threshold 15)
[2025-10-20T18:29:18.804+0000][25964][gc,age      ] GC(1) - age   1:    1031768 bytes,    1031768 total
[2025-10-20T18:29:18.804+0000][25964][gc,phases   ] GC(1)   Pre Evacuate Collection Set: 0.0ms
[2025-10-20T18:29:18.804+0000][25964][gc,phases   ] GC(1)   Merge Heap Roots: 0.0ms
[2025-10-20T18:29:18.804+0000][25964][gc,phases   ] GC(1)   Evacuate Collection Set: 2.5ms
[2025-10-20T18:29:18.804+0000][25964][gc,phases   ] GC(1)   Post Evacuate Collection Set: 0.3ms
[2025-10-20T18:29:18.804+0000][25964][gc,phases   ] GC(1)   Other: 0.2ms
[2025-10-20T18:29:18.804+0000][25964][gc,heap     ] GC(1) Eden regions: 53->0(244)
[2025-10-20T18:29:18.804+0000][25964][gc,heap     ] GC(1) Survivor regions: 7->2(8)
[2025-10-20T18:29:18.804+0000][25964][gc,heap     ] GC(1) Old regions: 0->7
[2025-10-20T18:29:18.804+0000][25964][gc,heap     ] GC(1) Archive regions: 0->0
[2025-10-20T18:29:18.804+0000][25964][gc,heap     ] GC(1) Humongous regions: 1->1
[2025-10-20T18:29:18.804+0000][25964][gc,metaspace] GC(1) Metaspace: 14329K(14848K)->14329K(14848K) NonClass: 12688K(13056K)->12688K(13056K) Class: 1640K(1792K)->1640K(1792K)
[2025-10-20T18:29:18.804+0000][25964][gc          ] GC(1) Pause Young (Normal) (G1 Evacuation Pause) 60M->8M(1024M) 3.143ms
[2025-10-20T18:29:18.804+0000][25964][gc,cpu      ] GC(1) User=0.09s Sys=0.08s Real=0.00s
[2025-10-20T18:29:18.804+0000][25964][safepoint   ] Safepoint "G1CollectForAllocation", Time since last: 378336500 ns, Reaching safepoint: 91200 ns, At safepoint: 3202700 ns, Total: 3293900 ns
[2025-10-20T18:29:18.916+0000][25964][safepoint   ] Safepoint "ICBufferFull", Time since last: 111180700 ns, Reaching safepoint: 52200 ns, At safepoint: 6800 ns, Total: 59000 ns
[2025-10-20T18:29:18.920+0000][25964][safepoint   ] Safepoint "ICBufferFull", Time since last: 3840400 ns, Reaching safepoint: 46100 ns, At safepoint: 7100 ns, Total: 53200 ns
[2025-10-20T18:29:18.922+0000][25964][safepoint   ] Safepoint "ICBufferFull", Time since last: 2088600 ns, Reaching safepoint: 34000 ns, At safepoint: 7600 ns, Total: 41600 ns
[2025-10-20T18:29:18.924+0000][25964][safepoint   ] Safepoint "ICBufferFull", Time since last: 1849100 ns, Reaching safepoint: 30700 ns, At safepoint: 6500 ns, Total: 37200 ns
[2025-10-20T18:29:18.926+0000][25964][safepoint   ] Safepoint "ICBufferFull", Time since last: 2325900 ns, Reaching safepoint: 31200 ns, At safepoint: 6600 ns, Total: 37800 ns
[2025-10-20T18:29:18.928+0000][25964][safepoint   ] Safepoint "ICBufferFull", Time since last: 1449600 ns, Reaching safepoint: 26800 ns, At safepoint: 5000 ns, Total: 31800 ns
[2025-10-20T18:29:18.930+0000][25964][safepoint   ] Safepoint "ICBufferFull", Time since last: 1796100 ns, Reaching safepoint: 28600 ns, At safepoint: 5900 ns, Total: 34500 ns
[2025-10-20T18:29:18.932+0000][25964][safepoint   ] Safepoint "ICBufferFull", Time since last: 1495600 ns, Reaching safepoint: 41200 ns, At safepoint: 2000 ns, Total: 43200 ns
[2025-10-20T18:29:18.935+0000][25964][safepoint   ] Safepoint "ICBufferFull", Time since last: 3704100 ns, Reaching safepoint: 34400 ns, At safepoint: 5900 ns, Total: 40300 ns
[2025-10-20T18:29:18.937+0000][25964][safepoint   ] Safepoint "ICBufferFull", Time since last: 2102800 ns, Reaching safepoint: 29500 ns, At safepoint: 6500 ns, Total: 36000 ns
[2025-10-20T18:29:18.938+0000][25964][safepoint   ] Safepoint "ICBufferFull", Time since last: 1671600 ns, Reaching safepoint: 25500 ns, At safepoint: 5500 ns, Total: 31000 ns
[2025-10-20T18:29:18.941+0000][25964][safepoint   ] Safepoint "ICBufferFull", Time since last: 2141500 ns, Reaching safepoint: 32400 ns, At safepoint: 4700 ns, Total: 37100 ns
[2025-10-20T18:29:18.943+0000][25964][safepoint   ] Safepoint "ICBufferFull", Time since last: 2150800 ns, Reaching safepoint: 37000 ns, At safepoint: 8300 ns, Total: 45300 ns
[2025-10-20T18:29:18.945+0000][25964][safepoint   ] Safepoint "ICBufferFull", Time since last: 2160700 ns, Reaching safepoint: 38000 ns, At safepoint: 8000 ns, Total: 46000 ns
[2025-10-20T18:29:19.020+0000][25964][safepoint   ] Safepoint "ICBufferFull", Time since last: 74614300 ns, Reaching safepoint: 57400 ns, At safepoint: 8000 ns, Total: 65400 ns
[2025-10-20T18:29:19.235+0000][25964][safepoint   ] Safepoint "ICBufferFull", Time since last: 215164700 ns, Reaching safepoint: 137700 ns, At safepoint: 7700 ns, Total: 145400 ns
[2025-10-20T18:29:19.301+0000][25964][gc,start    ] GC(2) Pause Young (Normal) (G1 Evacuation Pause)
[2025-10-20T18:29:19.301+0000][25964][gc,task     ] GC(2) Using 10 workers of 10 for evacuation
[2025-10-20T18:29:19.301+0000][25964][gc,age      ] GC(2) Desired survivor size 16252928 bytes, new threshold 15 (max threshold 15)
[2025-10-20T18:29:19.303+0000][25964][gc,age      ] GC(2) Age table with threshold 15 (max threshold 15)
[2025-10-20T18:29:19.303+0000][25964][gc,age      ] GC(2) - age   1:    4643512 bytes,    4643512 total
[2025-10-20T18:29:19.303+0000][25964][gc,age      ] GC(2) - age   2:    1010992 bytes,    5654504 total
[2025-10-20T18:29:19.303+0000][25964][gc,phases   ] GC(2)   Pre Evacuate Collection Set: 0.1ms
[2025-10-20T18:29:19.303+0000][25964][gc,phases   ] GC(2)   Merge Heap Roots: 0.0ms
[2025-10-20T18:29:19.303+0000][25964][gc,phases   ] GC(2)   Evacuate Collection Set: 1.2ms
[2025-10-20T18:29:19.303+0000][25964][gc,phases   ] GC(2)   Post Evacuate Collection Set: 0.2ms
[2025-10-20T18:29:19.303+0000][25964][gc,phases   ] GC(2)   Other: 0.2ms
[2025-10-20T18:29:19.303+0000][25964][gc,heap     ] GC(2) Eden regions: 244->0(608)
[2025-10-20T18:29:19.303+0000][25964][gc,heap     ] GC(2) Survivor regions: 2->6(31)
[2025-10-20T18:29:19.303+0000][25964][gc,heap     ] GC(2) Old regions: 7->7
[2025-10-20T18:29:19.303+0000][25964][gc,heap     ] GC(2) Archive regions: 0->0
[2025-10-20T18:29:19.303+0000][25964][gc,heap     ] GC(2) Humongous regions: 2->1
[2025-10-20T18:29:19.303+0000][25964][gc,metaspace] GC(2) Metaspace: 17862K(18432K)->17862K(18432K) NonClass: 15742K(16128K)->15742K(16128K) Class: 2120K(2304K)->2120K(2304K)
[2025-10-20T18:29:19.303+0000][25964][gc          ] GC(2) Pause Young (Normal) (G1 Evacuation Pause) 253M->13M(1024M) 1.852ms
[2025-10-20T18:29:19.303+0000][25964][gc,cpu      ] GC(2) User=0.17s Sys=0.02s Real=0.00s
[2025-10-20T18:29:19.303+0000][25964][safepoint   ] Safepoint "G1CollectForAllocation", Time since last: 65586300 ns, Reaching safepoint: 75000 ns, At safepoint: 1911100 ns, Total: 1986100 ns
[2025-10-20T18:29:19.891+0000][25964][gc,start    ] GC(3) Pause Young (Normal) (G1 Evacuation Pause)
[2025-10-20T18:29:19.891+0000][25964][gc,task     ] GC(3) Using 10 workers of 10 for evacuation
[2025-10-20T18:29:19.891+0000][25964][gc,age      ] GC(3) Desired survivor size 40370176 bytes, new threshold 15 (max threshold 15)
[2025-10-20T18:29:19.893+0000][25964][gc,age      ] GC(3) Age table with threshold 15 (max threshold 15)
[2025-10-20T18:29:19.895+0000][25964][gc,age      ] GC(3) - age   1:    4997560 bytes,    4997560 total
[2025-10-20T18:29:19.895+0000][25964][gc,age      ] GC(3) - age   2:    4370000 bytes,    9367560 total
[2025-10-20T18:29:19.895+0000][25964][gc,age      ] GC(3) - age   3:    1010992 bytes,   10378552 total
[2025-10-20T18:29:19.895+0000][25964][gc,phases   ] GC(3)   Pre Evacuate Collection Set: 0.1ms
[2025-10-20T18:29:19.895+0000][25964][gc,phases   ] GC(3)   Merge Heap Roots: 0.1ms
[2025-10-20T18:29:19.895+0000][25964][gc,phases   ] GC(3)   Evacuate Collection Set: 2.0ms
[2025-10-20T18:29:19.895+0000][25964][gc,phases   ] GC(3)   Post Evacuate Collection Set: 0.5ms
[2025-10-20T18:29:19.895+0000][25964][gc,phases   ] GC(3)   Other: 0.3ms
[2025-10-20T18:29:19.895+0000][25964][gc,heap     ] GC(3) Eden regions: 608->0(603)
[2025-10-20T18:29:19.895+0000][25964][gc,heap     ] GC(3) Survivor regions: 6->11(77)
[2025-10-20T18:29:19.895+0000][25964][gc,heap     ] GC(3) Old regions: 7->7
[2025-10-20T18:29:19.895+0000][25964][gc,heap     ] GC(3) Archive regions: 0->0
[2025-10-20T18:29:19.895+0000][25964][gc,heap     ] GC(3) Humongous regions: 1->1
[2025-10-20T18:29:19.895+0000][25964][gc,metaspace] GC(3) Metaspace: 18873K(19968K)->18873K(19968K) NonClass: 16613K(17408K)->16613K(17408K) Class: 2260K(2560K)->2260K(2560K)
[2025-10-20T18:29:19.895+0000][25964][gc          ] GC(3) Pause Young (Normal) (G1 Evacuation Pause) 621M->17M(1024M) 3.196ms
[2025-10-20T18:29:19.895+0000][25964][gc,cpu      ] GC(3) User=0.00s Sys=0.00s Real=0.00s
[2025-10-20T18:29:19.895+0000][25964][safepoint   ] Safepoint "G1CollectForAllocation", Time since last: 588193300 ns, Reaching safepoint: 93700 ns, At safepoint: 3258700 ns, Total: 3352400 ns
[2025-10-20T18:29:20.378+0000][25964][gc,start    ] GC(4) Pause Young (Normal) (G1 Evacuation Pause)
[2025-10-20T18:29:20.378+0000][25964][gc,task     ] GC(4) Using 10 workers of 10 for evacuation
[2025-10-20T18:29:20.378+0000][25964][gc,age      ] GC(4) Desired survivor size 40370176 bytes, new threshold 15 (max threshold 15)
[2025-10-20T18:29:20.380+0000][25964][gc,age      ] GC(4) Age table with threshold 15 (max threshold 15)
[2025-10-20T18:29:20.380+0000][25964][gc,age      ] GC(4) - age   1:    3340800 bytes,    3340800 total
[2025-10-20T18:29:20.380+0000][25964][gc,age      ] GC(4) - age   2:    3123384 bytes,    6464184 total
[2025-10-20T18:29:20.380+0000][25964][gc,age      ] GC(4) - age   3:    4369568 bytes,   10833752 total
[2025-10-20T18:29:20.380+0000][25964][gc,age      ] GC(4) - age   4:    1010848 bytes,   11844600 total
[2025-10-20T18:29:20.380+0000][25964][gc,phases   ] GC(4)   Pre Evacuate Collection Set: 0.1ms
[2025-10-20T18:29:20.380+0000][25964][gc,phases   ] GC(4)   Merge Heap Roots: 0.0ms
[2025-10-20T18:29:20.380+0000][25964][gc,phases   ] GC(4)   Evacuate Collection Set: 1.7ms
[2025-10-20T18:29:20.380+0000][25964][gc,phases   ] GC(4)   Post Evacuate Collection Set: 0.3ms
[2025-10-20T18:29:20.380+0000][25964][gc,phases   ] GC(4)   Other: 0.2ms
[2025-10-20T18:29:20.380+0000][25964][gc,heap     ] GC(4) Eden regions: 603->0(602)
[2025-10-20T18:29:20.380+0000][25964][gc,heap     ] GC(4) Survivor regions: 11->12(77)
[2025-10-20T18:29:20.380+0000][25964][gc,heap     ] GC(4) Old regions: 7->7
[2025-10-20T18:29:20.380+0000][25964][gc,heap     ] GC(4) Archive regions: 0->0
[2025-10-20T18:29:20.380+0000][25964][gc,heap     ] GC(4) Humongous regions: 1->1
[2025-10-20T18:29:20.380+0000][25964][gc,metaspace] GC(4) Metaspace: 19629K(20864K)->19629K(20864K) NonClass: 17258K(18176K)->17258K(18176K) Class: 2370K(2688K)->2370K(2688K)
[2025-10-20T18:29:20.380+0000][25964][gc          ] GC(4) Pause Young (Normal) (G1 Evacuation Pause) 620M->19M(1024M) 2.471ms
[2025-10-20T18:29:20.380+0000][25964][gc,cpu      ] GC(4) User=0.00s Sys=0.00s Real=0.00s
[2025-10-20T18:29:20.380+0000][25964][safepoint   ] Safepoint "G1CollectForAllocation", Time since last: 482622500 ns, Reaching safepoint: 64600 ns, At safepoint: 2526900 ns, Total: 2591500 ns
[2025-10-20T18:29:20.750+0000][25964][gc,start    ] GC(5) Pause Young (Concurrent Start) (Metadata GC Threshold)
[2025-10-20T18:29:20.750+0000][25964][gc,task     ] GC(5) Using 10 workers of 10 for evacuation
[2025-10-20T18:29:20.750+0000][25964][gc,age      ] GC(5) Desired survivor size 40370176 bytes, new threshold 15 (max threshold 15)
[2025-10-20T18:29:20.752+0000][25964][gc,age      ] GC(5) Age table with threshold 15 (max threshold 15)
[2025-10-20T18:29:20.752+0000][25964][gc,age      ] GC(5) - age   1:    1011728 bytes,    1011728 total
[2025-10-20T18:29:20.752+0000][25964][gc,age      ] GC(5) - age   2:    2432096 bytes,    3443824 total
[2025-10-20T18:29:20.752+0000][25964][gc,age      ] GC(5) - age   3:    3108480 bytes,    6552304 total
[2025-10-20T18:29:20.752+0000][25964][gc,age      ] GC(5) - age   4:    4356064 bytes,   10908368 total
[2025-10-20T18:29:20.752+0000][25964][gc,age      ] GC(5) - age   5:     998560 bytes,   11906928 total
[2025-10-20T18:29:20.752+0000][25964][gc,phases   ] GC(5)   Pre Evacuate Collection Set: 0.1ms
[2025-10-20T18:29:20.752+0000][25964][gc,phases   ] GC(5)   Merge Heap Roots: 0.0ms
[2025-10-20T18:29:20.752+0000][25964][gc,phases   ] GC(5)   Evacuate Collection Set: 1.8ms
[2025-10-20T18:29:20.752+0000][25964][gc,phases   ] GC(5)   Post Evacuate Collection Set: 0.3ms
[2025-10-20T18:29:20.752+0000][25964][gc,phases   ] GC(5)   Other: 0.3ms
[2025-10-20T18:29:20.752+0000][25964][gc,heap     ] GC(5) Eden regions: 469->0(602)
[2025-10-20T18:29:20.752+0000][25964][gc,heap     ] GC(5) Survivor regions: 12->12(77)
[2025-10-20T18:29:20.752+0000][25964][gc,heap     ] GC(5) Old regions: 7->7
[2025-10-20T18:29:20.752+0000][25964][gc,heap     ] GC(5) Archive regions: 0->0
[2025-10-20T18:29:20.752+0000][25964][gc,heap     ] GC(5) Humongous regions: 1->1
[2025-10-20T18:29:20.752+0000][25964][gc,metaspace] GC(5) Metaspace: 20043K(21296K)->20043K(21296K) NonClass: 17599K(18608K)->17599K(18608K) Class: 2444K(2688K)->2444K(2688K)
[2025-10-20T18:29:20.752+0000][25964][gc          ] GC(5) Pause Young (Concurrent Start) (Metadata GC Threshold) 487M->19M(1024M) 2.730ms
[2025-10-20T18:29:20.752+0000][25964][gc,cpu      ] GC(5) User=0.00s Sys=0.00s Real=0.00s
[2025-10-20T18:29:20.752+0000][25964][gc          ] GC(6) Concurrent Cycle
[2025-10-20T18:29:20.752+0000][25964][gc,marking  ] GC(6) Concurrent Clear Claimed Marks
[2025-10-20T18:29:20.752+0000][25964][safepoint   ] Safepoint "CollectForMetadataAllocation", Time since last: 369568000 ns, Reaching safepoint: 54700 ns, At safepoint: 2833000 ns, Total: 2887700 ns
[2025-10-20T18:29:20.752+0000][25964][gc,marking  ] GC(6) Concurrent Clear Claimed Marks 0.025ms
[2025-10-20T18:29:20.752+0000][25964][gc,marking  ] GC(6) Concurrent Scan Root Regions
[2025-10-20T18:29:20.754+0000][25964][gc,marking  ] GC(6) Concurrent Scan Root Regions 1.095ms
[2025-10-20T18:29:20.754+0000][25964][gc,marking  ] GC(6) Concurrent Mark (3.470s)
[2025-10-20T18:29:20.754+0000][25964][gc,marking  ] GC(6) Concurrent Mark From Roots
[2025-10-20T18:29:20.754+0000][25964][gc,task     ] GC(6) Using 3 workers of 3 for marking
[2025-10-20T18:29:20.756+0000][25964][gc,marking  ] GC(6) Concurrent Mark From Roots 2.490ms
[2025-10-20T18:29:20.756+0000][25964][gc,marking  ] GC(6) Concurrent Preclean
[2025-10-20T18:29:20.756+0000][25964][gc,marking  ] GC(6) Concurrent Preclean 0.090ms
[2025-10-20T18:29:20.756+0000][25964][gc,marking  ] GC(6) Concurrent Mark (3.470s, 3.472s) 2.638ms
[2025-10-20T18:29:20.756+0000][25964][gc,start    ] GC(6) Pause Remark
[2025-10-20T18:29:20.757+0000][25964][gc          ] GC(6) Pause Remark 19M->19M(1024M) 0.737ms
[2025-10-20T18:29:20.757+0000][25964][gc,cpu      ] GC(6) User=0.00s Sys=0.00s Real=0.00s
[2025-10-20T18:29:20.757+0000][25964][safepoint   ] Safepoint "G1Concurrent", Time since last: 3819000 ns, Reaching safepoint: 34700 ns, At safepoint: 788600 ns, Total: 823300 ns
[2025-10-20T18:29:20.757+0000][25964][gc,marking  ] GC(6) Concurrent Rebuild Remembered Sets
[2025-10-20T18:29:20.758+0000][25964][gc,marking  ] GC(6) Concurrent Rebuild Remembered Sets 1.133ms
[2025-10-20T18:29:20.758+0000][25964][gc,start    ] GC(6) Pause Cleanup
[2025-10-20T18:29:20.758+0000][25964][gc          ] GC(6) Pause Cleanup 19M->19M(1024M) 0.058ms
[2025-10-20T18:29:20.758+0000][25964][gc,cpu      ] GC(6) User=0.00s Sys=0.00s Real=0.00s
[2025-10-20T18:29:20.758+0000][25964][safepoint   ] Safepoint "G1Concurrent", Time since last: 1185300 ns, Reaching safepoint: 228700 ns, At safepoint: 97800 ns, Total: 326500 ns
[2025-10-20T18:29:20.758+0000][25964][gc,marking  ] GC(6) Concurrent Cleanup for Next Mark
[2025-10-20T18:29:20.760+0000][25964][gc,marking  ] GC(6) Concurrent Cleanup for Next Mark 0.903ms
[2025-10-20T18:29:20.760+0000][25964][gc          ] GC(6) Concurrent Cycle 7.182ms
[2025-10-20T18:29:21.550+0000][25964][safepoint   ] Safepoint "ICBufferFull", Time since last: 791661300 ns, Reaching safepoint: 124000 ns, At safepoint: 7200 ns, Total: 131200 ns
[2025-10-20T18:29:22.318+0000][25964][safepoint   ] Safepoint "ICBufferFull", Time since last: 767946300 ns, Reaching safepoint: 124700 ns, At safepoint: 10400 ns, Total: 135100 ns
[2025-10-20T18:29:22.651+0000][25964][gc,start    ] GC(7) Pause Young (Concurrent Start) (Metadata GC Threshold)
[2025-10-20T18:29:22.651+0000][25964][gc,task     ] GC(7) Using 10 workers of 10 for evacuation
[2025-10-20T18:29:22.651+0000][25964][gc,age      ] GC(7) Desired survivor size 40370176 bytes, new threshold 15 (max threshold 15)
[2025-10-20T18:29:22.662+0000][25964][gc,age      ] GC(7) Age table with threshold 15 (max threshold 15)
[2025-10-20T18:29:22.662+0000][25964][gc,age      ] GC(7) - age   1:   31683912 bytes,   31683912 total
[2025-10-20T18:29:22.662+0000][25964][gc,age      ] GC(7) - age   2:     989232 bytes,   32673144 total
[2025-10-20T18:29:22.662+0000][25964][gc,age      ] GC(7) - age   3:    2429000 bytes,   35102144 total
[2025-10-20T18:29:22.662+0000][25964][gc,age      ] GC(7) - age   4:    3090912 bytes,   38193056 total
[2025-10-20T18:29:22.662+0000][25964][gc,age      ] GC(7) - age   5:    4324728 bytes,   42517784 total
[2025-10-20T18:29:22.662+0000][25964][gc,age      ] GC(7) - age   6:     990064 bytes,   43507848 total
[2025-10-20T18:29:22.662+0000][25964][gc,phases   ] GC(7)   Pre Evacuate Collection Set: 0.1ms
[2025-10-20T18:29:22.662+0000][25964][gc,phases   ] GC(7)   Merge Heap Roots: 0.0ms
[2025-10-20T18:29:22.662+0000][25964][gc,phases   ] GC(7)   Evacuate Collection Set: 9.9ms
[2025-10-20T18:29:22.662+0000][25964][gc,phases   ] GC(7)   Post Evacuate Collection Set: 0.6ms
[2025-10-20T18:29:22.662+0000][25964][gc,phases   ] GC(7)   Other: 0.3ms
[2025-10-20T18:29:22.662+0000][25964][gc,heap     ] GC(7) Eden regions: 246->0(571)
[2025-10-20T18:29:22.662+0000][25964][gc,heap     ] GC(7) Survivor regions: 12->43(77)
[2025-10-20T18:29:22.662+0000][25964][gc,heap     ] GC(7) Old regions: 7->7
[2025-10-20T18:29:22.662+0000][25964][gc,heap     ] GC(7) Archive regions: 0->0
[2025-10-20T18:29:22.662+0000][25964][gc,heap     ] GC(7) Humongous regions: 1->1
[2025-10-20T18:29:22.662+0000][25964][gc,metaspace] GC(7) Metaspace: 33867K(35920K)->33867K(35920K) NonClass: 29559K(31056K)->29559K(31056K) Class: 4308K(4864K)->4308K(4864K)
[2025-10-20T18:29:22.662+0000][25964][gc          ] GC(7) Pause Young (Concurrent Start) (Metadata GC Threshold) 265M->49M(1024M) 11.014ms
[2025-10-20T18:29:22.662+0000][25964][gc,cpu      ] GC(7) User=0.00s Sys=0.02s Real=0.01s
[2025-10-20T18:29:22.662+0000][25964][gc          ] GC(8) Concurrent Cycle
[2025-10-20T18:29:22.662+0000][25964][safepoint   ] Safepoint "CollectForMetadataAllocation", Time since last: 332708500 ns, Reaching safepoint: 109100 ns, At safepoint: 11099000 ns, Total: 11208100 ns
[2025-10-20T18:29:22.662+0000][25964][gc,marking  ] GC(8) Concurrent Clear Claimed Marks
[2025-10-20T18:29:22.662+0000][25964][gc,marking  ] GC(8) Concurrent Clear Claimed Marks 0.065ms
[2025-10-20T18:29:22.662+0000][25964][gc,marking  ] GC(8) Concurrent Scan Root Regions
[2025-10-20T18:29:22.668+0000][25964][gc,marking  ] GC(8) Concurrent Scan Root Regions 6.627ms
[2025-10-20T18:29:22.668+0000][25964][gc,marking  ] GC(8) Concurrent Mark (5.385s)
[2025-10-20T18:29:22.668+0000][25964][gc,marking  ] GC(8) Concurrent Mark From Roots
[2025-10-20T18:29:22.668+0000][25964][gc,task     ] GC(8) Using 3 workers of 3 for marking
[2025-10-20T18:29:22.671+0000][25964][gc,marking  ] GC(8) Concurrent Mark From Roots 2.939ms
[2025-10-20T18:29:22.671+0000][25964][gc,marking  ] GC(8) Concurrent Preclean
[2025-10-20T18:29:22.672+0000][25964][gc,marking  ] GC(8) Concurrent Preclean 0.077ms
[2025-10-20T18:29:22.672+0000][25964][gc,marking  ] GC(8) Concurrent Mark (5.385s, 5.388s) 3.071ms
[2025-10-20T18:29:22.672+0000][25964][gc,start    ] GC(8) Pause Remark
[2025-10-20T18:29:22.672+0000][25964][gc          ] GC(8) Pause Remark 50M->50M(1024M) 0.767ms
[2025-10-20T18:29:22.672+0000][25964][gc,cpu      ] GC(8) User=0.00s Sys=0.00s Real=0.00s
[2025-10-20T18:29:22.672+0000][25964][safepoint   ] Safepoint "G1Concurrent", Time since last: 9842100 ns, Reaching safepoint: 43600 ns, At safepoint: 822000 ns, Total: 865600 ns
[2025-10-20T18:29:22.672+0000][25964][gc,marking  ] GC(8) Concurrent Rebuild Remembered Sets
[2025-10-20T18:29:22.674+0000][25964][gc,marking  ] GC(8) Concurrent Rebuild Remembered Sets 1.156ms
[2025-10-20T18:29:22.674+0000][25964][gc,start    ] GC(8) Pause Cleanup
[2025-10-20T18:29:22.674+0000][25964][gc          ] GC(8) Pause Cleanup 51M->51M(1024M) 0.059ms
[2025-10-20T18:29:22.674+0000][25964][gc,cpu      ] GC(8) User=0.00s Sys=0.00s Real=0.00s
[2025-10-20T18:29:22.674+0000][25964][safepoint   ] Safepoint "G1Concurrent", Time since last: 1210200 ns, Reaching safepoint: 155200 ns, At safepoint: 95800 ns, Total: 251000 ns
[2025-10-20T18:29:22.674+0000][25964][gc,marking  ] GC(8) Concurrent Cleanup for Next Mark
[2025-10-20T18:29:22.675+0000][25964][gc,marking  ] GC(8) Concurrent Cleanup for Next Mark 0.628ms
[2025-10-20T18:29:22.675+0000][25964][gc          ] GC(8) Concurrent Cycle 12.861ms
[2025-10-20T18:29:23.072+0000][25964][safepoint   ] Safepoint "ICBufferFull", Time since last: 397039200 ns, Reaching safepoint: 127900 ns, At safepoint: 7700 ns, Total: 135600 ns
[2025-10-20T18:29:23.542+0000][25964][safepoint   ] Safepoint "ICBufferFull", Time since last: 471109400 ns, Reaching safepoint: 150700 ns, At safepoint: 11400 ns, Total: 162100 ns
[2025-10-20T18:29:24.180+0000][25964][safepoint   ] Safepoint "ICBufferFull", Time since last: 637733600 ns, Reaching safepoint: 144500 ns, At safepoint: 6200 ns, Total: 150700 ns
[2025-10-20T18:29:24.335+0000][25964][gc,start    ] GC(9) Pause Young (Concurrent Start) (Metadata GC Threshold)
[2025-10-20T18:29:24.336+0000][25964][gc,task     ] GC(9) Using 10 workers of 10 for evacuation
[2025-10-20T18:29:24.336+0000][25964][gc,age      ] GC(9) Desired survivor size 40370176 bytes, new threshold 5 (max threshold 15)
[2025-10-20T18:29:24.350+0000][25964][gc,age      ] GC(9) Age table with threshold 5 (max threshold 15)
[2025-10-20T18:29:24.350+0000][25964][gc,age      ] GC(9) - age   1:   11561984 bytes,   11561984 total
[2025-10-20T18:29:24.350+0000][25964][gc,age      ] GC(9) - age   2:   31295920 bytes,   42857904 total
[2025-10-20T18:29:24.350+0000][25964][gc,age      ] GC(9) - age   3:     977128 bytes,   43835032 total
[2025-10-20T18:29:24.350+0000][25964][gc,age      ] GC(9) - age   4:    2406232 bytes,   46241264 total
[2025-10-20T18:29:24.350+0000][25964][gc,age      ] GC(9) - age   5:    3077464 bytes,   49318728 total
[2025-10-20T18:29:24.350+0000][25964][gc,phases   ] GC(9)   Pre Evacuate Collection Set: 0.1ms
[2025-10-20T18:29:24.350+0000][25964][gc,phases   ] GC(9)   Merge Heap Roots: 0.0ms
[2025-10-20T18:29:24.350+0000][25964][gc,phases   ] GC(9)   Evacuate Collection Set: 12.1ms
[2025-10-20T18:29:24.350+0000][25964][gc,phases   ] GC(9)   Post Evacuate Collection Set: 1.5ms
[2025-10-20T18:29:24.350+0000][25964][gc,phases   ] GC(9)   Other: 0.4ms
[2025-10-20T18:29:24.350+0000][25964][gc,heap     ] GC(9) Eden regions: 266->0(564)
[2025-10-20T18:29:24.350+0000][25964][gc,heap     ] GC(9) Survivor regions: 43->50(77)
[2025-10-20T18:29:24.350+0000][25964][gc,heap     ] GC(9) Old regions: 7->12
[2025-10-20T18:29:24.350+0000][25964][gc,heap     ] GC(9) Archive regions: 0->0
[2025-10-20T18:29:24.350+0000][25964][gc,heap     ] GC(9) Humongous regions: 1->1
[2025-10-20T18:29:24.350+0000][25964][gc,metaspace] GC(9) Metaspace: 57428K(60336K)->57428K(60336K) NonClass: 49904K(51888K)->49904K(51888K) Class: 7524K(8448K)->7524K(8448K)
[2025-10-20T18:29:24.350+0000][25964][gc          ] GC(9) Pause Young (Concurrent Start) (Metadata GC Threshold) 315M->62M(1024M) 14.340ms
[2025-10-20T18:29:24.350+0000][25964][gc,cpu      ] GC(9) User=0.02s Sys=0.00s Real=0.01s
[2025-10-20T18:29:24.350+0000][25964][gc          ] GC(10) Concurrent Cycle
[2025-10-20T18:29:24.350+0000][25964][gc,marking  ] GC(10) Concurrent Clear Claimed Marks
[2025-10-20T18:29:24.350+0000][25964][safepoint   ] Safepoint "CollectForMetadataAllocation", Time since last: 154842300 ns, Reaching safepoint: 101700 ns, At safepoint: 14478400 ns, Total: 14580100 ns
[2025-10-20T18:29:24.350+0000][25964][gc,marking  ] GC(10) Concurrent Clear Claimed Marks 0.057ms
[2025-10-20T18:29:24.350+0000][25964][gc,marking  ] GC(10) Concurrent Scan Root Regions
[2025-10-20T18:29:24.357+0000][25964][gc,marking  ] GC(10) Concurrent Scan Root Regions 7.117ms
[2025-10-20T18:29:24.357+0000][25964][gc,marking  ] GC(10) Concurrent Mark (7.074s)
[2025-10-20T18:29:24.358+0000][25964][gc,marking  ] GC(10) Concurrent Mark From Roots
[2025-10-20T18:29:24.358+0000][25964][gc,task     ] GC(10) Using 3 workers of 3 for marking
[2025-10-20T18:29:24.360+0000][25964][gc,marking  ] GC(10) Concurrent Mark From Roots 3.172ms
[2025-10-20T18:29:24.360+0000][25964][gc,marking  ] GC(10) Concurrent Preclean
[2025-10-20T18:29:24.360+0000][25964][gc,marking  ] GC(10) Concurrent Preclean 0.111ms
[2025-10-20T18:29:24.360+0000][25964][gc,marking  ] GC(10) Concurrent Mark (7.074s, 7.077s) 3.370ms
[2025-10-20T18:29:24.360+0000][25964][gc,start    ] GC(10) Pause Remark
[2025-10-20T18:29:24.363+0000][25964][gc          ] GC(10) Pause Remark 64M->64M(1024M) 1.639ms
[2025-10-20T18:29:24.363+0000][25964][gc,cpu      ] GC(10) User=0.00s Sys=0.00s Real=0.00s
[2025-10-20T18:29:24.363+0000][25964][safepoint   ] Safepoint "G1Concurrent", Time since last: 10608600 ns, Reaching safepoint: 171100 ns, At safepoint: 1725900 ns, Total: 1897000 ns
[2025-10-20T18:29:24.363+0000][25964][gc,marking  ] GC(10) Concurrent Rebuild Remembered Sets
[2025-10-20T18:29:24.365+0000][25964][gc,marking  ] GC(10) Concurrent Rebuild Remembered Sets 2.364ms
[2025-10-20T18:29:24.365+0000][25964][gc,start    ] GC(10) Pause Cleanup
[2025-10-20T18:29:24.366+0000][25964][gc          ] GC(10) Pause Cleanup 64M->64M(1024M) 0.072ms
[2025-10-20T18:29:24.366+0000][25964][gc,cpu      ] GC(10) User=0.02s Sys=0.00s Real=0.00s
[2025-10-20T18:29:24.366+0000][25964][safepoint   ] Safepoint "G1Concurrent", Time since last: 2441800 ns, Reaching safepoint: 379200 ns, At safepoint: 114700 ns, Total: 493900 ns
[2025-10-20T18:29:24.366+0000][25964][gc,marking  ] GC(10) Concurrent Cleanup for Next Mark
[2025-10-20T18:29:24.366+0000][25964][gc,marking  ] GC(10) Concurrent Cleanup for Next Mark 0.745ms
[2025-10-20T18:29:24.366+0000][25964][gc          ] GC(10) Concurrent Cycle 16.273ms
[2025-10-20T18:29:25.095+0000][25964][safepoint   ] Safepoint "ICBufferFull", Time since last: 729539200 ns, Reaching safepoint: 545500 ns, At safepoint: 16100 ns, Total: 561600 ns
[2025-10-20T18:29:25.583+0000][25964][safepoint   ] Safepoint "ICBufferFull", Time since last: 487250700 ns, Reaching safepoint: 128700 ns, At safepoint: 7400 ns, Total: 136100 ns
[2025-10-20T18:29:25.844+0000][25964][safepoint   ] Safepoint "ICBufferFull", Time since last: 260318100 ns, Reaching safepoint: 298000 ns, At safepoint: 343100 ns, Total: 641100 ns
[2025-10-20T18:29:26.165+0000][25964][safepoint   ] Safepoint "ICBufferFull", Time since last: 320880600 ns, Reaching safepoint: 162200 ns, At safepoint: 14200 ns, Total: 176400 ns
[2025-10-20T18:29:26.529+0000][25964][safepoint   ] Safepoint "ICBufferFull", Time since last: 363585600 ns, Reaching safepoint: 174100 ns, At safepoint: 13400 ns, Total: 187500 ns
[2025-10-20T18:29:26.630+0000][25964][safepoint   ] Safepoint "ICBufferFull", Time since last: 100755100 ns, Reaching safepoint: 271000 ns, At safepoint: 39000 ns, Total: 310000 ns
[2025-10-20T18:29:26.766+0000][25964][safepoint   ] Safepoint "ICBufferFull", Time since last: 136429600 ns, Reaching safepoint: 177800 ns, At safepoint: 9800 ns, Total: 187600 ns
[2025-10-20T18:29:27.311+0000][25964][safepoint   ] Safepoint "ICBufferFull", Time since last: 544772500 ns, Reaching safepoint: 150100 ns, At safepoint: 10000 ns, Total: 160100 ns
[2025-10-20T18:29:28.012+0000][25964][safepoint   ] Safepoint "ICBufferFull", Time since last: 700512700 ns, Reaching safepoint: 163800 ns, At safepoint: 10400 ns, Total: 174200 ns
[2025-10-20T18:29:28.432+0000][25964][safepoint   ] Safepoint "ICBufferFull", Time since last: 420330300 ns, Reaching safepoint: 157700 ns, At safepoint: 7700 ns, Total: 165400 ns
[2025-10-20T18:29:29.443+0000][25964][safepoint   ] Safepoint "Cleanup", Time since last: 1010159500 ns, Reaching safepoint: 100700 ns, At safepoint: 6900 ns, Total: 107600 ns
[2025-10-20T18:29:30.455+0000][25964][safepoint   ] Safepoint "Cleanup", Time since last: 1011697600 ns, Reaching safepoint: 83700 ns, At safepoint: 21500 ns, Total: 105200 ns
[2025-10-20T18:29:31.467+0000][25964][safepoint   ] Safepoint "Cleanup", Time since last: 1011503700 ns, Reaching safepoint: 132000 ns, At safepoint: 7600 ns, Total: 139600 ns
[2025-10-20T18:29:32.477+0000][25964][safepoint   ] Safepoint "Cleanup", Time since last: 1010390300 ns, Reaching safepoint: 82700 ns, At safepoint: 9300 ns, Total: 92000 ns
[2025-10-20T18:29:33.490+0000][25964][safepoint   ] Safepoint "Cleanup", Time since last: 1012534400 ns, Reaching safepoint: 98000 ns, At safepoint: 6400 ns, Total: 104400 ns
[2025-10-20T18:29:34.502+0000][25964][safepoint   ] Safepoint "Cleanup", Time since last: 1012083500 ns, Reaching safepoint: 126300 ns, At safepoint: 6300 ns, Total: 132600 ns
[2025-10-20T18:29:36.521+0000][25964][safepoint   ] Safepoint "Cleanup", Time since last: 2018541600 ns, Reaching safepoint: 103300 ns, At safepoint: 9100 ns, Total: 112400 ns
[2025-10-20T18:29:37.532+0000][25964][safepoint   ] Safepoint "Cleanup", Time since last: 1011130100 ns, Reaching safepoint: 98800 ns, At safepoint: 8100 ns, Total: 106900 ns
[2025-10-20T18:29:38.543+0000][25964][safepoint   ] Safepoint "Cleanup", Time since last: 1011012700 ns, Reaching safepoint: 81200 ns, At safepoint: 8300 ns, Total: 89500 ns
[2025-10-20T18:29:39.548+0000][25964][safepoint   ] Safepoint "Cleanup", Time since last: 1004735900 ns, Reaching safepoint: 76400 ns, At safepoint: 6800 ns, Total: 83200 ns
[2025-10-20T18:29:40.561+0000][25964][safepoint   ] Safepoint "Cleanup", Time since last: 1012870500 ns, Reaching safepoint: 103500 ns, At safepoint: 9000 ns, Total: 112500 ns
[2025-10-20T18:29:41.565+0000][25964][safepoint   ] Safepoint "Cleanup", Time since last: 1004568100 ns, Reaching safepoint: 256400 ns, At safepoint: 11700 ns, Total: 268100 ns
[2025-10-20T18:29:43.581+0000][25964][safepoint   ] Safepoint "Cleanup", Time since last: 2015108700 ns, Reaching safepoint: 122400 ns, At safepoint: 7600 ns, Total: 130000 ns
[2025-10-20T18:29:45.595+0000][25964][safepoint   ] Safepoint "Cleanup", Time since last: 2014432100 ns, Reaching safepoint: 89200 ns, At safepoint: 8100 ns, Total: 97300 ns
[2025-10-20T18:29:46.602+0000][25964][safepoint   ] Safepoint "Cleanup", Time since last: 1006550800 ns, Reaching safepoint: 102600 ns, At safepoint: 8800 ns, Total: 111400 ns
[2025-10-20T18:29:48.625+0000][25964][safepoint   ] Safepoint "Cleanup", Time since last: 2022950500 ns, Reaching safepoint: 92800 ns, At safepoint: 9300 ns, Total: 102100 ns
[2025-10-20T18:29:49.635+0000][25964][safepoint   ] Safepoint "Cleanup", Time since last: 1009883200 ns, Reaching safepoint: 113500 ns, At safepoint: 8600 ns, Total: 122100 ns
[2025-10-20T18:29:51.659+0000][25964][safepoint   ] Safepoint "Cleanup", Time since last: 2023570400 ns, Reaching safepoint: 95000 ns, At safepoint: 10000 ns, Total: 105000 ns
[2025-10-20T18:29:52.672+0000][25964][safepoint   ] Safepoint "Cleanup", Time since last: 1013180300 ns, Reaching safepoint: 88900 ns, At safepoint: 9600 ns, Total: 98500 ns
[2025-10-20T18:29:53.680+0000][25964][safepoint   ] Safepoint "Cleanup", Time since last: 1007574000 ns, Reaching safepoint: 80100 ns, At safepoint: 8400 ns, Total: 88500 ns
[2025-10-20T18:29:55.699+0000][25964][safepoint   ] Safepoint "Cleanup", Time since last: 2019213900 ns, Reaching safepoint: 90200 ns, At safepoint: 7700 ns, Total: 97900 ns
[2025-10-20T18:29:56.704+0000][25964][safepoint   ] Safepoint "Cleanup", Time since last: 1004629800 ns, Reaching safepoint: 269000 ns, At safepoint: 8400 ns, Total: 277400 ns
[2025-10-20T18:29:57.713+0000][25964][safepoint   ] Safepoint "Cleanup", Time since last: 1009296900 ns, Reaching safepoint: 95800 ns, At safepoint: 7900 ns, Total: 103700 ns
[2025-10-20T18:29:58.723+0000][25964][safepoint   ] Safepoint "Cleanup", Time since last: 1009303400 ns, Reaching safepoint: 95000 ns, At safepoint: 8700 ns, Total: 103700 ns
[2025-10-20T18:29:59.731+0000][25964][safepoint   ] Safepoint "Cleanup", Time since last: 1007974500 ns, Reaching safepoint: 110800 ns, At safepoint: 11200 ns, Total: 122000 ns
[2025-10-20T18:30:01.750+0000][25964][safepoint   ] Safepoint "Cleanup", Time since last: 2018820000 ns, Reaching safepoint: 94900 ns, At safepoint: 10200 ns, Total: 105100 ns
[2025-10-20T18:30:04.783+0000][25964][safepoint   ] Safepoint "Cleanup", Time since last: 3033616400 ns, Reaching safepoint: 96500 ns, At safepoint: 7300 ns, Total: 103800 ns
[2025-10-20T18:30:05.792+0000][25964][safepoint   ] Safepoint "Cleanup", Time since last: 1008650100 ns, Reaching safepoint: 80900 ns, At safepoint: 7400 ns, Total: 88300 ns
[2025-10-20T18:30:06.801+0000][25964][safepoint   ] Safepoint "Cleanup", Time since last: 1008648300 ns, Reaching safepoint: 101300 ns, At safepoint: 20600 ns, Total: 121900 ns
[2025-10-20T18:30:07.807+0000][25964][safepoint   ] Safepoint "Cleanup", Time since last: 1006262800 ns, Reaching safepoint: 93600 ns, At safepoint: 7900 ns, Total: 101500 ns
[2025-10-20T18:30:08.818+0000][25964][safepoint   ] Safepoint "Cleanup", Time since last: 1010539500 ns, Reaching safepoint: 87700 ns, At safepoint: 9000 ns, Total: 96700 ns
[2025-10-20T18:30:09.827+0000][25964][safepoint   ] Safepoint "Cleanup", Time since last: 1008600400 ns, Reaching safepoint: 87800 ns, At safepoint: 9900 ns, Total: 97700 ns
[2025-10-20T18:30:10.837+0000][25964][safepoint   ] Safepoint "Cleanup", Time since last: 1010274400 ns, Reaching safepoint: 88300 ns, At safepoint: 10100 ns, Total: 98400 ns
[2025-10-20T18:30:11.847+0000][25964][safepoint   ] Safepoint "Cleanup", Time since last: 1009520700 ns, Reaching safepoint: 77600 ns, At safepoint: 10500 ns, Total: 88100 ns
[2025-10-20T18:30:12.859+0000][25964][safepoint   ] Safepoint "Cleanup", Time since last: 1012323000 ns, Reaching safepoint: 76400 ns, At safepoint: 8800 ns, Total: 85200 ns
[2025-10-20T18:30:13.869+0000][25964][safepoint   ] Safepoint "Cleanup", Time since last: 1010013100 ns, Reaching safepoint: 98600 ns, At safepoint: 10600 ns, Total: 109200 ns
[2025-10-20T18:30:16.895+0000][25964][safepoint   ] Safepoint "Cleanup", Time since last: 3025639700 ns, Reaching safepoint: 94800 ns, At safepoint: 7800 ns, Total: 102600 ns
[2025-10-20T18:30:18.915+0000][25964][safepoint   ] Safepoint "Cleanup", Time since last: 2019716700 ns, Reaching safepoint: 92100 ns, At safepoint: 11100 ns, Total: 103200 ns
[2025-10-20T18:30:21.940+0000][25964][safepoint   ] Safepoint "Cleanup", Time since last: 3025540100 ns, Reaching safepoint: 159600 ns, At safepoint: 7300 ns, Total: 166900 ns
[2025-10-20T18:30:24.963+0000][25964][safepoint   ] Safepoint "Cleanup", Time since last: 3022825600 ns, Reaching safepoint: 84200 ns, At safepoint: 7700 ns, Total: 91900 ns
[2025-10-20T18:30:25.973+0000][25964][safepoint   ] Safepoint "Cleanup", Time since last: 1009919900 ns, Reaching safepoint: 76400 ns, At safepoint: 7500 ns, Total: 83900 ns
[2025-10-20T18:30:27.983+0000][25964][safepoint   ] Safepoint "Cleanup", Time since last: 2009042600 ns, Reaching safepoint: 123900 ns, At safepoint: 11300 ns, Total: 135200 ns
[2025-10-20T18:30:30.004+0000][25964][safepoint   ] Safepoint "Cleanup", Time since last: 2020884300 ns, Reaching safepoint: 87600 ns, At safepoint: 9000 ns, Total: 96600 ns
[2025-10-20T18:30:31.555+0000][25964][safepoint   ] Safepoint "Cleanup", Time since last: 1551477000 ns, Reaching safepoint: 71600 ns, At safepoint: 7800 ns, Total: 79400 ns
[2025-10-20T18:30:31.578+0000][25964][gc,start    ] GC(11) Pause Young (Concurrent Start) (Metadata GC Threshold)
[2025-10-20T18:30:31.578+0000][25964][gc,task     ] GC(11) Using 10 workers of 10 for evacuation
[2025-10-20T18:30:31.579+0000][25964][gc,age      ] GC(11) Desired survivor size 40370176 bytes, new threshold 2 (max threshold 15)
[2025-10-20T18:30:31.597+0000][25964][gc,age      ] GC(11) Age table with threshold 2 (max threshold 15)
[2025-10-20T18:30:31.597+0000][25964][gc,age      ] GC(11) - age   1:   18076664 bytes,   18076664 total
[2025-10-20T18:30:31.597+0000][25964][gc,age      ] GC(11) - age   2:   10945720 bytes,   29022384 total
[2025-10-20T18:30:31.597+0000][25964][gc,phases   ] GC(11)   Pre Evacuate Collection Set: 0.1ms
[2025-10-20T18:30:31.597+0000][25964][gc,phases   ] GC(11)   Merge Heap Roots: 0.0ms
[2025-10-20T18:30:31.597+0000][25964][gc,phases   ] GC(11)   Evacuate Collection Set: 17.4ms
[2025-10-20T18:30:31.598+0000][25964][gc,phases   ] GC(11)   Post Evacuate Collection Set: 1.3ms
[2025-10-20T18:30:31.598+0000][25964][gc,phases   ] GC(11)   Other: 0.3ms
[2025-10-20T18:30:31.598+0000][25964][gc,heap     ] GC(11) Eden regions: 440->0(585)
[2025-10-20T18:30:31.598+0000][25964][gc,heap     ] GC(11) Survivor regions: 50->29(77)
[2025-10-20T18:30:31.598+0000][25964][gc,heap     ] GC(11) Old regions: 12->48
[2025-10-20T18:30:31.598+0000][25964][gc,heap     ] GC(11) Archive regions: 0->0
[2025-10-20T18:30:31.598+0000][25964][gc,heap     ] GC(11) Humongous regions: 7->7
[2025-10-20T18:30:31.598+0000][25964][gc,metaspace] GC(11) Metaspace: 97551K(101168K)->97551K(101168K) NonClass: 84500K(86960K)->84500K(86960K) Class: 13051K(14208K)->13051K(14208K)
[2025-10-20T18:30:31.598+0000][25964][gc          ] GC(11) Pause Young (Concurrent Start) (Metadata GC Threshold) 508M->83M(1024M) 19.233ms
[2025-10-20T18:30:31.598+0000][25964][gc,cpu      ] GC(11) User=0.08s Sys=0.03s Real=0.02s
[2025-10-20T18:30:31.598+0000][25964][gc          ] GC(12) Concurrent Cycle
[2025-10-20T18:30:31.598+0000][25964][gc,marking  ] GC(12) Concurrent Clear Claimed Marks
[2025-10-20T18:30:31.598+0000][25964][safepoint   ] Safepoint "CollectForMetadataAllocation", Time since last: 23872200 ns, Reaching safepoint: 102400 ns, At safepoint: 19358700 ns, Total: 19461100 ns
[2025-10-20T18:30:31.598+0000][25964][gc,marking  ] GC(12) Concurrent Clear Claimed Marks 0.079ms
[2025-10-20T18:30:31.598+0000][25964][gc,marking  ] GC(12) Concurrent Scan Root Regions
[2025-10-20T18:30:31.609+0000][25964][gc,marking  ] GC(12) Concurrent Scan Root Regions 10.568ms
[2025-10-20T18:30:31.609+0000][25964][gc,marking  ] GC(12) Concurrent Mark (74.325s)
[2025-10-20T18:30:31.609+0000][25964][gc,marking  ] GC(12) Concurrent Mark From Roots
[2025-10-20T18:30:31.609+0000][25964][gc,task     ] GC(12) Using 3 workers of 3 for marking
[2025-10-20T18:30:31.614+0000][25964][gc,marking  ] GC(12) Concurrent Mark From Roots 5.630ms
[2025-10-20T18:30:31.615+0000][25964][gc,marking  ] GC(12) Concurrent Preclean
[2025-10-20T18:30:31.615+0000][25964][gc,marking  ] GC(12) Concurrent Preclean 0.104ms
[2025-10-20T18:30:31.615+0000][25964][gc,marking  ] GC(12) Concurrent Mark (74.325s, 74.331s) 5.816ms
[2025-10-20T18:30:31.615+0000][25964][gc,start    ] GC(12) Pause Remark
[2025-10-20T18:30:31.616+0000][25964][gc          ] GC(12) Pause Remark 85M->85M(1024M) 1.722ms
[2025-10-20T18:30:31.616+0000][25964][gc,cpu      ] GC(12) User=0.06s Sys=0.00s Real=0.00s
[2025-10-20T18:30:31.616+0000][25964][safepoint   ] Safepoint "G1Concurrent", Time since last: 16541500 ns, Reaching safepoint: 115500 ns, At safepoint: 1822500 ns, Total: 1938000 ns
[2025-10-20T18:30:31.616+0000][25964][gc,marking  ] GC(12) Concurrent Rebuild Remembered Sets
[2025-10-20T18:30:31.628+0000][25964][gc,marking  ] GC(12) Concurrent Rebuild Remembered Sets 10.829ms
[2025-10-20T18:30:31.628+0000][25964][gc,start    ] GC(12) Pause Cleanup
[2025-10-20T18:30:31.628+0000][25964][gc          ] GC(12) Pause Cleanup 85M->85M(1024M) 0.194ms
[2025-10-20T18:30:31.628+0000][25964][gc,cpu      ] GC(12) User=0.00s Sys=0.00s Real=0.00s
[2025-10-20T18:30:31.628+0000][25964][safepoint   ] Safepoint "G1Concurrent", Time since last: 10926900 ns, Reaching safepoint: 262300 ns, At safepoint: 272000 ns, Total: 534300 ns
[2025-10-20T18:30:31.628+0000][25964][gc,marking  ] GC(12) Concurrent Cleanup for Next Mark
[2025-10-20T18:30:31.629+0000][25964][gc,marking  ] GC(12) Concurrent Cleanup for Next Mark 0.878ms
[2025-10-20T18:30:31.629+0000][25964][gc          ] GC(12) Concurrent Cycle 30.923ms
[2025-10-20T18:30:32.634+0000][25964][safepoint   ] Safepoint "Cleanup", Time since last: 1005297100 ns, Reaching safepoint: 183100 ns, At safepoint: 2700 ns, Total: 185800 ns
[2025-10-20T18:30:33.642+0000][25964][safepoint   ] Safepoint "Cleanup", Time since last: 1008510600 ns, Reaching safepoint: 86200 ns, At safepoint: 8500 ns, Total: 94700 ns
[2025-10-20T18:30:34.655+0000][25964][safepoint   ] Safepoint "Cleanup", Time since last: 1012360700 ns, Reaching safepoint: 88100 ns, At safepoint: 8900 ns, Total: 97000 ns
[2025-10-20T18:30:36.672+0000][25964][safepoint   ] Safepoint "Cleanup", Time since last: 2016600200 ns, Reaching safepoint: 96000 ns, At safepoint: 8700 ns, Total: 104700 ns
[2025-10-20T18:30:37.685+0000][25964][safepoint   ] Safepoint "Cleanup", Time since last: 1013206900 ns, Reaching safepoint: 103700 ns, At safepoint: 8100 ns, Total: 111800 ns
[2025-10-20T18:30:38.694+0000][25964][safepoint   ] Safepoint "Cleanup", Time since last: 1008550400 ns, Reaching safepoint: 190800 ns, At safepoint: 10400 ns, Total: 201200 ns
[2025-10-20T18:30:39.704+0000][25964][safepoint   ] Safepoint "Cleanup", Time since last: 1009839900 ns, Reaching safepoint: 82400 ns, At safepoint: 8800 ns, Total: 91200 ns
[2025-10-20T18:30:40.709+0000][25964][safepoint   ] Safepoint "Cleanup", Time since last: 1005404200 ns, Reaching safepoint: 118800 ns, At safepoint: 7700 ns, Total: 126500 ns
[2025-10-20T18:30:42.726+0000][25964][safepoint   ] Safepoint "Cleanup", Time since last: 2016534800 ns, Reaching safepoint: 147200 ns, At safepoint: 9400 ns, Total: 156600 ns
[2025-10-20T18:30:43.736+0000][25964][safepoint   ] Safepoint "Cleanup", Time since last: 1009967300 ns, Reaching safepoint: 107000 ns, At safepoint: 10000 ns, Total: 117000 ns
[2025-10-20T18:30:45.754+0000][25964][safepoint   ] Safepoint "Cleanup", Time since last: 2017600900 ns, Reaching safepoint: 74300 ns, At safepoint: 9700 ns, Total: 84000 ns
[2025-10-20T18:30:46.763+0000][25964][safepoint   ] Safepoint "Cleanup", Time since last: 1009427400 ns, Reaching safepoint: 114300 ns, At safepoint: 12600 ns, Total: 126900 ns
[2025-10-20T18:30:48.790+0000][25964][safepoint   ] Safepoint "Cleanup", Time since last: 2026716200 ns, Reaching safepoint: 104500 ns, At safepoint: 29000 ns, Total: 133500 ns
[2025-10-20T18:30:49.793+0000][25964][safepoint   ] Safepoint "Cleanup", Time since last: 1002517400 ns, Reaching safepoint: 99000 ns, At safepoint: 6400 ns, Total: 105400 ns
[2025-10-20T18:30:52.830+0000][25964][safepoint   ] Safepoint "Cleanup", Time since last: 3036817700 ns, Reaching safepoint: 108100 ns, At safepoint: 2600 ns, Total: 110700 ns
[2025-10-20T18:30:53.841+0000][25964][safepoint   ] Safepoint "Cleanup", Time since last: 1011031800 ns, Reaching safepoint: 90400 ns, At safepoint: 8400 ns, Total: 98800 ns
[2025-10-20T18:30:54.855+0000][25964][safepoint   ] Safepoint "Cleanup", Time since last: 1013883200 ns, Reaching safepoint: 101500 ns, At safepoint: 8100 ns, Total: 109600 ns
[2025-10-20T18:30:55.864+0000][25964][safepoint   ] Safepoint "Cleanup", Time since last: 1008843800 ns, Reaching safepoint: 84900 ns, At safepoint: 6900 ns, Total: 91800 ns
[2025-10-20T18:30:56.875+0000][25964][safepoint   ] Safepoint "Cleanup", Time since last: 1011142700 ns, Reaching safepoint: 76100 ns, At safepoint: 2200 ns, Total: 78300 ns
[2025-10-20T18:30:57.882+0000][25964][safepoint   ] Safepoint "Cleanup", Time since last: 1007163200 ns, Reaching safepoint: 96800 ns, At safepoint: 9000 ns, Total: 105800 ns
[2025-10-20T18:30:58.885+0000][25964][safepoint   ] Safepoint "Cleanup", Time since last: 1002867400 ns, Reaching safepoint: 98500 ns, At safepoint: 8300 ns, Total: 106800 ns
[2025-10-20T18:30:59.896+0000][25964][safepoint   ] Safepoint "Cleanup", Time since last: 1010559300 ns, Reaching safepoint: 98400 ns, At safepoint: 8500 ns, Total: 106900 ns
[2025-10-20T18:31:00.910+0000][25964][safepoint   ] Safepoint "Cleanup", Time since last: 1014252800 ns, Reaching safepoint: 97000 ns, At safepoint: 7300 ns, Total: 104300 ns
[2025-10-20T18:31:01.924+0000][25964][safepoint   ] Safepoint "Cleanup", Time since last: 1013878400 ns, Reaching safepoint: 118400 ns, At safepoint: 2700 ns, Total: 121100 ns
[2025-10-20T18:31:03.936+0000][25964][safepoint   ] Safepoint "Cleanup", Time since last: 2011842300 ns, Reaching safepoint: 78900 ns, At safepoint: 9300 ns, Total: 88200 ns
[2025-10-20T18:31:04.948+0000][25964][safepoint   ] Safepoint "Cleanup", Time since last: 1011426700 ns, Reaching safepoint: 87900 ns, At safepoint: 6600 ns, Total: 94500 ns
[2025-10-20T18:31:05.954+0000][25964][safepoint   ] Safepoint "Cleanup", Time since last: 1006008800 ns, Reaching safepoint: 87600 ns, At safepoint: 10900 ns, Total: 98500 ns
[2025-10-20T18:31:06.962+0000][25964][safepoint   ] Safepoint "Cleanup", Time since last: 1008005200 ns, Reaching safepoint: 102700 ns, At safepoint: 2900 ns, Total: 105600 ns
[2025-10-20T18:31:07.974+0000][25964][safepoint   ] Safepoint "Cleanup", Time since last: 1012467800 ns, Reaching safepoint: 98600 ns, At safepoint: 9100 ns, Total: 107700 ns
[2025-10-20T18:31:08.984+0000][25964][safepoint   ] Safepoint "Cleanup", Time since last: 1009356100 ns, Reaching safepoint: 89000 ns, At safepoint: 9000 ns, Total: 98000 ns
[2025-10-20T18:31:09.991+0000][25964][safepoint   ] Safepoint "Cleanup", Time since last: 1006878400 ns, Reaching safepoint: 79700 ns, At safepoint: 7700 ns, Total: 87400 ns
[2025-10-20T18:31:11.004+0000][25964][safepoint   ] Safepoint "Cleanup", Time since last: 1013027800 ns, Reaching safepoint: 80500 ns, At safepoint: 7600 ns, Total: 88100 ns
[2025-10-20T18:31:12.017+0000][25964][safepoint   ] Safepoint "Cleanup", Time since last: 1012668100 ns, Reaching safepoint: 73800 ns, At safepoint: 7700 ns, Total: 81500 ns
[2025-10-20T18:31:13.019+0000][25964][safepoint   ] Safepoint "Cleanup", Time since last: 1001889900 ns, Reaching safepoint: 84100 ns, At safepoint: 21400 ns, Total: 105500 ns
[2025-10-20T18:31:14.032+0000][25964][safepoint   ] Safepoint "Cleanup", Time since last: 1012869400 ns, Reaching safepoint: 104600 ns, At safepoint: 8300 ns, Total: 112900 ns
[2025-10-20T18:31:15.043+0000][25964][safepoint   ] Safepoint "Cleanup", Time since last: 1011254500 ns, Reaching safepoint: 68100 ns, At safepoint: 6400 ns, Total: 74500 ns
[2025-10-20T18:31:16.053+0000][25964][safepoint   ] Safepoint "Cleanup", Time since last: 1009724900 ns, Reaching safepoint: 109100 ns, At safepoint: 23100 ns, Total: 132200 ns
[2025-10-20T18:31:17.056+0000][25964][safepoint   ] Safepoint "Cleanup", Time since last: 1003173500 ns, Reaching safepoint: 133000 ns, At safepoint: 16400 ns, Total: 149400 ns
[2025-10-20T18:31:19.065+0000][25964][safepoint   ] Safepoint "Cleanup", Time since last: 2008908000 ns, Reaching safepoint: 82100 ns, At safepoint: 15100 ns, Total: 97200 ns
[2025-10-20T18:31:20.078+0000][25964][safepoint   ] Safepoint "Cleanup", Time since last: 1012352100 ns, Reaching safepoint: 171400 ns, At safepoint: 8500 ns, Total: 179900 ns
[2025-10-20T18:31:22.102+0000][25964][safepoint   ] Safepoint "Cleanup", Time since last: 2024364400 ns, Reaching safepoint: 84000 ns, At safepoint: 9800 ns, Total: 93800 ns
[2025-10-20T18:31:23.108+0000][25964][safepoint   ] Safepoint "Cleanup", Time since last: 1005660400 ns, Reaching safepoint: 88500 ns, At safepoint: 13300 ns, Total: 101800 ns
[2025-10-20T18:31:25.130+0000][25964][safepoint   ] Safepoint "Cleanup", Time since last: 2022118000 ns, Reaching safepoint: 83900 ns, At safepoint: 10700 ns, Total: 94600 ns
[2025-10-20T18:31:26.143+0000][25964][safepoint   ] Safepoint "Cleanup", Time since last: 1012619200 ns, Reaching safepoint: 92800 ns, At safepoint: 9900 ns, Total: 102700 ns
[2025-10-20T18:31:27.154+0000][25964][safepoint   ] Safepoint "Cleanup", Time since last: 1011360000 ns, Reaching safepoint: 78500 ns, At safepoint: 6100 ns, Total: 84600 ns
[2025-10-20T18:31:29.169+0000][25964][safepoint   ] Safepoint "Cleanup", Time since last: 2014812700 ns, Reaching safepoint: 99600 ns, At safepoint: 7600 ns, Total: 107200 ns
[2025-10-20T18:31:30.175+0000][25964][safepoint   ] Safepoint "Cleanup", Time since last: 1005969300 ns, Reaching safepoint: 93900 ns, At safepoint: 7100 ns, Total: 101000 ns
[2025-10-20T18:31:32.189+0000][25964][safepoint   ] Safepoint "Cleanup", Time since last: 2013326100 ns, Reaching safepoint: 108100 ns, At safepoint: 6900 ns, Total: 115000 ns
[2025-10-20T18:31:33.200+0000][25964][safepoint   ] Safepoint "Cleanup", Time since last: 1010849900 ns, Reaching safepoint: 87300 ns, At safepoint: 9000 ns, Total: 96300 ns
[2025-10-20T18:31:34.207+0000][25964][safepoint   ] Safepoint "Cleanup", Time since last: 1007315100 ns, Reaching safepoint: 162600 ns, At safepoint: 8100 ns, Total: 170700 ns
[2025-10-20T18:31:35.221+0000][25964][safepoint   ] Safepoint "Cleanup", Time since last: 1013505200 ns, Reaching safepoint: 103900 ns, At safepoint: 8400 ns, Total: 112300 ns
[2025-10-20T18:31:36.232+0000][25964][safepoint   ] Safepoint "Cleanup", Time since last: 1011564000 ns, Reaching safepoint: 86800 ns, At safepoint: 9000 ns, Total: 95800 ns
[2025-10-20T18:31:37.242+0000][25964][safepoint   ] Safepoint "Cleanup", Time since last: 1009301600 ns, Reaching safepoint: 121900 ns, At safepoint: 9700 ns, Total: 131600 ns
[2025-10-20T18:31:38.246+0000][25964][safepoint   ] Safepoint "Cleanup", Time since last: 1004123700 ns, Reaching safepoint: 105000 ns, At safepoint: 2000 ns, Total: 107000 ns
[2025-10-20T18:31:41.273+0000][25964][safepoint   ] Safepoint "Cleanup", Time since last: 3026374900 ns, Reaching safepoint: 107800 ns, At safepoint: 7700 ns, Total: 115500 ns
[2025-10-20T18:31:42.281+0000][25964][safepoint   ] Safepoint "Cleanup", Time since last: 1008272100 ns, Reaching safepoint: 90700 ns, At safepoint: 8200 ns, Total: 98900 ns
[2025-10-20T18:31:44.302+0000][25964][safepoint   ] Safepoint "Cleanup", Time since last: 2020648600 ns, Reaching safepoint: 109300 ns, At safepoint: 2700 ns, Total: 112000 ns
[2025-10-20T18:31:47.327+0000][25964][safepoint   ] Safepoint "Cleanup", Time since last: 3025124100 ns, Reaching safepoint: 98700 ns, At safepoint: 9500 ns, Total: 108200 ns
[2025-10-20T18:31:50.359+0000][25964][safepoint   ] Safepoint "Cleanup", Time since last: 3031590700 ns, Reaching safepoint: 90000 ns, At safepoint: 12500 ns, Total: 102500 ns
[2025-10-20T18:31:51.367+0000][25964][safepoint   ] Safepoint "Cleanup", Time since last: 1008296400 ns, Reaching safepoint: 90200 ns, At safepoint: 7900 ns, Total: 98100 ns
[2025-10-20T18:31:53.384+0000][25964][safepoint   ] Safepoint "Cleanup", Time since last: 2016799500 ns, Reaching safepoint: 101900 ns, At safepoint: 7100 ns, Total: 109000 ns
[2025-10-20T18:31:54.391+0000][25964][safepoint   ] Safepoint "Cleanup", Time since last: 1007284600 ns, Reaching safepoint: 84500 ns, At safepoint: 8900 ns, Total: 93400 ns
[2025-10-20T18:31:56.401+0000][25964][safepoint   ] Safepoint "Cleanup", Time since last: 2009293200 ns, Reaching safepoint: 140900 ns, At safepoint: 13600 ns, Total: 154500 ns
[2025-10-20T18:31:57.409+0000][25964][safepoint   ] Safepoint "Cleanup", Time since last: 1007730300 ns, Reaching safepoint: 85400 ns, At safepoint: 8500 ns, Total: 93900 ns
[2025-10-20T18:31:59.426+0000][25964][safepoint   ] Safepoint "Cleanup", Time since last: 2016986900 ns, Reaching safepoint: 89600 ns, At safepoint: 2200 ns, Total: 91800 ns
[2025-10-20T18:32:02.454+0000][25964][safepoint   ] Safepoint "Cleanup", Time since last: 3028071500 ns, Reaching safepoint: 83300 ns, At safepoint: 2000 ns, Total: 85300 ns
[2025-10-20T18:32:04.475+0000][25964][safepoint   ] Safepoint "Cleanup", Time since last: 2020561200 ns, Reaching safepoint: 93100 ns, At safepoint: 8400 ns, Total: 101500 ns
[2025-10-20T18:32:05.487+0000][25964][safepoint   ] Safepoint "Cleanup", Time since last: 1012577300 ns, Reaching safepoint: 69900 ns, At safepoint: 6800 ns, Total: 76700 ns
[2025-10-20T18:32:08.515+0000][25964][safepoint   ] Safepoint "Cleanup", Time since last: 3027776400 ns, Reaching safepoint: 81700 ns, At safepoint: 6400 ns, Total: 88100 ns
[2025-10-20T18:32:09.529+0000][25964][safepoint   ] Safepoint "Cleanup", Time since last: 1014077400 ns, Reaching safepoint: 72600 ns, At safepoint: 7200 ns, Total: 79800 ns
[2025-10-20T18:32:11.551+0000][25964][safepoint   ] Safepoint "Cleanup", Time since last: 2021372400 ns, Reaching safepoint: 87900 ns, At safepoint: 2800 ns, Total: 90700 ns
[2025-10-20T18:32:14.576+0000][25964][safepoint   ] Safepoint "Cleanup", Time since last: 3024920600 ns, Reaching safepoint: 85900 ns, At safepoint: 6500 ns, Total: 92400 ns
[2025-10-20T18:32:15.578+0000][25964][safepoint   ] Safepoint "Cleanup", Time since last: 1002263800 ns, Reaching safepoint: 94500 ns, At safepoint: 18500 ns, Total: 113000 ns
[2025-10-20T18:32:17.593+0000][25964][safepoint   ] Safepoint "Cleanup", Time since last: 2015513200 ns, Reaching safepoint: 102900 ns, At safepoint: 8700 ns, Total: 111600 ns
[2025-10-20T18:32:18.594+0000][25964][safepoint   ] Safepoint "Cleanup", Time since last: 1000507800 ns, Reaching safepoint: 95200 ns, At safepoint: 9000 ns, Total: 104200 ns
[2025-10-20T18:32:19.607+0000][25964][safepoint   ] Safepoint "Cleanup", Time since last: 1012279000 ns, Reaching safepoint: 115100 ns, At safepoint: 7400 ns, Total: 122500 ns
[2025-10-20T18:32:20.615+0000][25964][safepoint   ] Safepoint "Cleanup", Time since last: 1008383600 ns, Reaching safepoint: 69400 ns, At safepoint: 8500 ns, Total: 77900 ns
[2025-10-20T18:32:22.639+0000][25964][safepoint   ] Safepoint "Cleanup", Time since last: 2024134100 ns, Reaching safepoint: 82800 ns, At safepoint: 9100 ns, Total: 91900 ns
[2025-10-20T18:32:23.650+0000][25964][safepoint   ] Safepoint "Cleanup", Time since last: 1010815600 ns, Reaching safepoint: 112000 ns, At safepoint: 15300 ns, Total: 127300 ns
[2025-10-20T18:32:24.661+0000][25964][safepoint   ] Safepoint "Cleanup", Time since last: 1010829700 ns, Reaching safepoint: 118800 ns, At safepoint: 10500 ns, Total: 129300 ns
[2025-10-20T18:32:26.679+0000][25964][safepoint   ] Safepoint "Cleanup", Time since last: 2017416200 ns, Reaching safepoint: 108200 ns, At safepoint: 3000 ns, Total: 111200 ns
[2025-10-20T18:32:27.679+0000][25964][safepoint   ] Safepoint "Cleanup", Time since last: 1000327700 ns, Reaching safepoint: 98200 ns, At safepoint: 9000 ns, Total: 107200 ns
[2025-10-20T18:32:28.684+0000][25964][safepoint   ] Safepoint "Cleanup", Time since last: 1004266600 ns, Reaching safepoint: 107500 ns, At safepoint: 2800 ns, Total: 110300 ns
[2025-10-20T18:32:29.688+0000][25964][safepoint   ] Safepoint "Cleanup", Time since last: 1004031900 ns, Reaching safepoint: 93100 ns, At safepoint: 7900 ns, Total: 101000 ns
[2025-10-20T18:32:32.713+0000][25964][safepoint   ] Safepoint "Cleanup", Time since last: 3025517400 ns, Reaching safepoint: 92100 ns, At safepoint: 2900 ns, Total: 95000 ns
[2025-10-20T18:32:33.719+0000][25964][safepoint   ] Safepoint "Cleanup", Time since last: 1005221400 ns, Reaching safepoint: 93600 ns, At safepoint: 13100 ns, Total: 106700 ns
[2025-10-20T18:32:35.736+0000][25964][safepoint   ] Safepoint "Cleanup", Time since last: 2016918200 ns, Reaching safepoint: 94800 ns, At safepoint: 9700 ns, Total: 104500 ns
[2025-10-20T18:32:37.753+0000][25964][safepoint   ] Safepoint "Cleanup", Time since last: 2016994800 ns, Reaching safepoint: 76400 ns, At safepoint: 6800 ns, Total: 83200 ns
[2025-10-20T18:32:38.756+0000][25964][safepoint   ] Safepoint "Cleanup", Time since last: 1003079400 ns, Reaching safepoint: 88700 ns, At safepoint: 10100 ns, Total: 98800 ns
[2025-10-20T18:32:41.775+0000][25964][safepoint   ] Safepoint "Cleanup", Time since last: 3019313000 ns, Reaching safepoint: 86300 ns, At safepoint: 7300 ns, Total: 93600 ns
[2025-10-20T18:32:42.781+0000][25964][safepoint   ] Safepoint "Cleanup", Time since last: 1005667500 ns, Reaching safepoint: 80100 ns, At safepoint: 7000 ns, Total: 87100 ns
[2025-10-20T18:32:44.797+0000][25964][safepoint   ] Safepoint "Cleanup", Time since last: 2015824300 ns, Reaching safepoint: 117500 ns, At safepoint: 2700 ns, Total: 120200 ns
[2025-10-20T18:32:45.807+0000][25964][safepoint   ] Safepoint "Cleanup", Time since last: 1009542900 ns, Reaching safepoint: 84500 ns, At safepoint: 6800 ns, Total: 91300 ns
[2025-10-20T18:32:47.811+0000][25964][safepoint   ] Safepoint "Cleanup", Time since last: 2004122200 ns, Reaching safepoint: 80000 ns, At safepoint: 2800 ns, Total: 82800 ns
[2025-10-20T18:32:48.823+0000][25964][safepoint   ] Safepoint "Cleanup", Time since last: 1011657000 ns, Reaching safepoint: 108100 ns, At safepoint: 7100 ns, Total: 115200 ns
[2025-10-20T18:32:50.833+0000][25964][safepoint   ] Safepoint "Cleanup", Time since last: 2010097900 ns, Reaching safepoint: 183500 ns, At safepoint: 13400 ns, Total: 196900 ns
[2025-10-20T18:32:51.843+0000][25964][safepoint   ] Safepoint "Cleanup", Time since last: 1009804800 ns, Reaching safepoint: 104500 ns, At safepoint: 9100 ns, Total: 113600 ns
[2025-10-20T18:32:52.855+0000][25964][safepoint   ] Safepoint "Cleanup", Time since last: 1012031400 ns, Reaching safepoint: 86900 ns, At safepoint: 7300 ns, Total: 94200 ns
[2025-10-20T18:32:53.868+0000][25964][safepoint   ] Safepoint "Cleanup", Time since last: 1013142400 ns, Reaching safepoint: 79700 ns, At safepoint: 8300 ns, Total: 88000 ns
[2025-10-20T18:32:54.883+0000][25964][safepoint   ] Safepoint "Cleanup", Time since last: 1014383700 ns, Reaching safepoint: 91400 ns, At safepoint: 7900 ns, Total: 99300 ns
[2025-10-20T18:32:56.895+0000][25964][safepoint   ] Safepoint "Cleanup", Time since last: 2012084100 ns, Reaching safepoint: 84300 ns, At safepoint: 2200 ns, Total: 86500 ns
[2025-10-20T18:32:57.897+0000][25964][safepoint   ] Safepoint "Cleanup", Time since last: 1002062900 ns, Reaching safepoint: 138100 ns, At safepoint: 6600 ns, Total: 144700 ns
[2025-10-20T18:32:59.907+0000][25964][safepoint   ] Safepoint "Cleanup", Time since last: 2010174900 ns, Reaching safepoint: 92800 ns, At safepoint: 6000 ns, Total: 98800 ns
[2025-10-20T18:33:00.920+0000][25964][safepoint   ] Safepoint "Cleanup", Time since last: 1012150100 ns, Reaching safepoint: 86200 ns, At safepoint: 9000 ns, Total: 95200 ns
[2025-10-20T18:33:01.931+0000][25964][safepoint   ] Safepoint "Cleanup", Time since last: 1011630500 ns, Reaching safepoint: 142600 ns, At safepoint: 8300 ns, Total: 150900 ns
[2025-10-20T18:33:02.943+0000][25964][safepoint   ] Safepoint "Cleanup", Time since last: 1011393900 ns, Reaching safepoint: 115800 ns, At safepoint: 9000 ns, Total: 124800 ns
[2025-10-20T18:33:04.959+0000][25964][safepoint   ] Safepoint "Cleanup", Time since last: 2016270200 ns, Reaching safepoint: 93200 ns, At safepoint: 12700 ns, Total: 105900 ns
[2025-10-20T18:33:05.970+0000][25964][safepoint   ] Safepoint "Cleanup", Time since last: 1011010000 ns, Reaching safepoint: 91100 ns, At safepoint: 11700 ns, Total: 102800 ns
[2025-10-20T18:33:06.980+0000][25964][safepoint   ] Safepoint "Cleanup", Time since last: 1009064100 ns, Reaching safepoint: 95500 ns, At safepoint: 12800 ns, Total: 108300 ns
[2025-10-20T18:33:08.997+0000][25964][safepoint   ] Safepoint "Cleanup", Time since last: 2017329200 ns, Reaching safepoint: 83700 ns, At safepoint: 2400 ns, Total: 86100 ns
[2025-10-20T18:33:10.011+0000][25964][safepoint   ] Safepoint "Cleanup", Time since last: 1013696800 ns, Reaching safepoint: 82200 ns, At safepoint: 8000 ns, Total: 90200 ns
[2025-10-20T18:33:12.033+0000][25964][safepoint   ] Safepoint "Cleanup", Time since last: 2021655900 ns, Reaching safepoint: 91400 ns, At safepoint: 11000 ns, Total: 102400 ns
[2025-10-20T18:33:15.055+0000][25964][safepoint   ] Safepoint "Cleanup", Time since last: 3022255500 ns, Reaching safepoint: 128200 ns, At safepoint: 13600 ns, Total: 141800 ns
[2025-10-20T18:33:17.076+0000][25964][safepoint   ] Safepoint "Cleanup", Time since last: 2020613700 ns, Reaching safepoint: 88600 ns, At safepoint: 9800 ns, Total: 98400 ns
[2025-10-20T18:33:18.085+0000][25964][safepoint   ] Safepoint "Cleanup", Time since last: 1009034300 ns, Reaching safepoint: 97000 ns, At safepoint: 8600 ns, Total: 105600 ns
[2025-10-20T18:33:20.103+0000][25964][safepoint   ] Safepoint "Cleanup", Time since last: 2017868300 ns, Reaching safepoint: 83100 ns, At safepoint: 8800 ns, Total: 91900 ns
[2025-10-20T18:33:21.111+0000][25964][safepoint   ] Safepoint "Cleanup", Time since last: 1008205800 ns, Reaching safepoint: 95100 ns, At safepoint: 10000 ns, Total: 105100 ns
[2025-10-20T18:33:22.119+0000][25964][safepoint   ] Safepoint "Cleanup", Time since last: 1007718700 ns, Reaching safepoint: 89300 ns, At safepoint: 2800 ns, Total: 92100 ns
[2025-10-20T18:33:23.127+0000][25964][safepoint   ] Safepoint "Cleanup", Time since last: 1007852800 ns, Reaching safepoint: 117800 ns, At safepoint: 6900 ns, Total: 124700 ns
[2025-10-20T18:33:24.135+0000][25964][safepoint   ] Safepoint "Cleanup", Time since last: 1007800100 ns, Reaching safepoint: 159500 ns, At safepoint: 7900 ns, Total: 167400 ns
[2025-10-20T18:33:26.149+0000][25964][safepoint   ] Safepoint "Cleanup", Time since last: 2013787000 ns, Reaching safepoint: 91200 ns, At safepoint: 8300 ns, Total: 99500 ns
[2025-10-20T18:33:27.153+0000][25964][safepoint   ] Safepoint "Cleanup", Time since last: 1004131600 ns, Reaching safepoint: 95000 ns, At safepoint: 8500 ns, Total: 103500 ns
[2025-10-20T18:33:29.164+0000][25964][safepoint   ] Safepoint "Cleanup", Time since last: 2010573500 ns, Reaching safepoint: 87000 ns, At safepoint: 8500 ns, Total: 95500 ns
[2025-10-20T18:33:30.169+0000][25964][safepoint   ] Safepoint "Cleanup", Time since last: 1005195300 ns, Reaching safepoint: 97200 ns, At safepoint: 8600 ns, Total: 105800 ns
[2025-10-20T18:33:32.187+0000][25964][safepoint   ] Safepoint "Cleanup", Time since last: 2018242400 ns, Reaching safepoint: 93200 ns, At safepoint: 9800 ns, Total: 103000 ns
[2025-10-20T18:33:34.209+0000][25964][safepoint   ] Safepoint "Cleanup", Time since last: 2021324200 ns, Reaching safepoint: 93200 ns, At safepoint: 11300 ns, Total: 104500 ns
[2025-10-20T18:33:37.225+0000][25964][safepoint   ] Safepoint "Cleanup", Time since last: 3016289000 ns, Reaching safepoint: 84400 ns, At safepoint: 11900 ns, Total: 96300 ns
[2025-10-20T18:33:38.229+0000][25964][safepoint   ] Safepoint "Cleanup", Time since last: 1003850700 ns, Reaching safepoint: 85500 ns, At safepoint: 7200 ns, Total: 92700 ns
[2025-10-20T18:33:40.243+0000][25964][safepoint   ] Safepoint "Cleanup", Time since last: 2013554000 ns, Reaching safepoint: 88200 ns, At safepoint: 7100 ns, Total: 95300 ns
[2025-10-20T18:33:41.251+0000][25964][safepoint   ] Safepoint "Cleanup", Time since last: 1007872100 ns, Reaching safepoint: 207700 ns, At safepoint: 27000 ns, Total: 234700 ns
[2025-10-20T18:33:42.258+0000][25964][safepoint   ] Safepoint "Cleanup", Time since last: 1007085700 ns, Reaching safepoint: 83500 ns, At safepoint: 6800 ns, Total: 90300 ns
[2025-10-20T18:33:44.277+0000][25964][safepoint   ] Safepoint "Cleanup", Time since last: 2019219400 ns, Reaching safepoint: 101600 ns, At safepoint: 8100 ns, Total: 109700 ns
[2025-10-20T18:33:45.287+0000][25964][safepoint   ] Safepoint "Cleanup", Time since last: 1009349000 ns, Reaching safepoint: 92000 ns, At safepoint: 2400 ns, Total: 94400 ns
[2025-10-20T18:33:47.301+0000][25964][safepoint   ] Safepoint "Cleanup", Time since last: 2014329700 ns, Reaching safepoint: 88900 ns, At safepoint: 10700 ns, Total: 99600 ns
[2025-10-20T18:33:48.309+0000][25964][safepoint   ] Safepoint "Cleanup", Time since last: 1007651000 ns, Reaching safepoint: 138400 ns, At safepoint: 2000 ns, Total: 140400 ns
[2025-10-20T18:33:49.320+0000][25964][safepoint   ] Safepoint "Cleanup", Time since last: 1010801200 ns, Reaching safepoint: 98600 ns, At safepoint: 7800 ns, Total: 106400 ns
[2025-10-20T18:33:50.329+0000][25964][safepoint   ] Safepoint "Cleanup", Time since last: 1009526200 ns, Reaching safepoint: 82600 ns, At safepoint: 7900 ns, Total: 90500 ns
[2025-10-20T18:33:52.342+0000][25964][safepoint   ] Safepoint "Cleanup", Time since last: 2012584400 ns, Reaching safepoint: 86300 ns, At safepoint: 7700 ns, Total: 94000 ns
[2025-10-20T18:33:55.374+0000][25964][safepoint   ] Safepoint "Cleanup", Time since last: 3032136400 ns, Reaching safepoint: 93200 ns, At safepoint: 9400 ns, Total: 102600 ns
[2025-10-20T18:33:56.386+0000][25964][safepoint   ] Safepoint "Cleanup", Time since last: 1011884900 ns, Reaching safepoint: 94500 ns, At safepoint: 4100 ns, Total: 98600 ns
[2025-10-20T18:33:57.393+0000][25964][safepoint   ] Safepoint "Cleanup", Time since last: 1006864900 ns, Reaching safepoint: 121100 ns, At safepoint: 8300 ns, Total: 129400 ns
[2025-10-20T18:33:58.398+0000][25964][safepoint   ] Safepoint "Cleanup", Time since last: 1004572800 ns, Reaching safepoint: 83400 ns, At safepoint: 8100 ns, Total: 91500 ns
[2025-10-20T18:33:59.409+0000][25964][safepoint   ] Safepoint "Cleanup", Time since last: 1010517300 ns, Reaching safepoint: 78800 ns, At safepoint: 8100 ns, Total: 86900 ns
[2025-10-20T18:34:02.439+0000][25964][safepoint   ] Safepoint "Cleanup", Time since last: 3030543400 ns, Reaching safepoint: 104600 ns, At safepoint: 2500 ns, Total: 107100 ns
[2025-10-20T18:34:03.447+0000][25964][safepoint   ] Safepoint "Cleanup", Time since last: 1007968300 ns, Reaching safepoint: 84700 ns, At safepoint: 8700 ns, Total: 93400 ns
[2025-10-20T18:34:05.465+0000][25964][safepoint   ] Safepoint "Cleanup", Time since last: 2017379000 ns, Reaching safepoint: 85500 ns, At safepoint: 7200 ns, Total: 92700 ns
[2025-10-20T18:34:11.534+0000][25964][safepoint   ] Safepoint "Cleanup", Time since last: 6069057800 ns, Reaching safepoint: 81200 ns, At safepoint: 11000 ns, Total: 92200 ns
[2025-10-20T18:34:12.543+0000][25964][safepoint   ] Safepoint "Cleanup", Time since last: 1008744100 ns, Reaching safepoint: 102800 ns, At safepoint: 8300 ns, Total: 111100 ns
[2025-10-20T18:34:16.386+0000][25964][safepoint   ] Safepoint "ICBufferFull", Time since last: 3842925600 ns, Reaching safepoint: 187600 ns, At safepoint: 7400 ns, Total: 195000 ns
[2025-10-20T18:34:17.387+0000][25964][safepoint   ] Safepoint "Cleanup", Time since last: 1001396800 ns, Reaching safepoint: 101800 ns, At safepoint: 2500 ns, Total: 104300 ns
[2025-10-20T18:34:19.403+0000][25964][safepoint   ] Safepoint "Cleanup", Time since last: 2015351200 ns, Reaching safepoint: 95200 ns, At safepoint: 8200 ns, Total: 103400 ns
[2025-10-20T18:34:20.410+0000][25964][safepoint   ] Safepoint "Cleanup", Time since last: 1007347700 ns, Reaching safepoint: 87600 ns, At safepoint: 9000 ns, Total: 96600 ns
[2025-10-20T18:34:22.436+0000][25964][safepoint   ] Safepoint "Cleanup", Time since last: 2025317500 ns, Reaching safepoint: 83000 ns, At safepoint: 7700 ns, Total: 90700 ns
[2025-10-20T18:34:23.450+0000][25964][safepoint   ] Safepoint "Cleanup", Time since last: 1014204100 ns, Reaching safepoint: 87400 ns, At safepoint: 9700 ns, Total: 97100 ns
[2025-10-20T18:34:25.469+0000][25964][safepoint   ] Safepoint "Cleanup", Time since last: 2018440100 ns, Reaching safepoint: 97400 ns, At safepoint: 7200 ns, Total: 104600 ns
[2025-10-20T18:34:26.477+0000][25964][safepoint   ] Safepoint "Cleanup", Time since last: 1007885700 ns, Reaching safepoint: 85700 ns, At safepoint: 7600 ns, Total: 93300 ns
[2025-10-20T18:34:27.486+0000][25964][safepoint   ] Safepoint "Cleanup", Time since last: 1008938100 ns, Reaching safepoint: 93900 ns, At safepoint: 7900 ns, Total: 101800 ns
[2025-10-20T18:34:28.496+0000][25964][safepoint   ] Safepoint "Cleanup", Time since last: 1010543100 ns, Reaching safepoint: 100000 ns, At safepoint: 8200 ns, Total: 108200 ns
[2025-10-20T18:34:29.503+0000][25964][safepoint   ] Safepoint "Cleanup", Time since last: 1007042000 ns, Reaching safepoint: 92200 ns, At safepoint: 6900 ns, Total: 99100 ns
[2025-10-20T18:34:32.524+0000][25964][safepoint   ] Safepoint "Cleanup", Time since last: 3020362600 ns, Reaching safepoint: 97700 ns, At safepoint: 7100 ns, Total: 104800 ns
[2025-10-20T18:34:35.558+0000][25964][safepoint   ] Safepoint "Cleanup", Time since last: 3034394400 ns, Reaching safepoint: 83800 ns, At safepoint: 9300 ns, Total: 93100 ns
[2025-10-20T18:34:37.580+0000][25964][safepoint   ] Safepoint "Cleanup", Time since last: 2021935500 ns, Reaching safepoint: 74900 ns, At safepoint: 6600 ns, Total: 81500 ns
[2025-10-20T18:34:38.589+0000][25964][safepoint   ] Safepoint "Cleanup", Time since last: 1008647200 ns, Reaching safepoint: 95300 ns, At safepoint: 11500 ns, Total: 106800 ns
[2025-10-20T18:34:40.599+0000][25964][safepoint   ] Safepoint "Cleanup", Time since last: 2009399500 ns, Reaching safepoint: 75400 ns, At safepoint: 6700 ns, Total: 82100 ns
[2025-10-20T18:34:44.643+0000][25964][safepoint   ] Safepoint "Cleanup", Time since last: 4044111100 ns, Reaching safepoint: 88600 ns, At safepoint: 10100 ns, Total: 98700 ns
[2025-10-20T18:34:45.656+0000][25964][safepoint   ] Safepoint "Cleanup", Time since last: 1012871500 ns, Reaching safepoint: 99700 ns, At safepoint: 9000 ns, Total: 108700 ns
[2025-10-20T18:34:47.671+0000][25964][safepoint   ] Safepoint "Cleanup", Time since last: 2015271100 ns, Reaching safepoint: 89200 ns, At safepoint: 7600 ns, Total: 96800 ns
[2025-10-20T18:34:48.678+0000][25964][safepoint   ] Safepoint "Cleanup", Time since last: 1006602900 ns, Reaching safepoint: 75600 ns, At safepoint: 9800 ns, Total: 85400 ns
[2025-10-20T18:34:49.689+0000][25964][safepoint   ] Safepoint "Cleanup", Time since last: 1011444800 ns, Reaching safepoint: 88000 ns, At safepoint: 6100 ns, Total: 94100 ns
[2025-10-20T18:34:50.701+0000][25964][safepoint   ] Safepoint "Cleanup", Time since last: 1011973400 ns, Reaching safepoint: 103400 ns, At safepoint: 8700 ns, Total: 112100 ns
[2025-10-20T18:34:51.711+0000][25964][safepoint   ] Safepoint "Cleanup", Time since last: 1009651500 ns, Reaching safepoint: 104500 ns, At safepoint: 8100 ns, Total: 112600 ns
[2025-10-20T18:34:53.728+0000][25964][safepoint   ] Safepoint "Cleanup", Time since last: 2016982800 ns, Reaching safepoint: 86800 ns, At safepoint: 9800 ns, Total: 96600 ns
[2025-10-20T18:34:55.751+0000][25964][safepoint   ] Safepoint "Cleanup", Time since last: 2023064900 ns, Reaching safepoint: 84600 ns, At safepoint: 7800 ns, Total: 92400 ns
[2025-10-20T18:34:56.763+0000][25964][safepoint   ] Safepoint "Cleanup", Time since last: 1011196200 ns, Reaching safepoint: 76400 ns, At safepoint: 5900 ns, Total: 82300 ns
[2025-10-20T18:34:57.770+0000][25964][safepoint   ] Safepoint "Cleanup", Time since last: 1007567900 ns, Reaching safepoint: 87900 ns, At safepoint: 11700 ns, Total: 99600 ns
[2025-10-20T18:34:59.789+0000][25964][safepoint   ] Safepoint "Cleanup", Time since last: 2018371300 ns, Reaching safepoint: 89400 ns, At safepoint: 7100 ns, Total: 96500 ns
[2025-10-20T18:35:00.790+0000][25964][safepoint   ] Safepoint "Cleanup", Time since last: 1000529200 ns, Reaching safepoint: 76500 ns, At safepoint: 8700 ns, Total: 85200 ns
[2025-10-20T18:35:01.801+0000][25964][safepoint   ] Safepoint "Cleanup", Time since last: 1011603400 ns, Reaching safepoint: 186200 ns, At safepoint: 9700 ns, Total: 195900 ns
[2025-10-20T18:35:08.869+0000][25964][safepoint   ] Safepoint "Cleanup", Time since last: 7067957900 ns, Reaching safepoint: 81200 ns, At safepoint: 6000 ns, Total: 87200 ns
[2025-10-20T18:35:11.890+0000][25964][safepoint   ] Safepoint "Cleanup", Time since last: 3021024200 ns, Reaching safepoint: 77600 ns, At safepoint: 8300 ns, Total: 85900 ns
[2025-10-20T18:35:12.905+0000][25964][safepoint   ] Safepoint "Cleanup", Time since last: 1014388800 ns, Reaching safepoint: 82300 ns, At safepoint: 8100 ns, Total: 90400 ns
[2025-10-20T18:35:14.926+0000][25964][safepoint   ] Safepoint "Cleanup", Time since last: 2020962100 ns, Reaching safepoint: 98500 ns, At safepoint: 8900 ns, Total: 107400 ns
[2025-10-20T18:35:16.608+0000][25964][gc,start    ] GC(13) Pause Young (Normal) (G1 Evacuation Pause)
[2025-10-20T18:35:16.608+0000][25964][gc,task     ] GC(13) Using 10 workers of 10 for evacuation
[2025-10-20T18:35:16.608+0000][25964][gc,age      ] GC(13) Desired survivor size 40370176 bytes, new threshold 15 (max threshold 15)
[2025-10-20T18:35:16.616+0000][25964][gc,age      ] GC(13) Age table with threshold 15 (max threshold 15)
[2025-10-20T18:35:16.616+0000][25964][gc,age      ] GC(13) - age   1:    4717672 bytes,    4717672 total
[2025-10-20T18:35:16.616+0000][25964][gc,age      ] GC(13) - age   2:   16559824 bytes,   21277496 total
[2025-10-20T18:35:16.616+0000][25964][gc,age      ] GC(13) - age   3:   10845616 bytes,   32123112 total
[2025-10-20T18:35:16.616+0000][25964][gc,phases   ] GC(13)   Pre Evacuate Collection Set: 0.1ms
[2025-10-20T18:35:16.616+0000][25964][gc,phases   ] GC(13)   Merge Heap Roots: 0.1ms
[2025-10-20T18:35:16.616+0000][25964][gc,phases   ] GC(13)   Evacuate Collection Set: 7.6ms
[2025-10-20T18:35:16.616+0000][25964][gc,phases   ] GC(13)   Post Evacuate Collection Set: 0.8ms
[2025-10-20T18:35:16.616+0000][25964][gc,phases   ] GC(13)   Other: 0.3ms
[2025-10-20T18:35:16.616+0000][25964][gc,heap     ] GC(13) Eden regions: 585->0(580)
[2025-10-20T18:35:16.616+0000][25964][gc,heap     ] GC(13) Survivor regions: 29->34(77)
[2025-10-20T18:35:16.616+0000][25964][gc,heap     ] GC(13) Old regions: 48->48
[2025-10-20T18:35:16.616+0000][25964][gc,heap     ] GC(13) Archive regions: 0->0
[2025-10-20T18:35:16.616+0000][25964][gc,heap     ] GC(13) Humongous regions: 7->7
[2025-10-20T18:35:16.616+0000][25964][gc,metaspace] GC(13) Metaspace: 101249K(105136K)->101249K(105136K) NonClass: 87899K(90544K)->87899K(90544K) Class: 13349K(14592K)->13349K(14592K)
[2025-10-20T18:35:16.616+0000][25964][gc          ] GC(13) Pause Young (Normal) (G1 Evacuation Pause) 668M->88M(1024M) 8.921ms
[2025-10-20T18:35:16.617+0000][25964][gc,cpu      ] GC(13) User=0.03s Sys=0.00s Real=0.01s
[2025-10-20T18:35:16.617+0000][25964][safepoint   ] Safepoint "G1CollectForAllocation", Time since last: 1681777700 ns, Reaching safepoint: 109200 ns, At safepoint: 9008100 ns, Total: 9117300 ns
[2025-10-20T18:35:17.626+0000][25964][safepoint   ] Safepoint "Cleanup", Time since last: 1008978600 ns, Reaching safepoint: 107500 ns, At safepoint: 11300 ns, Total: 118800 ns
[2025-10-20T18:35:19.645+0000][25964][safepoint   ] Safepoint "Cleanup", Time since last: 2019709100 ns, Reaching safepoint: 98600 ns, At safepoint: 79400 ns, Total: 178000 ns
[2025-10-20T18:35:20.651+0000][25964][safepoint   ] Safepoint "Cleanup", Time since last: 1005341800 ns, Reaching safepoint: 83200 ns, At safepoint: 9000 ns, Total: 92200 ns
[2025-10-20T18:35:22.665+0000][25964][safepoint   ] Safepoint "Cleanup", Time since last: 2013749500 ns, Reaching safepoint: 96800 ns, At safepoint: 11700 ns, Total: 108500 ns
[2025-10-20T18:35:26.698+0000][25964][safepoint   ] Safepoint "Cleanup", Time since last: 4032550300 ns, Reaching safepoint: 93000 ns, At safepoint: 9200 ns, Total: 102200 ns
[2025-10-20T18:35:29.719+0000][25964][safepoint   ] Safepoint "Cleanup", Time since last: 3021424600 ns, Reaching safepoint: 80200 ns, At safepoint: 10200 ns, Total: 90400 ns
[2025-10-20T18:35:31.727+0000][25964][safepoint   ] Safepoint "Cleanup", Time since last: 2007454200 ns, Reaching safepoint: 109400 ns, At safepoint: 11100 ns, Total: 120500 ns
[2025-10-20T18:35:33.123+0000][25964][safepoint   ] Safepoint "Cleanup", Time since last: 1395669300 ns, Reaching safepoint: 224700 ns, At safepoint: 8600 ns, Total: 233300 ns
[2025-10-20T18:35:34.136+0000][25964][safepoint   ] Safepoint "Cleanup", Time since last: 1013039100 ns, Reaching safepoint: 115700 ns, At safepoint: 10500 ns, Total: 126200 ns
[2025-10-20T18:35:35.148+0000][25964][safepoint   ] Safepoint "Cleanup", Time since last: 1011919800 ns, Reaching safepoint: 112200 ns, At safepoint: 9800 ns, Total: 122000 ns
[2025-10-20T18:35:36.154+0000][25964][safepoint   ] Safepoint "Cleanup", Time since last: 1005679500 ns, Reaching safepoint: 91000 ns, At safepoint: 10600 ns, Total: 101600 ns
[2025-10-20T18:35:38.169+0000][25964][safepoint   ] Safepoint "Cleanup", Time since last: 2015008800 ns, Reaching safepoint: 102600 ns, At safepoint: 13900 ns, Total: 116500 ns
[2025-10-20T18:35:39.174+0000][25964][safepoint   ] Safepoint "Cleanup", Time since last: 1005109100 ns, Reaching safepoint: 103600 ns, At safepoint: 11500 ns, Total: 115100 ns
[2025-10-20T18:35:42.208+0000][25964][safepoint   ] Safepoint "Cleanup", Time since last: 3033706500 ns, Reaching safepoint: 86200 ns, At safepoint: 12000 ns, Total: 98200 ns
[2025-10-20T18:35:43.219+0000][25964][safepoint   ] Safepoint "Cleanup", Time since last: 1011196800 ns, Reaching safepoint: 107300 ns, At safepoint: 9900 ns, Total: 117200 ns
[2025-10-20T18:35:46.247+0000][25964][safepoint   ] Safepoint "Cleanup", Time since last: 3027894300 ns, Reaching safepoint: 84700 ns, At safepoint: 11000 ns, Total: 95700 ns
[2025-10-20T18:35:47.254+0000][25964][safepoint   ] Safepoint "Cleanup", Time since last: 1006707600 ns, Reaching safepoint: 90200 ns, At safepoint: 10200 ns, Total: 100400 ns
[2025-10-20T18:35:52.297+0000][25964][safepoint   ] Safepoint "Cleanup", Time since last: 5042735600 ns, Reaching safepoint: 105700 ns, At safepoint: 26200 ns, Total: 131900 ns
[2025-10-20T18:35:54.315+0000][25964][safepoint   ] Safepoint "Cleanup", Time since last: 2017771600 ns, Reaching safepoint: 106300 ns, At safepoint: 9300 ns, Total: 115600 ns
[2025-10-20T18:35:55.325+0000][25964][safepoint   ] Safepoint "Cleanup", Time since last: 1009927600 ns, Reaching safepoint: 92600 ns, At safepoint: 13000 ns, Total: 105600 ns
[2025-10-20T18:35:57.337+0000][25964][safepoint   ] Safepoint "Cleanup", Time since last: 2011887900 ns, Reaching safepoint: 96600 ns, At safepoint: 10500 ns, Total: 107100 ns
[2025-10-20T18:35:58.341+0000][25964][safepoint   ] Safepoint "Cleanup", Time since last: 1004311200 ns, Reaching safepoint: 95700 ns, At safepoint: 8300 ns, Total: 104000 ns
[2025-10-20T18:36:02.376+0000][25964][safepoint   ] Safepoint "Cleanup", Time since last: 4035104000 ns, Reaching safepoint: 93800 ns, At safepoint: 11300 ns, Total: 105100 ns
[2025-10-20T18:36:03.386+0000][25964][safepoint   ] Safepoint "Cleanup", Time since last: 1009063200 ns, Reaching safepoint: 82300 ns, At safepoint: 11700 ns, Total: 94000 ns
[2025-10-20T18:36:08.429+0000][25964][safepoint   ] Safepoint "Cleanup", Time since last: 5043496000 ns, Reaching safepoint: 121500 ns, At safepoint: 10000 ns, Total: 131500 ns
[2025-10-20T18:36:09.437+0000][25964][safepoint   ] Safepoint "Cleanup", Time since last: 1008031600 ns, Reaching safepoint: 115400 ns, At safepoint: 10700 ns, Total: 126100 ns
[2025-10-20T18:36:10.449+0000][25964][safepoint   ] Safepoint "Cleanup", Time since last: 1011338200 ns, Reaching safepoint: 114300 ns, At safepoint: 10800 ns, Total: 125100 ns
[2025-10-20T18:36:12.460+0000][25964][safepoint   ] Safepoint "Cleanup", Time since last: 2010909000 ns, Reaching safepoint: 104500 ns, At safepoint: 11500 ns, Total: 116000 ns
[2025-10-20T18:36:13.462+0000][25964][safepoint   ] Safepoint "Cleanup", Time since last: 1001782800 ns, Reaching safepoint: 103100 ns, At safepoint: 17600 ns, Total: 120700 ns
[2025-10-20T18:36:15.481+0000][25964][safepoint   ] Safepoint "Cleanup", Time since last: 2018653000 ns, Reaching safepoint: 92800 ns, At safepoint: 9100 ns, Total: 101900 ns
[2025-10-20T18:36:16.488+0000][25964][safepoint   ] Safepoint "Cleanup", Time since last: 1007301900 ns, Reaching safepoint: 105500 ns, At safepoint: 9100 ns, Total: 114600 ns
[2025-10-20T18:36:17.500+0000][25964][safepoint   ] Safepoint "Cleanup", Time since last: 1012065000 ns, Reaching safepoint: 100400 ns, At safepoint: 9300 ns, Total: 109700 ns
[2025-10-20T18:36:22.546+0000][25964][safepoint   ] Safepoint "Cleanup", Time since last: 5046031700 ns, Reaching safepoint: 89200 ns, At safepoint: 7800 ns, Total: 97000 ns
[2025-10-20T18:36:25.578+0000][25964][safepoint   ] Safepoint "Cleanup", Time since last: 3031107200 ns, Reaching safepoint: 88400 ns, At safepoint: 6000 ns, Total: 94400 ns
[2025-10-20T18:36:26.588+0000][25964][safepoint   ] Safepoint "Cleanup", Time since last: 1010502700 ns, Reaching safepoint: 84700 ns, At safepoint: 16600 ns, Total: 101300 ns
[2025-10-20T18:36:27.598+0000][25964][safepoint   ] Safepoint "Cleanup", Time since last: 1009984200 ns, Reaching safepoint: 74800 ns, At safepoint: 6800 ns, Total: 81600 ns
[2025-10-20T18:36:30.621+0000][25964][safepoint   ] Safepoint "Cleanup", Time since last: 3022758100 ns, Reaching safepoint: 81400 ns, At safepoint: 7700 ns, Total: 89100 ns
[2025-10-20T18:36:31.628+0000][25964][safepoint   ] Safepoint "Cleanup", Time since last: 1006958700 ns, Reaching safepoint: 75600 ns, At safepoint: 8800 ns, Total: 84400 ns
[2025-10-20T18:36:32.639+0000][25964][safepoint   ] Safepoint "Cleanup", Time since last: 1010968500 ns, Reaching safepoint: 95800 ns, At safepoint: 7000 ns, Total: 102800 ns
[2025-10-20T18:36:35.660+0000][25964][safepoint   ] Safepoint "Cleanup", Time since last: 3021079500 ns, Reaching safepoint: 84700 ns, At safepoint: 6800 ns, Total: 91500 ns
[2025-10-20T18:36:38.681+0000][25964][safepoint   ] Safepoint "Cleanup", Time since last: 3020447200 ns, Reaching safepoint: 85600 ns, At safepoint: 11000 ns, Total: 96600 ns
[2025-10-20T18:36:40.700+0000][25964][safepoint   ] Safepoint "Cleanup", Time since last: 2018963200 ns, Reaching safepoint: 121000 ns, At safepoint: 7100 ns, Total: 128100 ns
[2025-10-20T18:36:42.724+0000][25964][safepoint   ] Safepoint "Cleanup", Time since last: 2023785100 ns, Reaching safepoint: 91400 ns, At safepoint: 8200 ns, Total: 99600 ns
[2025-10-20T18:36:44.731+0000][25964][safepoint   ] Safepoint "Cleanup", Time since last: 2006914500 ns, Reaching safepoint: 76800 ns, At safepoint: 7800 ns, Total: 84600 ns
[2025-10-20T18:36:49.796+0000][25964][safepoint   ] Safepoint "Cleanup", Time since last: 5064987800 ns, Reaching safepoint: 94900 ns, At safepoint: 10500 ns, Total: 105400 ns
[2025-10-20T18:36:50.798+0000][25964][safepoint   ] Safepoint "Cleanup", Time since last: 1001833900 ns, Reaching safepoint: 107200 ns, At safepoint: 8800 ns, Total: 116000 ns
[2025-10-20T18:36:53.826+0000][25964][safepoint   ] Safepoint "Cleanup", Time since last: 3028469600 ns, Reaching safepoint: 148800 ns, At safepoint: 9700 ns, Total: 158500 ns
[2025-10-20T18:36:55.848+0000][25964][safepoint   ] Safepoint "Cleanup", Time since last: 2021860700 ns, Reaching safepoint: 88800 ns, At safepoint: 9600 ns, Total: 98400 ns
[2025-10-20T18:36:56.855+0000][25964][safepoint   ] Safepoint "Cleanup", Time since last: 1006047100 ns, Reaching safepoint: 102100 ns, At safepoint: 10200 ns, Total: 112300 ns
[2025-10-20T18:36:57.865+0000][25964][safepoint   ] Safepoint "Cleanup", Time since last: 1010791700 ns, Reaching safepoint: 96100 ns, At safepoint: 8900 ns, Total: 105000 ns
[2025-10-20T18:36:58.873+0000][25964][safepoint   ] Safepoint "Cleanup", Time since last: 1007771300 ns, Reaching safepoint: 87800 ns, At safepoint: 8900 ns, Total: 96700 ns
[2025-10-20T18:36:59.880+0000][25964][safepoint   ] Safepoint "Cleanup", Time since last: 1006955400 ns, Reaching safepoint: 89300 ns, At safepoint: 8400 ns, Total: 97700 ns
[2025-10-20T18:37:00.886+0000][25964][safepoint   ] Safepoint "Cleanup", Time since last: 1005736900 ns, Reaching safepoint: 86200 ns, At safepoint: 7800 ns, Total: 94000 ns
[2025-10-20T18:37:01.900+0000][25964][safepoint   ] Safepoint "Cleanup", Time since last: 1013200300 ns, Reaching safepoint: 74400 ns, At safepoint: 7900 ns, Total: 82300 ns
[2025-10-20T18:37:03.733+0000][25964][safepoint   ] Safepoint "Cleanup", Time since last: 1833866500 ns, Reaching safepoint: 171400 ns, At safepoint: 8600 ns, Total: 180000 ns
[2025-10-20T18:37:04.739+0000][25964][safepoint   ] Safepoint "Cleanup", Time since last: 1005197900 ns, Reaching safepoint: 77800 ns, At safepoint: 6800 ns, Total: 84600 ns
[2025-10-20T18:37:05.745+0000][25964][safepoint   ] Safepoint "Cleanup", Time since last: 1006189900 ns, Reaching safepoint: 98300 ns, At safepoint: 10100 ns, Total: 108400 ns
[2025-10-20T18:37:08.772+0000][25964][safepoint   ] Safepoint "Cleanup", Time since last: 3026934800 ns, Reaching safepoint: 91900 ns, At safepoint: 9500 ns, Total: 101400 ns
[2025-10-20T18:37:12.809+0000][25964][safepoint   ] Safepoint "Cleanup", Time since last: 4036987200 ns, Reaching safepoint: 78400 ns, At safepoint: 6600 ns, Total: 85000 ns
[2025-10-20T18:37:16.849+0000][25964][safepoint   ] Safepoint "Cleanup", Time since last: 4040040100 ns, Reaching safepoint: 95000 ns, At safepoint: 10500 ns, Total: 105500 ns
[2025-10-20T18:37:17.858+0000][25964][safepoint   ] Safepoint "Cleanup", Time since last: 1008011100 ns, Reaching safepoint: 80400 ns, At safepoint: 6500 ns, Total: 86900 ns
[2025-10-20T18:37:19.882+0000][25964][safepoint   ] Safepoint "Cleanup", Time since last: 2024424700 ns, Reaching safepoint: 84100 ns, At safepoint: 8800 ns, Total: 92900 ns
[2025-10-20T18:37:25.926+0000][25964][safepoint   ] Safepoint "Cleanup", Time since last: 6043368100 ns, Reaching safepoint: 81800 ns, At safepoint: 8500 ns, Total: 90300 ns
[2025-10-20T18:37:26.936+0000][25964][safepoint   ] Safepoint "Cleanup", Time since last: 1010002200 ns, Reaching safepoint: 81200 ns, At safepoint: 7600 ns, Total: 88800 ns
[2025-10-20T18:37:29.966+0000][25964][safepoint   ] Safepoint "Cleanup", Time since last: 3030120200 ns, Reaching safepoint: 102600 ns, At safepoint: 8800 ns, Total: 111400 ns
[2025-10-20T18:37:33.001+0000][25964][safepoint   ] Safepoint "Cleanup", Time since last: 3035545300 ns, Reaching safepoint: 82200 ns, At safepoint: 7500 ns, Total: 89700 ns
[2025-10-20T18:37:37.808+0000][25964][safepoint   ] Safepoint "Cleanup", Time since last: 4807093900 ns, Reaching safepoint: 64800 ns, At safepoint: 9100 ns, Total: 73900 ns
[2025-10-20T18:37:38.823+0000][25964][safepoint   ] Safepoint "Cleanup", Time since last: 1014386800 ns, Reaching safepoint: 90200 ns, At safepoint: 2500 ns, Total: 92700 ns
[2025-10-20T18:37:41.859+0000][25964][safepoint   ] Safepoint "Cleanup", Time since last: 3035459900 ns, Reaching safepoint: 79500 ns, At safepoint: 7500 ns, Total: 87000 ns
[2025-10-20T18:37:44.878+0000][25964][safepoint   ] Safepoint "Cleanup", Time since last: 3018989300 ns, Reaching safepoint: 86500 ns, At safepoint: 8200 ns, Total: 94700 ns
[2025-10-20T18:37:46.890+0000][25964][safepoint   ] Safepoint "Cleanup", Time since last: 2011781100 ns, Reaching safepoint: 76700 ns, At safepoint: 7800 ns, Total: 84500 ns
[2025-10-20T18:37:47.900+0000][25964][safepoint   ] Safepoint "Cleanup", Time since last: 1010079200 ns, Reaching safepoint: 80800 ns, At safepoint: 7000 ns, Total: 87800 ns
[2025-10-20T18:38:00.010+0000][25964][safepoint   ] Safepoint "Cleanup", Time since last: 12110407000 ns, Reaching safepoint: 105000 ns, At safepoint: 2400 ns, Total: 107400 ns
[2025-10-20T18:38:01.014+0000][25964][safepoint   ] Safepoint "Cleanup", Time since last: 1003806200 ns, Reaching safepoint: 104700 ns, At safepoint: 2200 ns, Total: 106900 ns
[2025-10-20T18:38:02.020+0000][25964][safepoint   ] Safepoint "Cleanup", Time since last: 1005715400 ns, Reaching safepoint: 89200 ns, At safepoint: 7800 ns, Total: 97000 ns
[2025-10-20T18:38:03.029+0000][25964][safepoint   ] Safepoint "Cleanup", Time since last: 1008478500 ns, Reaching safepoint: 79000 ns, At safepoint: 2500 ns, Total: 81500 ns
[2025-10-20T18:38:05.041+0000][25964][safepoint   ] Safepoint "Cleanup", Time since last: 2012152000 ns, Reaching safepoint: 117800 ns, At safepoint: 9700 ns, Total: 127500 ns
[2025-10-20T18:38:06.044+0000][25964][safepoint   ] Safepoint "Cleanup", Time since last: 1003538000 ns, Reaching safepoint: 89700 ns, At safepoint: 8500 ns, Total: 98200 ns
[2025-10-20T18:38:09.074+0000][25964][safepoint   ] Safepoint "Cleanup", Time since last: 3028948200 ns, Reaching safepoint: 92000 ns, At safepoint: 8200 ns, Total: 100200 ns
[2025-10-20T18:38:11.094+0000][25964][safepoint   ] Safepoint "Cleanup", Time since last: 2020188200 ns, Reaching safepoint: 97200 ns, At safepoint: 11600 ns, Total: 108800 ns
[2025-10-20T18:38:20.183+0000][25964][safepoint   ] Safepoint "Cleanup", Time since last: 9089555100 ns, Reaching safepoint: 89500 ns, At safepoint: 2300 ns, Total: 91800 ns
[2025-10-20T18:38:21.197+0000][25964][safepoint   ] Safepoint "Cleanup", Time since last: 1013268100 ns, Reaching safepoint: 88300 ns, At safepoint: 8400 ns, Total: 96700 ns
[2025-10-20T18:38:24.220+0000][25964][safepoint   ] Safepoint "Cleanup", Time since last: 3022565000 ns, Reaching safepoint: 81800 ns, At safepoint: 7600 ns, Total: 89400 ns
[2025-10-20T18:38:26.240+0000][25964][safepoint   ] Safepoint "Cleanup", Time since last: 2019962200 ns, Reaching safepoint: 79800 ns, At safepoint: 7400 ns, Total: 87200 ns
[2025-10-20T18:38:30.276+0000][25964][safepoint   ] Safepoint "Cleanup", Time since last: 4036077000 ns, Reaching safepoint: 85600 ns, At safepoint: 8800 ns, Total: 94400 ns
[2025-10-20T18:38:32.294+0000][25964][safepoint   ] Safepoint "Cleanup", Time since last: 2017910600 ns, Reaching safepoint: 87200 ns, At safepoint: 10500 ns, Total: 97700 ns
[2025-10-20T18:38:33.306+0000][25964][safepoint   ] Safepoint "Cleanup", Time since last: 1012789900 ns, Reaching safepoint: 80600 ns, At safepoint: 10100 ns, Total: 90700 ns
[2025-10-20T18:38:36.338+0000][25964][safepoint   ] Safepoint "Cleanup", Time since last: 3031255500 ns, Reaching safepoint: 79800 ns, At safepoint: 11400 ns, Total: 91200 ns
[2025-10-20T18:38:38.358+0000][25964][safepoint   ] Safepoint "Cleanup", Time since last: 2019570400 ns, Reaching safepoint: 196900 ns, At safepoint: 7100 ns, Total: 204000 ns
[2025-10-20T18:38:39.363+0000][25964][safepoint   ] Safepoint "Cleanup", Time since last: 1005063600 ns, Reaching safepoint: 115900 ns, At safepoint: 12100 ns, Total: 128000 ns
[2025-10-20T18:38:40.370+0000][25964][safepoint   ] Safepoint "Cleanup", Time since last: 1006586400 ns, Reaching safepoint: 113400 ns, At safepoint: 14800 ns, Total: 128200 ns
[2025-10-20T18:38:41.377+0000][25964][safepoint   ] Safepoint "Cleanup", Time since last: 1006965500 ns, Reaching safepoint: 90700 ns, At safepoint: 5800 ns, Total: 96500 ns
[2025-10-20T18:38:42.381+0000][25964][safepoint   ] Safepoint "Cleanup", Time since last: 1004378900 ns, Reaching safepoint: 92700 ns, At safepoint: 9100 ns, Total: 101800 ns
[2025-10-20T18:38:52.457+0000][25964][safepoint   ] Safepoint "Cleanup", Time since last: 10076185800 ns, Reaching safepoint: 76300 ns, At safepoint: 7900 ns, Total: 84200 ns
[2025-10-20T18:38:53.472+0000][25964][safepoint   ] Safepoint "Cleanup", Time since last: 1014691400 ns, Reaching safepoint: 87600 ns, At safepoint: 5600 ns, Total: 93200 ns
[2025-10-20T18:38:56.503+0000][25964][safepoint   ] Safepoint "Cleanup", Time since last: 3030272000 ns, Reaching safepoint: 86100 ns, At safepoint: 8700 ns, Total: 94800 ns
[2025-10-20T18:38:57.514+0000][25964][safepoint   ] Safepoint "Cleanup", Time since last: 1011785500 ns, Reaching safepoint: 83300 ns, At safepoint: 8300 ns, Total: 91600 ns
[2025-10-20T18:39:02.556+0000][25964][safepoint   ] Safepoint "Cleanup", Time since last: 5041297700 ns, Reaching safepoint: 87900 ns, At safepoint: 8900 ns, Total: 96800 ns
[2025-10-20T18:39:03.568+0000][25964][safepoint   ] Safepoint "Cleanup", Time since last: 1011875200 ns, Reaching safepoint: 147500 ns, At safepoint: 8800 ns, Total: 156300 ns
[2025-10-20T18:39:04.577+0000][25964][safepoint   ] Safepoint "Cleanup", Time since last: 1008787200 ns, Reaching safepoint: 86300 ns, At safepoint: 8200 ns, Total: 94500 ns
[2025-10-20T18:39:06.599+0000][25964][safepoint   ] Safepoint "Cleanup", Time since last: 2021749700 ns, Reaching safepoint: 83800 ns, At safepoint: 7700 ns, Total: 91500 ns
[2025-10-20T18:39:08.620+0000][25964][safepoint   ] Safepoint "Cleanup", Time since last: 2021313100 ns, Reaching safepoint: 98900 ns, At safepoint: 6200 ns, Total: 105100 ns
[2025-10-20T18:39:09.627+0000][25964][safepoint   ] Safepoint "Cleanup", Time since last: 1007356400 ns, Reaching safepoint: 87000 ns, At safepoint: 7200 ns, Total: 94200 ns
[2025-10-20T18:39:12.647+0000][25964][safepoint   ] Safepoint "Cleanup", Time since last: 3019794000 ns, Reaching safepoint: 104100 ns, At safepoint: 15400 ns, Total: 119500 ns
[2025-10-20T18:39:17.686+0000][25964][safepoint   ] Safepoint "Cleanup", Time since last: 5038495600 ns, Reaching safepoint: 81400 ns, At safepoint: 9200 ns, Total: 90600 ns
[2025-10-20T18:39:18.700+0000][25964][safepoint   ] Safepoint "Cleanup", Time since last: 1013434500 ns, Reaching safepoint: 88900 ns, At safepoint: 13800 ns, Total: 102700 ns
[2025-10-20T18:39:19.706+0000][25964][safepoint   ] Safepoint "Cleanup", Time since last: 1005895600 ns, Reaching safepoint: 86100 ns, At safepoint: 7200 ns, Total: 93300 ns
[2025-10-20T18:39:20.709+0000][25964][safepoint   ] Safepoint "Cleanup", Time since last: 1003646000 ns, Reaching safepoint: 79100 ns, At safepoint: 6400 ns, Total: 85500 ns
[2025-10-20T18:39:24.739+0000][25964][safepoint   ] Safepoint "Cleanup", Time since last: 4029989800 ns, Reaching safepoint: 79500 ns, At safepoint: 8300 ns, Total: 87800 ns
[2025-10-20T18:39:25.751+0000][25964][safepoint   ] Safepoint "Cleanup", Time since last: 1011089300 ns, Reaching safepoint: 80500 ns, At safepoint: 8100 ns, Total: 88600 ns
[2025-10-20T18:39:26.753+0000][25964][safepoint   ] Safepoint "Cleanup", Time since last: 1002686500 ns, Reaching safepoint: 97000 ns, At safepoint: 13100 ns, Total: 110100 ns
[2025-10-20T18:39:27.758+0000][25964][safepoint   ] Safepoint "Cleanup", Time since last: 1004405900 ns, Reaching safepoint: 78600 ns, At safepoint: 7000 ns, Total: 85600 ns
[2025-10-20T18:39:28.768+0000][25964][safepoint   ] Safepoint "Cleanup", Time since last: 1009683600 ns, Reaching safepoint: 98000 ns, At safepoint: 8000 ns, Total: 106000 ns
[2025-10-20T18:39:31.787+0000][25964][safepoint   ] Safepoint "Cleanup", Time since last: 3019301200 ns, Reaching safepoint: 89400 ns, At safepoint: 18800 ns, Total: 108200 ns
[2025-10-20T18:39:32.796+0000][25964][safepoint   ] Safepoint "Cleanup", Time since last: 1009297500 ns, Reaching safepoint: 88000 ns, At safepoint: 10900 ns, Total: 98900 ns
[2025-10-20T18:39:33.807+0000][25964][safepoint   ] Safepoint "Cleanup", Time since last: 1010147100 ns, Reaching safepoint: 82300 ns, At safepoint: 7200 ns, Total: 89500 ns
[2025-10-20T18:39:35.825+0000][25964][safepoint   ] Safepoint "Cleanup", Time since last: 2017856600 ns, Reaching safepoint: 77100 ns, At safepoint: 8500 ns, Total: 85600 ns
[2025-10-20T18:39:46.919+0000][25964][safepoint   ] Safepoint "Cleanup", Time since last: 11094373500 ns, Reaching safepoint: 91100 ns, At safepoint: 11500 ns, Total: 102600 ns
[2025-10-20T18:39:48.938+0000][25964][safepoint   ] Safepoint "Cleanup", Time since last: 2018839600 ns, Reaching safepoint: 79800 ns, At safepoint: 10200 ns, Total: 90000 ns
[2025-10-20T18:39:51.965+0000][25964][safepoint   ] Safepoint "Cleanup", Time since last: 3027345700 ns, Reaching safepoint: 91400 ns, At safepoint: 16700 ns, Total: 108100 ns
[2025-10-20T18:39:52.975+0000][25964][safepoint   ] Safepoint "Cleanup", Time since last: 1009278500 ns, Reaching safepoint: 78700 ns, At safepoint: 8000 ns, Total: 86700 ns
[2025-10-20T18:39:54.129+0000][25964][gc,start    ] GC(14) Pause Young (Normal) (G1 Evacuation Pause)
[2025-10-20T18:39:54.129+0000][25964][gc,task     ] GC(14) Using 10 workers of 10 for evacuation
[2025-10-20T18:39:54.129+0000][25964][gc,age      ] GC(14) Desired survivor size 40370176 bytes, new threshold 15 (max threshold 15)
[2025-10-20T18:39:54.138+0000][25964][gc,age      ] GC(14) Age table with threshold 15 (max threshold 15)
[2025-10-20T18:39:54.138+0000][25964][gc,age      ] GC(14) - age   1:    3523200 bytes,    3523200 total
[2025-10-20T18:39:54.138+0000][25964][gc,age      ] GC(14) - age   2:    2968648 bytes,    6491848 total
[2025-10-20T18:39:54.138+0000][25964][gc,age      ] GC(14) - age   3:   16342864 bytes,   22834712 total
[2025-10-20T18:39:54.138+0000][25964][gc,age      ] GC(14) - age   4:   10842464 bytes,   33677176 total
[2025-10-20T18:39:54.140+0000][25964][gc,phases   ] GC(14)   Pre Evacuate Collection Set: 0.1ms
[2025-10-20T18:39:54.140+0000][25964][gc,phases   ] GC(14)   Merge Heap Roots: 0.1ms
[2025-10-20T18:39:54.140+0000][25964][gc,phases   ] GC(14)   Evacuate Collection Set: 8.2ms
[2025-10-20T18:39:54.140+0000][25964][gc,phases   ] GC(14)   Post Evacuate Collection Set: 0.9ms
[2025-10-20T18:39:54.140+0000][25964][gc,phases   ] GC(14)   Other: 0.3ms
[2025-10-20T18:39:54.140+0000][25964][gc,heap     ] GC(14) Eden regions: 580->0(580)
[2025-10-20T18:39:54.140+0000][25964][gc,heap     ] GC(14) Survivor regions: 34->34(77)
[2025-10-20T18:39:54.140+0000][25964][gc,heap     ] GC(14) Old regions: 48->48
[2025-10-20T18:39:54.140+0000][25964][gc,heap     ] GC(14) Archive regions: 0->0
[2025-10-20T18:39:54.140+0000][25964][gc,heap     ] GC(14) Humongous regions: 7->7
[2025-10-20T18:39:54.140+0000][25964][gc,metaspace] GC(14) Metaspace: 103601K(107440K)->103601K(107440K) NonClass: 90019K(92592K)->90019K(92592K) Class: 13582K(14848K)->13582K(14848K)
[2025-10-20T18:39:54.140+0000][25964][gc          ] GC(14) Pause Young (Normal) (G1 Evacuation Pause) 668M->88M(1024M) 9.669ms
[2025-10-20T18:39:54.140+0000][25964][gc,cpu      ] GC(14) User=0.09s Sys=0.03s Real=0.01s
[2025-10-20T18:39:54.140+0000][25964][safepoint   ] Safepoint "G1CollectForAllocation", Time since last: 1155133400 ns, Reaching safepoint: 80600 ns, At safepoint: 9754700 ns, Total: 9835300 ns
[2025-10-20T18:39:58.172+0000][25964][safepoint   ] Safepoint "Cleanup", Time since last: 4032387500 ns, Reaching safepoint: 87300 ns, At safepoint: 7600 ns, Total: 94900 ns
[2025-10-20T18:40:03.212+0000][25964][safepoint   ] Safepoint "Cleanup", Time since last: 5039168000 ns, Reaching safepoint: 94700 ns, At safepoint: 4300 ns, Total: 99000 ns
[2025-10-20T18:40:06.239+0000][25964][safepoint   ] Safepoint "Cleanup", Time since last: 3027189000 ns, Reaching safepoint: 106200 ns, At safepoint: 11200 ns, Total: 117400 ns
[2025-10-20T18:40:07.250+0000][25964][safepoint   ] Safepoint "Cleanup", Time since last: 1011538600 ns, Reaching safepoint: 80500 ns, At safepoint: 7500 ns, Total: 88000 ns
[2025-10-20T18:40:09.267+0000][25964][safepoint   ] Safepoint "Cleanup", Time since last: 2016311400 ns, Reaching safepoint: 158400 ns, At safepoint: 14600 ns, Total: 173000 ns
[2025-10-20T18:40:11.283+0000][25964][safepoint   ] Safepoint "Cleanup", Time since last: 2015616300 ns, Reaching safepoint: 103400 ns, At safepoint: 7900 ns, Total: 111300 ns
[2025-10-20T18:40:13.295+0000][25964][safepoint   ] Safepoint "Cleanup", Time since last: 2012900100 ns, Reaching safepoint: 116600 ns, At safepoint: 22400 ns, Total: 139000 ns
[2025-10-20T18:40:16.330+0000][25964][safepoint   ] Safepoint "Cleanup", Time since last: 3034309200 ns, Reaching safepoint: 78000 ns, At safepoint: 9400 ns, Total: 87400 ns
[2025-10-20T18:40:24.386+0000][25964][safepoint   ] Safepoint "Cleanup", Time since last: 8055573200 ns, Reaching safepoint: 89500 ns, At safepoint: 8600 ns, Total: 98100 ns
[2025-10-20T18:40:30.438+0000][25964][safepoint   ] Safepoint "Cleanup", Time since last: 6052252500 ns, Reaching safepoint: 89900 ns, At safepoint: 12000 ns, Total: 101900 ns
[2025-10-20T18:40:31.449+0000][25964][safepoint   ] Safepoint "Cleanup", Time since last: 1011130600 ns, Reaching safepoint: 120500 ns, At safepoint: 13100 ns, Total: 133600 ns
[2025-10-20T18:40:32.461+0000][25964][safepoint   ] Safepoint "Cleanup", Time since last: 1011223600 ns, Reaching safepoint: 86900 ns, At safepoint: 9700 ns, Total: 96600 ns
[2025-10-20T18:40:33.469+0000][25964][safepoint   ] Safepoint "Cleanup", Time since last: 1007944200 ns, Reaching safepoint: 82900 ns, At safepoint: 8600 ns, Total: 91500 ns
[2025-10-20T18:40:39.517+0000][25964][safepoint   ] Safepoint "Cleanup", Time since last: 6047966300 ns, Reaching safepoint: 117900 ns, At safepoint: 15400 ns, Total: 133300 ns
[2025-10-20T18:40:50.624+0000][25964][safepoint   ] Safepoint "Cleanup", Time since last: 11107578000 ns, Reaching safepoint: 82600 ns, At safepoint: 12400 ns, Total: 95000 ns
[2025-10-20T18:40:51.638+0000][25964][safepoint   ] Safepoint "Cleanup", Time since last: 1013297800 ns, Reaching safepoint: 96500 ns, At safepoint: 9600 ns, Total: 106100 ns
[2025-10-20T18:40:57.690+0000][25964][safepoint   ] Safepoint "Cleanup", Time since last: 6052451500 ns, Reaching safepoint: 94300 ns, At safepoint: 10300 ns, Total: 104600 ns
[2025-10-20T18:41:02.739+0000][25964][safepoint   ] Safepoint "Cleanup", Time since last: 5048168700 ns, Reaching safepoint: 109000 ns, At safepoint: 14900 ns, Total: 123900 ns
[2025-10-20T18:41:09.781+0000][25964][safepoint   ] Safepoint "Cleanup", Time since last: 7042505000 ns, Reaching safepoint: 132200 ns, At safepoint: 10200 ns, Total: 142400 ns
[2025-10-20T18:41:10.795+0000][25964][safepoint   ] Safepoint "Cleanup", Time since last: 1013805800 ns, Reaching safepoint: 117400 ns, At safepoint: 14200 ns, Total: 131600 ns
[2025-10-20T18:41:12.813+0000][25964][safepoint   ] Safepoint "Cleanup", Time since last: 2017087400 ns, Reaching safepoint: 86200 ns, At safepoint: 9700 ns, Total: 95900 ns
[2025-10-20T18:41:15.837+0000][25964][safepoint   ] Safepoint "Cleanup", Time since last: 3024907500 ns, Reaching safepoint: 218500 ns, At safepoint: 11900 ns, Total: 230400 ns
[2025-10-20T18:41:24.915+0000][25964][safepoint   ] Safepoint "Cleanup", Time since last: 9077440400 ns, Reaching safepoint: 95000 ns, At safepoint: 12400 ns, Total: 107400 ns
[2025-10-20T18:41:27.945+0000][25964][safepoint   ] Safepoint "Cleanup", Time since last: 3029985600 ns, Reaching safepoint: 102500 ns, At safepoint: 10800 ns, Total: 113300 ns
[2025-10-20T18:41:42.075+0000][25964][safepoint   ] Safepoint "Cleanup", Time since last: 14129765600 ns, Reaching safepoint: 106100 ns, At safepoint: 12300 ns, Total: 118400 ns
[2025-10-20T18:41:43.082+0000][25964][safepoint   ] Safepoint "Cleanup", Time since last: 1006246400 ns, Reaching safepoint: 102600 ns, At safepoint: 10500 ns, Total: 113100 ns
[2025-10-20T18:41:44.090+0000][25964][safepoint   ] Safepoint "Cleanup", Time since last: 1008659300 ns, Reaching safepoint: 89800 ns, At safepoint: 11700 ns, Total: 101500 ns
[2025-10-20T18:41:49.133+0000][25964][safepoint   ] Safepoint "Cleanup", Time since last: 5042465100 ns, Reaching safepoint: 81800 ns, At safepoint: 10400 ns, Total: 92200 ns
[2025-10-20T18:41:51.151+0000][25964][safepoint   ] Safepoint "Cleanup", Time since last: 2018516100 ns, Reaching safepoint: 86700 ns, At safepoint: 11400 ns, Total: 98100 ns
[2025-10-20T18:41:53.169+0000][25964][safepoint   ] Safepoint "Cleanup", Time since last: 2017059300 ns, Reaching safepoint: 116700 ns, At safepoint: 18700 ns, Total: 135400 ns
[2025-10-20T18:41:55.187+0000][25964][safepoint   ] Safepoint "Cleanup", Time since last: 2018311800 ns, Reaching safepoint: 72500 ns, At safepoint: 10300 ns, Total: 82800 ns
[2025-10-20T18:41:58.219+0000][25964][safepoint   ] Safepoint "Cleanup", Time since last: 3032054400 ns, Reaching safepoint: 85400 ns, At safepoint: 10100 ns, Total: 95500 ns
[2025-10-20T18:42:07.292+0000][25964][safepoint   ] Safepoint "Cleanup", Time since last: 9072396600 ns, Reaching safepoint: 89700 ns, At safepoint: 12800 ns, Total: 102500 ns
[2025-10-20T18:42:13.346+0000][25964][safepoint   ] Safepoint "Cleanup", Time since last: 6053968500 ns, Reaching safepoint: 105300 ns, At safepoint: 11800 ns, Total: 117100 ns
[2025-10-20T18:42:15.372+0000][25964][safepoint   ] Safepoint "Cleanup", Time since last: 2026063700 ns, Reaching safepoint: 90300 ns, At safepoint: 8900 ns, Total: 99200 ns
[2025-10-20T18:42:16.382+0000][25964][safepoint   ] Safepoint "Cleanup", Time since last: 1009448000 ns, Reaching safepoint: 89700 ns, At safepoint: 7900 ns, Total: 97600 ns
[2025-10-20T18:42:27.474+0000][25964][safepoint   ] Safepoint "Cleanup", Time since last: 11093067400 ns, Reaching safepoint: 118400 ns, At safepoint: 10800 ns, Total: 129200 ns
[2025-10-20T18:42:33.542+0000][25964][safepoint   ] Safepoint "Cleanup", Time since last: 6066992800 ns, Reaching safepoint: 97200 ns, At safepoint: 11600 ns, Total: 108800 ns
[2025-10-20T18:42:34.544+0000][25964][safepoint   ] Safepoint "Cleanup", Time since last: 1002262700 ns, Reaching safepoint: 107800 ns, At safepoint: 11800 ns, Total: 119600 ns
[2025-10-20T18:42:47.667+0000][25964][safepoint   ] Safepoint "Cleanup", Time since last: 13122554900 ns, Reaching safepoint: 91100 ns, At safepoint: 14000 ns, Total: 105100 ns
[2025-10-20T18:42:54.737+0000][25964][safepoint   ] Safepoint "Cleanup", Time since last: 7069609000 ns, Reaching safepoint: 97800 ns, At safepoint: 9900 ns, Total: 107700 ns
[2025-10-20T18:42:55.747+0000][25964][safepoint   ] Safepoint "Cleanup", Time since last: 1010608900 ns, Reaching safepoint: 87300 ns, At safepoint: 15100 ns, Total: 102400 ns
[2025-10-20T18:42:58.773+0000][25964][safepoint   ] Safepoint "Cleanup", Time since last: 3025187600 ns, Reaching safepoint: 84400 ns, At safepoint: 13400 ns, Total: 97800 ns
[2025-10-20T18:43:06.842+0000][25964][safepoint   ] Safepoint "Cleanup", Time since last: 8069267100 ns, Reaching safepoint: 88900 ns, At safepoint: 10200 ns, Total: 99100 ns
[2025-10-20T18:43:08.870+0000][25964][safepoint   ] Safepoint "Cleanup", Time since last: 2027698700 ns, Reaching safepoint: 81300 ns, At safepoint: 10800 ns, Total: 92100 ns
[2025-10-20T18:43:09.878+0000][25964][safepoint   ] Safepoint "Cleanup", Time since last: 1007993600 ns, Reaching safepoint: 103900 ns, At safepoint: 11300 ns, Total: 115200 ns
[2025-10-20T18:43:13.915+0000][25964][safepoint   ] Safepoint "Cleanup", Time since last: 4036937000 ns, Reaching safepoint: 91500 ns, At safepoint: 11400 ns, Total: 102900 ns
[2025-10-20T18:43:15.932+0000][25964][safepoint   ] Safepoint "Cleanup", Time since last: 2016936300 ns, Reaching safepoint: 92600 ns, At safepoint: 13200 ns, Total: 105800 ns
[2025-10-20T18:43:16.942+0000][25964][safepoint   ] Safepoint "Cleanup", Time since last: 1009640400 ns, Reaching safepoint: 135400 ns, At safepoint: 10700 ns, Total: 146100 ns
[2025-10-20T18:43:17.946+0000][25964][safepoint   ] Safepoint "Cleanup", Time since last: 1004656100 ns, Reaching safepoint: 114700 ns, At safepoint: 21500 ns, Total: 136200 ns
[2025-10-20T18:43:18.953+0000][25964][safepoint   ] Safepoint "Cleanup", Time since last: 1006777900 ns, Reaching safepoint: 83000 ns, At safepoint: 9900 ns, Total: 92900 ns
[2025-10-20T18:43:25.012+0000][25964][safepoint   ] Safepoint "Cleanup", Time since last: 6058587200 ns, Reaching safepoint: 95100 ns, At safepoint: 11100 ns, Total: 106200 ns
[2025-10-20T18:43:27.029+0000][25964][safepoint   ] Safepoint "Cleanup", Time since last: 2016647700 ns, Reaching safepoint: 123200 ns, At safepoint: 10200 ns, Total: 133400 ns
[2025-10-20T18:43:28.035+0000][25964][safepoint   ] Safepoint "Cleanup", Time since last: 1006539400 ns, Reaching safepoint: 87600 ns, At safepoint: 13300 ns, Total: 100900 ns
[2025-10-20T18:43:30.059+0000][25964][safepoint   ] Safepoint "Cleanup", Time since last: 2023315200 ns, Reaching safepoint: 116200 ns, At safepoint: 13100 ns, Total: 129300 ns
[2025-10-20T18:43:37.127+0000][25964][safepoint   ] Safepoint "Cleanup", Time since last: 7068485000 ns, Reaching safepoint: 143800 ns, At safepoint: 11000 ns, Total: 154800 ns
[2025-10-20T18:43:40.155+0000][25964][safepoint   ] Safepoint "Cleanup", Time since last: 3027566100 ns, Reaching safepoint: 126300 ns, At safepoint: 26800 ns, Total: 153100 ns
[2025-10-20T18:43:42.172+0000][25964][safepoint   ] Safepoint "Cleanup", Time since last: 2016592300 ns, Reaching safepoint: 82700 ns, At safepoint: 9000 ns, Total: 91700 ns
[2025-10-20T18:43:43.181+0000][25964][safepoint   ] Safepoint "Cleanup", Time since last: 1009002300 ns, Reaching safepoint: 95800 ns, At safepoint: 9500 ns, Total: 105300 ns
[2025-10-20T18:43:46.220+0000][25964][safepoint   ] Safepoint "Cleanup", Time since last: 3039453800 ns, Reaching safepoint: 102000 ns, At safepoint: 28700 ns, Total: 130700 ns
[2025-10-20T18:43:47.229+0000][25964][safepoint   ] Safepoint "Cleanup", Time since last: 1008680700 ns, Reaching safepoint: 87600 ns, At safepoint: 10600 ns, Total: 98200 ns
[2025-10-20T18:43:48.234+0000][25964][safepoint   ] Safepoint "Cleanup", Time since last: 1004803200 ns, Reaching safepoint: 84200 ns, At safepoint: 13000 ns, Total: 97200 ns
[2025-10-20T18:43:49.244+0000][25964][safepoint   ] Safepoint "Cleanup", Time since last: 1009947300 ns, Reaching safepoint: 87700 ns, At safepoint: 10400 ns, Total: 98100 ns
[2025-10-20T18:43:52.266+0000][25964][safepoint   ] Safepoint "Cleanup", Time since last: 3021128800 ns, Reaching safepoint: 113600 ns, At safepoint: 33100 ns, Total: 146700 ns
[2025-10-20T18:43:55.294+0000][25964][safepoint   ] Safepoint "Cleanup", Time since last: 3028090000 ns, Reaching safepoint: 113600 ns, At safepoint: 34500 ns, Total: 148100 ns
[2025-10-20T18:43:57.312+0000][25964][safepoint   ] Safepoint "Cleanup", Time since last: 2017876700 ns, Reaching safepoint: 89500 ns, At safepoint: 11600 ns, Total: 101100 ns
[2025-10-20T18:43:58.318+0000][25964][safepoint   ] Safepoint "Cleanup", Time since last: 1006481600 ns, Reaching safepoint: 81700 ns, At safepoint: 11600 ns, Total: 93300 ns
[2025-10-20T18:44:02.356+0000][25964][safepoint   ] Safepoint "Cleanup", Time since last: 4037162700 ns, Reaching safepoint: 96100 ns, At safepoint: 9900 ns, Total: 106000 ns
[2025-10-20T18:44:07.405+0000][25964][safepoint   ] Safepoint "Cleanup", Time since last: 5049560500 ns, Reaching safepoint: 113800 ns, At safepoint: 14600 ns, Total: 128400 ns
[2025-10-20T18:44:10.428+0000][25964][safepoint   ] Safepoint "Cleanup", Time since last: 3022663500 ns, Reaching safepoint: 98100 ns, At safepoint: 12000 ns, Total: 110100 ns
[2025-10-20T18:44:15.479+0000][25964][safepoint   ] Safepoint "Cleanup", Time since last: 5050745800 ns, Reaching safepoint: 93200 ns, At safepoint: 11700 ns, Total: 104900 ns
[2025-10-20T18:44:16.489+0000][25964][safepoint   ] Safepoint "Cleanup", Time since last: 1009397100 ns, Reaching safepoint: 138000 ns, At safepoint: 11800 ns, Total: 149800 ns
[2025-10-20T18:44:17.502+0000][25964][safepoint   ] Safepoint "Cleanup", Time since last: 1013235200 ns, Reaching safepoint: 194200 ns, At safepoint: 16900 ns, Total: 211100 ns
[2025-10-20T18:44:19.515+0000][25964][safepoint   ] Safepoint "Cleanup", Time since last: 2013001600 ns, Reaching safepoint: 128800 ns, At safepoint: 11700 ns, Total: 140500 ns
[2025-10-20T18:44:20.526+0000][25964][safepoint   ] Safepoint "Cleanup", Time since last: 1010416500 ns, Reaching safepoint: 85700 ns, At safepoint: 11300 ns, Total: 97000 ns
[2025-10-20T18:44:22.549+0000][25964][safepoint   ] Safepoint "Cleanup", Time since last: 2023389700 ns, Reaching safepoint: 101200 ns, At safepoint: 10200 ns, Total: 111400 ns
[2025-10-20T18:44:23.559+0000][25964][safepoint   ] Safepoint "Cleanup", Time since last: 1009756800 ns, Reaching safepoint: 92600 ns, At safepoint: 10000 ns, Total: 102600 ns
[2025-10-20T18:44:26.586+0000][25964][safepoint   ] Safepoint "Cleanup", Time since last: 3026681500 ns, Reaching safepoint: 105200 ns, At safepoint: 11900 ns, Total: 117100 ns
[2025-10-20T18:44:27.600+0000][25964][safepoint   ] Safepoint "Cleanup", Time since last: 1013765700 ns, Reaching safepoint: 95700 ns, At safepoint: 9900 ns, Total: 105600 ns
[2025-10-20T18:44:28.612+0000][25964][safepoint   ] Safepoint "Cleanup", Time since last: 1012230100 ns, Reaching safepoint: 95800 ns, At safepoint: 20600 ns, Total: 116400 ns
[2025-10-20T18:44:29.619+0000][25964][safepoint   ] Safepoint "Cleanup", Time since last: 1007204800 ns, Reaching safepoint: 86000 ns, At safepoint: 11300 ns, Total: 97300 ns
[2025-10-20T18:44:40.700+0000][25964][safepoint   ] Safepoint "Cleanup", Time since last: 11080764900 ns, Reaching safepoint: 85900 ns, At safepoint: 13400 ns, Total: 99300 ns
[2025-10-20T18:44:43.738+0000][25964][safepoint   ] Safepoint "Cleanup", Time since last: 3037293000 ns, Reaching safepoint: 112200 ns, At safepoint: 3100 ns, Total: 115300 ns
[2025-10-20T18:44:44.749+0000][25964][safepoint   ] Safepoint "Cleanup", Time since last: 1010851400 ns, Reaching safepoint: 106400 ns, At safepoint: 12700 ns, Total: 119100 ns
[2025-10-20T18:44:46.768+0000][25964][safepoint   ] Safepoint "Cleanup", Time since last: 2019179400 ns, Reaching safepoint: 93500 ns, At safepoint: 8700 ns, Total: 102200 ns
[2025-10-20T18:44:51.811+0000][25964][safepoint   ] Safepoint "Cleanup", Time since last: 5042910500 ns, Reaching safepoint: 86100 ns, At safepoint: 9100 ns, Total: 95200 ns
[2025-10-20T18:44:53.833+0000][25964][safepoint   ] Safepoint "Cleanup", Time since last: 2021705100 ns, Reaching safepoint: 106000 ns, At safepoint: 12900 ns, Total: 118900 ns
[2025-10-20T18:44:54.841+0000][25964][safepoint   ] Safepoint "Cleanup", Time since last: 1008178200 ns, Reaching safepoint: 82000 ns, At safepoint: 10500 ns, Total: 92500 ns
[2025-10-20T18:44:56.859+0000][25964][safepoint   ] Safepoint "Cleanup", Time since last: 2018375500 ns, Reaching safepoint: 83300 ns, At safepoint: 23500 ns, Total: 106800 ns
[2025-10-20T18:44:59.887+0000][25964][safepoint   ] Safepoint "Cleanup", Time since last: 3026974000 ns, Reaching safepoint: 99400 ns, At safepoint: 10500 ns, Total: 109900 ns
[2025-10-20T18:45:02.916+0000][25964][safepoint   ] Safepoint "Cleanup", Time since last: 3029040800 ns, Reaching safepoint: 89900 ns, At safepoint: 13700 ns, Total: 103600 ns
[2025-10-20T18:45:07.959+0000][25964][safepoint   ] Safepoint "Cleanup", Time since last: 5043505300 ns, Reaching safepoint: 85900 ns, At safepoint: 9300 ns, Total: 95200 ns
[2025-10-20T18:45:08.958+0000][25964][gc,start    ] GC(15) Pause Young (Normal) (G1 Evacuation Pause)
[2025-10-20T18:45:08.958+0000][25964][gc,task     ] GC(15) Using 10 workers of 10 for evacuation
[2025-10-20T18:45:08.958+0000][25964][gc,age      ] GC(15) Desired survivor size 40370176 bytes, new threshold 15 (max threshold 15)
[2025-10-20T18:45:08.967+0000][25964][gc,age      ] GC(15) Age table with threshold 15 (max threshold 15)
[2025-10-20T18:45:08.967+0000][25964][gc,age      ] GC(15) - age   1:    2166032 bytes,    2166032 total
[2025-10-20T18:45:08.967+0000][25964][gc,age      ] GC(15) - age   2:    1938576 bytes,    4104608 total
[2025-10-20T18:45:08.967+0000][25964][gc,age      ] GC(15) - age   3:    2810184 bytes,    6914792 total
[2025-10-20T18:45:08.967+0000][25964][gc,age      ] GC(15) - age   4:   16342216 bytes,   23257008 total
[2025-10-20T18:45:08.967+0000][25964][gc,age      ] GC(15) - age   5:   10842464 bytes,   34099472 total
[2025-10-20T18:45:08.967+0000][25964][gc,phases   ] GC(15)   Pre Evacuate Collection Set: 0.1ms
[2025-10-20T18:45:08.967+0000][25964][gc,phases   ] GC(15)   Merge Heap Roots: 0.1ms
[2025-10-20T18:45:08.967+0000][25964][gc,phases   ] GC(15)   Evacuate Collection Set: 8.7ms
[2025-10-20T18:45:08.967+0000][25964][gc,phases   ] GC(15)   Post Evacuate Collection Set: 1.1ms
[2025-10-20T18:45:08.967+0000][25964][gc,phases   ] GC(15)   Other: 0.3ms
[2025-10-20T18:45:08.967+0000][25964][gc,heap     ] GC(15) Eden regions: 580->0(578)
[2025-10-20T18:45:08.967+0000][25964][gc,heap     ] GC(15) Survivor regions: 34->36(77)
[2025-10-20T18:45:08.967+0000][25964][gc,heap     ] GC(15) Old regions: 48->48
[2025-10-20T18:45:08.967+0000][25964][gc,heap     ] GC(15) Archive regions: 0->0
[2025-10-20T18:45:08.967+0000][25964][gc,heap     ] GC(15) Humongous regions: 7->7
[2025-10-20T18:45:08.967+0000][25964][gc,metaspace] GC(15) Metaspace: 104258K(107952K)->104258K(107952K) NonClass: 90672K(93104K)->90672K(93104K) Class: 13585K(14848K)->13585K(14848K)
[2025-10-20T18:45:08.967+0000][25964][gc          ] GC(15) Pause Young (Normal) (G1 Evacuation Pause) 668M->90M(1024M) 10.314ms
[2025-10-20T18:45:08.967+0000][25964][gc,cpu      ] GC(15) User=0.14s Sys=0.02s Real=0.01s
[2025-10-20T18:45:08.967+0000][25964][safepoint   ] Safepoint "G1CollectForAllocation", Time since last: 998440200 ns, Reaching safepoint: 81900 ns, At safepoint: 10397500 ns, Total: 10479400 ns
[2025-10-20T18:45:17.032+0000][25964][safepoint   ] Safepoint "Cleanup", Time since last: 8063296700 ns, Reaching safepoint: 87600 ns, At safepoint: 6800 ns, Total: 94400 ns
[2025-10-20T18:45:20.062+0000][25964][safepoint   ] Safepoint "Cleanup", Time since last: 3030636300 ns, Reaching safepoint: 87300 ns, At safepoint: 7200 ns, Total: 94500 ns
[2025-10-20T18:45:22.082+0000][25964][safepoint   ] Safepoint "Cleanup", Time since last: 2019490400 ns, Reaching safepoint: 101700 ns, At safepoint: 7800 ns, Total: 109500 ns
[2025-10-20T18:45:23.096+0000][25964][safepoint   ] Safepoint "Cleanup", Time since last: 1013807400 ns, Reaching safepoint: 94300 ns, At safepoint: 8000 ns, Total: 102300 ns
[2025-10-20T18:45:27.126+0000][25964][safepoint   ] Safepoint "Cleanup", Time since last: 4029856000 ns, Reaching safepoint: 101700 ns, At safepoint: 12800 ns, Total: 114500 ns
[2025-10-20T18:45:28.140+0000][25964][safepoint   ] Safepoint "Cleanup", Time since last: 1014069200 ns, Reaching safepoint: 134900 ns, At safepoint: 13100 ns, Total: 148000 ns
[2025-10-20T18:45:30.161+0000][25964][safepoint   ] Safepoint "Cleanup", Time since last: 2020894600 ns, Reaching safepoint: 103500 ns, At safepoint: 10300 ns, Total: 113800 ns
[2025-10-20T18:45:31.176+0000][25964][safepoint   ] Safepoint "Cleanup", Time since last: 1014362700 ns, Reaching safepoint: 107400 ns, At safepoint: 10300 ns, Total: 117700 ns
[2025-10-20T18:45:32.183+0000][25964][safepoint   ] Safepoint "Cleanup", Time since last: 1007846800 ns, Reaching safepoint: 106200 ns, At safepoint: 6800 ns, Total: 113000 ns
[2025-10-20T18:45:33.189+0000][25964][safepoint   ] Safepoint "Cleanup", Time since last: 1005104900 ns, Reaching safepoint: 90600 ns, At safepoint: 9700 ns, Total: 100300 ns
[2025-10-20T18:45:39.241+0000][25964][safepoint   ] Safepoint "Cleanup", Time since last: 6052244600 ns, Reaching safepoint: 106100 ns, At safepoint: 7700 ns, Total: 113800 ns
[2025-10-20T18:45:40.247+0000][25964][safepoint   ] Safepoint "Cleanup", Time since last: 1006239300 ns, Reaching safepoint: 112800 ns, At safepoint: 11700 ns, Total: 124500 ns
[2025-10-20T18:45:55.388+0000][25964][safepoint   ] Safepoint "Cleanup", Time since last: 15140482700 ns, Reaching safepoint: 86200 ns, At safepoint: 12700 ns, Total: 98900 ns
[2025-10-20T18:45:57.409+0000][25964][safepoint   ] Safepoint "Cleanup", Time since last: 2020960600 ns, Reaching safepoint: 103300 ns, At safepoint: 12100 ns, Total: 115400 ns
[2025-10-20T18:46:07.491+0000][25964][safepoint   ] Safepoint "Cleanup", Time since last: 10082022900 ns, Reaching safepoint: 96500 ns, At safepoint: 8100 ns, Total: 104600 ns
[2025-10-20T18:46:09.507+0000][25964][safepoint   ] Safepoint "Cleanup", Time since last: 2015538000 ns, Reaching safepoint: 89200 ns, At safepoint: 9900 ns, Total: 99100 ns
[2025-10-20T18:46:15.562+0000][25964][safepoint   ] Safepoint "Cleanup", Time since last: 6055044100 ns, Reaching safepoint: 83500 ns, At safepoint: 8200 ns, Total: 91700 ns
[2025-10-20T18:46:16.574+0000][25964][safepoint   ] Safepoint "Cleanup", Time since last: 1011812400 ns, Reaching safepoint: 109800 ns, At safepoint: 8000 ns, Total: 117800 ns
[2025-10-20T18:46:17.584+0000][25964][safepoint   ] Safepoint "Cleanup", Time since last: 1009776100 ns, Reaching safepoint: 91600 ns, At safepoint: 21100 ns, Total: 112700 ns
[2025-10-20T18:46:22.626+0000][25964][safepoint   ] Safepoint "Cleanup", Time since last: 5042213900 ns, Reaching safepoint: 109300 ns, At safepoint: 13400 ns, Total: 122700 ns
[2025-10-20T18:46:25.654+0000][25964][safepoint   ] Safepoint "Cleanup", Time since last: 3027556000 ns, Reaching safepoint: 103700 ns, At safepoint: 11800 ns, Total: 115500 ns
[2025-10-20T18:46:26.664+0000][25964][safepoint   ] Safepoint "Cleanup", Time since last: 1010401400 ns, Reaching safepoint: 95200 ns, At safepoint: 7900 ns, Total: 103100 ns
[2025-10-20T18:46:27.672+0000][25964][safepoint   ] Safepoint "Cleanup", Time since last: 1007945000 ns, Reaching safepoint: 102000 ns, At safepoint: 11800 ns, Total: 113800 ns
[2025-10-20T18:46:28.681+0000][25964][safepoint   ] Safepoint "Cleanup", Time since last: 1008122900 ns, Reaching safepoint: 105600 ns, At safepoint: 22700 ns, Total: 128300 ns
[2025-10-20T18:46:31.714+0000][25964][safepoint   ] Safepoint "Cleanup", Time since last: 3033507900 ns, Reaching safepoint: 90900 ns, At safepoint: 9500 ns, Total: 100400 ns
[2025-10-20T18:46:42.815+0000][25964][safepoint   ] Safepoint "Cleanup", Time since last: 11100830200 ns, Reaching safepoint: 83500 ns, At safepoint: 7900 ns, Total: 91400 ns
[2025-10-20T18:46:43.825+0000][25964][safepoint   ] Safepoint "Cleanup", Time since last: 1010141000 ns, Reaching safepoint: 88200 ns, At safepoint: 6800 ns, Total: 95000 ns
[2025-10-20T18:46:46.856+0000][25964][safepoint   ] Safepoint "Cleanup", Time since last: 3030915700 ns, Reaching safepoint: 100400 ns, At safepoint: 8300 ns, Total: 108700 ns
[2025-10-20T18:46:52.914+0000][25964][safepoint   ] Safepoint "Cleanup", Time since last: 6057842100 ns, Reaching safepoint: 112600 ns, At safepoint: 9900 ns, Total: 122500 ns
[2025-10-20T18:46:54.932+0000][25964][safepoint   ] Safepoint "Cleanup", Time since last: 2017236700 ns, Reaching safepoint: 105800 ns, At safepoint: 7800 ns, Total: 113600 ns
[2025-10-20T18:46:55.940+0000][25964][safepoint   ] Safepoint "Cleanup", Time since last: 1008444500 ns, Reaching safepoint: 94000 ns, At safepoint: 8100 ns, Total: 102100 ns
[2025-10-20T18:47:01.986+0000][25964][safepoint   ] Safepoint "Cleanup", Time since last: 6046062900 ns, Reaching safepoint: 124500 ns, At safepoint: 13700 ns, Total: 138200 ns
[2025-10-20T18:47:02.998+0000][25964][safepoint   ] Safepoint "Cleanup", Time since last: 1011619700 ns, Reaching safepoint: 115900 ns, At safepoint: 13400 ns, Total: 129300 ns
[2025-10-20T18:47:06.031+0000][25964][safepoint   ] Safepoint "Cleanup", Time since last: 3033118200 ns, Reaching safepoint: 152500 ns, At safepoint: 10000 ns, Total: 162500 ns
[2025-10-20T18:47:08.052+0000][25964][safepoint   ] Safepoint "Cleanup", Time since last: 2020563500 ns, Reaching safepoint: 97500 ns, At safepoint: 8700 ns, Total: 106200 ns
[2025-10-20T18:47:15.105+0000][25964][safepoint   ] Safepoint "Cleanup", Time since last: 7052614900 ns, Reaching safepoint: 93100 ns, At safepoint: 8800 ns, Total: 101900 ns
[2025-10-20T18:47:17.130+0000][25964][safepoint   ] Safepoint "Cleanup", Time since last: 2024756400 ns, Reaching safepoint: 83400 ns, At safepoint: 8300 ns, Total: 91700 ns
[2025-10-20T18:47:20.156+0000][25964][safepoint   ] Safepoint "Cleanup", Time since last: 3025701300 ns, Reaching safepoint: 84200 ns, At safepoint: 7000 ns, Total: 91200 ns
[2025-10-20T18:47:23.188+0000][25964][safepoint   ] Safepoint "Cleanup", Time since last: 3032659600 ns, Reaching safepoint: 101200 ns, At safepoint: 8900 ns, Total: 110100 ns
[2025-10-20T18:47:29.253+0000][25964][safepoint   ] Safepoint "Cleanup", Time since last: 6064947800 ns, Reaching safepoint: 329500 ns, At safepoint: 11000 ns, Total: 340500 ns
[2025-10-20T18:47:30.267+0000][25964][safepoint   ] Safepoint "Cleanup", Time since last: 1013730200 ns, Reaching safepoint: 123600 ns, At safepoint: 12900 ns, Total: 136500 ns
[2025-10-20T18:47:32.287+0000][25964][safepoint   ] Safepoint "Cleanup", Time since last: 2019807500 ns, Reaching safepoint: 189300 ns, At safepoint: 8800 ns, Total: 198100 ns
[2025-10-20T18:47:34.294+0000][25964][safepoint   ] Safepoint "Cleanup", Time since last: 2006614300 ns, Reaching safepoint: 75000 ns, At safepoint: 6100 ns, Total: 81100 ns
[2025-10-20T18:47:35.297+0000][25964][safepoint   ] Safepoint "Cleanup", Time since last: 1002796000 ns, Reaching safepoint: 80900 ns, At safepoint: 7000 ns, Total: 87900 ns
[2025-10-20T18:47:38.324+0000][25964][safepoint   ] Safepoint "Cleanup", Time since last: 3026688900 ns, Reaching safepoint: 79000 ns, At safepoint: 8700 ns, Total: 87700 ns
[2025-10-20T18:47:43.365+0000][25964][safepoint   ] Safepoint "Cleanup", Time since last: 5041325700 ns, Reaching safepoint: 81700 ns, At safepoint: 7000 ns, Total: 88700 ns
[2025-10-20T18:47:44.375+0000][25964][safepoint   ] Safepoint "Cleanup", Time since last: 1009414100 ns, Reaching safepoint: 99500 ns, At safepoint: 3100 ns, Total: 102600 ns
[2025-10-20T18:47:45.386+0000][25964][safepoint   ] Safepoint "Cleanup", Time since last: 1011434500 ns, Reaching safepoint: 86500 ns, At safepoint: 9200 ns, Total: 95700 ns
[2025-10-20T18:47:51.440+0000][25964][safepoint   ] Safepoint "Cleanup", Time since last: 6053696700 ns, Reaching safepoint: 90000 ns, At safepoint: 8000 ns, Total: 98000 ns
[2025-10-20T18:47:53.456+0000][25964][safepoint   ] Safepoint "Cleanup", Time since last: 2016071200 ns, Reaching safepoint: 90300 ns, At safepoint: 8700 ns, Total: 99000 ns
[2025-10-20T18:47:57.484+0000][25964][safepoint   ] Safepoint "Cleanup", Time since last: 4027684500 ns, Reaching safepoint: 112700 ns, At safepoint: 8100 ns, Total: 120800 ns
[2025-10-20T18:47:58.499+0000][25964][safepoint   ] Safepoint "Cleanup", Time since last: 1014660200 ns, Reaching safepoint: 101600 ns, At safepoint: 17500 ns, Total: 119100 ns
[2025-10-20T18:48:04.539+0000][25964][safepoint   ] Safepoint "Cleanup", Time since last: 6040392500 ns, Reaching safepoint: 100800 ns, At safepoint: 16900 ns, Total: 117700 ns
[2025-10-20T18:48:10.575+0000][25964][safepoint   ] Safepoint "Cleanup", Time since last: 6035344800 ns, Reaching safepoint: 89500 ns, At safepoint: 10800 ns, Total: 100300 ns
[2025-10-20T18:48:13.602+0000][25964][safepoint   ] Safepoint "Cleanup", Time since last: 3026843500 ns, Reaching safepoint: 91400 ns, At safepoint: 8600 ns, Total: 100000 ns
[2025-10-20T18:48:22.670+0000][25964][safepoint   ] Safepoint "Cleanup", Time since last: 9068403700 ns, Reaching safepoint: 101000 ns, At safepoint: 8900 ns, Total: 109900 ns
[2025-10-20T18:48:25.704+0000][25964][safepoint   ] Safepoint "Cleanup", Time since last: 3033331500 ns, Reaching safepoint: 84200 ns, At safepoint: 10500 ns, Total: 94700 ns
[2025-10-20T18:48:31.740+0000][25964][safepoint   ] Safepoint "Cleanup", Time since last: 6036588000 ns, Reaching safepoint: 97600 ns, At safepoint: 11600 ns, Total: 109200 ns
[2025-10-20T18:48:32.745+0000][25964][safepoint   ] Safepoint "Cleanup", Time since last: 1004717000 ns, Reaching safepoint: 143200 ns, At safepoint: 7900 ns, Total: 151100 ns
[2025-10-20T18:48:34.762+0000][25964][safepoint   ] Safepoint "Cleanup", Time since last: 2017089000 ns, Reaching safepoint: 85900 ns, At safepoint: 9200 ns, Total: 95100 ns
[2025-10-20T18:48:47.857+0000][25964][safepoint   ] Safepoint "Cleanup", Time since last: 13094815000 ns, Reaching safepoint: 112100 ns, At safepoint: 19000 ns, Total: 131100 ns
[2025-10-20T18:48:52.906+0000][25964][safepoint   ] Safepoint "Cleanup", Time since last: 5048662900 ns, Reaching safepoint: 136300 ns, At safepoint: 9300 ns, Total: 145600 ns
[2025-10-20T18:48:56.944+0000][25964][safepoint   ] Safepoint "Cleanup", Time since last: 4037551700 ns, Reaching safepoint: 103400 ns, At safepoint: 10000 ns, Total: 113400 ns
[2025-10-20T18:48:58.965+0000][25964][safepoint   ] Safepoint "Cleanup", Time since last: 2021504300 ns, Reaching safepoint: 128400 ns, At safepoint: 7300 ns, Total: 135700 ns
[2025-10-20T18:49:14.101+0000][25964][safepoint   ] Safepoint "Cleanup", Time since last: 15135865100 ns, Reaching safepoint: 102400 ns, At safepoint: 13000 ns, Total: 115400 ns
[2025-10-20T18:49:16.122+0000][25964][safepoint   ] Safepoint "Cleanup", Time since last: 2020865600 ns, Reaching safepoint: 100600 ns, At safepoint: 9500 ns, Total: 110100 ns
[2025-10-20T18:49:17.131+0000][25964][safepoint   ] Safepoint "Cleanup", Time since last: 1008696100 ns, Reaching safepoint: 98100 ns, At safepoint: 8800 ns, Total: 106900 ns
[2025-10-20T18:49:20.148+0000][25964][safepoint   ] Safepoint "Cleanup", Time since last: 3016864200 ns, Reaching safepoint: 92300 ns, At safepoint: 8900 ns, Total: 101200 ns
[2025-10-20T18:49:23.181+0000][25964][safepoint   ] Safepoint "Cleanup", Time since last: 3032929700 ns, Reaching safepoint: 110200 ns, At safepoint: 7200 ns, Total: 117400 ns
[2025-10-20T18:49:26.212+0000][25964][safepoint   ] Safepoint "Cleanup", Time since last: 3030543800 ns, Reaching safepoint: 121400 ns, At safepoint: 8000 ns, Total: 129400 ns
[2025-10-20T18:49:30.251+0000][25964][safepoint   ] Safepoint "Cleanup", Time since last: 4038800400 ns, Reaching safepoint: 95600 ns, At safepoint: 15100 ns, Total: 110700 ns
[2025-10-20T18:49:31.261+0000][25964][safepoint   ] Safepoint "Cleanup", Time since last: 1010062200 ns, Reaching safepoint: 97500 ns, At safepoint: 9400 ns, Total: 106900 ns
[2025-10-20T18:49:32.268+0000][25964][safepoint   ] Safepoint "Cleanup", Time since last: 1007296200 ns, Reaching safepoint: 90600 ns, At safepoint: 8200 ns, Total: 98800 ns
[2025-10-20T18:49:33.275+0000][25964][safepoint   ] Safepoint "Cleanup", Time since last: 1006747600 ns, Reaching safepoint: 95900 ns, At safepoint: 13200 ns, Total: 109100 ns
[2025-10-20T18:49:35.291+0000][25964][safepoint   ] Safepoint "Cleanup", Time since last: 2015901800 ns, Reaching safepoint: 97400 ns, At safepoint: 8400 ns, Total: 105800 ns
[2025-10-20T18:49:36.298+0000][25964][safepoint   ] Safepoint "Cleanup", Time since last: 1006599800 ns, Reaching safepoint: 101500 ns, At safepoint: 10400 ns, Total: 111900 ns
[2025-10-20T18:49:43.364+0000][25964][safepoint   ] Safepoint "Cleanup", Time since last: 7066221900 ns, Reaching safepoint: 98500 ns, At safepoint: 7300 ns, Total: 105800 ns
[2025-10-20T18:49:52.450+0000][25964][safepoint   ] Safepoint "Cleanup", Time since last: 9086095700 ns, Reaching safepoint: 74800 ns, At safepoint: 2700 ns, Total: 77500 ns
[2025-10-20T18:49:57.508+0000][25964][safepoint   ] Safepoint "Cleanup", Time since last: 5057879700 ns, Reaching safepoint: 94200 ns, At safepoint: 12000 ns, Total: 106200 ns
[2025-10-20T18:50:00.532+0000][25964][safepoint   ] Safepoint "Cleanup", Time since last: 3023077200 ns, Reaching safepoint: 96600 ns, At safepoint: 9800 ns, Total: 106400 ns
[2025-10-20T18:50:06.581+0000][25964][safepoint   ] Safepoint "Cleanup", Time since last: 6048913800 ns, Reaching safepoint: 89600 ns, At safepoint: 6800 ns, Total: 96400 ns
[2025-10-20T18:50:19.794+0000][25964][gc,start    ] GC(16) Pause Young (Normal) (G1 Evacuation Pause)
[2025-10-20T18:50:19.794+0000][25964][gc,task     ] GC(16) Using 10 workers of 10 for evacuation
[2025-10-20T18:50:19.794+0000][25964][gc,age      ] GC(16) Desired survivor size 40370176 bytes, new threshold 15 (max threshold 15)
[2025-10-20T18:50:19.802+0000][25964][gc,age      ] GC(16) Age table with threshold 15 (max threshold 15)
[2025-10-20T18:50:19.802+0000][25964][gc,age      ] GC(16) - age   1:    2471720 bytes,    2471720 total
[2025-10-20T18:50:19.802+0000][25964][gc,age      ] GC(16) - age   2:     550208 bytes,    3021928 total
[2025-10-20T18:50:19.802+0000][25964][gc,age      ] GC(16) - age   3:    1459632 bytes,    4481560 total
[2025-10-20T18:50:19.802+0000][25964][gc,age      ] GC(16) - age   4:    2770248 bytes,    7251808 total
[2025-10-20T18:50:19.802+0000][25964][gc,age      ] GC(16) - age   5:   15239248 bytes,   22491056 total
[2025-10-20T18:50:19.802+0000][25964][gc,age      ] GC(16) - age   6:   10336360 bytes,   32827416 total
[2025-10-20T18:50:19.802+0000][25964][gc,phases   ] GC(16)   Pre Evacuate Collection Set: 0.1ms
[2025-10-20T18:50:19.802+0000][25964][gc,phases   ] GC(16)   Merge Heap Roots: 0.1ms
[2025-10-20T18:50:19.802+0000][25964][gc,phases   ] GC(16)   Evacuate Collection Set: 7.2ms
[2025-10-20T18:50:19.802+0000][25964][gc,phases   ] GC(16)   Post Evacuate Collection Set: 1.1ms
[2025-10-20T18:50:19.802+0000][25964][gc,phases   ] GC(16)   Other: 0.3ms
[2025-10-20T18:50:19.802+0000][25964][gc,heap     ] GC(16) Eden regions: 578->0(580)
[2025-10-20T18:50:19.802+0000][25964][gc,heap     ] GC(16) Survivor regions: 36->34(77)
[2025-10-20T18:50:19.802+0000][25964][gc,heap     ] GC(16) Old regions: 48->48
[2025-10-20T18:50:19.802+0000][25964][gc,heap     ] GC(16) Archive regions: 0->0
[2025-10-20T18:50:19.802+0000][25964][gc,heap     ] GC(16) Humongous regions: 7->7
[2025-10-20T18:50:19.802+0000][25964][gc,metaspace] GC(16) Metaspace: 104846K(108720K)->104846K(108720K) NonClass: 91256K(93872K)->91256K(93872K) Class: 13589K(14848K)->13589K(14848K)
[2025-10-20T18:50:19.802+0000][25964][gc          ] GC(16) Pause Young (Normal) (G1 Evacuation Pause) 668M->88M(1024M) 8.860ms
[2025-10-20T18:50:19.802+0000][25964][gc,cpu      ] GC(16) User=0.00s Sys=0.00s Real=0.01s
[2025-10-20T18:50:19.802+0000][25964][safepoint   ] Safepoint "G1CollectForAllocation", Time since last: 13213005800 ns, Reaching safepoint: 57900 ns, At safepoint: 8941300 ns, Total: 8999200 ns
[2025-10-20T18:50:26.873+0000][25964][safepoint   ] Safepoint "Cleanup", Time since last: 7070494600 ns, Reaching safepoint: 96500 ns, At safepoint: 11800 ns, Total: 108300 ns
[2025-10-20T18:50:37.975+0000][25964][safepoint   ] Safepoint "Cleanup", Time since last: 11101471300 ns, Reaching safepoint: 101400 ns, At safepoint: 9000 ns, Total: 110400 ns
[2025-10-20T18:50:38.981+0000][25964][safepoint   ] Safepoint "Cleanup", Time since last: 1006332900 ns, Reaching safepoint: 95500 ns, At safepoint: 13400 ns, Total: 108900 ns
[2025-10-20T18:50:40.998+0000][25964][safepoint   ] Safepoint "Cleanup", Time since last: 2016873000 ns, Reaching safepoint: 158300 ns, At safepoint: 17900 ns, Total: 176200 ns
[2025-10-20T18:50:51.075+0000][25964][safepoint   ] Safepoint "Cleanup", Time since last: 10076652100 ns, Reaching safepoint: 98000 ns, At safepoint: 9600 ns, Total: 107600 ns
[2025-10-20T18:50:59.136+0000][25964][safepoint   ] Safepoint "Cleanup", Time since last: 8061056900 ns, Reaching safepoint: 93000 ns, At safepoint: 3100 ns, Total: 96100 ns
[2025-10-20T18:51:03.174+0000][25964][safepoint   ] Safepoint "Cleanup", Time since last: 4037693700 ns, Reaching safepoint: 93100 ns, At safepoint: 9800 ns, Total: 102900 ns
[2025-10-20T18:51:05.195+0000][25964][safepoint   ] Safepoint "Cleanup", Time since last: 2021057000 ns, Reaching safepoint: 100200 ns, At safepoint: 8800 ns, Total: 109000 ns
[2025-10-20T18:51:18.300+0000][25964][safepoint   ] Safepoint "Cleanup", Time since last: 13104437100 ns, Reaching safepoint: 110500 ns, At safepoint: 15500 ns, Total: 126000 ns
[2025-10-20T18:51:23.333+0000][25964][safepoint   ] Safepoint "Cleanup", Time since last: 5033600700 ns, Reaching safepoint: 108600 ns, At safepoint: 8100 ns, Total: 116700 ns
[2025-10-20T18:51:27.381+0000][25964][safepoint   ] Safepoint "Cleanup", Time since last: 4047657800 ns, Reaching safepoint: 86300 ns, At safepoint: 7700 ns, Total: 94000 ns
[2025-10-20T18:51:32.433+0000][25964][safepoint   ] Safepoint "Cleanup", Time since last: 5052110600 ns, Reaching safepoint: 89600 ns, At safepoint: 7300 ns, Total: 96900 ns
[2025-10-20T18:51:35.457+0000][25964][safepoint   ] Safepoint "Cleanup", Time since last: 3023586800 ns, Reaching safepoint: 109800 ns, At safepoint: 2600 ns, Total: 112400 ns
[2025-10-20T18:51:42.515+0000][25964][safepoint   ] Safepoint "Cleanup", Time since last: 7058263000 ns, Reaching safepoint: 98100 ns, At safepoint: 6900 ns, Total: 105000 ns
[2025-10-20T18:51:44.535+0000][25964][safepoint   ] Safepoint "Cleanup", Time since last: 2019534400 ns, Reaching safepoint: 103400 ns, At safepoint: 2700 ns, Total: 106100 ns
[2025-10-20T18:51:47.568+0000][25964][safepoint   ] Safepoint "Cleanup", Time since last: 3032831700 ns, Reaching safepoint: 101100 ns, At safepoint: 8900 ns, Total: 110000 ns
[2025-10-20T18:51:50.595+0000][25964][safepoint   ] Safepoint "Cleanup", Time since last: 3027161600 ns, Reaching safepoint: 116800 ns, At safepoint: 24100 ns, Total: 140900 ns
[2025-10-20T18:52:05.723+0000][25964][safepoint   ] Safepoint "Cleanup", Time since last: 15127353400 ns, Reaching safepoint: 94300 ns, At safepoint: 10200 ns, Total: 104500 ns
[2025-10-20T18:52:08.744+0000][25964][safepoint   ] Safepoint "Cleanup", Time since last: 3020785100 ns, Reaching safepoint: 96700 ns, At safepoint: 14300 ns, Total: 111000 ns
[2025-10-20T18:52:16.821+0000][25964][safepoint   ] Safepoint "Cleanup", Time since last: 8077150100 ns, Reaching safepoint: 90900 ns, At safepoint: 11500 ns, Total: 102400 ns
[2025-10-20T18:52:17.827+0000][25964][safepoint   ] Safepoint "Cleanup", Time since last: 1006232200 ns, Reaching safepoint: 108400 ns, At safepoint: 10900 ns, Total: 119300 ns
[2025-10-20T18:52:18.833+0000][25964][safepoint   ] Safepoint "Cleanup", Time since last: 1005882200 ns, Reaching safepoint: 92100 ns, At safepoint: 7600 ns, Total: 99700 ns
[2025-10-20T18:52:19.840+0000][25964][safepoint   ] Safepoint "Cleanup", Time since last: 1006676700 ns, Reaching safepoint: 101800 ns, At safepoint: 9800 ns, Total: 111600 ns
[2025-10-20T18:52:45.097+0000][25964][safepoint   ] Safepoint "Cleanup", Time since last: 25256951200 ns, Reaching safepoint: 106500 ns, At safepoint: 8300 ns, Total: 114800 ns
[2025-10-20T18:52:46.106+0000][25964][safepoint   ] Safepoint "Cleanup", Time since last: 1008607700 ns, Reaching safepoint: 96400 ns, At safepoint: 14600 ns, Total: 111000 ns
[2025-10-20T18:52:48.120+0000][25964][safepoint   ] Safepoint "Cleanup", Time since last: 2014342400 ns, Reaching safepoint: 105800 ns, At safepoint: 7700 ns, Total: 113500 ns
[2025-10-20T18:53:01.230+0000][25964][safepoint   ] Safepoint "Cleanup", Time since last: 13109136100 ns, Reaching safepoint: 102900 ns, At safepoint: 6100 ns, Total: 109000 ns
[2025-10-20T18:53:02.234+0000][25964][safepoint   ] Safepoint "Cleanup", Time since last: 1003821500 ns, Reaching safepoint: 77700 ns, At safepoint: 9000 ns, Total: 86700 ns
[2025-10-20T18:53:03.245+0000][25964][safepoint   ] Safepoint "Cleanup", Time since last: 1010760800 ns, Reaching safepoint: 210500 ns, At safepoint: 29900 ns, Total: 240400 ns
[2025-10-20T18:53:08.276+0000][25964][safepoint   ] Safepoint "Cleanup", Time since last: 5031276500 ns, Reaching safepoint: 92600 ns, At safepoint: 21700 ns, Total: 114300 ns
[2025-10-20T18:53:16.326+0000][25964][safepoint   ] Safepoint "Cleanup", Time since last: 8050388700 ns, Reaching safepoint: 78700 ns, At safepoint: 8400 ns, Total: 87100 ns
[2025-10-20T18:53:17.345+0000][25964][safepoint   ] Safepoint "Cleanup", Time since last: 1018999600 ns, Reaching safepoint: 98500 ns, At safepoint: 11500 ns, Total: 110000 ns
[2025-10-20T18:53:27.432+0000][25964][safepoint   ] Safepoint "Cleanup", Time since last: 10086266400 ns, Reaching safepoint: 238300 ns, At safepoint: 3100 ns, Total: 241400 ns
[2025-10-20T18:53:37.509+0000][25964][safepoint   ] Safepoint "Cleanup", Time since last: 10077263500 ns, Reaching safepoint: 93200 ns, At safepoint: 23100 ns, Total: 116300 ns
[2025-10-20T18:53:41.541+0000][25964][safepoint   ] Safepoint "Cleanup", Time since last: 4031540400 ns, Reaching safepoint: 87800 ns, At safepoint: 25100 ns, Total: 112900 ns
[2025-10-20T18:53:44.553+0000][25964][safepoint   ] Safepoint "Cleanup", Time since last: 3012168800 ns, Reaching safepoint: 93200 ns, At safepoint: 10200 ns, Total: 103400 ns
[2025-10-20T18:53:47.572+0000][25964][safepoint   ] Safepoint "Cleanup", Time since last: 3018107800 ns, Reaching safepoint: 103700 ns, At safepoint: 2900 ns, Total: 106600 ns
[2025-10-20T18:53:48.584+0000][25964][safepoint   ] Safepoint "Cleanup", Time since last: 1011996400 ns, Reaching safepoint: 112100 ns, At safepoint: 12700 ns, Total: 124800 ns
[2025-10-20T18:53:49.586+0000][25964][safepoint   ] Safepoint "Cleanup", Time since last: 1002436100 ns, Reaching safepoint: 94200 ns, At safepoint: 9600 ns, Total: 103800 ns
[2025-10-20T18:53:57.653+0000][25964][safepoint   ] Safepoint "Cleanup", Time since last: 8067097500 ns, Reaching safepoint: 98300 ns, At safepoint: 9400 ns, Total: 107700 ns
[2025-10-20T18:54:13.766+0000][25964][safepoint   ] Safepoint "Cleanup", Time since last: 16112765100 ns, Reaching safepoint: 97300 ns, At safepoint: 10600 ns, Total: 107900 ns
[2025-10-20T18:54:29.839+0000][25964][safepoint   ] Safepoint "Cleanup", Time since last: 16072175000 ns, Reaching safepoint: 102200 ns, At safepoint: 10600 ns, Total: 112800 ns
[2025-10-20T18:54:30.839+0000][25964][safepoint   ] Safepoint "Cleanup", Time since last: 1000328000 ns, Reaching safepoint: 90100 ns, At safepoint: 8800 ns, Total: 98900 ns
[2025-10-20T18:54:32.854+0000][25964][safepoint   ] Safepoint "Cleanup", Time since last: 2015127000 ns, Reaching safepoint: 96500 ns, At safepoint: 23500 ns, Total: 120000 ns
[2025-10-20T18:54:44.960+0000][25964][safepoint   ] Safepoint "Cleanup", Time since last: 12106031700 ns, Reaching safepoint: 102800 ns, At safepoint: 2500 ns, Total: 105300 ns
[2025-10-20T18:54:48.979+0000][25964][safepoint   ] Safepoint "Cleanup", Time since last: 4018617800 ns, Reaching safepoint: 122700 ns, At safepoint: 10400 ns, Total: 133100 ns
[2025-10-20T18:54:50.997+0000][25964][safepoint   ] Safepoint "Cleanup", Time since last: 2017949500 ns, Reaching safepoint: 105800 ns, At safepoint: 6800 ns, Total: 112600 ns
[2025-10-20T18:54:52.006+0000][25964][safepoint   ] Safepoint "Cleanup", Time since last: 1008430600 ns, Reaching safepoint: 94000 ns, At safepoint: 12300 ns, Total: 106300 ns
[2025-10-20T18:54:57.031+0000][25964][safepoint   ] Safepoint "Cleanup", Time since last: 5025891600 ns, Reaching safepoint: 88500 ns, At safepoint: 4200 ns, Total: 92700 ns
[2025-10-20T18:55:03.050+0000][25964][safepoint   ] Safepoint "Cleanup", Time since last: 6017863600 ns, Reaching safepoint: 110500 ns, At safepoint: 2900 ns, Total: 113400 ns
[2025-10-20T18:55:06.090+0000][25964][safepoint   ] Safepoint "Cleanup", Time since last: 3040704800 ns, Reaching safepoint: 85900 ns, At safepoint: 7100 ns, Total: 93000 ns
[2025-10-20T18:55:10.119+0000][25964][safepoint   ] Safepoint "Cleanup", Time since last: 4028236000 ns, Reaching safepoint: 97700 ns, At safepoint: 7500 ns, Total: 105200 ns
[2025-10-20T18:55:13.142+0000][25964][safepoint   ] Safepoint "Cleanup", Time since last: 3023019700 ns, Reaching safepoint: 90000 ns, At safepoint: 9200 ns, Total: 99200 ns
[2025-10-20T18:55:18.166+0000][25964][safepoint   ] Safepoint "Cleanup", Time since last: 5023993500 ns, Reaching safepoint: 106500 ns, At safepoint: 21100 ns, Total: 127600 ns
[2025-10-20T18:55:24.204+0000][25964][safepoint   ] Safepoint "Cleanup", Time since last: 6037577200 ns, Reaching safepoint: 113700 ns, At safepoint: 10200 ns, Total: 123900 ns
[2025-10-20T18:55:53.527+0000][25964][gc,start    ] GC(17) Pause Young (Normal) (G1 Evacuation Pause)
[2025-10-20T18:55:53.527+0000][25964][gc,task     ] GC(17) Using 10 workers of 10 for evacuation
[2025-10-20T18:55:53.527+0000][25964][gc,age      ] GC(17) Desired survivor size 40370176 bytes, new threshold 15 (max threshold 15)
[2025-10-20T18:55:53.536+0000][25964][gc,age      ] GC(17) Age table with threshold 15 (max threshold 15)
[2025-10-20T18:55:53.536+0000][25964][gc,age      ] GC(17) - age   1:    2273920 bytes,    2273920 total
[2025-10-20T18:55:53.536+0000][25964][gc,age      ] GC(17) - age   2:     912672 bytes,    3186592 total
[2025-10-20T18:55:53.536+0000][25964][gc,age      ] GC(17) - age   3:     548032 bytes,    3734624 total
[2025-10-20T18:55:53.536+0000][25964][gc,age      ] GC(17) - age   4:    1299560 bytes,    5034184 total
[2025-10-20T18:55:53.536+0000][25964][gc,age      ] GC(17) - age   5:    2742952 bytes,    7777136 total
[2025-10-20T18:55:53.536+0000][25964][gc,age      ] GC(17) - age   6:   15208392 bytes,   22985528 total
[2025-10-20T18:55:53.536+0000][25964][gc,age      ] GC(17) - age   7:   10335976 bytes,   33321504 total
[2025-10-20T18:55:53.536+0000][25964][gc,phases   ] GC(17)   Pre Evacuate Collection Set: 0.1ms
[2025-10-20T18:55:53.536+0000][25964][gc,phases   ] GC(17)   Merge Heap Roots: 0.1ms
[2025-10-20T18:55:53.536+0000][25964][gc,phases   ] GC(17)   Evacuate Collection Set: 6.5ms
[2025-10-20T18:55:53.536+0000][25964][gc,phases   ] GC(17)   Post Evacuate Collection Set: 1.1ms
[2025-10-20T18:55:53.536+0000][25964][gc,phases   ] GC(17)   Other: 0.3ms
[2025-10-20T18:55:53.536+0000][25964][gc,heap     ] GC(17) Eden regions: 580->0(579)
[2025-10-20T18:55:53.536+0000][25964][gc,heap     ] GC(17) Survivor regions: 34->35(77)
[2025-10-20T18:55:53.536+0000][25964][gc,heap     ] GC(17) Old regions: 48->48
[2025-10-20T18:55:53.536+0000][25964][gc,heap     ] GC(17) Archive regions: 0->0
[2025-10-20T18:55:53.536+0000][25964][gc,heap     ] GC(17) Humongous regions: 7->7
[2025-10-20T18:55:53.536+0000][25964][gc,metaspace] GC(17) Metaspace: 105209K(108976K)->105209K(108976K) NonClass: 91615K(94128K)->91615K(94128K) Class: 13594K(14848K)->13594K(14848K)
[2025-10-20T18:55:53.536+0000][25964][gc          ] GC(17) Pause Young (Normal) (G1 Evacuation Pause) 668M->89M(1024M) 8.081ms
[2025-10-20T18:55:53.537+0000][25964][gc,cpu      ] GC(17) User=0.00s Sys=0.00s Real=0.01s
[2025-10-20T18:55:53.537+0000][25964][safepoint   ] Safepoint "G1CollectForAllocation", Time since last: 29325112300 ns, Reaching safepoint: 63200 ns, At safepoint: 8158800 ns, Total: 8222000 ns
[2025-10-20T18:55:54.537+0000][25964][safepoint   ] Safepoint "Cleanup", Time since last: 1000031900 ns, Reaching safepoint: 96000 ns, At safepoint: 7700 ns, Total: 103700 ns
[2025-10-20T18:55:58.563+0000][25964][safepoint   ] Safepoint "Cleanup", Time since last: 4025216900 ns, Reaching safepoint: 104000 ns, At safepoint: 8000 ns, Total: 112000 ns
[2025-10-20T18:56:11.666+0000][25964][safepoint   ] Safepoint "Cleanup", Time since last: 13102923800 ns, Reaching safepoint: 93400 ns, At safepoint: 13100 ns, Total: 106500 ns
[2025-10-20T18:56:17.716+0000][25964][safepoint   ] Safepoint "Cleanup", Time since last: 6050787600 ns, Reaching safepoint: 97700 ns, At safepoint: 2500 ns, Total: 100200 ns
[2025-10-20T18:56:32.852+0000][25964][safepoint   ] Safepoint "Cleanup", Time since last: 15135640400 ns, Reaching safepoint: 101400 ns, At safepoint: 11400 ns, Total: 112800 ns
[2025-10-20T18:56:37.871+0000][25964][safepoint   ] Safepoint "Cleanup", Time since last: 5018759100 ns, Reaching safepoint: 84500 ns, At safepoint: 6800 ns, Total: 91300 ns
[2025-10-20T18:56:40.898+0000][25964][safepoint   ] Safepoint "Cleanup", Time since last: 3026364500 ns, Reaching safepoint: 92100 ns, At safepoint: 21800 ns, Total: 113900 ns
[2025-10-20T18:56:57.050+0000][25964][safepoint   ] Safepoint "Cleanup", Time since last: 16152237800 ns, Reaching safepoint: 111100 ns, At safepoint: 11200 ns, Total: 122300 ns
[2025-10-20T18:56:58.050+0000][25964][safepoint   ] Safepoint "Cleanup", Time since last: 1000222500 ns, Reaching safepoint: 146000 ns, At safepoint: 11400 ns, Total: 157400 ns
[2025-10-20T18:57:07.108+0000][25964][safepoint   ] Safepoint "Cleanup", Time since last: 9057415500 ns, Reaching safepoint: 88500 ns, At safepoint: 7400 ns, Total: 95900 ns
[2025-10-20T18:57:11.136+0000][25964][safepoint   ] Safepoint "Cleanup", Time since last: 4028031000 ns, Reaching safepoint: 87900 ns, At safepoint: 10300 ns, Total: 98200 ns
[2025-10-20T18:57:12.162+0000][25964][safepoint   ] Safepoint "Cleanup", Time since last: 1025826200 ns, Reaching safepoint: 91800 ns, At safepoint: 11400 ns, Total: 103200 ns
[2025-10-20T18:57:16.191+0000][25964][safepoint   ] Safepoint "Cleanup", Time since last: 4028801600 ns, Reaching safepoint: 97100 ns, At safepoint: 22300 ns, Total: 119400 ns
[2025-10-20T18:57:17.201+0000][25964][safepoint   ] Safepoint "Cleanup", Time since last: 1010697900 ns, Reaching safepoint: 93300 ns, At safepoint: 8700 ns, Total: 102000 ns
[2025-10-20T18:57:23.263+0000][25964][safepoint   ] Safepoint "Cleanup", Time since last: 6061446100 ns, Reaching safepoint: 91800 ns, At safepoint: 10600 ns, Total: 102400 ns
[2025-10-20T18:57:26.314+0000][25964][safepoint   ] Safepoint "Cleanup", Time since last: 3050314900 ns, Reaching safepoint: 100100 ns, At safepoint: 8800 ns, Total: 108900 ns
[2025-10-20T18:57:27.317+0000][25964][safepoint   ] Safepoint "Cleanup", Time since last: 1003563500 ns, Reaching safepoint: 124200 ns, At safepoint: 12500 ns, Total: 136700 ns
[2025-10-20T18:57:29.328+0000][25964][safepoint   ] Safepoint "Cleanup", Time since last: 2010514000 ns, Reaching safepoint: 91600 ns, At safepoint: 15300 ns, Total: 106900 ns
[2025-10-20T18:57:32.338+0000][25964][safepoint   ] Safepoint "Cleanup", Time since last: 3010321500 ns, Reaching safepoint: 98500 ns, At safepoint: 11400 ns, Total: 109900 ns
[2025-10-20T18:57:43.405+0000][25964][safepoint   ] Safepoint "Cleanup", Time since last: 11067060600 ns, Reaching safepoint: 82800 ns, At safepoint: 8000 ns, Total: 90800 ns
[2025-10-20T18:57:45.413+0000][25964][safepoint   ] Safepoint "Cleanup", Time since last: 2007964300 ns, Reaching safepoint: 96100 ns, At safepoint: 13500 ns, Total: 109600 ns
[2025-10-20T18:57:50.436+0000][25964][safepoint   ] Safepoint "Cleanup", Time since last: 5022017900 ns, Reaching safepoint: 94300 ns, At safepoint: 9200 ns, Total: 103500 ns
[2025-10-20T18:57:51.447+0000][25964][safepoint   ] Safepoint "Cleanup", Time since last: 1010856100 ns, Reaching safepoint: 93600 ns, At safepoint: 19900 ns, Total: 113500 ns
[2025-10-20T18:58:00.512+0000][25964][safepoint   ] Safepoint "Cleanup", Time since last: 9064938900 ns, Reaching safepoint: 114800 ns, At safepoint: 11800 ns, Total: 126600 ns
[2025-10-20T18:58:01.525+0000][25964][safepoint   ] Safepoint "Cleanup", Time since last: 1012778000 ns, Reaching safepoint: 109400 ns, At safepoint: 12500 ns, Total: 121900 ns
[2025-10-20T18:58:02.532+0000][25964][safepoint   ] Safepoint "Cleanup", Time since last: 1006896200 ns, Reaching safepoint: 101000 ns, At safepoint: 16200 ns, Total: 117200 ns
[2025-10-20T18:58:11.559+0000][25964][safepoint   ] Safepoint "Cleanup", Time since last: 9027680300 ns, Reaching safepoint: 103000 ns, At safepoint: 10900 ns, Total: 113900 ns
[2025-10-20T18:58:12.573+0000][25964][safepoint   ] Safepoint "Cleanup", Time since last: 1013717400 ns, Reaching safepoint: 108700 ns, At safepoint: 11600 ns, Total: 120300 ns
[2025-10-20T18:58:13.578+0000][25964][safepoint   ] Safepoint "Cleanup", Time since last: 1005079000 ns, Reaching safepoint: 98300 ns, At safepoint: 15100 ns, Total: 113400 ns
[2025-10-20T18:58:14.590+0000][25964][safepoint   ] Safepoint "Cleanup", Time since last: 1011116100 ns, Reaching safepoint: 102400 ns, At safepoint: 10800 ns, Total: 113200 ns
[2025-10-20T18:58:15.603+0000][25964][safepoint   ] Safepoint "Cleanup", Time since last: 1013233000 ns, Reaching safepoint: 91400 ns, At safepoint: 12400 ns, Total: 103800 ns
[2025-10-20T18:58:24.641+0000][25964][safepoint   ] Safepoint "Cleanup", Time since last: 9038171900 ns, Reaching safepoint: 100200 ns, At safepoint: 9800 ns, Total: 110000 ns
[2025-10-20T18:58:36.725+0000][25964][safepoint   ] Safepoint "Cleanup", Time since last: 12083503800 ns, Reaching safepoint: 114500 ns, At safepoint: 13100 ns, Total: 127600 ns
[2025-10-20T18:59:02.916+0000][25964][safepoint   ] Safepoint "Cleanup", Time since last: 26191379800 ns, Reaching safepoint: 100900 ns, At safepoint: 8700 ns, Total: 109600 ns
[2025-10-20T18:59:03.925+0000][25964][safepoint   ] Safepoint "Cleanup", Time since last: 1008717400 ns, Reaching safepoint: 87700 ns, At safepoint: 5800 ns, Total: 93500 ns
[2025-10-20T18:59:26.118+0000][25964][safepoint   ] Safepoint "Cleanup", Time since last: 22192659600 ns, Reaching safepoint: 94900 ns, At safepoint: 12000 ns, Total: 106900 ns
[2025-10-20T18:59:27.119+0000][25964][safepoint   ] Safepoint "Cleanup", Time since last: 1000975500 ns, Reaching safepoint: 91900 ns, At safepoint: 9900 ns, Total: 101800 ns
[2025-10-20T18:59:29.143+0000][25964][safepoint   ] Safepoint "Cleanup", Time since last: 2024205500 ns, Reaching safepoint: 85200 ns, At safepoint: 9600 ns, Total: 94800 ns
[2025-10-20T18:59:32.148+0000][25964][safepoint   ] Safepoint "Cleanup", Time since last: 3004947700 ns, Reaching safepoint: 77400 ns, At safepoint: 17600 ns, Total: 95000 ns
[2025-10-20T18:59:33.149+0000][25964][safepoint   ] Safepoint "Cleanup", Time since last: 1000629700 ns, Reaching safepoint: 113600 ns, At safepoint: 14500 ns, Total: 128100 ns
[2025-10-20T18:59:42.187+0000][25964][safepoint   ] Safepoint "Cleanup", Time since last: 9037523000 ns, Reaching safepoint: 90500 ns, At safepoint: 10700 ns, Total: 101200 ns
[2025-10-20T18:59:53.260+0000][25964][safepoint   ] Safepoint "Cleanup", Time since last: 11073185600 ns, Reaching safepoint: 92500 ns, At safepoint: 17000 ns, Total: 109500 ns
[2025-10-20T18:59:57.295+0000][25964][safepoint   ] Safepoint "Cleanup", Time since last: 4034465000 ns, Reaching safepoint: 97900 ns, At safepoint: 9000 ns, Total: 106900 ns
[2025-10-20T19:00:06.343+0000][25964][safepoint   ] Safepoint "Cleanup", Time since last: 9048388100 ns, Reaching safepoint: 102500 ns, At safepoint: 8400 ns, Total: 110900 ns
[2025-10-20T19:00:07.352+0000][25964][safepoint   ] Safepoint "Cleanup", Time since last: 1008954300 ns, Reaching safepoint: 95700 ns, At safepoint: 9600 ns, Total: 105300 ns
[2025-10-20T19:00:12.391+0000][25964][safepoint   ] Safepoint "Cleanup", Time since last: 5038389100 ns, Reaching safepoint: 91500 ns, At safepoint: 8400 ns, Total: 99900 ns
[2025-10-20T19:00:14.399+0000][25964][safepoint   ] Safepoint "Cleanup", Time since last: 2008621500 ns, Reaching safepoint: 88100 ns, At safepoint: 12100 ns, Total: 100200 ns
[2025-10-20T19:00:18.428+0000][25964][safepoint   ] Safepoint "Cleanup", Time since last: 4028037300 ns, Reaching safepoint: 123000 ns, At safepoint: 34700 ns, Total: 157700 ns
[2025-10-20T19:00:27.496+0000][25964][safepoint   ] Safepoint "Cleanup", Time since last: 9068299800 ns, Reaching safepoint: 104900 ns, At safepoint: 8600 ns, Total: 113500 ns
[2025-10-20T19:00:49.694+0000][25964][safepoint   ] Safepoint "Cleanup", Time since last: 22197489600 ns, Reaching safepoint: 88700 ns, At safepoint: 13300 ns, Total: 102000 ns
[2025-10-20T19:00:50.701+0000][25964][safepoint   ] Safepoint "Cleanup", Time since last: 1007902300 ns, Reaching safepoint: 120800 ns, At safepoint: 2500 ns, Total: 123300 ns
[2025-10-20T19:00:51.709+0000][25964][safepoint   ] Safepoint "Cleanup", Time since last: 1007540900 ns, Reaching safepoint: 93300 ns, At safepoint: 10300 ns, Total: 103600 ns
[2025-10-20T19:00:53.734+0000][25964][safepoint   ] Safepoint "Cleanup", Time since last: 2024625200 ns, Reaching safepoint: 114100 ns, At safepoint: 7500 ns, Total: 121600 ns
[2025-10-20T19:01:09.856+0000][25964][safepoint   ] Safepoint "Cleanup", Time since last: 16121643900 ns, Reaching safepoint: 119800 ns, At safepoint: 22100 ns, Total: 141900 ns
[2025-10-20T19:01:10.863+0000][25964][safepoint   ] Safepoint "Cleanup", Time since last: 1007248300 ns, Reaching safepoint: 100800 ns, At safepoint: 11700 ns, Total: 112500 ns
[2025-10-20T19:01:12.889+0000][25964][safepoint   ] Safepoint "Cleanup", Time since last: 2026067600 ns, Reaching safepoint: 91500 ns, At safepoint: 13300 ns, Total: 104800 ns
[2025-10-20T19:01:13.890+0000][25964][safepoint   ] Safepoint "Cleanup", Time since last: 1000501800 ns, Reaching safepoint: 113900 ns, At safepoint: 11000 ns, Total: 124900 ns
[2025-10-20T19:01:15.892+0000][25964][safepoint   ] Safepoint "Cleanup", Time since last: 2001658800 ns, Reaching safepoint: 96700 ns, At safepoint: 3500 ns, Total: 100200 ns
[2025-10-20T19:01:21.920+0000][25964][safepoint   ] Safepoint "Cleanup", Time since last: 6028590100 ns, Reaching safepoint: 89000 ns, At safepoint: 11900 ns, Total: 100900 ns
[2025-10-20T19:01:23.926+0000][25964][safepoint   ] Safepoint "Cleanup", Time since last: 2005136000 ns, Reaching safepoint: 96100 ns, At safepoint: 9500 ns, Total: 105600 ns
[2025-10-20T19:01:26.574+0000][25964][gc,start    ] GC(18) Pause Young (Normal) (G1 Evacuation Pause)
[2025-10-20T19:01:26.574+0000][25964][gc,task     ] GC(18) Using 10 workers of 10 for evacuation
[2025-10-20T19:01:26.574+0000][25964][gc,age      ] GC(18) Desired survivor size 40370176 bytes, new threshold 15 (max threshold 15)
[2025-10-20T19:01:26.583+0000][25964][gc,age      ] GC(18) Age table with threshold 15 (max threshold 15)
[2025-10-20T19:01:26.583+0000][25964][gc,age      ] GC(18) - age   1:    2184232 bytes,    2184232 total
[2025-10-20T19:01:26.583+0000][25964][gc,age      ] GC(18) - age   2:     266064 bytes,    2450296 total
[2025-10-20T19:01:26.583+0000][25964][gc,age      ] GC(18) - age   3:     251920 bytes,    2702216 total
[2025-10-20T19:01:26.583+0000][25964][gc,age      ] GC(18) - age   4:     157768 bytes,    2859984 total
[2025-10-20T19:01:26.583+0000][25964][gc,age      ] GC(18) - age   5:    1216184 bytes,    4076168 total
[2025-10-20T19:01:26.583+0000][25964][gc,age      ] GC(18) - age   6:    2686704 bytes,    6762872 total
[2025-10-20T19:01:26.583+0000][25964][gc,age      ] GC(18) - age   7:   15047440 bytes,   21810312 total
[2025-10-20T19:01:26.583+0000][25964][gc,age      ] GC(18) - age   8:   10335168 bytes,   32145480 total
[2025-10-20T19:01:26.583+0000][25964][gc,phases   ] GC(18)   Pre Evacuate Collection Set: 0.1ms
[2025-10-20T19:01:26.583+0000][25964][gc,phases   ] GC(18)   Merge Heap Roots: 0.1ms
[2025-10-20T19:01:26.583+0000][25964][gc,phases   ] GC(18)   Evacuate Collection Set: 6.7ms
[2025-10-20T19:01:26.583+0000][25964][gc,phases   ] GC(18)   Post Evacuate Collection Set: 0.9ms
[2025-10-20T19:01:26.583+0000][25964][gc,phases   ] GC(18)   Other: 0.3ms
[2025-10-20T19:01:26.583+0000][25964][gc,heap     ] GC(18) Eden regions: 579->0(580)
[2025-10-20T19:01:26.583+0000][25964][gc,heap     ] GC(18) Survivor regions: 35->34(77)
[2025-10-20T19:01:26.583+0000][25964][gc,heap     ] GC(18) Old regions: 48->48
[2025-10-20T19:01:26.583+0000][25964][gc,heap     ] GC(18) Archive regions: 0->0
[2025-10-20T19:01:26.583+0000][25964][gc,heap     ] GC(18) Humongous regions: 7->7
[2025-10-20T19:01:26.583+0000][25964][gc,metaspace] GC(18) Metaspace: 105482K(109232K)->105482K(109232K) NonClass: 91888K(94384K)->91888K(94384K) Class: 13594K(14848K)->13594K(14848K)
[2025-10-20T19:01:26.583+0000][25964][gc          ] GC(18) Pause Young (Normal) (G1 Evacuation Pause) 668M->88M(1024M) 8.220ms
[2025-10-20T19:01:26.583+0000][25964][gc,cpu      ] GC(18) User=0.00s Sys=0.00s Real=0.01s
[2025-10-20T19:01:26.583+0000][25964][safepoint   ] Safepoint "G1CollectForAllocation", Time since last: 2649163400 ns, Reaching safepoint: 68700 ns, At safepoint: 8315600 ns, Total: 8384300 ns
[2025-10-20T19:01:31.628+0000][25964][safepoint   ] Safepoint "Cleanup", Time since last: 5044429600 ns, Reaching safepoint: 96700 ns, At safepoint: 8600 ns, Total: 105300 ns
[2025-10-20T19:01:32.633+0000][25964][safepoint   ] Safepoint "Cleanup", Time since last: 1004760600 ns, Reaching safepoint: 246900 ns, At safepoint: 14700 ns, Total: 261600 ns
[2025-10-20T19:01:48.798+0000][25964][safepoint   ] Safepoint "Cleanup", Time since last: 16164908900 ns, Reaching safepoint: 101300 ns, At safepoint: 8400 ns, Total: 109700 ns
[2025-10-20T19:01:51.808+0000][25964][safepoint   ] Safepoint "Cleanup", Time since last: 3009738800 ns, Reaching safepoint: 96100 ns, At safepoint: 8900 ns, Total: 105000 ns
[2025-10-20T19:02:12.947+0000][25964][safepoint   ] Safepoint "Cleanup", Time since last: 21139604400 ns, Reaching safepoint: 113100 ns, At safepoint: 3300 ns, Total: 116400 ns
[2025-10-20T19:02:14.966+0000][25964][safepoint   ] Safepoint "Cleanup", Time since last: 2018580900 ns, Reaching safepoint: 102200 ns, At safepoint: 7900 ns, Total: 110100 ns
[2025-10-20T19:02:15.981+0000][25964][safepoint   ] Safepoint "Cleanup", Time since last: 1015151500 ns, Reaching safepoint: 101800 ns, At safepoint: 9000 ns, Total: 110800 ns
[2025-10-20T19:02:19.001+0000][25964][safepoint   ] Safepoint "Cleanup", Time since last: 3019687400 ns, Reaching safepoint: 239200 ns, At safepoint: 17000 ns, Total: 256200 ns
[2025-10-20T19:02:24.045+0000][25964][safepoint   ] Safepoint "Cleanup", Time since last: 5043917300 ns, Reaching safepoint: 79400 ns, At safepoint: 7500 ns, Total: 86900 ns
[2025-10-20T19:02:28.078+0000][25964][safepoint   ] Safepoint "Cleanup", Time since last: 4032398500 ns, Reaching safepoint: 103100 ns, At safepoint: 7800 ns, Total: 110900 ns
[2025-10-20T19:02:33.115+0000][25964][safepoint   ] Safepoint "Cleanup", Time since last: 5037277200 ns, Reaching safepoint: 108400 ns, At safepoint: 3400 ns, Total: 111800 ns
[2025-10-20T19:03:12.378+0000][25964][safepoint   ] Safepoint "Cleanup", Time since last: 39262702800 ns, Reaching safepoint: 91900 ns, At safepoint: 10200 ns, Total: 102100 ns
[2025-10-20T19:03:15.407+0000][25964][safepoint   ] Safepoint "Cleanup", Time since last: 3029241300 ns, Reaching safepoint: 99500 ns, At safepoint: 9000 ns, Total: 108500 ns
[2025-10-20T19:03:16.420+0000][25964][safepoint   ] Safepoint "Cleanup", Time since last: 1012571200 ns, Reaching safepoint: 100100 ns, At safepoint: 2600 ns, Total: 102700 ns
[2025-10-20T19:03:22.457+0000][25964][safepoint   ] Safepoint "Cleanup", Time since last: 6036825200 ns, Reaching safepoint: 108300 ns, At safepoint: 9000 ns, Total: 117300 ns
[2025-10-20T19:03:33.525+0000][25964][safepoint   ] Safepoint "Cleanup", Time since last: 11068417300 ns, Reaching safepoint: 88800 ns, At safepoint: 9300 ns, Total: 98100 ns
[2025-10-20T19:03:45.583+0000][25964][safepoint   ] Safepoint "Cleanup", Time since last: 12057472700 ns, Reaching safepoint: 79400 ns, At safepoint: 9800 ns, Total: 89200 ns
[2025-10-20T19:03:51.609+0000][25964][safepoint   ] Safepoint "Cleanup", Time since last: 6025880100 ns, Reaching safepoint: 101700 ns, At safepoint: 18200 ns, Total: 119900 ns
[2025-10-20T19:04:02.676+0000][25964][safepoint   ] Safepoint "Cleanup", Time since last: 11066956100 ns, Reaching safepoint: 102600 ns, At safepoint: 13500 ns, Total: 116100 ns
[2025-10-20T19:04:05.706+0000][25964][safepoint   ] Safepoint "Cleanup", Time since last: 3029807300 ns, Reaching safepoint: 84400 ns, At safepoint: 9900 ns, Total: 94300 ns
[2025-10-20T19:04:06.713+0000][25964][safepoint   ] Safepoint "Cleanup", Time since last: 1006717700 ns, Reaching safepoint: 93500 ns, At safepoint: 11900 ns, Total: 105400 ns
[2025-10-20T19:04:12.752+0000][25964][safepoint   ] Safepoint "Cleanup", Time since last: 6039110600 ns, Reaching safepoint: 96600 ns, At safepoint: 20600 ns, Total: 117200 ns
[2025-10-20T19:04:16.795+0000][25964][safepoint   ] Safepoint "Cleanup", Time since last: 4042774500 ns, Reaching safepoint: 99900 ns, At safepoint: 13300 ns, Total: 113200 ns
[2025-10-20T19:04:18.813+0000][25964][safepoint   ] Safepoint "Cleanup", Time since last: 2017857200 ns, Reaching safepoint: 119500 ns, At safepoint: 10000 ns, Total: 129500 ns
[2025-10-20T19:04:19.827+0000][25964][safepoint   ] Safepoint "Cleanup", Time since last: 1013877500 ns, Reaching safepoint: 108000 ns, At safepoint: 26900 ns, Total: 134900 ns
[2025-10-20T19:04:49.062+0000][25964][safepoint   ] Safepoint "Cleanup", Time since last: 29234961300 ns, Reaching safepoint: 105400 ns, At safepoint: 20100 ns, Total: 125500 ns
[2025-10-20T19:05:18.248+0000][25964][safepoint   ] Safepoint "Cleanup", Time since last: 29186310500 ns, Reaching safepoint: 87800 ns, At safepoint: 17000 ns, Total: 104800 ns
[2025-10-20T19:05:19.262+0000][25964][safepoint   ] Safepoint "Cleanup", Time since last: 1013754400 ns, Reaching safepoint: 99800 ns, At safepoint: 18400 ns, Total: 118200 ns
[2025-10-20T19:05:22.270+0000][25964][safepoint   ] Safepoint "Cleanup", Time since last: 3007267200 ns, Reaching safepoint: 157500 ns, At safepoint: 9400 ns, Total: 166900 ns
[2025-10-20T19:05:23.282+0000][25964][safepoint   ] Safepoint "Cleanup", Time since last: 1011749400 ns, Reaching safepoint: 89400 ns, At safepoint: 13400 ns, Total: 102800 ns
[2025-10-20T19:05:31.331+0000][25964][safepoint   ] Safepoint "Cleanup", Time since last: 8049590900 ns, Reaching safepoint: 117200 ns, At safepoint: 13600 ns, Total: 130800 ns
[2025-10-20T19:05:32.344+0000][25964][safepoint   ] Safepoint "Cleanup", Time since last: 1012302800 ns, Reaching safepoint: 114800 ns, At safepoint: 30300 ns, Total: 145100 ns
[2025-10-20T19:05:33.358+0000][25964][safepoint   ] Safepoint "Cleanup", Time since last: 1014469600 ns, Reaching safepoint: 103100 ns, At safepoint: 13100 ns, Total: 116200 ns
[2025-10-20T19:05:40.399+0000][25964][safepoint   ] Safepoint "Cleanup", Time since last: 7040552600 ns, Reaching safepoint: 88900 ns, At safepoint: 17200 ns, Total: 106100 ns
[2025-10-20T19:05:48.455+0000][25964][safepoint   ] Safepoint "Cleanup", Time since last: 8056242100 ns, Reaching safepoint: 91600 ns, At safepoint: 9100 ns, Total: 100700 ns
[2025-10-20T19:05:57.556+0000][25964][safepoint   ] Safepoint "Cleanup", Time since last: 9100666900 ns, Reaching safepoint: 98300 ns, At safepoint: 16400 ns, Total: 114700 ns
[2025-10-20T19:06:04.629+0000][25964][safepoint   ] Safepoint "Cleanup", Time since last: 7072780700 ns, Reaching safepoint: 231800 ns, At safepoint: 9500 ns, Total: 241300 ns
[2025-10-20T19:06:18.754+0000][25964][safepoint   ] Safepoint "Cleanup", Time since last: 14124838300 ns, Reaching safepoint: 181000 ns, At safepoint: 16100 ns, Total: 197100 ns
[2025-10-20T19:06:25.825+0000][25964][safepoint   ] Safepoint "Cleanup", Time since last: 7070245700 ns, Reaching safepoint: 162400 ns, At safepoint: 10900 ns, Total: 173300 ns
[2025-10-20T19:06:26.828+0000][25964][safepoint   ] Safepoint "Cleanup", Time since last: 1003144400 ns, Reaching safepoint: 99700 ns, At safepoint: 15300 ns, Total: 115000 ns
[2025-10-20T19:06:28.843+0000][25964][safepoint   ] Safepoint "Cleanup", Time since last: 2015133400 ns, Reaching safepoint: 242900 ns, At safepoint: 11300 ns, Total: 254200 ns
[2025-10-20T19:06:32.880+0000][25964][safepoint   ] Safepoint "Cleanup", Time since last: 4036861200 ns, Reaching safepoint: 88000 ns, At safepoint: 7700 ns, Total: 95700 ns
[2025-10-20T19:07:02.160+0000][25964][gc,start    ] GC(19) Pause Young (Normal) (G1 Evacuation Pause)
[2025-10-20T19:07:02.160+0000][25964][gc,task     ] GC(19) Using 10 workers of 10 for evacuation
[2025-10-20T19:07:02.160+0000][25964][gc,age      ] GC(19) Desired survivor size 40370176 bytes, new threshold 15 (max threshold 15)
[2025-10-20T19:07:02.168+0000][25964][gc,age      ] GC(19) Age table with threshold 15 (max threshold 15)
[2025-10-20T19:07:02.168+0000][25964][gc,age      ] GC(19) - age   1:    1349248 bytes,    1349248 total
[2025-10-20T19:07:02.168+0000][25964][gc,age      ] GC(19) - age   2:     474416 bytes,    1823664 total
[2025-10-20T19:07:02.168+0000][25964][gc,age      ] GC(19) - age   3:      99096 bytes,    1922760 total
[2025-10-20T19:07:02.168+0000][25964][gc,age      ] GC(19) - age   4:     217120 bytes,    2139880 total
[2025-10-20T19:07:02.168+0000][25964][gc,age      ] GC(19) - age   5:     157416 bytes,    2297296 total
[2025-10-20T19:07:02.168+0000][25964][gc,age      ] GC(19) - age   6:    1166360 bytes,    3463656 total
[2025-10-20T19:07:02.168+0000][25964][gc,age      ] GC(19) - age   7:    2686568 bytes,    6150224 total
[2025-10-20T19:07:02.168+0000][25964][gc,age      ] GC(19) - age   8:   14977240 bytes,   21127464 total
[2025-10-20T19:07:02.168+0000][25964][gc,age      ] GC(19) - age   9:   10335168 bytes,   31462632 total
[2025-10-20T19:07:02.168+0000][25964][gc,phases   ] GC(19)   Pre Evacuate Collection Set: 0.1ms
[2025-10-20T19:07:02.168+0000][25964][gc,phases   ] GC(19)   Merge Heap Roots: 0.1ms
[2025-10-20T19:07:02.168+0000][25964][gc,phases   ] GC(19)   Evacuate Collection Set: 6.9ms
[2025-10-20T19:07:02.168+0000][25964][gc,phases   ] GC(19)   Post Evacuate Collection Set: 0.9ms
[2025-10-20T19:07:02.168+0000][25964][gc,phases   ] GC(19)   Other: 0.4ms
[2025-10-20T19:07:02.168+0000][25964][gc,heap     ] GC(19) Eden regions: 580->0(581)
[2025-10-20T19:07:02.168+0000][25964][gc,heap     ] GC(19) Survivor regions: 34->33(77)
[2025-10-20T19:07:02.168+0000][25964][gc,heap     ] GC(19) Old regions: 48->48
[2025-10-20T19:07:02.168+0000][25964][gc,heap     ] GC(19) Archive regions: 0->0
[2025-10-20T19:07:02.168+0000][25964][gc,heap     ] GC(19) Humongous regions: 7->7
[2025-10-20T19:07:02.168+0000][25964][gc,metaspace] GC(19) Metaspace: 105603K(109488K)->105603K(109488K) NonClass: 92008K(94640K)->92008K(94640K) Class: 13594K(14848K)->13594K(14848K)
[2025-10-20T19:07:02.168+0000][25964][gc          ] GC(19) Pause Young (Normal) (G1 Evacuation Pause) 668M->87M(1024M) 8.427ms
[2025-10-20T19:07:02.168+0000][25964][gc,cpu      ] GC(19) User=0.16s Sys=0.00s Real=0.01s
[2025-10-20T19:07:02.168+0000][25964][safepoint   ] Safepoint "G1CollectForAllocation", Time since last: 29280109900 ns, Reaching safepoint: 93700 ns, At safepoint: 8519700 ns, Total: 8613400 ns
[2025-10-20T19:07:19.333+0000][25964][safepoint   ] Safepoint "Cleanup", Time since last: 17164471700 ns, Reaching safepoint: 98000 ns, At safepoint: 5400 ns, Total: 103400 ns
[2025-10-20T19:07:25.398+0000][25964][safepoint   ] Safepoint "Cleanup", Time since last: 6064566000 ns, Reaching safepoint: 90300 ns, At safepoint: 9000 ns, Total: 99300 ns
[2025-10-20T19:07:28.419+0000][25964][safepoint   ] Safepoint "Cleanup", Time since last: 3020364000 ns, Reaching safepoint: 210300 ns, At safepoint: 20900 ns, Total: 231200 ns
[2025-10-20T19:07:31.450+0000][25964][safepoint   ] Safepoint "Cleanup", Time since last: 3031352000 ns, Reaching safepoint: 108400 ns, At safepoint: 30500 ns, Total: 138900 ns
[2025-10-20T19:07:58.672+0000][25964][safepoint   ] Safepoint "Cleanup", Time since last: 27221614700 ns, Reaching safepoint: 98400 ns, At safepoint: 16900 ns, Total: 115300 ns
[2025-10-20T19:08:02.709+0000][25964][safepoint   ] Safepoint "Cleanup", Time since last: 4037204000 ns, Reaching safepoint: 93400 ns, At safepoint: 9000 ns, Total: 102400 ns
[2025-10-20T19:08:13.816+0000][25964][safepoint   ] Safepoint "Cleanup", Time since last: 11106349900 ns, Reaching safepoint: 89900 ns, At safepoint: 10600 ns, Total: 100500 ns
[2025-10-20T19:08:28.963+0000][25964][safepoint   ] Safepoint "Cleanup", Time since last: 15147484200 ns, Reaching safepoint: 105700 ns, At safepoint: 8000 ns, Total: 113700 ns
[2025-10-20T19:08:31.988+0000][25964][safepoint   ] Safepoint "Cleanup", Time since last: 3024456900 ns, Reaching safepoint: 106100 ns, At safepoint: 10700 ns, Total: 116800 ns
[2025-10-20T19:08:33.002+0000][25964][safepoint   ] Safepoint "Cleanup", Time since last: 1013615600 ns, Reaching safepoint: 100200 ns, At safepoint: 9700 ns, Total: 109900 ns
[2025-10-20T19:08:49.118+0000][25964][safepoint   ] Safepoint "Cleanup", Time since last: 16116171300 ns, Reaching safepoint: 93400 ns, At safepoint: 17600 ns, Total: 111000 ns
[2025-10-20T19:09:08.307+0000][25964][safepoint   ] Safepoint "Cleanup", Time since last: 19189299600 ns, Reaching safepoint: 98800 ns, At safepoint: 12900 ns, Total: 111700 ns
[2025-10-20T19:09:21.393+0000][25964][safepoint   ] Safepoint "Cleanup", Time since last: 13085976800 ns, Reaching safepoint: 116600 ns, At safepoint: 12100 ns, Total: 128700 ns
[2025-10-20T19:09:26.434+0000][25964][safepoint   ] Safepoint "Cleanup", Time since last: 5040409100 ns, Reaching safepoint: 93200 ns, At safepoint: 13700 ns, Total: 106900 ns
[2025-10-20T19:09:33.365+0000][25964][safepoint   ] Safepoint "Cleanup", Time since last: 6930944000 ns, Reaching safepoint: 141200 ns, At safepoint: 12000 ns, Total: 153200 ns
[2025-10-20T19:09:35.373+0000][25964][safepoint   ] Safepoint "Cleanup", Time since last: 2008137900 ns, Reaching safepoint: 100200 ns, At safepoint: 9100 ns, Total: 109300 ns
[2025-10-20T19:09:36.375+0000][25964][safepoint   ] Safepoint "Cleanup", Time since last: 1001913000 ns, Reaching safepoint: 84700 ns, At safepoint: 10800 ns, Total: 95500 ns
[2025-10-20T19:09:47.465+0000][25964][safepoint   ] Safepoint "Cleanup", Time since last: 11090178700 ns, Reaching safepoint: 93100 ns, At safepoint: 7000 ns, Total: 100100 ns
[2025-10-20T19:09:57.498+0000][25964][safepoint   ] Safepoint "Cleanup", Time since last: 10032559700 ns, Reaching safepoint: 89900 ns, At safepoint: 8800 ns, Total: 98700 ns
[2025-10-20T19:10:21.653+0000][25964][safepoint   ] Safepoint "Cleanup", Time since last: 24155086700 ns, Reaching safepoint: 90400 ns, At safepoint: 9500 ns, Total: 99900 ns
[2025-10-20T19:10:37.752+0000][25964][safepoint   ] Safepoint "Cleanup", Time since last: 16098818000 ns, Reaching safepoint: 93000 ns, At safepoint: 7600 ns, Total: 100600 ns
[2025-10-20T19:10:38.762+0000][25964][safepoint   ] Safepoint "Cleanup", Time since last: 1009666900 ns, Reaching safepoint: 111200 ns, At safepoint: 6600 ns, Total: 117800 ns
[2025-10-20T19:10:58.958+0000][25964][safepoint   ] Safepoint "Cleanup", Time since last: 20195734700 ns, Reaching safepoint: 87900 ns, At safepoint: 7700 ns, Total: 95600 ns
[2025-10-20T19:11:21.070+0000][25964][safepoint   ] Safepoint "Cleanup", Time since last: 22111775100 ns, Reaching safepoint: 97700 ns, At safepoint: 2700 ns, Total: 100400 ns
[2025-10-20T19:11:27.119+0000][25964][safepoint   ] Safepoint "Cleanup", Time since last: 6049058100 ns, Reaching safepoint: 417300 ns, At safepoint: 15900 ns, Total: 433200 ns
[2025-10-20T19:11:29.134+0000][25964][safepoint   ] Safepoint "Cleanup", Time since last: 2014479000 ns, Reaching safepoint: 93800 ns, At safepoint: 15100 ns, Total: 108900 ns
[2025-10-20T19:11:37.187+0000][25964][safepoint   ] Safepoint "Cleanup", Time since last: 8052607500 ns, Reaching safepoint: 91400 ns, At safepoint: 24900 ns, Total: 116300 ns
[2025-10-20T19:11:38.187+0000][25964][safepoint   ] Safepoint "Cleanup", Time since last: 1000496400 ns, Reaching safepoint: 119600 ns, At safepoint: 9500 ns, Total: 129100 ns
[2025-10-20T19:11:41.216+0000][25964][safepoint   ] Safepoint "Cleanup", Time since last: 3028361200 ns, Reaching safepoint: 132500 ns, At safepoint: 14100 ns, Total: 146600 ns
[2025-10-20T19:11:42.229+0000][25964][safepoint   ] Safepoint "Cleanup", Time since last: 1013554800 ns, Reaching safepoint: 93300 ns, At safepoint: 7700 ns, Total: 101000 ns
[2025-10-20T19:12:14.478+0000][25964][safepoint   ] Safepoint "Cleanup", Time since last: 32248449100 ns, Reaching safepoint: 99500 ns, At safepoint: 8200 ns, Total: 107700 ns
[2025-10-20T19:12:21.536+0000][25964][safepoint   ] Safepoint "Cleanup", Time since last: 7057778700 ns, Reaching safepoint: 86200 ns, At safepoint: 3300 ns, Total: 89500 ns
[2025-10-20T19:12:34.620+0000][25964][safepoint   ] Safepoint "Cleanup", Time since last: 13084001900 ns, Reaching safepoint: 98400 ns, At safepoint: 16800 ns, Total: 115200 ns
[2025-10-20T19:12:41.674+0000][25964][safepoint   ] Safepoint "Cleanup", Time since last: 7054005000 ns, Reaching safepoint: 215300 ns, At safepoint: 8600 ns, Total: 223900 ns
[2025-10-20T19:12:44.693+0000][25964][safepoint   ] Safepoint "Cleanup", Time since last: 3018980000 ns, Reaching safepoint: 77700 ns, At safepoint: 6700 ns, Total: 84400 ns
[2025-10-20T19:12:47.728+0000][25964][safepoint   ] Safepoint "Cleanup", Time since last: 3035123900 ns, Reaching safepoint: 89900 ns, At safepoint: 9300 ns, Total: 99200 ns
[2025-10-20T19:12:48.441+0000][25964][gc,start    ] GC(20) Pause Young (Normal) (G1 Evacuation Pause)
[2025-10-20T19:12:48.441+0000][25964][gc,task     ] GC(20) Using 10 workers of 10 for evacuation
[2025-10-20T19:12:48.441+0000][25964][gc,age      ] GC(20) Desired survivor size 40370176 bytes, new threshold 15 (max threshold 15)
[2025-10-20T19:12:48.446+0000][25964][gc,age      ] GC(20) Age table with threshold 15 (max threshold 15)
[2025-10-20T19:12:48.446+0000][25964][gc,age      ] GC(20) - age   1:    1110976 bytes,    1110976 total
[2025-10-20T19:12:48.446+0000][25964][gc,age      ] GC(20) - age   2:     908248 bytes,    2019224 total
[2025-10-20T19:12:48.446+0000][25964][gc,age      ] GC(20) - age   3:     471288 bytes,    2490512 total
[2025-10-20T19:12:48.446+0000][25964][gc,age      ] GC(20) - age   4:      49416 bytes,    2539928 total
[2025-10-20T19:12:48.446+0000][25964][gc,age      ] GC(20) - age   5:     217056 bytes,    2756984 total
[2025-10-20T19:12:48.446+0000][25964][gc,age      ] GC(20) - age   6:     157416 bytes,    2914400 total
[2025-10-20T19:12:48.446+0000][25964][gc,age      ] GC(20) - age   7:    1149664 bytes,    4064064 total
[2025-10-20T19:12:48.446+0000][25964][gc,age      ] GC(20) - age   8:    2686568 bytes,    6750632 total
[2025-10-20T19:12:48.446+0000][25964][gc,age      ] GC(20) - age   9:   14977016 bytes,   21727648 total
[2025-10-20T19:12:48.446+0000][25964][gc,age      ] GC(20) - age  10:   10335168 bytes,   32062816 total
[2025-10-20T19:12:48.446+0000][25964][gc,phases   ] GC(20)   Pre Evacuate Collection Set: 0.1ms
[2025-10-20T19:12:48.446+0000][25964][gc,phases   ] GC(20)   Merge Heap Roots: 0.0ms
[2025-10-20T19:12:48.446+0000][25964][gc,phases   ] GC(20)   Evacuate Collection Set: 6.9ms
[2025-10-20T19:12:48.446+0000][25964][gc,phases   ] GC(20)   Post Evacuate Collection Set: 0.9ms
[2025-10-20T19:12:48.446+0000][25964][gc,phases   ] GC(20)   Other: 0.3ms
[2025-10-20T19:12:48.446+0000][25964][gc,heap     ] GC(20) Eden regions: 581->0(581)
[2025-10-20T19:12:48.446+0000][25964][gc,heap     ] GC(20) Survivor regions: 33->33(77)
[2025-10-20T19:12:48.446+0000][25964][gc,heap     ] GC(20) Old regions: 48->48
[2025-10-20T19:12:48.446+0000][25964][gc,heap     ] GC(20) Archive regions: 0->0
[2025-10-20T19:12:48.446+0000][25964][gc,heap     ] GC(20) Humongous regions: 7->7
[2025-10-20T19:12:48.446+0000][25964][gc,metaspace] GC(20) Metaspace: 105715K(109488K)->105715K(109488K) NonClass: 92119K(94640K)->92119K(94640K) Class: 13595K(14848K)->13595K(14848K)
[2025-10-20T19:12:48.446+0000][25964][gc          ] GC(20) Pause Young (Normal) (G1 Evacuation Pause) 668M->87M(1024M) 8.313ms
[2025-10-20T19:12:48.446+0000][25964][gc,cpu      ] GC(20) User=0.16s Sys=0.00s Real=0.01s
[2025-10-20T19:12:48.446+0000][25964][safepoint   ] Safepoint "G1CollectForAllocation", Time since last: 713491800 ns, Reaching safepoint: 63100 ns, At safepoint: 8397400 ns, Total: 8460500 ns
[2025-10-20T19:12:56.509+0000][25964][safepoint   ] Safepoint "Cleanup", Time since last: 8058547800 ns, Reaching safepoint: 90600 ns, At safepoint: 16700 ns, Total: 107300 ns
[2025-10-20T19:13:09.588+0000][25964][safepoint   ] Safepoint "Cleanup", Time since last: 13078772600 ns, Reaching safepoint: 83600 ns, At safepoint: 12200 ns, Total: 95800 ns
[2025-10-20T19:13:14.623+0000][25964][safepoint   ] Safepoint "Cleanup", Time since last: 5035030200 ns, Reaching safepoint: 304800 ns, At safepoint: 11600 ns, Total: 316400 ns
[2025-10-20T19:13:20.680+0000][25964][safepoint   ] Safepoint "Cleanup", Time since last: 6056525700 ns, Reaching safepoint: 79800 ns, At safepoint: 6400 ns, Total: 86200 ns
[2025-10-20T19:13:21.681+0000][25964][safepoint   ] Safepoint "Cleanup", Time since last: 1000872600 ns, Reaching safepoint: 92600 ns, At safepoint: 11500 ns, Total: 104100 ns
[2025-10-20T19:13:23.696+0000][25964][safepoint   ] Safepoint "Cleanup", Time since last: 2014725800 ns, Reaching safepoint: 94800 ns, At safepoint: 15200 ns, Total: 110000 ns
[2025-10-20T19:13:24.697+0000][25964][safepoint   ] Safepoint "Cleanup", Time since last: 1000822000 ns, Reaching safepoint: 99200 ns, At safepoint: 13100 ns, Total: 112300 ns
[2025-10-20T19:13:27.723+0000][25964][safepoint   ] Safepoint "Cleanup", Time since last: 3026088100 ns, Reaching safepoint: 87600 ns, At safepoint: 8500 ns, Total: 96100 ns
[2025-10-20T19:13:47.861+0000][25964][safepoint   ] Safepoint "Cleanup", Time since last: 20138327400 ns, Reaching safepoint: 86500 ns, At safepoint: 8200 ns, Total: 94700 ns
[2025-10-20T19:13:48.875+0000][25964][safepoint   ] Safepoint "Cleanup", Time since last: 1013748800 ns, Reaching safepoint: 91700 ns, At safepoint: 8700 ns, Total: 100400 ns
[2025-10-20T19:14:01.977+0000][25964][safepoint   ] Safepoint "Cleanup", Time since last: 13101629700 ns, Reaching safepoint: 221900 ns, At safepoint: 22500 ns, Total: 244400 ns
[2025-10-20T19:14:02.990+0000][25964][safepoint   ] Safepoint "Cleanup", Time since last: 1012696100 ns, Reaching safepoint: 199700 ns, At safepoint: 16000 ns, Total: 215700 ns
[2025-10-20T19:14:32.244+0000][25964][safepoint   ] Safepoint "Cleanup", Time since last: 29254435500 ns, Reaching safepoint: 95600 ns, At safepoint: 20900 ns, Total: 116500 ns
[2025-10-20T19:14:34.262+0000][25964][safepoint   ] Safepoint "Cleanup", Time since last: 2017917000 ns, Reaching safepoint: 109300 ns, At safepoint: 8900 ns, Total: 118200 ns
[2025-10-20T19:14:38.273+0000][25964][safepoint   ] Safepoint "Cleanup", Time since last: 4010014700 ns, Reaching safepoint: 108200 ns, At safepoint: 11400 ns, Total: 119600 ns
[2025-10-20T19:14:50.336+0000][25964][safepoint   ] Safepoint "Cleanup", Time since last: 12063273300 ns, Reaching safepoint: 92500 ns, At safepoint: 2700 ns, Total: 95200 ns
[2025-10-20T19:14:51.347+0000][25964][safepoint   ] Safepoint "Cleanup", Time since last: 1010749700 ns, Reaching safepoint: 116800 ns, At safepoint: 12800 ns, Total: 129600 ns
[2025-10-20T19:14:55.376+0000][25964][safepoint   ] Safepoint "Cleanup", Time since last: 4029626300 ns, Reaching safepoint: 88700 ns, At safepoint: 2600 ns, Total: 91300 ns
[2025-10-20T19:15:14.508+0000][25964][safepoint   ] Safepoint "Cleanup", Time since last: 19131016900 ns, Reaching safepoint: 90300 ns, At safepoint: 16000 ns, Total: 106300 ns
[2025-10-20T19:15:53.789+0000][25964][safepoint   ] Safepoint "Cleanup", Time since last: 39280882700 ns, Reaching safepoint: 90800 ns, At safepoint: 8100 ns, Total: 98900 ns
[2025-10-20T19:15:54.795+0000][25964][safepoint   ] Safepoint "Cleanup", Time since last: 1006069800 ns, Reaching safepoint: 88700 ns, At safepoint: 8100 ns, Total: 96800 ns
[2025-10-20T19:15:55.802+0000][25964][safepoint   ] Safepoint "Cleanup", Time since last: 1006986400 ns, Reaching safepoint: 92700 ns, At safepoint: 16600 ns, Total: 109300 ns
[2025-10-20T19:16:02.853+0000][25964][safepoint   ] Safepoint "Cleanup", Time since last: 7051346700 ns, Reaching safepoint: 104300 ns, At safepoint: 12800 ns, Total: 117100 ns
[2025-10-20T19:16:28.037+0000][25964][safepoint   ] Safepoint "Cleanup", Time since last: 25183086000 ns, Reaching safepoint: 96400 ns, At safepoint: 2900 ns, Total: 99300 ns
[2025-10-20T19:16:54.235+0000][25964][safepoint   ] Safepoint "Cleanup", Time since last: 26198661000 ns, Reaching safepoint: 96400 ns, At safepoint: 15400 ns, Total: 111800 ns
[2025-10-20T19:16:57.268+0000][25964][safepoint   ] Safepoint "Cleanup", Time since last: 3032246300 ns, Reaching safepoint: 99700 ns, At safepoint: 7900 ns, Total: 107600 ns
[2025-10-20T19:17:21.428+0000][25964][safepoint   ] Safepoint "Cleanup", Time since last: 24159996000 ns, Reaching safepoint: 87100 ns, At safepoint: 10100 ns, Total: 97200 ns
[2025-10-20T19:18:00.722+0000][25964][safepoint   ] Safepoint "Cleanup", Time since last: 39293773500 ns, Reaching safepoint: 108400 ns, At safepoint: 26700 ns, Total: 135100 ns
[2025-10-20T19:18:01.722+0000][25964][safepoint   ] Safepoint "Cleanup", Time since last: 1000400200 ns, Reaching safepoint: 96200 ns, At safepoint: 13300 ns, Total: 109500 ns
[2025-10-20T19:18:07.778+0000][25964][safepoint   ] Safepoint "Cleanup", Time since last: 6055340300 ns, Reaching safepoint: 109200 ns, At safepoint: 7300 ns, Total: 116500 ns
[2025-10-20T19:18:18.860+0000][25964][safepoint   ] Safepoint "Cleanup", Time since last: 11082481000 ns, Reaching safepoint: 85800 ns, At safepoint: 9400 ns, Total: 95200 ns
[2025-10-20T19:18:19.358+0000][25964][gc,start    ] GC(21) Pause Young (Normal) (G1 Evacuation Pause)
[2025-10-20T19:18:19.358+0000][25964][gc,task     ] GC(21) Using 10 workers of 10 for evacuation
[2025-10-20T19:18:19.358+0000][25964][gc,age      ] GC(21) Desired survivor size 40370176 bytes, new threshold 15 (max threshold 15)
[2025-10-20T19:18:19.367+0000][25964][gc,age      ] GC(21) Age table with threshold 15 (max threshold 15)
[2025-10-20T19:18:19.367+0000][25964][gc,age      ] GC(21) - age   1:    1257336 bytes,    1257336 total
[2025-10-20T19:18:19.367+0000][25964][gc,age      ] GC(21) - age   2:     284200 bytes,    1541536 total
[2025-10-20T19:18:19.367+0000][25964][gc,age      ] GC(21) - age   3:     188264 bytes,    1729800 total
[2025-10-20T19:18:19.367+0000][25964][gc,age      ] GC(21) - age   4:     452280 bytes,    2182080 total
[2025-10-20T19:18:19.367+0000][25964][gc,age      ] GC(21) - age   5:      46024 bytes,    2228104 total
[2025-10-20T19:18:19.367+0000][25964][gc,age      ] GC(21) - age   6:     214928 bytes,    2443032 total
[2025-10-20T19:18:19.367+0000][25964][gc,age      ] GC(21) - age   7:     157416 bytes,    2600448 total
[2025-10-20T19:18:19.367+0000][25964][gc,age      ] GC(21) - age   8:    1149528 bytes,    3749976 total
[2025-10-20T19:18:19.367+0000][25964][gc,age      ] GC(21) - age   9:    2686504 bytes,    6436480 total
[2025-10-20T19:18:19.367+0000][25964][gc,age      ] GC(21) - age  10:   14974304 bytes,   21410784 total
[2025-10-20T19:18:19.367+0000][25964][gc,age      ] GC(21) - age  11:   10335168 bytes,   31745952 total
[2025-10-20T19:18:19.367+0000][25964][gc,phases   ] GC(21)   Pre Evacuate Collection Set: 0.1ms
[2025-10-20T19:18:19.367+0000][25964][gc,phases   ] GC(21)   Merge Heap Roots: 0.1ms
[2025-10-20T19:18:19.367+0000][25964][gc,phases   ] GC(21)   Evacuate Collection Set: 7.1ms
[2025-10-20T19:18:19.367+0000][25964][gc,phases   ] GC(21)   Post Evacuate Collection Set: 1.0ms
[2025-10-20T19:18:19.367+0000][25964][gc,phases   ] GC(21)   Other: 0.3ms
[2025-10-20T19:18:19.367+0000][25964][gc,heap     ] GC(21) Eden regions: 581->0(580)
[2025-10-20T19:18:19.367+0000][25964][gc,heap     ] GC(21) Survivor regions: 33->34(77)
[2025-10-20T19:18:19.367+0000][25964][gc,heap     ] GC(21) Old regions: 48->48
[2025-10-20T19:18:19.367+0000][25964][gc,heap     ] GC(21) Archive regions: 0->0
[2025-10-20T19:18:19.368+0000][25964][gc,heap     ] GC(21) Humongous regions: 83->7
[2025-10-20T19:18:19.368+0000][25964][gc,metaspace] GC(21) Metaspace: 105835K(109744K)->105835K(109744K) NonClass: 92239K(94896K)->92239K(94896K) Class: 13595K(14848K)->13595K(14848K)
[2025-10-20T19:18:19.368+0000][25964][gc          ] GC(21) Pause Young (Normal) (G1 Evacuation Pause) 744M->88M(1024M) 8.699ms
[2025-10-20T19:18:19.368+0000][25964][gc,cpu      ] GC(21) User=0.16s Sys=0.00s Real=0.01s
[2025-10-20T19:18:19.368+0000][25964][safepoint   ] Safepoint "G1CollectForAllocation", Time since last: 498517500 ns, Reaching safepoint: 83100 ns, At safepoint: 8800900 ns, Total: 8884000 ns
[2025-10-20T19:18:22.393+0000][25964][safepoint   ] Safepoint "Cleanup", Time since last: 3025367200 ns, Reaching safepoint: 93200 ns, At safepoint: 11200 ns, Total: 104400 ns
[2025-10-20T19:18:24.399+0000][25964][safepoint   ] Safepoint "Cleanup", Time since last: 2005880300 ns, Reaching safepoint: 89000 ns, At safepoint: 6700 ns, Total: 95700 ns
[2025-10-20T19:18:45.578+0000][25964][safepoint   ] Safepoint "Cleanup", Time since last: 21178682600 ns, Reaching safepoint: 87400 ns, At safepoint: 9400 ns, Total: 96800 ns
[2025-10-20T19:18:48.609+0000][25964][safepoint   ] Safepoint "Cleanup", Time since last: 3030817700 ns, Reaching safepoint: 113400 ns, At safepoint: 7900 ns, Total: 121300 ns
[2025-10-20T19:19:03.731+0000][25964][safepoint   ] Safepoint "Cleanup", Time since last: 15121746800 ns, Reaching safepoint: 102100 ns, At safepoint: 8700 ns, Total: 110800 ns
[2025-10-20T19:19:23.871+0000][25964][safepoint   ] Safepoint "Cleanup", Time since last: 20140452900 ns, Reaching safepoint: 94800 ns, At safepoint: 21300 ns, Total: 116100 ns
[2025-10-20T19:19:26.891+0000][25964][safepoint   ] Safepoint "Cleanup", Time since last: 3019312400 ns, Reaching safepoint: 88700 ns, At safepoint: 10500 ns, Total: 99200 ns
[2025-10-20T19:19:27.893+0000][25964][safepoint   ] Safepoint "Cleanup", Time since last: 1002093400 ns, Reaching safepoint: 87300 ns, At safepoint: 11300 ns, Total: 98600 ns
[2025-10-20T19:20:06.166+0000][25964][safepoint   ] Safepoint "Cleanup", Time since last: 38273115000 ns, Reaching safepoint: 132700 ns, At safepoint: 11100 ns, Total: 143800 ns
[2025-10-20T19:20:08.182+0000][25964][safepoint   ] Safepoint "Cleanup", Time since last: 2016003500 ns, Reaching safepoint: 71100 ns, At safepoint: 20000 ns, Total: 91100 ns
[2025-10-20T19:20:09.202+0000][25964][safepoint   ] Safepoint "Cleanup", Time since last: 1019643100 ns, Reaching safepoint: 114800 ns, At safepoint: 16000 ns, Total: 130800 ns
[2025-10-20T19:20:11.223+0000][25964][safepoint   ] Safepoint "Cleanup", Time since last: 2021333400 ns, Reaching safepoint: 74600 ns, At safepoint: 10200 ns, Total: 84800 ns
[2025-10-20T19:20:12.224+0000][25964][safepoint   ] Safepoint "Cleanup", Time since last: 1000249900 ns, Reaching safepoint: 95800 ns, At safepoint: 21600 ns, Total: 117400 ns
[2025-10-20T19:20:15.236+0000][25964][safepoint   ] Safepoint "Cleanup", Time since last: 3012367400 ns, Reaching safepoint: 96900 ns, At safepoint: 24000 ns, Total: 120900 ns
[2025-10-20T19:20:18.283+0000][25964][safepoint   ] Safepoint "Cleanup", Time since last: 3046368800 ns, Reaching safepoint: 91200 ns, At safepoint: 11600 ns, Total: 102800 ns
[2025-10-20T19:20:23.319+0000][25964][safepoint   ] Safepoint "Cleanup", Time since last: 5036155100 ns, Reaching safepoint: 105000 ns, At safepoint: 15600 ns, Total: 120600 ns
[2025-10-20T19:20:24.319+0000][25964][safepoint   ] Safepoint "Cleanup", Time since last: 1000090800 ns, Reaching safepoint: 96300 ns, At safepoint: 13900 ns, Total: 110200 ns
[2025-10-20T19:20:39.434+0000][25964][safepoint   ] Safepoint "Cleanup", Time since last: 15115048600 ns, Reaching safepoint: 253400 ns, At safepoint: 22500 ns, Total: 275900 ns
[2025-10-20T19:20:43.472+0000][25964][safepoint   ] Safepoint "Cleanup", Time since last: 4037977100 ns, Reaching safepoint: 107700 ns, At safepoint: 14800 ns, Total: 122500 ns
[2025-10-20T19:21:09.669+0000][25964][safepoint   ] Safepoint "Cleanup", Time since last: 26195714900 ns, Reaching safepoint: 105100 ns, At safepoint: 13800 ns, Total: 118900 ns
[2025-10-20T19:21:10.673+0000][25964][safepoint   ] Safepoint "Cleanup", Time since last: 1003940100 ns, Reaching safepoint: 104200 ns, At safepoint: 16700 ns, Total: 120900 ns
[2025-10-20T19:21:23.807+0000][25964][safepoint   ] Safepoint "Cleanup", Time since last: 13134200000 ns, Reaching safepoint: 113500 ns, At safepoint: 10300 ns, Total: 123800 ns
[2025-10-20T19:21:24.820+0000][25964][safepoint   ] Safepoint "Cleanup", Time since last: 1013550200 ns, Reaching safepoint: 108900 ns, At safepoint: 11900 ns, Total: 120800 ns
[2025-10-20T19:21:58.079+0000][25964][safepoint   ] Safepoint "Cleanup", Time since last: 33258033800 ns, Reaching safepoint: 85500 ns, At safepoint: 23800 ns, Total: 109300 ns
[2025-10-20T19:22:13.215+0000][25964][safepoint   ] Safepoint "Cleanup", Time since last: 15136647300 ns, Reaching safepoint: 166600 ns, At safepoint: 17100 ns, Total: 183700 ns
[2025-10-20T19:22:14.238+0000][25964][safepoint   ] Safepoint "Cleanup", Time since last: 1022393400 ns, Reaching safepoint: 102800 ns, At safepoint: 13500 ns, Total: 116300 ns
[2025-10-20T19:22:23.311+0000][25964][safepoint   ] Safepoint "Cleanup", Time since last: 9072593800 ns, Reaching safepoint: 99800 ns, At safepoint: 12600 ns, Total: 112400 ns
[2025-10-20T19:22:48.511+0000][25964][safepoint   ] Safepoint "Cleanup", Time since last: 25199866500 ns, Reaching safepoint: 87900 ns, At safepoint: 10900 ns, Total: 98800 ns
[2025-10-20T19:23:12.653+0000][25964][safepoint   ] Safepoint "Cleanup", Time since last: 24142506000 ns, Reaching safepoint: 101100 ns, At safepoint: 9000 ns, Total: 110100 ns
[2025-10-20T19:23:15.667+0000][25964][safepoint   ] Safepoint "Cleanup", Time since last: 3013275800 ns, Reaching safepoint: 99600 ns, At safepoint: 9500 ns, Total: 109100 ns
[2025-10-20T19:23:16.683+0000][25964][safepoint   ] Safepoint "Cleanup", Time since last: 1016273400 ns, Reaching safepoint: 111100 ns, At safepoint: 11000 ns, Total: 122100 ns
[2025-10-20T19:23:23.763+0000][25964][safepoint   ] Safepoint "Cleanup", Time since last: 7079689000 ns, Reaching safepoint: 108300 ns, At safepoint: 10500 ns, Total: 118800 ns
[2025-10-20T19:24:05.322+0000][25964][gc,start    ] GC(22) Pause Young (Normal) (G1 Evacuation Pause)
[2025-10-20T19:24:05.322+0000][25964][gc,task     ] GC(22) Using 10 workers of 10 for evacuation
[2025-10-20T19:24:05.322+0000][25964][gc,age      ] GC(22) Desired survivor size 40370176 bytes, new threshold 15 (max threshold 15)
[2025-10-20T19:24:05.331+0000][25964][gc,age      ] GC(22) Age table with threshold 15 (max threshold 15)
[2025-10-20T19:24:05.331+0000][25964][gc,age      ] GC(22) - age   1:    1558728 bytes,    1558728 total
[2025-10-20T19:24:05.331+0000][25964][gc,age      ] GC(22) - age   2:     254920 bytes,    1813648 total
[2025-10-20T19:24:05.331+0000][25964][gc,age      ] GC(22) - age   3:       7248 bytes,    1820896 total
[2025-10-20T19:24:05.331+0000][25964][gc,age      ] GC(22) - age   4:      10792 bytes,    1831688 total
[2025-10-20T19:24:05.331+0000][25964][gc,age      ] GC(22) - age   5:      99016 bytes,    1930704 total
[2025-10-20T19:24:05.331+0000][25964][gc,age      ] GC(22) - age   6:      45640 bytes,    1976344 total
[2025-10-20T19:24:05.331+0000][25964][gc,age      ] GC(22) - age   7:     214864 bytes,    2191208 total
[2025-10-20T19:24:05.331+0000][25964][gc,age      ] GC(22) - age   8:     157416 bytes,    2348624 total
[2025-10-20T19:24:05.331+0000][25964][gc,age      ] GC(22) - age   9:    1149528 bytes,    3498152 total
[2025-10-20T19:24:05.331+0000][25964][gc,age      ] GC(22) - age  10:    2686504 bytes,    6184656 total
[2025-10-20T19:24:05.331+0000][25964][gc,age      ] GC(22) - age  11:   14974304 bytes,   21158960 total
[2025-10-20T19:24:05.331+0000][25964][gc,age      ] GC(22) - age  12:   10335168 bytes,   31494128 total
[2025-10-20T19:24:05.331+0000][25964][gc,phases   ] GC(22)   Pre Evacuate Collection Set: 0.1ms
[2025-10-20T19:24:05.331+0000][25964][gc,phases   ] GC(22)   Merge Heap Roots: 0.1ms
[2025-10-20T19:24:05.331+0000][25964][gc,phases   ] GC(22)   Evacuate Collection Set: 7.0ms
[2025-10-20T19:24:05.331+0000][25964][gc,phases   ] GC(22)   Post Evacuate Collection Set: 1.1ms
[2025-10-20T19:24:05.331+0000][25964][gc,phases   ] GC(22)   Other: 0.4ms
[2025-10-20T19:24:05.331+0000][25964][gc,heap     ] GC(22) Eden regions: 580->0(582)
[2025-10-20T19:24:05.331+0000][25964][gc,heap     ] GC(22) Survivor regions: 34->32(77)
[2025-10-20T19:24:05.331+0000][25964][gc,heap     ] GC(22) Old regions: 48->48
[2025-10-20T19:24:05.331+0000][25964][gc,heap     ] GC(22) Archive regions: 0->0
[2025-10-20T19:24:05.331+0000][25964][gc,heap     ] GC(22) Humongous regions: 7->7
[2025-10-20T19:24:05.331+0000][25964][gc,metaspace] GC(22) Metaspace: 105969K(109744K)->105969K(109744K) NonClass: 92373K(94896K)->92373K(94896K) Class: 13595K(14848K)->13595K(14848K)
[2025-10-20T19:24:05.331+0000][25964][gc          ] GC(22) Pause Young (Normal) (G1 Evacuation Pause) 668M->86M(1024M) 8.735ms
[2025-10-20T19:24:05.331+0000][25964][gc,cpu      ] GC(22) User=0.00s Sys=0.00s Real=0.01s
[2025-10-20T19:24:05.331+0000][25964][safepoint   ] Safepoint "G1CollectForAllocation", Time since last: 41559588000 ns, Reaching safepoint: 394500 ns, At safepoint: 8821400 ns, Total: 9215900 ns
[2025-10-20T19:24:09.360+0000][25964][safepoint   ] Safepoint "Cleanup", Time since last: 4028529700 ns, Reaching safepoint: 446700 ns, At safepoint: 9200 ns, Total: 455900 ns
[2025-10-20T19:24:19.445+0000][25964][safepoint   ] Safepoint "Cleanup", Time since last: 10084087300 ns, Reaching safepoint: 106000 ns, At safepoint: 8000 ns, Total: 114000 ns
[2025-10-20T19:24:20.459+0000][25964][safepoint   ] Safepoint "Cleanup", Time since last: 1013568600 ns, Reaching safepoint: 101600 ns, At safepoint: 9400 ns, Total: 111000 ns
[2025-10-20T19:24:22.473+0000][25964][safepoint   ] Safepoint "Cleanup", Time since last: 2014309900 ns, Reaching safepoint: 79200 ns, At safepoint: 7500 ns, Total: 86700 ns
[2025-10-20T19:24:33.554+0000][25964][safepoint   ] Safepoint "Cleanup", Time since last: 11081281200 ns, Reaching safepoint: 75800 ns, At safepoint: 2900 ns, Total: 78700 ns
[2025-10-20T19:25:02.805+0000][25964][safepoint   ] Safepoint "Cleanup", Time since last: 29250964200 ns, Reaching safepoint: 76800 ns, At safepoint: 7600 ns, Total: 84400 ns
[2025-10-20T19:25:08.867+0000][25964][safepoint   ] Safepoint "Cleanup", Time since last: 6061234600 ns, Reaching safepoint: 97800 ns, At safepoint: 11100 ns, Total: 108900 ns
[2025-10-20T19:25:21.954+0000][25964][safepoint   ] Safepoint "Cleanup", Time since last: 13086770400 ns, Reaching safepoint: 93000 ns, At safepoint: 12100 ns, Total: 105100 ns
[2025-10-20T19:25:22.961+0000][25964][safepoint   ] Safepoint "Cleanup", Time since last: 1007682800 ns, Reaching safepoint: 99700 ns, At safepoint: 6500 ns, Total: 106200 ns
[2025-10-20T19:25:24.987+0000][25964][safepoint   ] Safepoint "Cleanup", Time since last: 2025774600 ns, Reaching safepoint: 90400 ns, At safepoint: 22500 ns, Total: 112900 ns
[2025-10-20T19:25:28.012+0000][25964][safepoint   ] Safepoint "Cleanup", Time since last: 3024354600 ns, Reaching safepoint: 139400 ns, At safepoint: 14800 ns, Total: 154200 ns
[2025-10-20T19:26:04.340+0000][25964][safepoint   ] Safepoint "Cleanup", Time since last: 36327977500 ns, Reaching safepoint: 114200 ns, At safepoint: 13900 ns, Total: 128100 ns
[2025-10-20T19:26:16.444+0000][25964][safepoint   ] Safepoint "Cleanup", Time since last: 12104329000 ns, Reaching safepoint: 95400 ns, At safepoint: 9500 ns, Total: 104900 ns
[2025-10-20T19:26:19.472+0000][25964][safepoint   ] Safepoint "Cleanup", Time since last: 3027883000 ns, Reaching safepoint: 92000 ns, At safepoint: 14100 ns, Total: 106100 ns
[2025-10-20T19:26:25.530+0000][25964][safepoint   ] Safepoint "Cleanup", Time since last: 6057815500 ns, Reaching safepoint: 101300 ns, At safepoint: 10500 ns, Total: 111800 ns
[2025-10-20T19:26:26.543+0000][25964][safepoint   ] Safepoint "Cleanup", Time since last: 1012787500 ns, Reaching safepoint: 93400 ns, At safepoint: 11900 ns, Total: 105300 ns
[2025-10-20T19:26:43.719+0000][25964][safepoint   ] Safepoint "Cleanup", Time since last: 17175390800 ns, Reaching safepoint: 117200 ns, At safepoint: 14700 ns, Total: 131900 ns
[2025-10-20T19:26:49.763+0000][25964][safepoint   ] Safepoint "Cleanup", Time since last: 6044569700 ns, Reaching safepoint: 121000 ns, At safepoint: 10500 ns, Total: 131500 ns
[2025-10-20T19:26:54.816+0000][25964][safepoint   ] Safepoint "Cleanup", Time since last: 5052703000 ns, Reaching safepoint: 108500 ns, At safepoint: 17800 ns, Total: 126300 ns
[2025-10-20T19:27:01.878+0000][25964][safepoint   ] Safepoint "Cleanup", Time since last: 7061240800 ns, Reaching safepoint: 98600 ns, At safepoint: 32500 ns, Total: 131100 ns
[2025-10-20T19:27:02.888+0000][25964][safepoint   ] Safepoint "Cleanup", Time since last: 1010787900 ns, Reaching safepoint: 90900 ns, At safepoint: 9200 ns, Total: 100100 ns
[2025-10-20T19:27:26.109+0000][25964][safepoint   ] Safepoint "Cleanup", Time since last: 23220307100 ns, Reaching safepoint: 98200 ns, At safepoint: 5200 ns, Total: 103400 ns
[2025-10-20T19:27:29.131+0000][25964][safepoint   ] Safepoint "Cleanup", Time since last: 3021742200 ns, Reaching safepoint: 102000 ns, At safepoint: 13700 ns, Total: 115700 ns
[2025-10-20T19:27:37.202+0000][25964][safepoint   ] Safepoint "Cleanup", Time since last: 8071556900 ns, Reaching safepoint: 104000 ns, At safepoint: 11800 ns, Total: 115800 ns
[2025-10-20T19:28:01.440+0000][25964][safepoint   ] Safepoint "Cleanup", Time since last: 24237929500 ns, Reaching safepoint: 104200 ns, At safepoint: 4700 ns, Total: 108900 ns
[2025-10-20T19:28:10.515+0000][25964][safepoint   ] Safepoint "Cleanup", Time since last: 9074156300 ns, Reaching safepoint: 94900 ns, At safepoint: 9600 ns, Total: 104500 ns
[2025-10-20T19:28:16.554+0000][25964][safepoint   ] Safepoint "Cleanup", Time since last: 6039738300 ns, Reaching safepoint: 91600 ns, At safepoint: 14200 ns, Total: 105800 ns
[2025-10-20T19:28:17.558+0000][25964][safepoint   ] Safepoint "Cleanup", Time since last: 1003816500 ns, Reaching safepoint: 100900 ns, At safepoint: 16200 ns, Total: 117100 ns
[2025-10-20T19:28:19.571+0000][25964][safepoint   ] Safepoint "Cleanup", Time since last: 2012844200 ns, Reaching safepoint: 93700 ns, At safepoint: 11500 ns, Total: 105200 ns
[2025-10-20T19:28:22.594+0000][25964][safepoint   ] Safepoint "Cleanup", Time since last: 3022398900 ns, Reaching safepoint: 91900 ns, At safepoint: 36500 ns, Total: 128400 ns
[2025-10-20T19:28:24.615+0000][25964][safepoint   ] Safepoint "Cleanup", Time since last: 2020522400 ns, Reaching safepoint: 92700 ns, At safepoint: 11100 ns, Total: 103800 ns
[2025-10-20T19:28:27.639+0000][25964][safepoint   ] Safepoint "Cleanup", Time since last: 3024649900 ns, Reaching safepoint: 104000 ns, At safepoint: 8700 ns, Total: 112700 ns
[2025-10-20T19:28:31.669+0000][25964][safepoint   ] Safepoint "Cleanup", Time since last: 4029203100 ns, Reaching safepoint: 108100 ns, At safepoint: 13400 ns, Total: 121500 ns
[2025-10-20T19:28:32.672+0000][25964][safepoint   ] Safepoint "Cleanup", Time since last: 1003387900 ns, Reaching safepoint: 98900 ns, At safepoint: 11900 ns, Total: 110800 ns
[2025-10-20T19:28:57.857+0000][25964][safepoint   ] Safepoint "Cleanup", Time since last: 25185212800 ns, Reaching safepoint: 92800 ns, At safepoint: 8900 ns, Total: 101700 ns
[2025-10-20T19:29:02.910+0000][25964][safepoint   ] Safepoint "Cleanup", Time since last: 5052084300 ns, Reaching safepoint: 98800 ns, At safepoint: 12900 ns, Total: 111700 ns
[2025-10-20T19:29:26.083+0000][25964][safepoint   ] Safepoint "Cleanup", Time since last: 23173048900 ns, Reaching safepoint: 97200 ns, At safepoint: 37300 ns, Total: 134500 ns
[2025-10-20T19:29:27.093+0000][25964][safepoint   ] Safepoint "Cleanup", Time since last: 1010337800 ns, Reaching safepoint: 97000 ns, At safepoint: 11100 ns, Total: 108100 ns
[2025-10-20T19:29:33.133+0000][25964][safepoint   ] Safepoint "Cleanup", Time since last: 6039578700 ns, Reaching safepoint: 102900 ns, At safepoint: 12400 ns, Total: 115300 ns
[2025-10-20T19:29:35.150+0000][25964][safepoint   ] Safepoint "Cleanup", Time since last: 2016516600 ns, Reaching safepoint: 92000 ns, At safepoint: 25000 ns, Total: 117000 ns
[2025-10-20T19:29:42.214+0000][25964][safepoint   ] Safepoint "Cleanup", Time since last: 7063919700 ns, Reaching safepoint: 100600 ns, At safepoint: 11700 ns, Total: 112300 ns
[2025-10-20T19:29:45.243+0000][25964][safepoint   ] Safepoint "Cleanup", Time since last: 3029196800 ns, Reaching safepoint: 115300 ns, At safepoint: 12800 ns, Total: 128100 ns
[2025-10-20T19:29:47.277+0000][25964][safepoint   ] Safepoint "Cleanup", Time since last: 2033797200 ns, Reaching safepoint: 90400 ns, At safepoint: 11600 ns, Total: 102000 ns
[2025-10-20T19:29:49.503+0000][25964][gc,start    ] GC(23) Pause Young (Normal) (G1 Evacuation Pause)
[2025-10-20T19:29:49.503+0000][25964][gc,task     ] GC(23) Using 10 workers of 10 for evacuation
[2025-10-20T19:29:49.503+0000][25964][gc,age      ] GC(23) Desired survivor size 40370176 bytes, new threshold 15 (max threshold 15)
[2025-10-20T19:29:49.512+0000][25964][gc,age      ] GC(23) Age table with threshold 15 (max threshold 15)
[2025-10-20T19:29:49.512+0000][25964][gc,age      ] GC(23) - age   1:    2122064 bytes,    2122064 total
[2025-10-20T19:29:49.512+0000][25964][gc,age      ] GC(23) - age   2:     512720 bytes,    2634784 total
[2025-10-20T19:29:49.512+0000][25964][gc,age      ] GC(23) - age   3:      85376 bytes,    2720160 total
[2025-10-20T19:29:49.512+0000][25964][gc,age      ] GC(23) - age   4:       6576 bytes,    2726736 total
[2025-10-20T19:29:49.512+0000][25964][gc,age      ] GC(23) - age   5:      10312 bytes,    2737048 total
[2025-10-20T19:29:49.512+0000][25964][gc,age      ] GC(23) - age   6:      98600 bytes,    2835648 total
[2025-10-20T19:29:49.512+0000][25964][gc,age      ] GC(23) - age   7:      45576 bytes,    2881224 total
[2025-10-20T19:29:49.512+0000][25964][gc,age      ] GC(23) - age   8:     214736 bytes,    3095960 total
[2025-10-20T19:29:49.512+0000][25964][gc,age      ] GC(23) - age   9:     157416 bytes,    3253376 total
[2025-10-20T19:29:49.512+0000][25964][gc,age      ] GC(23) - age  10:    1149528 bytes,    4402904 total
[2025-10-20T19:29:49.512+0000][25964][gc,age      ] GC(23) - age  11:    2686408 bytes,    7089312 total
[2025-10-20T19:29:49.512+0000][25964][gc,age      ] GC(23) - age  12:   14974080 bytes,   22063392 total
[2025-10-20T19:29:49.512+0000][25964][gc,age      ] GC(23) - age  13:   10335168 bytes,   32398560 total
[2025-10-20T19:29:49.512+0000][25964][gc,phases   ] GC(23)   Pre Evacuate Collection Set: 0.1ms
[2025-10-20T19:29:49.512+0000][25964][gc,phases   ] GC(23)   Merge Heap Roots: 0.1ms
[2025-10-20T19:29:49.512+0000][25964][gc,phases   ] GC(23)   Evacuate Collection Set: 7.5ms
[2025-10-20T19:29:49.512+0000][25964][gc,phases   ] GC(23)   Post Evacuate Collection Set: 1.0ms
[2025-10-20T19:29:49.512+0000][25964][gc,phases   ] GC(23)   Other: 0.4ms
[2025-10-20T19:29:49.512+0000][25964][gc,heap     ] GC(23) Eden regions: 582->0(580)
[2025-10-20T19:29:49.512+0000][25964][gc,heap     ] GC(23) Survivor regions: 32->34(77)
[2025-10-20T19:29:49.512+0000][25964][gc,heap     ] GC(23) Old regions: 48->48
[2025-10-20T19:29:49.512+0000][25964][gc,heap     ] GC(23) Archive regions: 0->0
[2025-10-20T19:29:49.512+0000][25964][gc,heap     ] GC(23) Humongous regions: 7->7
[2025-10-20T19:29:49.512+0000][25964][gc,metaspace] GC(23) Metaspace: 106112K(110000K)->106112K(110000K) NonClass: 92514K(95152K)->92514K(95152K) Class: 13598K(14848K)->13598K(14848K)
[2025-10-20T19:29:49.512+0000][25964][gc          ] GC(23) Pause Young (Normal) (G1 Evacuation Pause) 668M->88M(1024M) 9.140ms
[2025-10-20T19:29:49.512+0000][25964][gc,cpu      ] GC(23) User=0.14s Sys=0.00s Real=0.01s
[2025-10-20T19:29:49.512+0000][25964][safepoint   ] Safepoint "G1CollectForAllocation", Time since last: 2225813800 ns, Reaching safepoint: 73200 ns, At safepoint: 9231800 ns, Total: 9305000 ns
[2025-10-20T19:29:57.583+0000][25964][safepoint   ] Safepoint "Cleanup", Time since last: 8071137200 ns, Reaching safepoint: 106500 ns, At safepoint: 3100 ns, Total: 109600 ns
[2025-10-20T19:30:29.855+0000][25964][safepoint   ] Safepoint "Cleanup", Time since last: 32271628900 ns, Reaching safepoint: 85300 ns, At safepoint: 20300 ns, Total: 105600 ns
[2025-10-20T19:30:37.938+0000][25964][safepoint   ] Safepoint "Cleanup", Time since last: 8082921800 ns, Reaching safepoint: 127400 ns, At safepoint: 2900 ns, Total: 130300 ns
[2025-10-20T19:30:38.941+0000][25964][safepoint   ] Safepoint "Cleanup", Time since last: 1002662400 ns, Reaching safepoint: 98900 ns, At safepoint: 9500 ns, Total: 108400 ns
[2025-10-20T19:31:03.135+0000][25964][safepoint   ] Safepoint "Cleanup", Time since last: 24193699400 ns, Reaching safepoint: 78800 ns, At safepoint: 10100 ns, Total: 88900 ns
[2025-10-20T19:31:11.189+0000][25964][safepoint   ] Safepoint "Cleanup", Time since last: 8054490400 ns, Reaching safepoint: 92900 ns, At safepoint: 13100 ns, Total: 106000 ns
[2025-10-20T19:31:29.325+0000][25964][safepoint   ] Safepoint "Cleanup", Time since last: 18135330200 ns, Reaching safepoint: 93300 ns, At safepoint: 21600 ns, Total: 114900 ns
[2025-10-20T19:31:30.332+0000][25964][safepoint   ] Safepoint "Cleanup", Time since last: 1007249400 ns, Reaching safepoint: 102000 ns, At safepoint: 7500 ns, Total: 109500 ns
[2025-10-20T19:31:32.349+0000][25964][safepoint   ] Safepoint "Cleanup", Time since last: 2016699500 ns, Reaching safepoint: 87300 ns, At safepoint: 14500 ns, Total: 101800 ns
[2025-10-20T19:31:33.351+0000][25964][safepoint   ] Safepoint "Cleanup", Time since last: 1001855600 ns, Reaching safepoint: 89700 ns, At safepoint: 16800 ns, Total: 106500 ns
[2025-10-20T19:31:41.437+0000][25964][safepoint   ] Safepoint "Cleanup", Time since last: 8086008000 ns, Reaching safepoint: 113900 ns, At safepoint: 8100 ns, Total: 122000 ns
[2025-10-20T19:32:31.865+0000][25964][safepoint   ] Safepoint "Cleanup", Time since last: 50428453000 ns, Reaching safepoint: 117000 ns, At safepoint: 8800 ns, Total: 125800 ns
[2025-10-20T19:32:32.871+0000][25964][safepoint   ] Safepoint "Cleanup", Time since last: 1005630900 ns, Reaching safepoint: 86800 ns, At safepoint: 8200 ns, Total: 95000 ns
[2025-10-20T19:32:43.946+0000][25964][safepoint   ] Safepoint "Cleanup", Time since last: 11074555200 ns, Reaching safepoint: 93000 ns, At safepoint: 12000 ns, Total: 105000 ns
[2025-10-20T19:32:58.073+0000][25964][safepoint   ] Safepoint "Cleanup", Time since last: 14127189200 ns, Reaching safepoint: 98300 ns, At safepoint: 2600 ns, Total: 100900 ns
[2025-10-20T19:32:59.083+0000][25964][safepoint   ] Safepoint "Cleanup", Time since last: 1009308200 ns, Reaching safepoint: 86700 ns, At safepoint: 2400 ns, Total: 89100 ns
[2025-10-20T19:33:03.102+0000][25964][safepoint   ] Safepoint "Cleanup", Time since last: 4019097400 ns, Reaching safepoint: 86800 ns, At safepoint: 8000 ns, Total: 94800 ns
[2025-10-20T19:33:17.210+0000][25964][safepoint   ] Safepoint "Cleanup", Time since last: 14108632700 ns, Reaching safepoint: 136700 ns, At safepoint: 2600 ns, Total: 139300 ns
[2025-10-20T19:33:22.267+0000][25964][safepoint   ] Safepoint "Cleanup", Time since last: 5056431100 ns, Reaching safepoint: 92800 ns, At safepoint: 9000 ns, Total: 101800 ns
[2025-10-20T19:33:28.328+0000][25964][safepoint   ] Safepoint "Cleanup", Time since last: 6060710900 ns, Reaching safepoint: 207100 ns, At safepoint: 30400 ns, Total: 237500 ns
[2025-10-20T19:33:33.363+0000][25964][safepoint   ] Safepoint "Cleanup", Time since last: 5034588700 ns, Reaching safepoint: 95900 ns, At safepoint: 9300 ns, Total: 105200 ns
[2025-10-20T19:33:38.393+0000][25964][safepoint   ] Safepoint "Cleanup", Time since last: 5029936000 ns, Reaching safepoint: 99300 ns, At safepoint: 12300 ns, Total: 111600 ns
[2025-10-20T19:33:41.422+0000][25964][safepoint   ] Safepoint "Cleanup", Time since last: 3028949800 ns, Reaching safepoint: 102000 ns, At safepoint: 9500 ns, Total: 111500 ns
[2025-10-20T19:33:45.457+0000][25964][safepoint   ] Safepoint "Cleanup", Time since last: 4035584700 ns, Reaching safepoint: 94800 ns, At safepoint: 8700 ns, Total: 103500 ns
[2025-10-20T19:33:47.480+0000][25964][safepoint   ] Safepoint "Cleanup", Time since last: 2022466500 ns, Reaching safepoint: 96700 ns, At safepoint: 13200 ns, Total: 109900 ns
[2025-10-20T19:33:53.518+0000][25964][safepoint   ] Safepoint "Cleanup", Time since last: 6037692400 ns, Reaching safepoint: 104700 ns, At safepoint: 18200 ns, Total: 122900 ns
[2025-10-20T19:33:56.548+0000][25964][safepoint   ] Safepoint "Cleanup", Time since last: 3029894700 ns, Reaching safepoint: 97600 ns, At safepoint: 20900 ns, Total: 118500 ns
[2025-10-20T19:33:58.572+0000][25964][safepoint   ] Safepoint "Cleanup", Time since last: 2024084500 ns, Reaching safepoint: 97800 ns, At safepoint: 11800 ns, Total: 109600 ns
[2025-10-20T19:34:05.619+0000][25964][safepoint   ] Safepoint "Cleanup", Time since last: 7046767300 ns, Reaching safepoint: 102200 ns, At safepoint: 16400 ns, Total: 118600 ns
[2025-10-20T19:34:29.829+0000][25964][safepoint   ] Safepoint "Cleanup", Time since last: 24209868800 ns, Reaching safepoint: 102100 ns, At safepoint: 15800 ns, Total: 117900 ns
[2025-10-20T19:34:33.860+0000][25964][safepoint   ] Safepoint "Cleanup", Time since last: 4030921800 ns, Reaching safepoint: 98800 ns, At safepoint: 8200 ns, Total: 107000 ns
[2025-10-20T19:34:51.984+0000][25964][safepoint   ] Safepoint "Cleanup", Time since last: 18124131500 ns, Reaching safepoint: 108300 ns, At safepoint: 10600 ns, Total: 118900 ns
[2025-10-20T19:34:55.009+0000][25964][safepoint   ] Safepoint "Cleanup", Time since last: 3024638500 ns, Reaching safepoint: 109400 ns, At safepoint: 22200 ns, Total: 131600 ns
[2025-10-20T19:34:58.039+0000][25964][safepoint   ] Safepoint "Cleanup", Time since last: 3029895500 ns, Reaching safepoint: 118200 ns, At safepoint: 14100 ns, Total: 132300 ns
[2025-10-20T19:35:25.272+0000][25964][safepoint   ] Safepoint "Cleanup", Time since last: 27232806000 ns, Reaching safepoint: 99500 ns, At safepoint: 12700 ns, Total: 112200 ns
[2025-10-20T19:35:29.312+0000][25964][safepoint   ] Safepoint "Cleanup", Time since last: 4039968800 ns, Reaching safepoint: 98800 ns, At safepoint: 6800 ns, Total: 105600 ns
[2025-10-20T19:35:31.327+0000][25964][safepoint   ] Safepoint "Cleanup", Time since last: 2015102600 ns, Reaching safepoint: 84700 ns, At safepoint: 8100 ns, Total: 92800 ns
[2025-10-20T19:35:32.308+0000][25964][gc,start    ] GC(24) Pause Young (Normal) (G1 Evacuation Pause)
[2025-10-20T19:35:32.308+0000][25964][gc,task     ] GC(24) Using 10 workers of 10 for evacuation
[2025-10-20T19:35:32.308+0000][25964][gc,age      ] GC(24) Desired survivor size 40370176 bytes, new threshold 15 (max threshold 15)
[2025-10-20T19:35:32.316+0000][25964][gc,age      ] GC(24) Age table with threshold 15 (max threshold 15)
[2025-10-20T19:35:32.316+0000][25964][gc,age      ] GC(24) - age   1:    1634984 bytes,    1634984 total
[2025-10-20T19:35:32.316+0000][25964][gc,age      ] GC(24) - age   2:     325744 bytes,    1960728 total
[2025-10-20T19:35:32.316+0000][25964][gc,age      ] GC(24) - age   3:     353088 bytes,    2313816 total
[2025-10-20T19:35:32.316+0000][25964][gc,age      ] GC(24) - age   4:      84120 bytes,    2397936 total
[2025-10-20T19:35:32.316+0000][25964][gc,age      ] GC(24) - age   5:       6384 bytes,    2404320 total
[2025-10-20T19:35:32.316+0000][25964][gc,age      ] GC(24) - age   6:      10136 bytes,    2414456 total
[2025-10-20T19:35:32.316+0000][25964][gc,age      ] GC(24) - age   7:      98472 bytes,    2512928 total
[2025-10-20T19:35:32.316+0000][25964][gc,age      ] GC(24) - age   8:      45576 bytes,    2558504 total
[2025-10-20T19:35:32.316+0000][25964][gc,age      ] GC(24) - age   9:     214608 bytes,    2773112 total
[2025-10-20T19:35:32.316+0000][25964][gc,age      ] GC(24) - age  10:     157416 bytes,    2930528 total
[2025-10-20T19:35:32.316+0000][25964][gc,age      ] GC(24) - age  11:    1149528 bytes,    4080056 total
[2025-10-20T19:35:32.316+0000][25964][gc,age      ] GC(24) - age  12:    2686408 bytes,    6766464 total
[2025-10-20T19:35:32.316+0000][25964][gc,age      ] GC(24) - age  13:   14974080 bytes,   21740544 total
[2025-10-20T19:35:32.316+0000][25964][gc,age      ] GC(24) - age  14:   10335168 bytes,   32075712 total
[2025-10-20T19:35:32.316+0000][25964][gc,phases   ] GC(24)   Pre Evacuate Collection Set: 0.1ms
[2025-10-20T19:35:32.316+0000][25964][gc,phases   ] GC(24)   Merge Heap Roots: 0.1ms
[2025-10-20T19:35:32.316+0000][25964][gc,phases   ] GC(24)   Evacuate Collection Set: 6.4ms
[2025-10-20T19:35:32.316+0000][25964][gc,phases   ] GC(24)   Post Evacuate Collection Set: 0.9ms
[2025-10-20T19:35:32.316+0000][25964][gc,phases   ] GC(24)   Other: 0.4ms
[2025-10-20T19:35:32.316+0000][25964][gc,heap     ] GC(24) Eden regions: 580->0(580)
[2025-10-20T19:35:32.316+0000][25964][gc,heap     ] GC(24) Survivor regions: 34->34(77)
[2025-10-20T19:35:32.316+0000][25964][gc,heap     ] GC(24) Old regions: 48->48
[2025-10-20T19:35:32.316+0000][25964][gc,heap     ] GC(24) Archive regions: 0->0
[2025-10-20T19:35:32.316+0000][25964][gc,heap     ] GC(24) Humongous regions: 7->7
[2025-10-20T19:35:32.316+0000][25964][gc,metaspace] GC(24) Metaspace: 106313K(110256K)->106313K(110256K) NonClass: 92714K(95408K)->92714K(95408K) Class: 13598K(14848K)->13598K(14848K)
[2025-10-20T19:35:32.316+0000][25964][gc          ] GC(24) Pause Young (Normal) (G1 Evacuation Pause) 668M->88M(1024M) 7.887ms
[2025-10-20T19:35:32.316+0000][25964][gc,cpu      ] GC(24) User=0.00s Sys=0.00s Real=0.01s
[2025-10-20T19:35:32.316+0000][25964][safepoint   ] Safepoint "G1CollectForAllocation", Time since last: 981642900 ns, Reaching safepoint: 80000 ns, At safepoint: 7979200 ns, Total: 8059200 ns
[2025-10-20T19:35:33.330+0000][25964][safepoint   ] Safepoint "Cleanup", Time since last: 1012931900 ns, Reaching safepoint: 205400 ns, At safepoint: 20500 ns, Total: 225900 ns
[2025-10-20T19:35:34.339+0000][25964][safepoint   ] Safepoint "Cleanup", Time since last: 1009252100 ns, Reaching safepoint: 88100 ns, At safepoint: 3000 ns, Total: 91100 ns
[2025-10-20T19:35:37.362+0000][25964][safepoint   ] Safepoint "Cleanup", Time since last: 3022723000 ns, Reaching safepoint: 90600 ns, At safepoint: 6200 ns, Total: 96800 ns
[2025-10-20T19:35:53.460+0000][25964][safepoint   ] Safepoint "Cleanup", Time since last: 16097884000 ns, Reaching safepoint: 107400 ns, At safepoint: 20800 ns, Total: 128200 ns
[2025-10-20T19:35:54.464+0000][25964][safepoint   ] Safepoint "Cleanup", Time since last: 1003648200 ns, Reaching safepoint: 91500 ns, At safepoint: 7900 ns, Total: 99400 ns
[2025-10-20T19:35:57.481+0000][25964][safepoint   ] Safepoint "Cleanup", Time since last: 3017136100 ns, Reaching safepoint: 89600 ns, At safepoint: 16400 ns, Total: 106000 ns
[2025-10-20T19:35:58.490+0000][25964][safepoint   ] Safepoint "Cleanup", Time since last: 1008823200 ns, Reaching safepoint: 82200 ns, At safepoint: 3000 ns, Total: 85200 ns
[2025-10-20T19:36:56.993+0000][25964][safepoint   ] Safepoint "Cleanup", Time since last: 58503036600 ns, Reaching safepoint: 106000 ns, At safepoint: 2400 ns, Total: 108400 ns
[2025-10-20T19:37:23.192+0000][25964][safepoint   ] Safepoint "Cleanup", Time since last: 26199298400 ns, Reaching safepoint: 104800 ns, At safepoint: 22000 ns, Total: 126800 ns
[2025-10-20T19:38:00.468+0000][25964][safepoint   ] Safepoint "Cleanup", Time since last: 37275516100 ns, Reaching safepoint: 102500 ns, At safepoint: 12600 ns, Total: 115100 ns
[2025-10-20T19:38:21.627+0000][25964][safepoint   ] Safepoint "Cleanup", Time since last: 21158661200 ns, Reaching safepoint: 92400 ns, At safepoint: 19500 ns, Total: 111900 ns
[2025-10-20T19:38:27.693+0000][25964][safepoint   ] Safepoint "Cleanup", Time since last: 6065612100 ns, Reaching safepoint: 102500 ns, At safepoint: 16100 ns, Total: 118600 ns
[2025-10-20T19:39:02.993+0000][25964][safepoint   ] Safepoint "Cleanup", Time since last: 35300226600 ns, Reaching safepoint: 84700 ns, At safepoint: 9900 ns, Total: 94600 ns
[2025-10-20T19:39:04.000+0000][25964][safepoint   ] Safepoint "Cleanup", Time since last: 1006871700 ns, Reaching safepoint: 98300 ns, At safepoint: 10500 ns, Total: 108800 ns
[2025-10-20T19:39:26.212+0000][25964][safepoint   ] Safepoint "Cleanup", Time since last: 22211915300 ns, Reaching safepoint: 98700 ns, At safepoint: 13700 ns, Total: 112400 ns
[2025-10-20T19:39:38.292+0000][25964][safepoint   ] Safepoint "Cleanup", Time since last: 12079916000 ns, Reaching safepoint: 90000 ns, At safepoint: 8800 ns, Total: 98800 ns
[2025-10-20T19:39:42.318+0000][25964][safepoint   ] Safepoint "Cleanup", Time since last: 4025507400 ns, Reaching safepoint: 89200 ns, At safepoint: 9400 ns, Total: 98600 ns
[2025-10-20T19:39:44.332+0000][25964][safepoint   ] Safepoint "Cleanup", Time since last: 2014179600 ns, Reaching safepoint: 89500 ns, At safepoint: 11700 ns, Total: 101200 ns
[2025-10-20T19:40:06.502+0000][25964][safepoint   ] Safepoint "Cleanup", Time since last: 22169926100 ns, Reaching safepoint: 130500 ns, At safepoint: 20400 ns, Total: 150900 ns
[2025-10-20T19:40:07.511+0000][25964][safepoint   ] Safepoint "Cleanup", Time since last: 1008584900 ns, Reaching safepoint: 85300 ns, At safepoint: 10300 ns, Total: 95600 ns
[2025-10-20T19:40:33.712+0000][25964][safepoint   ] Safepoint "Cleanup", Time since last: 26201078300 ns, Reaching safepoint: 91600 ns, At safepoint: 12700 ns, Total: 104300 ns
[2025-10-20T19:40:48.835+0000][25964][safepoint   ] Safepoint "Cleanup", Time since last: 15123385800 ns, Reaching safepoint: 97000 ns, At safepoint: 10200 ns, Total: 107200 ns
[2025-10-20T19:40:58.922+0000][25964][safepoint   ] Safepoint "Cleanup", Time since last: 10086684400 ns, Reaching safepoint: 93900 ns, At safepoint: 7400 ns, Total: 101300 ns
[2025-10-20T19:40:59.924+0000][25964][safepoint   ] Safepoint "Cleanup", Time since last: 1001916800 ns, Reaching safepoint: 93000 ns, At safepoint: 6800 ns, Total: 99800 ns
[2025-10-20T19:41:09.995+0000][25964][safepoint   ] Safepoint "Cleanup", Time since last: 10070430800 ns, Reaching safepoint: 97100 ns, At safepoint: 9800 ns, Total: 106900 ns
[2025-10-20T19:41:13.006+0000][25964][gc,start    ] GC(25) Pause Young (Normal) (G1 Evacuation Pause)
[2025-10-20T19:41:13.006+0000][25964][gc,task     ] GC(25) Using 10 workers of 10 for evacuation
[2025-10-20T19:41:13.006+0000][25964][gc,age      ] GC(25) Desired survivor size 40370176 bytes, new threshold 15 (max threshold 15)
[2025-10-20T19:41:13.015+0000][25964][gc,age      ] GC(25) Age table with threshold 15 (max threshold 15)
[2025-10-20T19:41:13.015+0000][25964][gc,age      ] GC(25) - age   1:     995208 bytes,     995208 total
[2025-10-20T19:41:13.015+0000][25964][gc,age      ] GC(25) - age   2:     281880 bytes,    1277088 total
[2025-10-20T19:41:13.015+0000][25964][gc,age      ] GC(25) - age   3:      24904 bytes,    1301992 total
[2025-10-20T19:41:13.015+0000][25964][gc,age      ] GC(25) - age   4:     352544 bytes,    1654536 total
[2025-10-20T19:41:13.015+0000][25964][gc,age      ] GC(25) - age   5:      83864 bytes,    1738400 total
[2025-10-20T19:41:13.015+0000][25964][gc,age      ] GC(25) - age   6:       6288 bytes,    1744688 total
[2025-10-20T19:41:13.015+0000][25964][gc,age      ] GC(25) - age   7:      10136 bytes,    1754824 total
[2025-10-20T19:41:13.015+0000][25964][gc,age      ] GC(25) - age   8:      98272 bytes,    1853096 total
[2025-10-20T19:41:13.015+0000][25964][gc,age      ] GC(25) - age   9:      45576 bytes,    1898672 total
[2025-10-20T19:41:13.015+0000][25964][gc,age      ] GC(25) - age  10:     214608 bytes,    2113280 total
[2025-10-20T19:41:13.015+0000][25964][gc,age      ] GC(25) - age  11:     157416 bytes,    2270696 total
[2025-10-20T19:41:13.015+0000][25964][gc,age      ] GC(25) - age  12:    1149528 bytes,    3420224 total
[2025-10-20T19:41:13.015+0000][25964][gc,age      ] GC(25) - age  13:    2686408 bytes,    6106632 total
[2025-10-20T19:41:13.015+0000][25964][gc,age      ] GC(25) - age  14:   14973672 bytes,   21080304 total
[2025-10-20T19:41:13.015+0000][25964][gc,age      ] GC(25) - age  15:   10335168 bytes,   31415472 total
[2025-10-20T19:41:13.015+0000][25964][gc,phases   ] GC(25)   Pre Evacuate Collection Set: 0.1ms
[2025-10-20T19:41:13.015+0000][25964][gc,phases   ] GC(25)   Merge Heap Roots: 0.1ms
[2025-10-20T19:41:13.015+0000][25964][gc,phases   ] GC(25)   Evacuate Collection Set: 7.3ms
[2025-10-20T19:41:13.015+0000][25964][gc,phases   ] GC(25)   Post Evacuate Collection Set: 1.0ms
[2025-10-20T19:41:13.015+0000][25964][gc,phases   ] GC(25)   Other: 0.4ms
[2025-10-20T19:41:13.015+0000][25964][gc,heap     ] GC(25) Eden regions: 580->0(581)
[2025-10-20T19:41:13.015+0000][25964][gc,heap     ] GC(25) Survivor regions: 34->33(77)
[2025-10-20T19:41:13.015+0000][25964][gc,heap     ] GC(25) Old regions: 48->48
[2025-10-20T19:41:13.015+0000][25964][gc,heap     ] GC(25) Archive regions: 0->0
[2025-10-20T19:41:13.015+0000][25964][gc,heap     ] GC(25) Humongous regions: 7->7
[2025-10-20T19:41:13.015+0000][25964][gc,metaspace] GC(25) Metaspace: 106427K(110256K)->106427K(110256K) NonClass: 92828K(95408K)->92828K(95408K) Class: 13599K(14848K)->13599K(14848K)
[2025-10-20T19:41:13.015+0000][25964][gc          ] GC(25) Pause Young (Normal) (G1 Evacuation Pause) 668M->87M(1024M) 8.956ms
[2025-10-20T19:41:13.015+0000][25964][gc,cpu      ] GC(25) User=0.00s Sys=0.00s Real=0.01s
[2025-10-20T19:41:13.015+0000][25964][safepoint   ] Safepoint "G1CollectForAllocation", Time since last: 3011189700 ns, Reaching safepoint: 69600 ns, At safepoint: 9053600 ns, Total: 9123200 ns
[2025-10-20T19:41:34.207+0000][25964][safepoint   ] Safepoint "Cleanup", Time since last: 21191326900 ns, Reaching safepoint: 116300 ns, At safepoint: 3200 ns, Total: 119500 ns
[2025-10-20T19:42:12.549+0000][25964][safepoint   ] Safepoint "Cleanup", Time since last: 38341830800 ns, Reaching safepoint: 101600 ns, At safepoint: 9200 ns, Total: 110800 ns
[2025-10-20T19:42:13.558+0000][25964][safepoint   ] Safepoint "Cleanup", Time since last: 1009279500 ns, Reaching safepoint: 101900 ns, At safepoint: 17100 ns, Total: 119000 ns
[2025-10-20T19:42:41.777+0000][25964][safepoint   ] Safepoint "Cleanup", Time since last: 28219093400 ns, Reaching safepoint: 86500 ns, At safepoint: 7900 ns, Total: 94400 ns
[2025-10-20T19:43:17.005+0000][25964][safepoint   ] Safepoint "Cleanup", Time since last: 35227670300 ns, Reaching safepoint: 100000 ns, At safepoint: 9900 ns, Total: 109900 ns
[2025-10-20T19:43:28.066+0000][25964][safepoint   ] Safepoint "Cleanup", Time since last: 11061278300 ns, Reaching safepoint: 86100 ns, At safepoint: 21200 ns, Total: 107300 ns
[2025-10-20T19:43:31.089+0000][25964][safepoint   ] Safepoint "Cleanup", Time since last: 3022393900 ns, Reaching safepoint: 109200 ns, At safepoint: 11600 ns, Total: 120800 ns
[2025-10-20T19:43:42.207+0000][25964][safepoint   ] Safepoint "Cleanup", Time since last: 11118326400 ns, Reaching safepoint: 119800 ns, At safepoint: 14300 ns, Total: 134100 ns
[2025-10-20T19:44:19.528+0000][25964][safepoint   ] Safepoint "Cleanup", Time since last: 37320936900 ns, Reaching safepoint: 99400 ns, At safepoint: 12200 ns, Total: 111600 ns
[2025-10-20T19:44:20.531+0000][25964][safepoint   ] Safepoint "Cleanup", Time since last: 1002951900 ns, Reaching safepoint: 104000 ns, At safepoint: 15700 ns, Total: 119700 ns
[2025-10-20T19:44:22.610+0000][25964][safepoint   ] Safepoint "Cleanup", Time since last: 2078953500 ns, Reaching safepoint: 114600 ns, At safepoint: 21200 ns, Total: 135800 ns
[2025-10-20T19:44:24.633+0000][25964][safepoint   ] Safepoint "Cleanup", Time since last: 2022170200 ns, Reaching safepoint: 99700 ns, At safepoint: 21300 ns, Total: 121000 ns
[2025-10-20T19:44:25.643+0000][25964][safepoint   ] Safepoint "Cleanup", Time since last: 1010450400 ns, Reaching safepoint: 91200 ns, At safepoint: 9500 ns, Total: 100700 ns
[2025-10-20T19:44:26.650+0000][25964][safepoint   ] Safepoint "Cleanup", Time since last: 1006937400 ns, Reaching safepoint: 106900 ns, At safepoint: 18700 ns, Total: 125600 ns
[2025-10-20T19:44:43.767+0000][25964][safepoint   ] Safepoint "Cleanup", Time since last: 17116204600 ns, Reaching safepoint: 88700 ns, At safepoint: 3100 ns, Total: 91800 ns
[2025-10-20T19:44:51.812+0000][25964][safepoint   ] Safepoint "Cleanup", Time since last: 8044793100 ns, Reaching safepoint: 166100 ns, At safepoint: 9800 ns, Total: 175900 ns
[2025-10-20T19:44:57.841+0000][25964][safepoint   ] Safepoint "Cleanup", Time since last: 6028898800 ns, Reaching safepoint: 90100 ns, At safepoint: 11300 ns, Total: 101400 ns
[2025-10-20T19:45:22.036+0000][25964][safepoint   ] Safepoint "Cleanup", Time since last: 24195075800 ns, Reaching safepoint: 96800 ns, At safepoint: 24000 ns, Total: 120800 ns
[2025-10-20T19:45:23.048+0000][25964][safepoint   ] Safepoint "Cleanup", Time since last: 1012524900 ns, Reaching safepoint: 89900 ns, At safepoint: 13600 ns, Total: 103500 ns
[2025-10-20T19:46:25.510+0000][25964][safepoint   ] Safepoint "Cleanup", Time since last: 62461658900 ns, Reaching safepoint: 92300 ns, At safepoint: 11400 ns, Total: 103700 ns
[2025-10-20T19:46:26.516+0000][25964][safepoint   ] Safepoint "Cleanup", Time since last: 1006015100 ns, Reaching safepoint: 212000 ns, At safepoint: 9600 ns, Total: 221600 ns
[2025-10-20T19:46:45.699+0000][25964][safepoint   ] Safepoint "Cleanup", Time since last: 19182768900 ns, Reaching safepoint: 117600 ns, At safepoint: 24900 ns, Total: 142500 ns
[2025-10-20T19:46:58.825+0000][25964][safepoint   ] Safepoint "Cleanup", Time since last: 13125988500 ns, Reaching safepoint: 137200 ns, At safepoint: 8400 ns, Total: 145600 ns
[2025-10-20T19:47:15.984+0000][25964][gc,start    ] GC(26) Pause Young (Normal) (G1 Evacuation Pause)
[2025-10-20T19:47:15.984+0000][25964][gc,task     ] GC(26) Using 10 workers of 10 for evacuation
[2025-10-20T19:47:15.984+0000][25964][gc,age      ] GC(26) Desired survivor size 40370176 bytes, new threshold 15 (max threshold 15)
[2025-10-20T19:47:15.992+0000][25964][gc,age      ] GC(26) Age table with threshold 15 (max threshold 15)
[2025-10-20T19:47:15.992+0000][25964][gc,age      ] GC(26) - age   1:    1071728 bytes,    1071728 total
[2025-10-20T19:47:15.992+0000][25964][gc,age      ] GC(26) - age   2:     305800 bytes,    1377528 total
[2025-10-20T19:47:15.992+0000][25964][gc,age      ] GC(26) - age   3:     137504 bytes,    1515032 total
[2025-10-20T19:47:15.992+0000][25964][gc,age      ] GC(26) - age   4:      14496 bytes,    1529528 total
[2025-10-20T19:47:15.992+0000][25964][gc,age      ] GC(26) - age   5:     352256 bytes,    1881784 total
[2025-10-20T19:47:15.992+0000][25964][gc,age      ] GC(26) - age   6:      83800 bytes,    1965584 total
[2025-10-20T19:47:15.992+0000][25964][gc,age      ] GC(26) - age   7:       6288 bytes,    1971872 total
[2025-10-20T19:47:15.992+0000][25964][gc,age      ] GC(26) - age   8:      10056 bytes,    1981928 total
[2025-10-20T19:47:15.992+0000][25964][gc,age      ] GC(26) - age   9:      98272 bytes,    2080200 total
[2025-10-20T19:47:15.992+0000][25964][gc,age      ] GC(26) - age  10:      45576 bytes,    2125776 total
[2025-10-20T19:47:15.993+0000][25964][gc,age      ] GC(26) - age  11:     214608 bytes,    2340384 total
[2025-10-20T19:47:15.993+0000][25964][gc,age      ] GC(26) - age  12:     157416 bytes,    2497800 total
[2025-10-20T19:47:15.993+0000][25964][gc,age      ] GC(26) - age  13:    1149528 bytes,    3647328 total
[2025-10-20T19:47:15.993+0000][25964][gc,age      ] GC(26) - age  14:    2686280 bytes,    6333608 total
[2025-10-20T19:47:15.993+0000][25964][gc,age      ] GC(26) - age  15:   14973672 bytes,   21307280 total
[2025-10-20T19:47:15.993+0000][25964][gc,phases   ] GC(26)   Pre Evacuate Collection Set: 0.1ms
[2025-10-20T19:47:15.993+0000][25964][gc,phases   ] GC(26)   Merge Heap Roots: 0.1ms
[2025-10-20T19:47:15.993+0000][25964][gc,phases   ] GC(26)   Evacuate Collection Set: 7.3ms
[2025-10-20T19:47:15.993+0000][25964][gc,phases   ] GC(26)   Post Evacuate Collection Set: 0.9ms
[2025-10-20T19:47:15.993+0000][25964][gc,phases   ] GC(26)   Other: 0.4ms
[2025-10-20T19:47:15.993+0000][25964][gc,heap     ] GC(26) Eden regions: 581->0(592)
[2025-10-20T19:47:15.993+0000][25964][gc,heap     ] GC(26) Survivor regions: 33->22(77)
[2025-10-20T19:47:15.993+0000][25964][gc,heap     ] GC(26) Old regions: 48->58
[2025-10-20T19:47:15.993+0000][25964][gc,heap     ] GC(26) Archive regions: 0->0
[2025-10-20T19:47:15.993+0000][25964][gc,heap     ] GC(26) Humongous regions: 7->7
[2025-10-20T19:47:15.993+0000][25964][gc,metaspace] GC(26) Metaspace: 106564K(110256K)->106564K(110256K) NonClass: 92960K(95408K)->92960K(95408K) Class: 13604K(14848K)->13604K(14848K)
[2025-10-20T19:47:15.993+0000][25964][gc          ] GC(26) Pause Young (Normal) (G1 Evacuation Pause) 668M->86M(1024M) 8.884ms
[2025-10-20T19:47:15.993+0000][25964][gc,cpu      ] GC(26) User=0.16s Sys=0.00s Real=0.01s
[2025-10-20T19:47:15.993+0000][25964][safepoint   ] Safepoint "G1CollectForAllocation", Time since last: 17158605400 ns, Reaching safepoint: 63200 ns, At safepoint: 8974300 ns, Total: 9037500 ns
[2025-10-20T19:47:19.022+0000][25964][safepoint   ] Safepoint "Cleanup", Time since last: 3028745700 ns, Reaching safepoint: 127500 ns, At safepoint: 10300 ns, Total: 137800 ns
[2025-10-20T19:47:21.035+0000][25964][safepoint   ] Safepoint "Cleanup", Time since last: 2012430100 ns, Reaching safepoint: 114400 ns, At safepoint: 7900 ns, Total: 122300 ns
[2025-10-20T19:47:22.039+0000][25964][safepoint   ] Safepoint "Cleanup", Time since last: 1004239400 ns, Reaching safepoint: 106700 ns, At safepoint: 7600 ns, Total: 114300 ns
[2025-10-20T19:47:23.051+0000][25964][safepoint   ] Safepoint "Cleanup", Time since last: 1011973200 ns, Reaching safepoint: 120100 ns, At safepoint: 9100 ns, Total: 129200 ns
[2025-10-20T19:47:26.086+0000][25964][safepoint   ] Safepoint "Cleanup", Time since last: 3034969100 ns, Reaching safepoint: 115400 ns, At safepoint: 15800 ns, Total: 131200 ns
[2025-10-20T19:47:28.106+0000][25964][safepoint   ] Safepoint "Cleanup", Time since last: 2020202600 ns, Reaching safepoint: 109900 ns, At safepoint: 9100 ns, Total: 119000 ns
[2025-10-20T19:47:29.120+0000][25964][safepoint   ] Safepoint "Cleanup", Time since last: 1013673900 ns, Reaching safepoint: 95900 ns, At safepoint: 7500 ns, Total: 103400 ns
[2025-10-20T19:47:32.143+0000][25964][safepoint   ] Safepoint "Cleanup", Time since last: 3022766700 ns, Reaching safepoint: 181800 ns, At safepoint: 11500 ns, Total: 193300 ns
[2025-10-20T19:47:33.150+0000][25964][safepoint   ] Safepoint "Cleanup", Time since last: 1006261700 ns, Reaching safepoint: 113200 ns, At safepoint: 11300 ns, Total: 124500 ns
[2025-10-20T19:47:34.160+0000][25964][safepoint   ] Safepoint "Cleanup", Time since last: 1010758200 ns, Reaching safepoint: 108800 ns, At safepoint: 10200 ns, Total: 119000 ns
[2025-10-20T19:47:35.172+0000][25964][safepoint   ] Safepoint "Cleanup", Time since last: 1011928300 ns, Reaching safepoint: 100200 ns, At safepoint: 10800 ns, Total: 111000 ns
[2025-10-20T19:47:36.182+0000][25964][safepoint   ] Safepoint "Cleanup", Time since last: 1009889100 ns, Reaching safepoint: 103700 ns, At safepoint: 11900 ns, Total: 115600 ns
[2025-10-20T19:47:37.194+0000][25964][safepoint   ] Safepoint "Cleanup", Time since last: 1011382700 ns, Reaching safepoint: 120000 ns, At safepoint: 11700 ns, Total: 131700 ns
[2025-10-20T19:47:41.217+0000][25964][safepoint   ] Safepoint "Cleanup", Time since last: 4022816600 ns, Reaching safepoint: 128500 ns, At safepoint: 3800 ns, Total: 132300 ns
[2025-10-20T19:47:43.238+0000][25964][safepoint   ] Safepoint "Cleanup", Time since last: 2020609000 ns, Reaching safepoint: 98300 ns, At safepoint: 9900 ns, Total: 108200 ns
[2025-10-20T19:47:44.293+0000][25964][safepoint   ] Safepoint "Cleanup", Time since last: 1054764000 ns, Reaching safepoint: 209400 ns, At safepoint: 8800 ns, Total: 218200 ns
[2025-10-20T19:47:46.302+0000][25964][safepoint   ] Safepoint "Cleanup", Time since last: 2008902600 ns, Reaching safepoint: 81800 ns, At safepoint: 2400 ns, Total: 84200 ns
[2025-10-20T19:48:04.464+0000][25964][safepoint   ] Safepoint "Cleanup", Time since last: 18162297100 ns, Reaching safepoint: 154700 ns, At safepoint: 8800 ns, Total: 163500 ns
[2025-10-20T19:48:21.900+0000][25964][safepoint   ] Safepoint "Cleanup", Time since last: 17436156700 ns, Reaching safepoint: 120900 ns, At safepoint: 10900 ns, Total: 131800 ns
[2025-10-20T19:48:23.557+0000][25964][safepoint   ] Safepoint "Cleanup", Time since last: 1656699600 ns, Reaching safepoint: 100300 ns, At safepoint: 8600 ns, Total: 108900 ns
[2025-10-20T19:48:28.607+0000][25964][safepoint   ] Safepoint "Cleanup", Time since last: 5049645700 ns, Reaching safepoint: 118100 ns, At safepoint: 8300 ns, Total: 126400 ns
[2025-10-20T19:48:31.643+0000][25964][safepoint   ] Safepoint "Cleanup", Time since last: 3036150600 ns, Reaching safepoint: 93500 ns, At safepoint: 13100 ns, Total: 106600 ns
[2025-10-20T19:48:37.696+0000][25964][safepoint   ] Safepoint "Cleanup", Time since last: 6052305600 ns, Reaching safepoint: 97500 ns, At safepoint: 10700 ns, Total: 108200 ns
[2025-10-20T19:48:38.697+0000][25964][safepoint   ] Safepoint "Cleanup", Time since last: 1001571100 ns, Reaching safepoint: 103300 ns, At safepoint: 11000 ns, Total: 114300 ns
[2025-10-20T19:48:43.753+0000][25964][safepoint   ] Safepoint "Cleanup", Time since last: 5055155600 ns, Reaching safepoint: 102700 ns, At safepoint: 10000 ns, Total: 112700 ns
[2025-10-20T19:48:44.764+0000][25964][safepoint   ] Safepoint "Cleanup", Time since last: 1011264500 ns, Reaching safepoint: 97700 ns, At safepoint: 8400 ns, Total: 106100 ns
[2025-10-20T19:48:46.786+0000][25964][safepoint   ] Safepoint "Cleanup", Time since last: 2021464700 ns, Reaching safepoint: 145600 ns, At safepoint: 3200 ns, Total: 148800 ns
[2025-10-20T19:48:47.793+0000][25964][safepoint   ] Safepoint "Cleanup", Time since last: 1007396900 ns, Reaching safepoint: 99000 ns, At safepoint: 3100 ns, Total: 102100 ns
[2025-10-20T19:48:52.837+0000][25964][safepoint   ] Safepoint "Cleanup", Time since last: 5043506200 ns, Reaching safepoint: 132400 ns, At safepoint: 7800 ns, Total: 140200 ns
[2025-10-20T19:48:53.846+0000][25964][safepoint   ] Safepoint "Cleanup", Time since last: 1009228400 ns, Reaching safepoint: 97400 ns, At safepoint: 9000 ns, Total: 106400 ns
[2025-10-20T19:48:54.850+0000][25964][safepoint   ] Safepoint "Cleanup", Time since last: 1003466600 ns, Reaching safepoint: 98200 ns, At safepoint: 8600 ns, Total: 106800 ns
[2025-10-20T19:49:10.948+0000][25964][safepoint   ] Safepoint "Cleanup", Time since last: 16098048300 ns, Reaching safepoint: 97400 ns, At safepoint: 11300 ns, Total: 108700 ns
[2025-10-20T19:49:15.995+0000][25964][safepoint   ] Safepoint "Cleanup", Time since last: 5046662200 ns, Reaching safepoint: 91300 ns, At safepoint: 11200 ns, Total: 102500 ns
[2025-10-20T19:49:23.053+0000][25964][safepoint   ] Safepoint "Cleanup", Time since last: 7058017900 ns, Reaching safepoint: 104300 ns, At safepoint: 3000 ns, Total: 107300 ns
[2025-10-20T19:49:24.036+0000][25964][safepoint   ] Safepoint "ICBufferFull", Time since last: 983934800 ns, Reaching safepoint: 215000 ns, At safepoint: 11600 ns, Total: 226600 ns
[2025-10-20T19:49:24.727+0000][25964][safepoint   ] Safepoint "ICBufferFull", Time since last: 690550500 ns, Reaching safepoint: 179200 ns, At safepoint: 12800 ns, Total: 192000 ns
[2025-10-20T19:49:24.929+0000][25964][safepoint   ] Safepoint "ICBufferFull", Time since last: 202063900 ns, Reaching safepoint: 189800 ns, At safepoint: 14300 ns, Total: 204100 ns
[2025-10-20T19:49:25.394+0000][25964][safepoint   ] Safepoint "ICBufferFull", Time since last: 464198800 ns, Reaching safepoint: 200700 ns, At safepoint: 13400 ns, Total: 214100 ns
[2025-10-20T19:49:25.479+0000][25964][gc,start    ] GC(27) Pause Young (Normal) (G1 Evacuation Pause)
[2025-10-20T19:49:25.479+0000][25964][gc,task     ] GC(27) Using 10 workers of 10 for evacuation
[2025-10-20T19:49:25.480+0000][25964][gc,age      ] GC(27) Desired survivor size 40370176 bytes, new threshold 15 (max threshold 15)
[2025-10-20T19:49:25.489+0000][25964][gc,age      ] GC(27) Age table with threshold 15 (max threshold 15)
[2025-10-20T19:49:25.489+0000][25964][gc,age      ] GC(27) - age   1:   12542864 bytes,   12542864 total
[2025-10-20T19:49:25.489+0000][25964][gc,age      ] GC(27) - age   2:     778312 bytes,   13321176 total
[2025-10-20T19:49:25.489+0000][25964][gc,age      ] GC(27) - age   3:     238688 bytes,   13559864 total
[2025-10-20T19:49:25.489+0000][25964][gc,age      ] GC(27) - age   4:     136944 bytes,   13696808 total
[2025-10-20T19:49:25.489+0000][25964][gc,age      ] GC(27) - age   5:      14432 bytes,   13711240 total
[2025-10-20T19:49:25.489+0000][25964][gc,age      ] GC(27) - age   6:     352192 bytes,   14063432 total
[2025-10-20T19:49:25.489+0000][25964][gc,age      ] GC(27) - age   7:      83736 bytes,   14147168 total
[2025-10-20T19:49:25.489+0000][25964][gc,age      ] GC(27) - age   8:       6160 bytes,   14153328 total
[2025-10-20T19:49:25.489+0000][25964][gc,age      ] GC(27) - age   9:      10056 bytes,   14163384 total
[2025-10-20T19:49:25.489+0000][25964][gc,age      ] GC(27) - age  10:      98208 bytes,   14261592 total
[2025-10-20T19:49:25.489+0000][25964][gc,age      ] GC(27) - age  11:      45576 bytes,   14307168 total
[2025-10-20T19:49:25.489+0000][25964][gc,age      ] GC(27) - age  12:      95288 bytes,   14402456 total
[2025-10-20T19:49:25.489+0000][25964][gc,age      ] GC(27) - age  13:     156008 bytes,   14558464 total
[2025-10-20T19:49:25.489+0000][25964][gc,age      ] GC(27) - age  14:    1149064 bytes,   15707528 total
[2025-10-20T19:49:25.489+0000][25964][gc,age      ] GC(27) - age  15:    2662800 bytes,   18370328 total
[2025-10-20T19:49:25.489+0000][25964][gc,phases   ] GC(27)   Pre Evacuate Collection Set: 0.1ms
[2025-10-20T19:49:25.489+0000][25964][gc,phases   ] GC(27)   Merge Heap Roots: 0.1ms
[2025-10-20T19:49:25.489+0000][25964][gc,phases   ] GC(27)   Evacuate Collection Set: 7.6ms
[2025-10-20T19:49:25.489+0000][25964][gc,phases   ] GC(27)   Post Evacuate Collection Set: 0.9ms
[2025-10-20T19:49:25.489+0000][25964][gc,phases   ] GC(27)   Other: 0.6ms
[2025-10-20T19:49:25.489+0000][25964][gc,heap     ] GC(27) Eden regions: 592->0(595)
[2025-10-20T19:49:25.489+0000][25964][gc,heap     ] GC(27) Survivor regions: 22->19(77)
[2025-10-20T19:49:25.489+0000][25964][gc,heap     ] GC(27) Old regions: 58->73
[2025-10-20T19:49:25.489+0000][25964][gc,heap     ] GC(27) Archive regions: 0->0
[2025-10-20T19:49:25.489+0000][25964][gc,heap     ] GC(27) Humongous regions: 13->7
[2025-10-20T19:49:25.489+0000][25964][gc,metaspace] GC(27) Metaspace: 109451K(113328K)->109451K(113328K) NonClass: 95594K(98224K)->95594K(98224K) Class: 13856K(15104K)->13856K(15104K)
[2025-10-20T19:49:25.489+0000][25964][gc          ] GC(27) Pause Young (Normal) (G1 Evacuation Pause) 684M->98M(1024M) 9.478ms
[2025-10-20T19:49:25.489+0000][25964][gc,cpu      ] GC(27) User=0.00s Sys=0.00s Real=0.01s
[2025-10-20T19:49:25.489+0000][25964][safepoint   ] Safepoint "G1CollectForAllocation", Time since last: 85475000 ns, Reaching safepoint: 165300 ns, At safepoint: 9593500 ns, Total: 9758800 ns
[2025-10-20T19:49:26.210+0000][25964][safepoint   ] Safepoint "ICBufferFull", Time since last: 721049400 ns, Reaching safepoint: 164800 ns, At safepoint: 14000 ns, Total: 178800 ns
[2025-10-20T19:49:26.870+0000][25964][safepoint   ] Safepoint "ICBufferFull", Time since last: 659471200 ns, Reaching safepoint: 270700 ns, At safepoint: 8700 ns, Total: 279400 ns
[2025-10-20T19:49:27.355+0000][25964][gc,start    ] GC(28) Pause Young (Normal) (G1 Evacuation Pause)
[2025-10-20T19:49:27.355+0000][25964][gc,task     ] GC(28) Using 10 workers of 10 for evacuation
[2025-10-20T19:49:27.355+0000][25964][gc,age      ] GC(28) Desired survivor size 40370176 bytes, new threshold 15 (max threshold 15)
[2025-10-20T19:49:27.359+0000][25964][gc,age      ] GC(28) Age table with threshold 15 (max threshold 15)
[2025-10-20T19:49:27.359+0000][25964][gc,age      ] GC(28) - age   1:   14783192 bytes,   14783192 total
[2025-10-20T19:49:27.359+0000][25964][gc,age      ] GC(28) - age   2:    6307048 bytes,   21090240 total
[2025-10-20T19:49:27.359+0000][25964][gc,age      ] GC(28) - age   3:     778312 bytes,   21868552 total
[2025-10-20T19:49:27.359+0000][25964][gc,age      ] GC(28) - age   4:     237408 bytes,   22105960 total
[2025-10-20T19:49:27.359+0000][25964][gc,age      ] GC(28) - age   5:     136944 bytes,   22242904 total
[2025-10-20T19:49:27.359+0000][25964][gc,age      ] GC(28) - age   6:      14296 bytes,   22257200 total
[2025-10-20T19:49:27.359+0000][25964][gc,age      ] GC(28) - age   7:     352048 bytes,   22609248 total
[2025-10-20T19:49:27.359+0000][25964][gc,age      ] GC(28) - age   8:      83736 bytes,   22692984 total
[2025-10-20T19:49:27.359+0000][25964][gc,age      ] GC(28) - age   9:       6160 bytes,   22699144 total
[2025-10-20T19:49:27.359+0000][25964][gc,age      ] GC(28) - age  10:      10056 bytes,   22709200 total
[2025-10-20T19:49:27.359+0000][25964][gc,age      ] GC(28) - age  11:      98208 bytes,   22807408 total
[2025-10-20T19:49:27.359+0000][25964][gc,age      ] GC(28) - age  12:      45544 bytes,   22852952 total
[2025-10-20T19:49:27.359+0000][25964][gc,age      ] GC(28) - age  13:      95192 bytes,   22948144 total
[2025-10-20T19:49:27.359+0000][25964][gc,age      ] GC(28) - age  14:     155840 bytes,   23103984 total
[2025-10-20T19:49:27.359+0000][25964][gc,age      ] GC(28) - age  15:    1148440 bytes,   24252424 total
[2025-10-20T19:49:27.359+0000][25964][gc,phases   ] GC(28)   Pre Evacuate Collection Set: 0.1ms
[2025-10-20T19:49:27.359+0000][25964][gc,phases   ] GC(28)   Merge Heap Roots: 0.1ms
[2025-10-20T19:49:27.359+0000][25964][gc,phases   ] GC(28)   Evacuate Collection Set: 3.9ms
[2025-10-20T19:49:27.359+0000][25964][gc,phases   ] GC(28)   Post Evacuate Collection Set: 0.5ms
[2025-10-20T19:49:27.359+0000][25964][gc,phases   ] GC(28)   Other: 0.4ms
[2025-10-20T19:49:27.359+0000][25964][gc,heap     ] GC(28) Eden regions: 595->0(589)
[2025-10-20T19:49:27.359+0000][25964][gc,heap     ] GC(28) Survivor regions: 19->25(77)
[2025-10-20T19:49:27.359+0000][25964][gc,heap     ] GC(28) Old regions: 73->77
[2025-10-20T19:49:27.359+0000][25964][gc,heap     ] GC(28) Archive regions: 0->0
[2025-10-20T19:49:27.359+0000][25964][gc,heap     ] GC(28) Humongous regions: 7->7
[2025-10-20T19:49:27.359+0000][25964][gc,metaspace] GC(28) Metaspace: 109479K(113328K)->109479K(113328K) NonClass: 95621K(98224K)->95621K(98224K) Class: 13857K(15104K)->13857K(15104K)
[2025-10-20T19:49:27.359+0000][25964][gc          ] GC(28) Pause Young (Normal) (G1 Evacuation Pause) 693M->108M(1024M) 5.094ms
[2025-10-20T19:49:27.359+0000][25964][gc,cpu      ] GC(28) User=0.00s Sys=0.00s Real=0.00s
[2025-10-20T19:49:27.359+0000][25964][safepoint   ] Safepoint "G1CollectForAllocation", Time since last: 483821600 ns, Reaching safepoint: 138500 ns, At safepoint: 5186100 ns, Total: 5324600 ns
[2025-10-20T19:49:28.362+0000][25964][safepoint   ] Safepoint "Cleanup", Time since last: 1002117600 ns, Reaching safepoint: 152600 ns, At safepoint: 10700 ns, Total: 163300 ns
[2025-10-20T19:49:28.683+0000][25964][gc,start    ] GC(29) Pause Young (Normal) (G1 Evacuation Pause)
[2025-10-20T19:49:28.683+0000][25964][gc,task     ] GC(29) Using 10 workers of 10 for evacuation
[2025-10-20T19:49:28.683+0000][25964][gc,age      ] GC(29) Desired survivor size 40370176 bytes, new threshold 15 (max threshold 15)
[2025-10-20T19:49:28.687+0000][25964][gc,age      ] GC(29) Age table with threshold 15 (max threshold 15)
[2025-10-20T19:49:28.687+0000][25964][gc,age      ] GC(29) - age   1:   14593240 bytes,   14593240 total
[2025-10-20T19:49:28.687+0000][25964][gc,age      ] GC(29) - age   2:    1258088 bytes,   15851328 total
[2025-10-20T19:49:28.687+0000][25964][gc,age      ] GC(29) - age   3:    6277896 bytes,   22129224 total
[2025-10-20T19:49:28.687+0000][25964][gc,age      ] GC(29) - age   4:     778064 bytes,   22907288 total
[2025-10-20T19:49:28.687+0000][25964][gc,age      ] GC(29) - age   5:     237408 bytes,   23144696 total
[2025-10-20T19:49:28.687+0000][25964][gc,age      ] GC(29) - age   6:     136944 bytes,   23281640 total
[2025-10-20T19:49:28.687+0000][25964][gc,age      ] GC(29) - age   7:      14296 bytes,   23295936 total
[2025-10-20T19:49:28.687+0000][25964][gc,age      ] GC(29) - age   8:     352048 bytes,   23647984 total
[2025-10-20T19:49:28.687+0000][25964][gc,age      ] GC(29) - age   9:      83736 bytes,   23731720 total
[2025-10-20T19:49:28.687+0000][25964][gc,age      ] GC(29) - age  10:       6160 bytes,   23737880 total
[2025-10-20T19:49:28.687+0000][25964][gc,age      ] GC(29) - age  11:      10056 bytes,   23747936 total
[2025-10-20T19:49:28.687+0000][25964][gc,age      ] GC(29) - age  12:      98208 bytes,   23846144 total
[2025-10-20T19:49:28.687+0000][25964][gc,age      ] GC(29) - age  13:      45408 bytes,   23891552 total
[2025-10-20T19:49:28.687+0000][25964][gc,age      ] GC(29) - age  14:      95192 bytes,   23986744 total
[2025-10-20T19:49:28.687+0000][25964][gc,age      ] GC(29) - age  15:     155840 bytes,   24142584 total
[2025-10-20T19:49:28.687+0000][25964][gc,phases   ] GC(29)   Pre Evacuate Collection Set: 0.1ms
[2025-10-20T19:49:28.687+0000][25964][gc,phases   ] GC(29)   Merge Heap Roots: 0.1ms
[2025-10-20T19:49:28.687+0000][25964][gc,phases   ] GC(29)   Evacuate Collection Set: 3.0ms
[2025-10-20T19:49:28.687+0000][25964][gc,phases   ] GC(29)   Post Evacuate Collection Set: 0.6ms
[2025-10-20T19:49:28.687+0000][25964][gc,phases   ] GC(29)   Other: 0.4ms
[2025-10-20T19:49:28.687+0000][25964][gc,heap     ] GC(29) Eden regions: 589->0(588)
[2025-10-20T19:49:28.687+0000][25964][gc,heap     ] GC(29) Survivor regions: 25->26(77)
[2025-10-20T19:49:28.687+0000][25964][gc,heap     ] GC(29) Old regions: 77->79
[2025-10-20T19:49:28.687+0000][25964][gc,heap     ] GC(29) Archive regions: 0->0
[2025-10-20T19:49:28.687+0000][25964][gc,heap     ] GC(29) Humongous regions: 7->7
[2025-10-20T19:49:28.687+0000][25964][gc,metaspace] GC(29) Metaspace: 109502K(113328K)->109502K(113328K) NonClass: 95644K(98224K)->95644K(98224K) Class: 13857K(15104K)->13857K(15104K)
[2025-10-20T19:49:28.687+0000][25964][gc          ] GC(29) Pause Young (Normal) (G1 Evacuation Pause) 697M->111M(1024M) 4.312ms
[2025-10-20T19:49:28.687+0000][25964][gc,cpu      ] GC(29) User=0.00s Sys=0.00s Real=0.00s
[2025-10-20T19:49:28.687+0000][25964][safepoint   ] Safepoint "G1CollectForAllocation", Time since last: 321121400 ns, Reaching safepoint: 115500 ns, At safepoint: 4411000 ns, Total: 4526500 ns
[2025-10-20T19:49:29.692+0000][25964][safepoint   ] Safepoint "Cleanup", Time since last: 1004316800 ns, Reaching safepoint: 174000 ns, At safepoint: 10900 ns, Total: 184900 ns
[2025-10-20T19:49:29.899+0000][25964][gc,start    ] GC(30) Pause Young (Normal) (G1 Evacuation Pause)
[2025-10-20T19:49:29.899+0000][25964][gc,task     ] GC(30) Using 10 workers of 10 for evacuation
[2025-10-20T19:49:29.899+0000][25964][gc,age      ] GC(30) Desired survivor size 40370176 bytes, new threshold 15 (max threshold 15)
[2025-10-20T19:49:29.902+0000][25964][gc,age      ] GC(30) Age table with threshold 15 (max threshold 15)
[2025-10-20T19:49:29.902+0000][25964][gc,age      ] GC(30) - age   1:   11628904 bytes,   11628904 total
[2025-10-20T19:49:29.902+0000][25964][gc,age      ] GC(30) - age   2:     116480 bytes,   11745384 total
[2025-10-20T19:49:29.902+0000][25964][gc,age      ] GC(30) - age   3:    1253472 bytes,   12998856 total
[2025-10-20T19:49:29.902+0000][25964][gc,age      ] GC(30) - age   4:    6273024 bytes,   19271880 total
[2025-10-20T19:49:29.902+0000][25964][gc,age      ] GC(30) - age   5:     778064 bytes,   20049944 total
[2025-10-20T19:49:29.902+0000][25964][gc,age      ] GC(30) - age   6:     237408 bytes,   20287352 total
[2025-10-20T19:49:29.902+0000][25964][gc,age      ] GC(30) - age   7:     136944 bytes,   20424296 total
[2025-10-20T19:49:29.902+0000][25964][gc,age      ] GC(30) - age   8:      14296 bytes,   20438592 total
[2025-10-20T19:49:29.902+0000][25964][gc,age      ] GC(30) - age   9:     352048 bytes,   20790640 total
[2025-10-20T19:49:29.902+0000][25964][gc,age      ] GC(30) - age  10:      83736 bytes,   20874376 total
[2025-10-20T19:49:29.902+0000][25964][gc,age      ] GC(30) - age  11:       6160 bytes,   20880536 total
[2025-10-20T19:49:29.902+0000][25964][gc,age      ] GC(30) - age  12:      10056 bytes,   20890592 total
[2025-10-20T19:49:29.902+0000][25964][gc,age      ] GC(30) - age  13:      98208 bytes,   20988800 total
[2025-10-20T19:49:29.902+0000][25964][gc,age      ] GC(30) - age  14:      45408 bytes,   21034208 total
[2025-10-20T19:49:29.902+0000][25964][gc,age      ] GC(30) - age  15:      95192 bytes,   21129400 total
[2025-10-20T19:49:29.902+0000][25964][gc,phases   ] GC(30)   Pre Evacuate Collection Set: 0.1ms
[2025-10-20T19:49:29.902+0000][25964][gc,phases   ] GC(30)   Merge Heap Roots: 0.1ms
[2025-10-20T19:49:29.902+0000][25964][gc,phases   ] GC(30)   Evacuate Collection Set: 2.3ms
[2025-10-20T19:49:29.902+0000][25964][gc,phases   ] GC(30)   Post Evacuate Collection Set: 0.5ms
[2025-10-20T19:49:29.902+0000][25964][gc,phases   ] GC(30)   Other: 0.4ms
[2025-10-20T19:49:29.902+0000][25964][gc,heap     ] GC(30) Eden regions: 588->0(591)
[2025-10-20T19:49:29.902+0000][25964][gc,heap     ] GC(30) Survivor regions: 26->23(77)
[2025-10-20T19:49:29.902+0000][25964][gc,heap     ] GC(30) Old regions: 79->79
[2025-10-20T19:49:29.902+0000][25964][gc,heap     ] GC(30) Archive regions: 0->0
[2025-10-20T19:49:29.902+0000][25964][gc,heap     ] GC(30) Humongous regions: 7->7
[2025-10-20T19:49:29.902+0000][25964][gc,metaspace] GC(30) Metaspace: 109513K(113328K)->109513K(113328K) NonClass: 95655K(98224K)->95655K(98224K) Class: 13857K(15104K)->13857K(15104K)
[2025-10-20T19:49:29.902+0000][25964][gc          ] GC(30) Pause Young (Normal) (G1 Evacuation Pause) 699M->108M(1024M) 3.397ms
[2025-10-20T19:49:29.902+0000][25964][gc,cpu      ] GC(30) User=0.00s Sys=0.00s Real=0.00s
[2025-10-20T19:49:29.902+0000][25964][safepoint   ] Safepoint "G1CollectForAllocation", Time since last: 207221000 ns, Reaching safepoint: 82300 ns, At safepoint: 3481900 ns, Total: 3564200 ns
[2025-10-20T19:49:30.906+0000][25964][safepoint   ] Safepoint "Cleanup", Time since last: 1002742700 ns, Reaching safepoint: 180000 ns, At safepoint: 9800 ns, Total: 189800 ns
[2025-10-20T19:49:31.115+0000][25964][gc,start    ] GC(31) Pause Young (Normal) (G1 Evacuation Pause)
[2025-10-20T19:49:31.115+0000][25964][gc,task     ] GC(31) Using 10 workers of 10 for evacuation
[2025-10-20T19:49:31.115+0000][25964][gc,age      ] GC(31) Desired survivor size 40370176 bytes, new threshold 15 (max threshold 15)
[2025-10-20T19:49:31.119+0000][25964][gc,age      ] GC(31) Age table with threshold 15 (max threshold 15)
[2025-10-20T19:49:31.119+0000][25964][gc,age      ] GC(31) - age   1:   15383816 bytes,   15383816 total
[2025-10-20T19:49:31.119+0000][25964][gc,age      ] GC(31) - age   2:    4390704 bytes,   19774520 total
[2025-10-20T19:49:31.119+0000][25964][gc,age      ] GC(31) - age   3:     116176 bytes,   19890696 total
[2025-10-20T19:49:31.119+0000][25964][gc,age      ] GC(31) - age   4:    1251200 bytes,   21141896 total
[2025-10-20T19:49:31.119+0000][25964][gc,age      ] GC(31) - age   5:    6272680 bytes,   27414576 total
[2025-10-20T19:49:31.119+0000][25964][gc,age      ] GC(31) - age   6:     778064 bytes,   28192640 total
[2025-10-20T19:49:31.119+0000][25964][gc,age      ] GC(31) - age   7:     237408 bytes,   28430048 total
[2025-10-20T19:49:31.119+0000][25964][gc,age      ] GC(31) - age   8:     136944 bytes,   28566992 total
[2025-10-20T19:49:31.119+0000][25964][gc,age      ] GC(31) - age   9:      14296 bytes,   28581288 total
[2025-10-20T19:49:31.119+0000][25964][gc,age      ] GC(31) - age  10:     352048 bytes,   28933336 total
[2025-10-20T19:49:31.119+0000][25964][gc,age      ] GC(31) - age  11:      83736 bytes,   29017072 total
[2025-10-20T19:49:31.119+0000][25964][gc,age      ] GC(31) - age  12:       6160 bytes,   29023232 total
[2025-10-20T19:49:31.119+0000][25964][gc,age      ] GC(31) - age  13:      10056 bytes,   29033288 total
[2025-10-20T19:49:31.119+0000][25964][gc,age      ] GC(31) - age  14:      98208 bytes,   29131496 total
[2025-10-20T19:49:31.119+0000][25964][gc,age      ] GC(31) - age  15:      45408 bytes,   29176904 total
[2025-10-20T19:49:31.119+0000][25964][gc,phases   ] GC(31)   Pre Evacuate Collection Set: 0.1ms
[2025-10-20T19:49:31.119+0000][25964][gc,phases   ] GC(31)   Merge Heap Roots: 0.1ms
[2025-10-20T19:49:31.119+0000][25964][gc,phases   ] GC(31)   Evacuate Collection Set: 3.1ms
[2025-10-20T19:49:31.119+0000][25964][gc,phases   ] GC(31)   Post Evacuate Collection Set: 0.6ms
[2025-10-20T19:49:31.119+0000][25964][gc,phases   ] GC(31)   Other: 0.5ms
[2025-10-20T19:49:31.119+0000][25964][gc,heap     ] GC(31) Eden regions: 591->0(583)
[2025-10-20T19:49:31.120+0000][25964][gc,heap     ] GC(31) Survivor regions: 23->31(77)
[2025-10-20T19:49:31.120+0000][25964][gc,heap     ] GC(31) Old regions: 79->79
[2025-10-20T19:49:31.120+0000][25964][gc,heap     ] GC(31) Archive regions: 0->0
[2025-10-20T19:49:31.120+0000][25964][gc,heap     ] GC(31) Humongous regions: 7->7
[2025-10-20T19:49:31.120+0000][25964][gc,metaspace] GC(31) Metaspace: 109520K(113328K)->109520K(113328K) NonClass: 95662K(98224K)->95662K(98224K) Class: 13858K(15104K)->13858K(15104K)
[2025-10-20T19:49:31.120+0000][25964][gc          ] GC(31) Pause Young (Normal) (G1 Evacuation Pause) 699M->116M(1024M) 4.656ms
[2025-10-20T19:49:31.120+0000][25964][gc,cpu      ] GC(31) User=0.03s Sys=0.02s Real=0.00s
[2025-10-20T19:49:31.120+0000][25964][safepoint   ] Safepoint "G1CollectForAllocation", Time since last: 209188300 ns, Reaching safepoint: 95500 ns, At safepoint: 4760900 ns, Total: 4856400 ns
[2025-10-20T19:49:32.133+0000][25964][safepoint   ] Safepoint "Cleanup", Time since last: 1012623300 ns, Reaching safepoint: 116800 ns, At safepoint: 13400 ns, Total: 130200 ns
[2025-10-20T19:49:32.381+0000][25964][gc,start    ] GC(32) Pause Young (Normal) (G1 Evacuation Pause)
[2025-10-20T19:49:32.381+0000][25964][gc,task     ] GC(32) Using 10 workers of 10 for evacuation
[2025-10-20T19:49:32.381+0000][25964][gc,age      ] GC(32) Desired survivor size 40370176 bytes, new threshold 15 (max threshold 15)
[2025-10-20T19:49:32.384+0000][25964][gc,age      ] GC(32) Age table with threshold 15 (max threshold 15)
[2025-10-20T19:49:32.384+0000][25964][gc,age      ] GC(32) - age   1:   17185784 bytes,   17185784 total
[2025-10-20T19:49:32.384+0000][25964][gc,age      ] GC(32) - age   2:    3133992 bytes,   20319776 total
[2025-10-20T19:49:32.384+0000][25964][gc,age      ] GC(32) - age   3:      43416 bytes,   20363192 total
[2025-10-20T19:49:32.384+0000][25964][gc,age      ] GC(32) - age   4:     115016 bytes,   20478208 total
[2025-10-20T19:49:32.384+0000][25964][gc,age      ] GC(32) - age   5:    1250792 bytes,   21729000 total
[2025-10-20T19:49:32.384+0000][25964][gc,age      ] GC(32) - age   6:    6262528 bytes,   27991528 total
[2025-10-20T19:49:32.384+0000][25964][gc,age      ] GC(32) - age   7:     777968 bytes,   28769496 total
[2025-10-20T19:49:32.384+0000][25964][gc,age      ] GC(32) - age   8:     237376 bytes,   29006872 total
[2025-10-20T19:49:32.384+0000][25964][gc,age      ] GC(32) - age   9:     136944 bytes,   29143816 total
[2025-10-20T19:49:32.384+0000][25964][gc,age      ] GC(32) - age  10:      14296 bytes,   29158112 total
[2025-10-20T19:49:32.385+0000][25964][gc,age      ] GC(32) - age  11:     352048 bytes,   29510160 total
[2025-10-20T19:49:32.385+0000][25964][gc,age      ] GC(32) - age  12:      83600 bytes,   29593760 total
[2025-10-20T19:49:32.385+0000][25964][gc,age      ] GC(32) - age  13:       6160 bytes,   29599920 total
[2025-10-20T19:49:32.385+0000][25964][gc,age      ] GC(32) - age  14:      10056 bytes,   29609976 total
[2025-10-20T19:49:32.385+0000][25964][gc,age      ] GC(32) - age  15:      98208 bytes,   29708184 total
[2025-10-20T19:49:32.385+0000][25964][gc,phases   ] GC(32)   Pre Evacuate Collection Set: 0.1ms
[2025-10-20T19:49:32.385+0000][25964][gc,phases   ] GC(32)   Merge Heap Roots: 0.0ms
[2025-10-20T19:49:32.385+0000][25964][gc,phases   ] GC(32)   Evacuate Collection Set: 3.1ms
[2025-10-20T19:49:32.385+0000][25964][gc,phases   ] GC(32)   Post Evacuate Collection Set: 0.5ms
[2025-10-20T19:49:32.385+0000][25964][gc,phases   ] GC(32)   Other: 0.4ms
[2025-10-20T19:49:32.385+0000][25964][gc,heap     ] GC(32) Eden regions: 583->0(583)
[2025-10-20T19:49:32.385+0000][25964][gc,heap     ] GC(32) Survivor regions: 31->31(77)
[2025-10-20T19:49:32.385+0000][25964][gc,heap     ] GC(32) Old regions: 79->79
[2025-10-20T19:49:32.385+0000][25964][gc,heap     ] GC(32) Archive regions: 0->0
[2025-10-20T19:49:32.385+0000][25964][gc,heap     ] GC(32) Humongous regions: 7->7
[2025-10-20T19:49:32.385+0000][25964][gc,metaspace] GC(32) Metaspace: 109542K(113328K)->109542K(113328K) NonClass: 95684K(98224K)->95684K(98224K) Class: 13858K(15104K)->13858K(15104K)
[2025-10-20T19:49:32.385+0000][25964][gc          ] GC(32) Pause Young (Normal) (G1 Evacuation Pause) 699M->116M(1024M) 4.110ms
[2025-10-20T19:49:32.385+0000][25964][gc,cpu      ] GC(32) User=0.00s Sys=0.00s Real=0.00s
[2025-10-20T19:49:32.385+0000][25964][safepoint   ] Safepoint "G1CollectForAllocation", Time since last: 248183900 ns, Reaching safepoint: 69600 ns, At safepoint: 4196200 ns, Total: 4265800 ns
[2025-10-20T19:49:33.389+0000][25964][safepoint   ] Safepoint "Cleanup", Time since last: 1003558800 ns, Reaching safepoint: 162700 ns, At safepoint: 35000 ns, Total: 197700 ns
[2025-10-20T19:49:33.559+0000][25964][gc,start    ] GC(33) Pause Young (Normal) (G1 Evacuation Pause)
[2025-10-20T19:49:33.559+0000][25964][gc,task     ] GC(33) Using 10 workers of 10 for evacuation
[2025-10-20T19:49:33.559+0000][25964][gc,age      ] GC(33) Desired survivor size 40370176 bytes, new threshold 15 (max threshold 15)
[2025-10-20T19:49:33.562+0000][25964][gc,age      ] GC(33) Age table with threshold 15 (max threshold 15)
[2025-10-20T19:49:33.562+0000][25964][gc,age      ] GC(33) - age   1:   15081368 bytes,   15081368 total
[2025-10-20T19:49:33.562+0000][25964][gc,age      ] GC(33) - age   2:     270728 bytes,   15352096 total
[2025-10-20T19:49:33.562+0000][25964][gc,age      ] GC(33) - age   3:       9536 bytes,   15361632 total
[2025-10-20T19:49:33.562+0000][25964][gc,age      ] GC(33) - age   4:      38416 bytes,   15400048 total
[2025-10-20T19:49:33.562+0000][25964][gc,age      ] GC(33) - age   5:     114784 bytes,   15514832 total
[2025-10-20T19:49:33.562+0000][25964][gc,age      ] GC(33) - age   6:    1250480 bytes,   16765312 total
[2025-10-20T19:49:33.562+0000][25964][gc,age      ] GC(33) - age   7:    6262352 bytes,   23027664 total
[2025-10-20T19:49:33.562+0000][25964][gc,age      ] GC(33) - age   8:     777968 bytes,   23805632 total
[2025-10-20T19:49:33.562+0000][25964][gc,age      ] GC(33) - age   9:     237376 bytes,   24043008 total
[2025-10-20T19:49:33.562+0000][25964][gc,age      ] GC(33) - age  10:     136944 bytes,   24179952 total
[2025-10-20T19:49:33.562+0000][25964][gc,age      ] GC(33) - age  11:      14296 bytes,   24194248 total
[2025-10-20T19:49:33.562+0000][25964][gc,age      ] GC(33) - age  12:     352048 bytes,   24546296 total
[2025-10-20T19:49:33.562+0000][25964][gc,age      ] GC(33) - age  13:      83600 bytes,   24629896 total
[2025-10-20T19:49:33.562+0000][25964][gc,age      ] GC(33) - age  14:       6160 bytes,   24636056 total
[2025-10-20T19:49:33.562+0000][25964][gc,age      ] GC(33) - age  15:      10056 bytes,   24646112 total
[2025-10-20T19:49:33.562+0000][25964][gc,phases   ] GC(33)   Pre Evacuate Collection Set: 0.1ms
[2025-10-20T19:49:33.562+0000][25964][gc,phases   ] GC(33)   Merge Heap Roots: 0.1ms
[2025-10-20T19:49:33.562+0000][25964][gc,phases   ] GC(33)   Evacuate Collection Set: 2.6ms
[2025-10-20T19:49:33.562+0000][25964][gc,phases   ] GC(33)   Post Evacuate Collection Set: 0.7ms
[2025-10-20T19:49:33.562+0000][25964][gc,phases   ] GC(33)   Other: 0.5ms
[2025-10-20T19:49:33.562+0000][25964][gc,heap     ] GC(33) Eden regions: 583->0(587)
[2025-10-20T19:49:33.562+0000][25964][gc,heap     ] GC(33) Survivor regions: 31->27(77)
[2025-10-20T19:49:33.562+0000][25964][gc,heap     ] GC(33) Old regions: 79->80
[2025-10-20T19:49:33.562+0000][25964][gc,heap     ] GC(33) Archive regions: 0->0
[2025-10-20T19:49:33.562+0000][25964][gc,heap     ] GC(33) Humongous regions: 7->7
[2025-10-20T19:49:33.562+0000][25964][gc,metaspace] GC(33) Metaspace: 109556K(113328K)->109556K(113328K) NonClass: 95698K(98224K)->95698K(98224K) Class: 13858K(15104K)->13858K(15104K)
[2025-10-20T19:49:33.562+0000][25964][gc          ] GC(33) Pause Young (Normal) (G1 Evacuation Pause) 699M->112M(1024M) 3.939ms
[2025-10-20T19:49:33.562+0000][25964][gc,cpu      ] GC(33) User=0.00s Sys=0.00s Real=0.00s
[2025-10-20T19:49:33.562+0000][25964][safepoint   ] Safepoint "G1CollectForAllocation", Time since last: 169829100 ns, Reaching safepoint: 70800 ns, At safepoint: 4051200 ns, Total: 4122000 ns
[2025-10-20T19:49:34.571+0000][25964][safepoint   ] Safepoint "Cleanup", Time since last: 1007927100 ns, Reaching safepoint: 172700 ns, At safepoint: 13300 ns, Total: 186000 ns
[2025-10-20T19:49:34.670+0000][25964][gc,start    ] GC(34) Pause Young (Normal) (G1 Evacuation Pause)
[2025-10-20T19:49:34.670+0000][25964][gc,task     ] GC(34) Using 10 workers of 10 for evacuation
[2025-10-20T19:49:34.670+0000][25964][gc,age      ] GC(34) Desired survivor size 40370176 bytes, new threshold 15 (max threshold 15)
[2025-10-20T19:49:34.674+0000][25964][gc,age      ] GC(34) Age table with threshold 15 (max threshold 15)
[2025-10-20T19:49:34.674+0000][25964][gc,age      ] GC(34) - age   1:   13380584 bytes,   13380584 total
[2025-10-20T19:49:34.674+0000][25964][gc,age      ] GC(34) - age   2:      36352 bytes,   13416936 total
[2025-10-20T19:49:34.674+0000][25964][gc,age      ] GC(34) - age   3:     268464 bytes,   13685400 total
[2025-10-20T19:49:34.674+0000][25964][gc,age      ] GC(34) - age   4:       9512 bytes,   13694912 total
[2025-10-20T19:49:34.674+0000][25964][gc,age      ] GC(34) - age   5:      37928 bytes,   13732840 total
[2025-10-20T19:49:34.674+0000][25964][gc,age      ] GC(34) - age   6:     114624 bytes,   13847464 total
[2025-10-20T19:49:34.674+0000][25964][gc,age      ] GC(34) - age   7:    1250392 bytes,   15097856 total
[2025-10-20T19:49:34.674+0000][25964][gc,age      ] GC(34) - age   8:    6086984 bytes,   21184840 total
[2025-10-20T19:49:34.674+0000][25964][gc,age      ] GC(34) - age   9:     777600 bytes,   21962440 total
[2025-10-20T19:49:34.674+0000][25964][gc,age      ] GC(34) - age  10:     237152 bytes,   22199592 total
[2025-10-20T19:49:34.674+0000][25964][gc,age      ] GC(34) - age  11:     136944 bytes,   22336536 total
[2025-10-20T19:49:34.674+0000][25964][gc,age      ] GC(34) - age  12:      14264 bytes,   22350800 total
[2025-10-20T19:49:34.674+0000][25964][gc,age      ] GC(34) - age  13:     352048 bytes,   22702848 total
[2025-10-20T19:49:34.674+0000][25964][gc,age      ] GC(34) - age  14:      83600 bytes,   22786448 total
[2025-10-20T19:49:34.674+0000][25964][gc,age      ] GC(34) - age  15:       6160 bytes,   22792608 total
[2025-10-20T19:49:34.674+0000][25964][gc,phases   ] GC(34)   Pre Evacuate Collection Set: 0.1ms
[2025-10-20T19:49:34.674+0000][25964][gc,phases   ] GC(34)   Merge Heap Roots: 0.1ms
[2025-10-20T19:49:34.674+0000][25964][gc,phases   ] GC(34)   Evacuate Collection Set: 3.0ms
[2025-10-20T19:49:34.674+0000][25964][gc,phases   ] GC(34)   Post Evacuate Collection Set: 0.7ms
[2025-10-20T19:49:34.674+0000][25964][gc,phases   ] GC(34)   Other: 0.6ms
[2025-10-20T19:49:34.674+0000][25964][gc,heap     ] GC(34) Eden regions: 587->0(589)
[2025-10-20T19:49:34.674+0000][25964][gc,heap     ] GC(34) Survivor regions: 27->25(77)
[2025-10-20T19:49:34.674+0000][25964][gc,heap     ] GC(34) Old regions: 80->80
[2025-10-20T19:49:34.674+0000][25964][gc,heap     ] GC(34) Archive regions: 0->0
[2025-10-20T19:49:34.674+0000][25964][gc,heap     ] GC(34) Humongous regions: 16->7
[2025-10-20T19:49:34.674+0000][25964][gc,metaspace] GC(34) Metaspace: 109582K(113328K)->109582K(113328K) NonClass: 95723K(98224K)->95723K(98224K) Class: 13859K(15104K)->13859K(15104K)
[2025-10-20T19:49:34.674+0000][25964][gc          ] GC(34) Pause Young (Normal) (G1 Evacuation Pause) 708M->110M(1024M) 4.602ms
[2025-10-20T19:49:34.674+0000][25964][gc,cpu      ] GC(34) User=0.00s Sys=0.00s Real=0.00s
[2025-10-20T19:49:34.674+0000][25964][safepoint   ] Safepoint "G1CollectForAllocation", Time since last: 98940800 ns, Reaching safepoint: 170400 ns, At safepoint: 4718400 ns, Total: 4888800 ns
[2025-10-20T19:49:35.675+0000][25964][safepoint   ] Safepoint "Cleanup", Time since last: 1000057400 ns, Reaching safepoint: 172700 ns, At safepoint: 12400 ns, Total: 185100 ns
[2025-10-20T19:49:35.895+0000][25964][gc,start    ] GC(35) Pause Young (Normal) (G1 Evacuation Pause)
[2025-10-20T19:49:35.895+0000][25964][gc,task     ] GC(35) Using 10 workers of 10 for evacuation
[2025-10-20T19:49:35.895+0000][25964][gc,age      ] GC(35) Desired survivor size 40370176 bytes, new threshold 15 (max threshold 15)
[2025-10-20T19:49:35.900+0000][25964][gc,age      ] GC(35) Age table with threshold 15 (max threshold 15)
[2025-10-20T19:49:35.900+0000][25964][gc,age      ] GC(35) - age   1:   15971568 bytes,   15971568 total
[2025-10-20T19:49:35.900+0000][25964][gc,age      ] GC(35) - age   2:    4719232 bytes,   20690800 total
[2025-10-20T19:49:35.900+0000][25964][gc,age      ] GC(35) - age   3:      36128 bytes,   20726928 total
[2025-10-20T19:49:35.900+0000][25964][gc,age      ] GC(35) - age   4:     268464 bytes,   20995392 total
[2025-10-20T19:49:35.900+0000][25964][gc,age      ] GC(35) - age   5:       9512 bytes,   21004904 total
[2025-10-20T19:49:35.900+0000][25964][gc,age      ] GC(35) - age   6:      37928 bytes,   21042832 total
[2025-10-20T19:49:35.900+0000][25964][gc,age      ] GC(35) - age   7:     114520 bytes,   21157352 total
[2025-10-20T19:49:35.900+0000][25964][gc,age      ] GC(35) - age   8:    1250392 bytes,   22407744 total
[2025-10-20T19:49:35.900+0000][25964][gc,age      ] GC(35) - age   9:    5473040 bytes,   27880784 total
[2025-10-20T19:49:35.900+0000][25964][gc,age      ] GC(35) - age  10:       8936 bytes,   27889720 total
[2025-10-20T19:49:35.900+0000][25964][gc,age      ] GC(35) - age  11:     237152 bytes,   28126872 total
[2025-10-20T19:49:35.900+0000][25964][gc,age      ] GC(35) - age  12:     136944 bytes,   28263816 total
[2025-10-20T19:49:35.900+0000][25964][gc,age      ] GC(35) - age  13:      14264 bytes,   28278080 total
[2025-10-20T19:49:35.900+0000][25964][gc,age      ] GC(35) - age  14:     352048 bytes,   28630128 total
[2025-10-20T19:49:35.900+0000][25964][gc,age      ] GC(35) - age  15:      83600 bytes,   28713728 total
[2025-10-20T19:49:35.900+0000][25964][gc,phases   ] GC(35)   Pre Evacuate Collection Set: 0.2ms
[2025-10-20T19:49:35.900+0000][25964][gc,phases   ] GC(35)   Merge Heap Roots: 0.1ms
[2025-10-20T19:49:35.900+0000][25964][gc,phases   ] GC(35)   Evacuate Collection Set: 3.3ms
[2025-10-20T19:49:35.900+0000][25964][gc,phases   ] GC(35)   Post Evacuate Collection Set: 0.6ms
[2025-10-20T19:49:35.900+0000][25964][gc,phases   ] GC(35)   Other: 0.5ms
[2025-10-20T19:49:35.900+0000][25964][gc,heap     ] GC(35) Eden regions: 589->0(584)
[2025-10-20T19:49:35.900+0000][25964][gc,heap     ] GC(35) Survivor regions: 25->30(77)
[2025-10-20T19:49:35.900+0000][25964][gc,heap     ] GC(35) Old regions: 80->80
[2025-10-20T19:49:35.900+0000][25964][gc,heap     ] GC(35) Archive regions: 0->0
[2025-10-20T19:49:35.900+0000][25964][gc,heap     ] GC(35) Humongous regions: 9->8
[2025-10-20T19:49:35.900+0000][25964][gc,metaspace] GC(35) Metaspace: 109585K(113328K)->109585K(113328K) NonClass: 95726K(98224K)->95726K(98224K) Class: 13859K(15104K)->13859K(15104K)
[2025-10-20T19:49:35.900+0000][25964][gc          ] GC(35) Pause Young (Normal) (G1 Evacuation Pause) 701M->116M(1024M) 4.834ms
[2025-10-20T19:49:35.900+0000][25964][gc,cpu      ] GC(35) User=0.14s Sys=0.00s Real=0.01s
[2025-10-20T19:49:35.900+0000][25964][safepoint   ] Safepoint "G1CollectForAllocation", Time since last: 220758000 ns, Reaching safepoint: 80900 ns, At safepoint: 4931200 ns, Total: 5012100 ns
[2025-10-20T19:49:36.914+0000][25964][safepoint   ] Safepoint "Cleanup", Time since last: 1013575900 ns, Reaching safepoint: 143700 ns, At safepoint: 15100 ns, Total: 158800 ns
[2025-10-20T19:49:37.174+0000][25964][gc,start    ] GC(36) Pause Young (Normal) (G1 Evacuation Pause)
[2025-10-20T19:49:37.174+0000][25964][gc,task     ] GC(36) Using 10 workers of 10 for evacuation
[2025-10-20T19:49:37.175+0000][25964][gc,age      ] GC(36) Desired survivor size 40370176 bytes, new threshold 15 (max threshold 15)
[2025-10-20T19:49:37.178+0000][25964][gc,age      ] GC(36) Age table with threshold 15 (max threshold 15)
[2025-10-20T19:49:37.178+0000][25964][gc,age      ] GC(36) - age   1:   17104448 bytes,   17104448 total
[2025-10-20T19:49:37.178+0000][25964][gc,age      ] GC(36) - age   2:    3202416 bytes,   20306864 total
[2025-10-20T19:49:37.178+0000][25964][gc,age      ] GC(36) - age   3:     398072 bytes,   20704936 total
[2025-10-20T19:49:37.178+0000][25964][gc,age      ] GC(36) - age   4:      35544 bytes,   20740480 total
[2025-10-20T19:49:37.178+0000][25964][gc,age      ] GC(36) - age   5:     268312 bytes,   21008792 total
[2025-10-20T19:49:37.178+0000][25964][gc,age      ] GC(36) - age   6:       9512 bytes,   21018304 total
[2025-10-20T19:49:37.178+0000][25964][gc,age      ] GC(36) - age   7:      37584 bytes,   21055888 total
[2025-10-20T19:49:37.178+0000][25964][gc,age      ] GC(36) - age   8:     114296 bytes,   21170184 total
[2025-10-20T19:49:37.178+0000][25964][gc,age      ] GC(36) - age   9:    1250392 bytes,   22420576 total
[2025-10-20T19:49:37.178+0000][25964][gc,age      ] GC(36) - age  10:    5473040 bytes,   27893616 total
[2025-10-20T19:49:37.178+0000][25964][gc,age      ] GC(36) - age  11:       8840 bytes,   27902456 total
[2025-10-20T19:49:37.178+0000][25964][gc,age      ] GC(36) - age  12:     237120 bytes,   28139576 total
[2025-10-20T19:49:37.178+0000][25964][gc,age      ] GC(36) - age  13:     136816 bytes,   28276392 total
[2025-10-20T19:49:37.178+0000][25964][gc,age      ] GC(36) - age  14:      14264 bytes,   28290656 total
[2025-10-20T19:49:37.178+0000][25964][gc,age      ] GC(36) - age  15:     352048 bytes,   28642704 total
[2025-10-20T19:49:37.178+0000][25964][gc,phases   ] GC(36)   Pre Evacuate Collection Set: 0.1ms
[2025-10-20T19:49:37.178+0000][25964][gc,phases   ] GC(36)   Merge Heap Roots: 0.1ms
[2025-10-20T19:49:37.178+0000][25964][gc,phases   ] GC(36)   Evacuate Collection Set: 3.1ms
[2025-10-20T19:49:37.178+0000][25964][gc,phases   ] GC(36)   Post Evacuate Collection Set: 0.7ms
[2025-10-20T19:49:37.178+0000][25964][gc,phases   ] GC(36)   Other: 0.5ms
[2025-10-20T19:49:37.178+0000][25964][gc,heap     ] GC(36) Eden regions: 584->0(584)
[2025-10-20T19:49:37.178+0000][25964][gc,heap     ] GC(36) Survivor regions: 30->30(77)
[2025-10-20T19:49:37.178+0000][25964][gc,heap     ] GC(36) Old regions: 80->80
[2025-10-20T19:49:37.178+0000][25964][gc,heap     ] GC(36) Archive regions: 0->0
[2025-10-20T19:49:37.178+0000][25964][gc,heap     ] GC(36) Humongous regions: 11->8
[2025-10-20T19:49:37.178+0000][25964][gc,metaspace] GC(36) Metaspace: 109588K(113328K)->109588K(113328K) NonClass: 95729K(98224K)->95729K(98224K) Class: 13859K(15104K)->13859K(15104K)
[2025-10-20T19:49:37.178+0000][25964][gc          ] GC(36) Pause Young (Normal) (G1 Evacuation Pause) 703M->117M(1024M) 4.588ms
[2025-10-20T19:49:37.178+0000][25964][gc,cpu      ] GC(36) User=0.14s Sys=0.00s Real=0.00s
[2025-10-20T19:49:37.179+0000][25964][safepoint   ] Safepoint "G1CollectForAllocation", Time since last: 259953000 ns, Reaching safepoint: 217800 ns, At safepoint: 4718700 ns, Total: 4936500 ns
[2025-10-20T19:49:38.188+0000][25964][safepoint   ] Safepoint "Cleanup", Time since last: 1009082100 ns, Reaching safepoint: 106500 ns, At safepoint: 3200 ns, Total: 109700 ns
[2025-10-20T19:49:38.693+0000][25964][gc,start    ] GC(37) Pause Young (Normal) (G1 Evacuation Pause)
[2025-10-20T19:49:38.693+0000][25964][gc,task     ] GC(37) Using 10 workers of 10 for evacuation
[2025-10-20T19:49:38.694+0000][25964][gc,age      ] GC(37) Desired survivor size 40370176 bytes, new threshold 15 (max threshold 15)
[2025-10-20T19:49:38.697+0000][25964][gc,age      ] GC(37) Age table with threshold 15 (max threshold 15)
[2025-10-20T19:49:38.697+0000][25964][gc,age      ] GC(37) - age   1:   11047848 bytes,   11047848 total
[2025-10-20T19:49:38.697+0000][25964][gc,age      ] GC(37) - age   2:    2090808 bytes,   13138656 total
[2025-10-20T19:49:38.697+0000][25964][gc,age      ] GC(37) - age   3:     349952 bytes,   13488608 total
[2025-10-20T19:49:38.697+0000][25964][gc,age      ] GC(37) - age   4:     396952 bytes,   13885560 total
[2025-10-20T19:49:38.697+0000][25964][gc,age      ] GC(37) - age   5:      35512 bytes,   13921072 total
[2025-10-20T19:49:38.697+0000][25964][gc,age      ] GC(37) - age   6:     268176 bytes,   14189248 total
[2025-10-20T19:49:38.697+0000][25964][gc,age      ] GC(37) - age   7:       9408 bytes,   14198656 total
[2025-10-20T19:49:38.697+0000][25964][gc,age      ] GC(37) - age   8:      37520 bytes,   14236176 total
[2025-10-20T19:49:38.697+0000][25964][gc,age      ] GC(37) - age   9:     114200 bytes,   14350376 total
[2025-10-20T19:49:38.697+0000][25964][gc,age      ] GC(37) - age  10:    1250312 bytes,   15600688 total
[2025-10-20T19:49:38.697+0000][25964][gc,age      ] GC(37) - age  11:    5349136 bytes,   20949824 total
[2025-10-20T19:49:38.697+0000][25964][gc,age      ] GC(37) - age  12:       8712 bytes,   20958536 total
[2025-10-20T19:49:38.697+0000][25964][gc,age      ] GC(37) - age  13:     236800 bytes,   21195336 total
[2025-10-20T19:49:38.697+0000][25964][gc,age      ] GC(37) - age  14:     136688 bytes,   21332024 total
[2025-10-20T19:49:38.697+0000][25964][gc,age      ] GC(37) - age  15:      14200 bytes,   21346224 total
[2025-10-20T19:49:38.697+0000][25964][gc,phases   ] GC(37)   Pre Evacuate Collection Set: 0.1ms
[2025-10-20T19:49:38.697+0000][25964][gc,phases   ] GC(37)   Merge Heap Roots: 0.1ms
[2025-10-20T19:49:38.697+0000][25964][gc,phases   ] GC(37)   Evacuate Collection Set: 2.3ms
[2025-10-20T19:49:38.697+0000][25964][gc,phases   ] GC(37)   Post Evacuate Collection Set: 0.6ms
[2025-10-20T19:49:38.697+0000][25964][gc,phases   ] GC(37)   Other: 0.5ms
[2025-10-20T19:49:38.697+0000][25964][gc,heap     ] GC(37) Eden regions: 584->0(590)
[2025-10-20T19:49:38.697+0000][25964][gc,heap     ] GC(37) Survivor regions: 30->24(77)
[2025-10-20T19:49:38.697+0000][25964][gc,heap     ] GC(37) Old regions: 80->80
[2025-10-20T19:49:38.697+0000][25964][gc,heap     ] GC(37) Archive regions: 0->0
[2025-10-20T19:49:38.697+0000][25964][gc,heap     ] GC(37) Humongous regions: 8->7
[2025-10-20T19:49:38.697+0000][25964][gc,metaspace] GC(37) Metaspace: 109729K(113584K)->109729K(113584K) NonClass: 95869K(98480K)->95869K(98480K) Class: 13860K(15104K)->13860K(15104K)
[2025-10-20T19:49:38.697+0000][25964][gc          ] GC(37) Pause Young (Normal) (G1 Evacuation Pause) 701M->109M(1024M) 3.787ms
[2025-10-20T19:49:38.697+0000][25964][gc,cpu      ] GC(37) User=0.00s Sys=0.00s Real=0.00s
[2025-10-20T19:49:38.697+0000][25964][safepoint   ] Safepoint "G1CollectForAllocation", Time since last: 505521100 ns, Reaching safepoint: 162100 ns, At safepoint: 3900500 ns, Total: 4062600 ns
[2025-10-20T19:49:39.704+0000][25964][safepoint   ] Safepoint "Cleanup", Time since last: 1005504200 ns, Reaching safepoint: 111000 ns, At safepoint: 3300 ns, Total: 114300 ns
[2025-10-20T19:49:43.732+0000][25964][safepoint   ] Safepoint "Cleanup", Time since last: 4028422900 ns, Reaching safepoint: 91100 ns, At safepoint: 3100 ns, Total: 94200 ns
[2025-10-20T19:49:45.747+0000][25964][safepoint   ] Safepoint "Cleanup", Time since last: 2015043300 ns, Reaching safepoint: 94300 ns, At safepoint: 9000 ns, Total: 103300 ns
[2025-10-20T19:49:55.840+0000][25964][safepoint   ] Safepoint "Cleanup", Time since last: 10092271400 ns, Reaching safepoint: 93300 ns, At safepoint: 11400 ns, Total: 104700 ns
[2025-10-20T19:50:01.900+0000][25964][safepoint   ] Safepoint "Cleanup", Time since last: 6059802800 ns, Reaching safepoint: 96900 ns, At safepoint: 8400 ns, Total: 105300 ns
[2025-10-20T19:50:13.989+0000][25964][safepoint   ] Safepoint "Cleanup", Time since last: 12089461300 ns, Reaching safepoint: 99900 ns, At safepoint: 15000 ns, Total: 114900 ns
[2025-10-20T19:50:31.148+0000][25964][safepoint   ] Safepoint "Cleanup", Time since last: 17158310200 ns, Reaching safepoint: 90100 ns, At safepoint: 15000 ns, Total: 105100 ns
[2025-10-20T19:50:32.150+0000][25964][safepoint   ] Safepoint "Cleanup", Time since last: 1001999900 ns, Reaching safepoint: 87500 ns, At safepoint: 2200 ns, Total: 89700 ns
[2025-10-20T19:50:36.186+0000][25964][safepoint   ] Safepoint "Cleanup", Time since last: 4035834700 ns, Reaching safepoint: 90700 ns, At safepoint: 9000 ns, Total: 99700 ns
[2025-10-20T19:50:38.205+0000][25964][safepoint   ] Safepoint "Cleanup", Time since last: 2019427800 ns, Reaching safepoint: 102200 ns, At safepoint: 9000 ns, Total: 111200 ns
[2025-10-20T19:50:51.330+0000][25964][safepoint   ] Safepoint "Cleanup", Time since last: 13124626900 ns, Reaching safepoint: 95600 ns, At safepoint: 13300 ns, Total: 108900 ns
[2025-10-20T19:51:40.775+0000][25964][safepoint   ] Safepoint "Cleanup", Time since last: 49444987500 ns, Reaching safepoint: 97900 ns, At safepoint: 8800 ns, Total: 106700 ns
[2025-10-20T19:51:41.779+0000][25964][safepoint   ] Safepoint "Cleanup", Time since last: 1003593900 ns, Reaching safepoint: 91900 ns, At safepoint: 9700 ns, Total: 101600 ns
[2025-10-20T19:53:11.621+0000][25964][safepoint   ] Safepoint "Cleanup", Time since last: 89842662100 ns, Reaching safepoint: 95900 ns, At safepoint: 18400 ns, Total: 114300 ns
[2025-10-20T19:53:45.972+0000][25964][safepoint   ] Safepoint "Cleanup", Time since last: 34350679000 ns, Reaching safepoint: 90000 ns, At safepoint: 7700 ns, Total: 97700 ns
[2025-10-20T19:53:47.993+0000][25964][safepoint   ] Safepoint "Cleanup", Time since last: 2020749500 ns, Reaching safepoint: 118400 ns, At safepoint: 2700 ns, Total: 121100 ns
[2025-10-20T19:53:49.004+0000][25964][safepoint   ] Safepoint "Cleanup", Time since last: 1011157800 ns, Reaching safepoint: 93900 ns, At safepoint: 8600 ns, Total: 102500 ns
[2025-10-20T19:53:50.016+0000][25964][safepoint   ] Safepoint "Cleanup", Time since last: 1011290700 ns, Reaching safepoint: 394500 ns, At safepoint: 13600 ns, Total: 408100 ns
[2025-10-20T19:53:54.052+0000][25964][safepoint   ] Safepoint "Cleanup", Time since last: 4035936500 ns, Reaching safepoint: 99700 ns, At safepoint: 17600 ns, Total: 117300 ns
[2025-10-20T19:53:58.095+0000][25964][safepoint   ] Safepoint "Cleanup", Time since last: 4042528600 ns, Reaching safepoint: 83700 ns, At safepoint: 17600 ns, Total: 101300 ns
[2025-10-20T19:54:50.597+0000][25964][safepoint   ] Safepoint "Cleanup", Time since last: 52502046300 ns, Reaching safepoint: 105800 ns, At safepoint: 13800 ns, Total: 119600 ns
[2025-10-20T19:55:00.201+0000][25964][gc,start    ] GC(38) Pause Young (Normal) (G1 Evacuation Pause)
[2025-10-20T19:55:00.201+0000][25964][gc,task     ] GC(38) Using 10 workers of 10 for evacuation
[2025-10-20T19:55:00.201+0000][25964][gc,age      ] GC(38) Desired survivor size 40370176 bytes, new threshold 15 (max threshold 15)
[2025-10-20T19:55:00.203+0000][25964][gc,age      ] GC(38) Age table with threshold 15 (max threshold 15)
[2025-10-20T19:55:00.203+0000][25964][gc,age      ] GC(38) - age   1:    1528992 bytes,    1528992 total
[2025-10-20T19:55:00.203+0000][25964][gc,age      ] GC(38) - age   2:     903568 bytes,    2432560 total
[2025-10-20T19:55:00.203+0000][25964][gc,age      ] GC(38) - age   3:      29000 bytes,    2461560 total
[2025-10-20T19:55:00.203+0000][25964][gc,age      ] GC(38) - age   4:     133248 bytes,    2594808 total
[2025-10-20T19:55:00.203+0000][25964][gc,age      ] GC(38) - age   5:     369544 bytes,    2964352 total
[2025-10-20T19:55:00.203+0000][25964][gc,age      ] GC(38) - age   6:      35368 bytes,    2999720 total
[2025-10-20T19:55:00.203+0000][25964][gc,age      ] GC(38) - age   7:     260160 bytes,    3259880 total
[2025-10-20T19:55:00.203+0000][25964][gc,age      ] GC(38) - age   8:       9408 bytes,    3269288 total
[2025-10-20T19:55:00.203+0000][25964][gc,age      ] GC(38) - age   9:      37336 bytes,    3306624 total
[2025-10-20T19:55:00.203+0000][25964][gc,age      ] GC(38) - age  10:      99536 bytes,    3406160 total
[2025-10-20T19:55:00.203+0000][25964][gc,age      ] GC(38) - age  11:    1231040 bytes,    4637200 total
[2025-10-20T19:55:00.203+0000][25964][gc,age      ] GC(38) - age  12:    5229592 bytes,    9866792 total
[2025-10-20T19:55:00.203+0000][25964][gc,age      ] GC(38) - age  13:       7624 bytes,    9874416 total
[2025-10-20T19:55:00.203+0000][25964][gc,age      ] GC(38) - age  14:      75176 bytes,    9949592 total
[2025-10-20T19:55:00.203+0000][25964][gc,age      ] GC(38) - age  15:     136432 bytes,   10086024 total
[2025-10-20T19:55:00.203+0000][25964][gc,phases   ] GC(38)   Pre Evacuate Collection Set: 0.1ms
[2025-10-20T19:55:00.203+0000][25964][gc,phases   ] GC(38)   Merge Heap Roots: 0.0ms
[2025-10-20T19:55:00.203+0000][25964][gc,phases   ] GC(38)   Evacuate Collection Set: 1.5ms
[2025-10-20T19:55:00.203+0000][25964][gc,phases   ] GC(38)   Post Evacuate Collection Set: 0.4ms
[2025-10-20T19:55:00.203+0000][25964][gc,phases   ] GC(38)   Other: 0.4ms
[2025-10-20T19:55:00.203+0000][25964][gc,heap     ] GC(38) Eden regions: 590->0(602)
[2025-10-20T19:55:00.203+0000][25964][gc,heap     ] GC(38) Survivor regions: 24->12(77)
[2025-10-20T19:55:00.203+0000][25964][gc,heap     ] GC(38) Old regions: 80->80
[2025-10-20T19:55:00.203+0000][25964][gc,heap     ] GC(38) Archive regions: 0->0
[2025-10-20T19:55:00.203+0000][25964][gc,heap     ] GC(38) Humongous regions: 7->7
[2025-10-20T19:55:00.203+0000][25964][gc,metaspace] GC(38) Metaspace: 109997K(113968K)->109997K(113968K) NonClass: 96122K(98736K)->96122K(98736K) Class: 13875K(15232K)->13875K(15232K)
[2025-10-20T19:55:00.203+0000][25964][gc          ] GC(38) Pause Young (Normal) (G1 Evacuation Pause) 699M->98M(1024M) 2.570ms
[2025-10-20T19:55:00.204+0000][25964][gc,cpu      ] GC(38) User=0.00s Sys=0.00s Real=0.00s
[2025-10-20T19:55:00.204+0000][25964][safepoint   ] Safepoint "G1CollectForAllocation", Time since last: 9604637900 ns, Reaching safepoint: 64700 ns, At safepoint: 2649300 ns, Total: 2714000 ns
[2025-10-20T19:55:26.464+0000][25964][safepoint   ] Safepoint "Cleanup", Time since last: 26259858100 ns, Reaching safepoint: 89400 ns, At safepoint: 8300 ns, Total: 97700 ns
[2025-10-20T19:55:53.726+0000][25964][safepoint   ] Safepoint "Cleanup", Time since last: 27261797500 ns, Reaching safepoint: 87300 ns, At safepoint: 7700 ns, Total: 95000 ns
[2025-10-20T19:56:21.968+0000][25964][safepoint   ] Safepoint "Cleanup", Time since last: 28242034500 ns, Reaching safepoint: 92300 ns, At safepoint: 15400 ns, Total: 107700 ns
[2025-10-20T19:56:58.292+0000][25964][safepoint   ] Safepoint "Cleanup", Time since last: 36323536100 ns, Reaching safepoint: 257900 ns, At safepoint: 11400 ns, Total: 269300 ns
[2025-10-20T19:57:21.517+0000][25964][safepoint   ] Safepoint "Cleanup", Time since last: 23224487800 ns, Reaching safepoint: 243300 ns, At safepoint: 14900 ns, Total: 258200 ns
[2025-10-20T19:57:39.668+0000][25964][safepoint   ] Safepoint "Cleanup", Time since last: 18151050300 ns, Reaching safepoint: 83000 ns, At safepoint: 2400 ns, Total: 85400 ns
[2025-10-20T19:57:44.704+0000][25964][safepoint   ] Safepoint "Cleanup", Time since last: 5035529500 ns, Reaching safepoint: 98800 ns, At safepoint: 9300 ns, Total: 108100 ns
[2025-10-20T19:58:00.843+0000][25964][safepoint   ] Safepoint "Cleanup", Time since last: 16139740500 ns, Reaching safepoint: 137800 ns, At safepoint: 2700 ns, Total: 140500 ns
[2025-10-20T19:58:25.050+0000][25964][safepoint   ] Safepoint "Cleanup", Time since last: 24206105900 ns, Reaching safepoint: 91400 ns, At safepoint: 9700 ns, Total: 101100 ns
[2025-10-20T19:58:39.164+0000][25964][safepoint   ] Safepoint "Cleanup", Time since last: 14114832500 ns, Reaching safepoint: 104000 ns, At safepoint: 18400 ns, Total: 122400 ns
[2025-10-20T19:58:40.175+0000][25964][safepoint   ] Safepoint "Cleanup", Time since last: 1010533300 ns, Reaching safepoint: 99000 ns, At safepoint: 20000 ns, Total: 119000 ns
[2025-10-20T19:58:46.245+0000][25964][safepoint   ] Safepoint "Cleanup", Time since last: 6069146900 ns, Reaching safepoint: 109400 ns, At safepoint: 15300 ns, Total: 124700 ns
[2025-10-20T19:59:03.407+0000][25964][safepoint   ] Safepoint "Cleanup", Time since last: 17161983700 ns, Reaching safepoint: 86700 ns, At safepoint: 9200 ns, Total: 95900 ns
[2025-10-20T19:59:04.407+0000][25964][safepoint   ] Safepoint "Cleanup", Time since last: 1000153000 ns, Reaching safepoint: 73300 ns, At safepoint: 8600 ns, Total: 81900 ns
[2025-10-20T19:59:24.586+0000][25964][safepoint   ] Safepoint "Cleanup", Time since last: 20179089100 ns, Reaching safepoint: 240300 ns, At safepoint: 3100 ns, Total: 243400 ns
[2025-10-20T19:59:26.611+0000][25964][safepoint   ] Safepoint "Cleanup", Time since last: 2025117100 ns, Reaching safepoint: 97300 ns, At safepoint: 9100 ns, Total: 106400 ns
[2025-10-20T19:59:28.626+0000][25964][safepoint   ] Safepoint "Cleanup", Time since last: 2014435500 ns, Reaching safepoint: 99200 ns, At safepoint: 8100 ns, Total: 107300 ns
[2025-10-20T20:00:03.901+0000][25964][safepoint   ] Safepoint "Cleanup", Time since last: 35274119700 ns, Reaching safepoint: 268200 ns, At safepoint: 15500 ns, Total: 283700 ns
[2025-10-20T20:00:06.908+0000][25964][safepoint   ] Safepoint "Cleanup", Time since last: 3007013000 ns, Reaching safepoint: 96900 ns, At safepoint: 2900 ns, Total: 99800 ns
[2025-10-20T20:00:09.909+0000][25964][safepoint   ] Safepoint "Cleanup", Time since last: 3000864500 ns, Reaching safepoint: 91900 ns, At safepoint: 30400 ns, Total: 122300 ns
[2025-10-20T20:00:12.915+0000][25964][safepoint   ] Safepoint "Cleanup", Time since last: 3006343300 ns, Reaching safepoint: 115700 ns, At safepoint: 9000 ns, Total: 124700 ns
[2025-10-20T20:01:09.303+0000][25964][safepoint   ] Safepoint "Cleanup", Time since last: 56388114900 ns, Reaching safepoint: 90700 ns, At safepoint: 8000 ns, Total: 98700 ns
[2025-10-20T20:01:10.306+0000][25964][safepoint   ] Safepoint "Cleanup", Time since last: 1002340200 ns, Reaching safepoint: 89900 ns, At safepoint: 2800 ns, Total: 92700 ns
[2025-10-20T20:01:12.121+0000][25964][gc,start    ] GC(39) Pause Young (Normal) (G1 Evacuation Pause)
[2025-10-20T20:01:12.121+0000][25964][gc,task     ] GC(39) Using 10 workers of 10 for evacuation
[2025-10-20T20:01:12.121+0000][25964][gc,age      ] GC(39) Desired survivor size 40370176 bytes, new threshold 15 (max threshold 15)
[2025-10-20T20:01:12.123+0000][25964][gc,age      ] GC(39) Age table with threshold 15 (max threshold 15)
[2025-10-20T20:01:12.124+0000][25964][gc,age      ] GC(39) - age   1:    1537696 bytes,    1537696 total
[2025-10-20T20:01:12.124+0000][25964][gc,age      ] GC(39) - age   2:     733608 bytes,    2271304 total
[2025-10-20T20:01:12.124+0000][25964][gc,age      ] GC(39) - age   3:     903384 bytes,    3174688 total
[2025-10-20T20:01:12.124+0000][25964][gc,age      ] GC(39) - age   4:      29000 bytes,    3203688 total
[2025-10-20T20:01:12.124+0000][25964][gc,age      ] GC(39) - age   5:       1720 bytes,    3205408 total
[2025-10-20T20:01:12.124+0000][25964][gc,age      ] GC(39) - age   6:     341032 bytes,    3546440 total
[2025-10-20T20:01:12.124+0000][25964][gc,age      ] GC(39) - age   7:      35368 bytes,    3581808 total
[2025-10-20T20:01:12.124+0000][25964][gc,age      ] GC(39) - age   8:     260160 bytes,    3841968 total
[2025-10-20T20:01:12.124+0000][25964][gc,age      ] GC(39) - age   9:       9408 bytes,    3851376 total
[2025-10-20T20:01:12.124+0000][25964][gc,age      ] GC(39) - age  10:      37336 bytes,    3888712 total
[2025-10-20T20:01:12.124+0000][25964][gc,age      ] GC(39) - age  11:      99536 bytes,    3988248 total
[2025-10-20T20:01:12.124+0000][25964][gc,age      ] GC(39) - age  12:    1229536 bytes,    5217784 total
[2025-10-20T20:01:12.124+0000][25964][gc,age      ] GC(39) - age  13:    5105184 bytes,   10322968 total
[2025-10-20T20:01:12.124+0000][25964][gc,age      ] GC(39) - age  14:       7000 bytes,   10329968 total
[2025-10-20T20:01:12.124+0000][25964][gc,age      ] GC(39) - age  15:      32840 bytes,   10362808 total
[2025-10-20T20:01:12.124+0000][25964][gc,phases   ] GC(39)   Pre Evacuate Collection Set: 0.1ms
[2025-10-20T20:01:12.124+0000][25964][gc,phases   ] GC(39)   Merge Heap Roots: 0.1ms
[2025-10-20T20:01:12.124+0000][25964][gc,phases   ] GC(39)   Evacuate Collection Set: 1.6ms
[2025-10-20T20:01:12.124+0000][25964][gc,phases   ] GC(39)   Post Evacuate Collection Set: 0.5ms
[2025-10-20T20:01:12.124+0000][25964][gc,phases   ] GC(39)   Other: 0.4ms
[2025-10-20T20:01:12.124+0000][25964][gc,heap     ] GC(39) Eden regions: 602->0(603)
[2025-10-20T20:01:12.124+0000][25964][gc,heap     ] GC(39) Survivor regions: 12->11(77)
[2025-10-20T20:01:12.124+0000][25964][gc,heap     ] GC(39) Old regions: 80->80
[2025-10-20T20:01:12.124+0000][25964][gc,heap     ] GC(39) Archive regions: 0->0
[2025-10-20T20:01:12.124+0000][25964][gc,heap     ] GC(39) Humongous regions: 7->7
[2025-10-20T20:01:12.124+0000][25964][gc,metaspace] GC(39) Metaspace: 110055K(113968K)->110055K(113968K) NonClass: 96179K(98736K)->96179K(98736K) Class: 13876K(15232K)->13876K(15232K)
[2025-10-20T20:01:12.124+0000][25964][gc          ] GC(39) Pause Young (Normal) (G1 Evacuation Pause) 700M->97M(1024M) 2.757ms
[2025-10-20T20:01:12.124+0000][25964][gc,cpu      ] GC(39) User=0.00s Sys=0.00s Real=0.00s
[2025-10-20T20:01:12.124+0000][25964][safepoint   ] Safepoint "G1CollectForAllocation", Time since last: 1815577900 ns, Reaching safepoint: 89000 ns, At safepoint: 2846100 ns, Total: 2935100 ns
[2025-10-20T20:01:13.129+0000][25964][safepoint   ] Safepoint "Cleanup", Time since last: 1004466500 ns, Reaching safepoint: 89900 ns, At safepoint: 5200 ns, Total: 95100 ns
[2025-10-20T20:01:33.269+0000][25964][safepoint   ] Safepoint "Cleanup", Time since last: 20140652800 ns, Reaching safepoint: 83600 ns, At safepoint: 10200 ns, Total: 93800 ns
[2025-10-20T20:01:34.270+0000][25964][safepoint   ] Safepoint "Cleanup", Time since last: 1000107100 ns, Reaching safepoint: 110500 ns, At safepoint: 8000 ns, Total: 118500 ns
[2025-10-20T20:01:36.272+0000][25964][safepoint   ] Safepoint "Cleanup", Time since last: 2002589000 ns, Reaching safepoint: 86600 ns, At safepoint: 7100 ns, Total: 93700 ns
[2025-10-20T20:01:58.425+0000][25964][safepoint   ] Safepoint "Cleanup", Time since last: 22152541200 ns, Reaching safepoint: 112000 ns, At safepoint: 3700 ns, Total: 115700 ns
[2025-10-20T20:02:03.469+0000][25964][safepoint   ] Safepoint "Cleanup", Time since last: 5043631500 ns, Reaching safepoint: 77400 ns, At safepoint: 8900 ns, Total: 86300 ns
[2025-10-20T20:02:12.550+0000][25964][safepoint   ] Safepoint "Cleanup", Time since last: 9080901200 ns, Reaching safepoint: 107000 ns, At safepoint: 15900 ns, Total: 122900 ns
[2025-10-20T20:02:18.574+0000][25964][safepoint   ] Safepoint "Cleanup", Time since last: 6023984600 ns, Reaching safepoint: 69500 ns, At safepoint: 9600 ns, Total: 79100 ns
[2025-10-20T20:02:19.149+0000][25964][gc,heap,exit] Heap
[2025-10-20T20:02:19.149+0000][25964][gc,heap,exit]  garbage-first heap   total 1048576K, used 233122K [0x00000000c0000000, 0x0000000100000000)
[2025-10-20T20:02:19.149+0000][25964][gc,heap,exit]   region size 1024K, 143 young (146432K), 11 survivors (11264K)
[2025-10-20T20:02:19.149+0000][25964][gc,heap,exit]  Metaspace       used 110225K, capacity 113884K, committed 113968K, reserved 1148928K
[2025-10-20T20:02:19.149+0000][25964][gc,heap,exit]   class space    used 13906K, capacity 15153K, committed 15232K, reserved 1048576K
