[2025-10-20T16:38:10.179+0000][21756][gc] Using G1
[2025-10-20T16:38:10.256+0000][21756][gc,init] Version: 15.0.1+9 (release)
[2025-10-20T16:38:10.256+0000][21756][gc,init] CPUs: 12 total, 12 available
[2025-10-20T16:38:10.256+0000][21756][gc,init] Memory: 32620M
[2025-10-20T16:38:10.256+0000][21756][gc,init] Large Page Support: Disabled
[2025-10-20T16:38:10.256+0000][21756][gc,init] NUMA Support: Disabled
[2025-10-20T16:38:10.256+0000][21756][gc,init] Compressed Oops: Enabled (32-bit)
[2025-10-20T16:38:10.256+0000][21756][gc,init] Heap Region Size: 1M
[2025-10-20T16:38:10.256+0000][21756][gc,init] Heap Min Capacity: 1G
[2025-10-20T16:38:10.256+0000][21756][gc,init] Heap Initial Capacity: 1G
[2025-10-20T16:38:10.256+0000][21756][gc,init] Heap Max Capacity: 1G
[2025-10-20T16:38:10.256+0000][21756][gc,init] Pre-touch: Enabled
[2025-10-20T16:38:10.256+0000][21756][gc,init] Parallel Workers: 10
[2025-10-20T16:38:10.256+0000][21756][gc,init] Concurrent Workers: 3
[2025-10-20T16:38:10.256+0000][21756][gc,init] Concurrent Refinement Workers: 10
[2025-10-20T16:38:10.256+0000][21756][gc,init] Periodic GC: Disabled
[2025-10-20T16:38:10.256+0000][21756][gc,metaspace] CDS archive(s) mapped at: [0x0000000800000000-0x0000000800b50000-0x0000000800b50000), size 11862016, SharedBaseAddress: 0x0000000800000000, ArchiveRelocationMode: 0.
[2025-10-20T16:38:10.256+0000][21756][gc,metaspace] Compressed class space mapped at: 0x0000000800b50000-0x0000000840b50000, size: 1073741824
[2025-10-20T16:38:10.256+0000][21756][gc,metaspace] Narrow klass base: 0x0000000800000000, Narrow klass shift: 3, Narrow klass range: 0x100000000
[2025-10-20T16:38:10.536+0000][21756][safepoint   ] Safepoint "ICBufferFull", Time since last: 271791400 ns, Reaching safepoint: 154400 ns, At safepoint: 9300 ns, Total: 163700 ns
[2025-10-20T16:38:10.803+0000][21756][safepoint   ] Safepoint "ICBufferFull", Time since last: 268950300 ns, Reaching safepoint: 88800 ns, At safepoint: 9000 ns, Total: 97800 ns
[2025-10-20T16:38:11.244+0000][21756][safepoint   ] Safepoint "ICBufferFull", Time since last: 443068300 ns, Reaching safepoint: 108600 ns, At safepoint: 7000 ns, Total: 115600 ns
[2025-10-20T16:38:11.844+0000][21756][gc,start    ] GC(0) Pause Young (Normal) (G1 Evacuation Pause)
[2025-10-20T16:38:11.844+0000][21756][gc,task     ] GC(0) Using 10 workers of 10 for evacuation
[2025-10-20T16:38:11.844+0000][21756][gc,age      ] GC(0) Desired survivor size 3670016 bytes, new threshold 15 (max threshold 15)
[2025-10-20T16:38:11.852+0000][21756][gc,age      ] GC(0) Age table with threshold 15 (max threshold 15)
[2025-10-20T16:38:11.852+0000][21756][gc,age      ] GC(0) - age   1:    6626360 bytes,    6626360 total
[2025-10-20T16:38:11.852+0000][21756][gc,phases   ] GC(0)   Pre Evacuate Collection Set: 0.1ms
[2025-10-20T16:38:11.852+0000][21756][gc,phases   ] GC(0)   Merge Heap Roots: 0.0ms
[2025-10-20T16:38:11.852+0000][21756][gc,phases   ] GC(0)   Evacuate Collection Set: 2.7ms
[2025-10-20T16:38:11.852+0000][21756][gc,phases   ] GC(0)   Post Evacuate Collection Set: 0.6ms
[2025-10-20T16:38:11.852+0000][21756][gc,phases   ] GC(0)   Other: 0.6ms
[2025-10-20T16:38:11.852+0000][21756][gc,heap     ] GC(0) Eden regions: 51->0(53)
[2025-10-20T16:38:11.852+0000][21756][gc,heap     ] GC(0) Survivor regions: 0->7(7)
[2025-10-20T16:38:11.852+0000][21756][gc,heap     ] GC(0) Old regions: 0->0
[2025-10-20T16:38:11.852+0000][21756][gc,heap     ] GC(0) Archive regions: 0->0
[2025-10-20T16:38:11.852+0000][21756][gc,heap     ] GC(0) Humongous regions: 1->1
[2025-10-20T16:38:11.852+0000][21756][gc,metaspace] GC(0) Metaspace: 13524K(13952K)->13524K(13952K) NonClass: 11953K(12288K)->11953K(12288K) Class: 1571K(1664K)->1571K(1664K)
[2025-10-20T16:38:11.852+0000][21756][gc          ] GC(0) Pause Young (Normal) (G1 Evacuation Pause) 52M->7M(1024M) 4.071ms
[2025-10-20T16:38:11.852+0000][21756][gc,cpu      ] GC(0) User=0.00s Sys=0.00s Real=0.01s
[2025-10-20T16:38:11.852+0000][21756][safepoint   ] Safepoint "G1CollectForAllocation", Time since last: 600810500 ns, Reaching safepoint: 98700 ns, At safepoint: 4142200 ns, Total: 4240900 ns
[2025-10-20T16:38:12.374+0000][21756][gc,start    ] GC(1) Pause Young (Normal) (G1 Evacuation Pause)
[2025-10-20T16:38:12.374+0000][21756][gc,task     ] GC(1) Using 10 workers of 10 for evacuation
[2025-10-20T16:38:12.374+0000][21756][gc,age      ] GC(1) Desired survivor size 4194304 bytes, new threshold 1 (max threshold 15)
[2025-10-20T16:38:12.377+0000][21756][gc,age      ] GC(1) Age table with threshold 1 (max threshold 15)
[2025-10-20T16:38:12.377+0000][21756][gc,age      ] GC(1) - age   1:    1024488 bytes,    1024488 total
[2025-10-20T16:38:12.377+0000][21756][gc,phases   ] GC(1)   Pre Evacuate Collection Set: 0.0ms
[2025-10-20T16:38:12.377+0000][21756][gc,phases   ] GC(1)   Merge Heap Roots: 0.0ms
[2025-10-20T16:38:12.377+0000][21756][gc,phases   ] GC(1)   Evacuate Collection Set: 2.6ms
[2025-10-20T16:38:12.377+0000][21756][gc,phases   ] GC(1)   Post Evacuate Collection Set: 0.6ms
[2025-10-20T16:38:12.377+0000][21756][gc,phases   ] GC(1)   Other: 0.2ms
[2025-10-20T16:38:12.377+0000][21756][gc,heap     ] GC(1) Eden regions: 53->0(266)
[2025-10-20T16:38:12.377+0000][21756][gc,heap     ] GC(1) Survivor regions: 7->2(8)
[2025-10-20T16:38:12.377+0000][21756][gc,heap     ] GC(1) Old regions: 0->7
[2025-10-20T16:38:12.377+0000][21756][gc,heap     ] GC(1) Archive regions: 0->0
[2025-10-20T16:38:12.377+0000][21756][gc,heap     ] GC(1) Humongous regions: 1->1
[2025-10-20T16:38:12.377+0000][21756][gc,metaspace] GC(1) Metaspace: 14334K(14848K)->14334K(14848K) NonClass: 12698K(13056K)->12698K(13056K) Class: 1635K(1792K)->1635K(1792K)
[2025-10-20T16:38:12.377+0000][21756][gc          ] GC(1) Pause Young (Normal) (G1 Evacuation Pause) 60M->8M(1024M) 3.620ms
[2025-10-20T16:38:12.377+0000][21756][gc,cpu      ] GC(1) User=0.08s Sys=0.08s Real=0.00s
[2025-10-20T16:38:12.377+0000][21756][safepoint   ] Safepoint "G1CollectForAllocation", Time since last: 520676100 ns, Reaching safepoint: 94900 ns, At safepoint: 3684100 ns, Total: 3779000 ns
[2025-10-20T16:38:12.545+0000][21756][safepoint   ] Safepoint "ICBufferFull", Time since last: 167269300 ns, Reaching safepoint: 58100 ns, At safepoint: 7200 ns, Total: 65300 ns
[2025-10-20T16:38:12.547+0000][21756][safepoint   ] Safepoint "ICBufferFull", Time since last: 2658100 ns, Reaching safepoint: 29500 ns, At safepoint: 6000 ns, Total: 35500 ns
[2025-10-20T16:38:12.550+0000][21756][safepoint   ] Safepoint "ICBufferFull", Time since last: 1953700 ns, Reaching safepoint: 24400 ns, At safepoint: 1500 ns, Total: 25900 ns
[2025-10-20T16:38:12.550+0000][21756][safepoint   ] Safepoint "ICBufferFull", Time since last: 1944400 ns, Reaching safepoint: 81000 ns, At safepoint: 6800 ns, Total: 87800 ns
[2025-10-20T16:38:12.554+0000][21756][safepoint   ] Safepoint "ICBufferFull", Time since last: 2605700 ns, Reaching safepoint: 34400 ns, At safepoint: 6800 ns, Total: 41200 ns
[2025-10-20T16:38:12.554+0000][21756][safepoint   ] Safepoint "ICBufferFull", Time since last: 1561900 ns, Reaching safepoint: 26900 ns, At safepoint: 6400 ns, Total: 33300 ns
[2025-10-20T16:38:12.554+0000][21756][safepoint   ] Safepoint "ICBufferFull", Time since last: 2023800 ns, Reaching safepoint: 31300 ns, At safepoint: 7200 ns, Total: 38500 ns
[2025-10-20T16:38:12.554+0000][21756][safepoint   ] Safepoint "ICBufferFull", Time since last: 1607200 ns, Reaching safepoint: 26800 ns, At safepoint: 5200 ns, Total: 32000 ns
[2025-10-20T16:38:12.562+0000][21756][safepoint   ] Safepoint "ICBufferFull", Time since last: 1827600 ns, Reaching safepoint: 29000 ns, At safepoint: 8100 ns, Total: 37100 ns
[2025-10-20T16:38:12.564+0000][21756][safepoint   ] Safepoint "ICBufferFull", Time since last: 2532500 ns, Reaching safepoint: 49700 ns, At safepoint: 8000 ns, Total: 57700 ns
[2025-10-20T16:38:12.566+0000][21756][safepoint   ] Safepoint "ICBufferFull", Time since last: 1977600 ns, Reaching safepoint: 30800 ns, At safepoint: 7600 ns, Total: 38400 ns
[2025-10-20T16:38:12.568+0000][21756][safepoint   ] Safepoint "ICBufferFull", Time since last: 2086000 ns, Reaching safepoint: 30900 ns, At safepoint: 5800 ns, Total: 36700 ns
[2025-10-20T16:38:12.571+0000][21756][safepoint   ] Safepoint "ICBufferFull", Time since last: 2780300 ns, Reaching safepoint: 35600 ns, At safepoint: 5900 ns, Total: 41500 ns
[2025-10-20T16:38:12.573+0000][21756][safepoint   ] Safepoint "ICBufferFull", Time since last: 2040600 ns, Reaching safepoint: 30600 ns, At safepoint: 6400 ns, Total: 37000 ns
[2025-10-20T16:38:13.104+0000][21756][safepoint   ] Safepoint "ICBufferFull", Time since last: 530962600 ns, Reaching safepoint: 63800 ns, At safepoint: 10200 ns, Total: 74000 ns
[2025-10-20T16:38:13.940+0000][21756][safepoint   ] Safepoint "ICBufferFull", Time since last: 835774700 ns, Reaching safepoint: 145900 ns, At safepoint: 7400 ns, Total: 153300 ns
[2025-10-20T16:38:13.973+0000][21756][gc,start    ] GC(2) Pause Young (Normal) (G1 Evacuation Pause)
[2025-10-20T16:38:13.973+0000][21756][gc,task     ] GC(2) Using 10 workers of 10 for evacuation
[2025-10-20T16:38:13.973+0000][21756][gc,age      ] GC(2) Desired survivor size 17825792 bytes, new threshold 15 (max threshold 15)
[2025-10-20T16:38:13.974+0000][21756][gc,age      ] GC(2) Age table with threshold 15 (max threshold 15)
[2025-10-20T16:38:13.974+0000][21756][gc,age      ] GC(2) - age   1:    5481256 bytes,    5481256 total
[2025-10-20T16:38:13.974+0000][21756][gc,age      ] GC(2) - age   2:    1004272 bytes,    6485528 total
[2025-10-20T16:38:13.974+0000][21756][gc,phases   ] GC(2)   Pre Evacuate Collection Set: 0.1ms
[2025-10-20T16:38:13.974+0000][21756][gc,phases   ] GC(2)   Merge Heap Roots: 0.0ms
[2025-10-20T16:38:13.974+0000][21756][gc,phases   ] GC(2)   Evacuate Collection Set: 1.4ms
[2025-10-20T16:38:13.974+0000][21756][gc,phases   ] GC(2)   Post Evacuate Collection Set: 0.3ms
[2025-10-20T16:38:13.974+0000][21756][gc,phases   ] GC(2)   Other: 0.2ms
[2025-10-20T16:38:13.974+0000][21756][gc,heap     ] GC(2) Eden regions: 266->0(607)
[2025-10-20T16:38:13.974+0000][21756][gc,heap     ] GC(2) Survivor regions: 2->7(34)
[2025-10-20T16:38:13.974+0000][21756][gc,heap     ] GC(2) Old regions: 7->7
[2025-10-20T16:38:13.974+0000][21756][gc,heap     ] GC(2) Archive regions: 0->0
[2025-10-20T16:38:13.974+0000][21756][gc,heap     ] GC(2) Humongous regions: 2->1
[2025-10-20T16:38:13.974+0000][21756][gc,metaspace] GC(2) Metaspace: 17881K(18432K)->17881K(18432K) NonClass: 15765K(16128K)->15765K(16128K) Class: 2115K(2304K)->2115K(2304K)
[2025-10-20T16:38:13.974+0000][21756][gc          ] GC(2) Pause Young (Normal) (G1 Evacuation Pause) 275M->13M(1024M) 2.132ms
[2025-10-20T16:38:13.974+0000][21756][gc,cpu      ] GC(2) User=0.00s Sys=0.00s Real=0.00s
[2025-10-20T16:38:13.974+0000][21756][safepoint   ] Safepoint "G1CollectForAllocation", Time since last: 32550100 ns, Reaching safepoint: 41300 ns, At safepoint: 2192800 ns, Total: 2234100 ns
[2025-10-20T16:38:14.978+0000][21756][safepoint   ] Safepoint "Cleanup", Time since last: 1002493700 ns, Reaching safepoint: 127900 ns, At safepoint: 1400 ns, Total: 129300 ns
[2025-10-20T16:38:15.984+0000][21756][safepoint   ] Safepoint "Cleanup", Time since last: 1006485300 ns, Reaching safepoint: 74100 ns, At safepoint: 7400 ns, Total: 81500 ns
[2025-10-20T16:38:16.992+0000][21756][safepoint   ] Safepoint "Cleanup", Time since last: 1007207700 ns, Reaching safepoint: 89400 ns, At safepoint: 7100 ns, Total: 96500 ns
[2025-10-20T16:38:17.099+0000][21756][gc,start    ] GC(3) Pause Young (Normal) (G1 Evacuation Pause)
[2025-10-20T16:38:17.099+0000][21756][gc,task     ] GC(3) Using 10 workers of 10 for evacuation
[2025-10-20T16:38:17.099+0000][21756][gc,age      ] GC(3) Desired survivor size 40370176 bytes, new threshold 15 (max threshold 15)
[2025-10-20T16:38:17.099+0000][21756][gc,age      ] GC(3) Age table with threshold 15 (max threshold 15)
[2025-10-20T16:38:17.099+0000][21756][gc,age      ] GC(3) - age   1:    3530648 bytes,    3530648 total
[2025-10-20T16:38:17.099+0000][21756][gc,age      ] GC(3) - age   2:    4371864 bytes,    7902512 total
[2025-10-20T16:38:17.099+0000][21756][gc,age      ] GC(3) - age   3:    1004272 bytes,    8906784 total
[2025-10-20T16:38:17.099+0000][21756][gc,phases   ] GC(3)   Pre Evacuate Collection Set: 0.1ms
[2025-10-20T16:38:17.099+0000][21756][gc,phases   ] GC(3)   Merge Heap Roots: 0.0ms
[2025-10-20T16:38:17.099+0000][21756][gc,phases   ] GC(3)   Evacuate Collection Set: 1.3ms
[2025-10-20T16:38:17.099+0000][21756][gc,phases   ] GC(3)   Post Evacuate Collection Set: 0.3ms
[2025-10-20T16:38:17.099+0000][21756][gc,phases   ] GC(3)   Other: 0.3ms
[2025-10-20T16:38:17.099+0000][21756][gc,heap     ] GC(3) Eden regions: 607->0(605)
[2025-10-20T16:38:17.099+0000][21756][gc,heap     ] GC(3) Survivor regions: 7->9(77)
[2025-10-20T16:38:17.099+0000][21756][gc,heap     ] GC(3) Old regions: 7->7
[2025-10-20T16:38:17.099+0000][21756][gc,heap     ] GC(3) Archive regions: 0->0
[2025-10-20T16:38:17.099+0000][21756][gc,heap     ] GC(3) Humongous regions: 1->1
[2025-10-20T16:38:17.099+0000][21756][gc,metaspace] GC(3) Metaspace: 18904K(19840K)->18904K(19840K) NonClass: 16647K(17408K)->16647K(17408K) Class: 2257K(2432K)->2257K(2432K)
[2025-10-20T16:38:17.099+0000][21756][gc          ] GC(3) Pause Young (Normal) (G1 Evacuation Pause) 620M->16M(1024M) 2.150ms
[2025-10-20T16:38:17.099+0000][21756][gc,cpu      ] GC(3) User=0.00s Sys=0.00s Real=0.00s
[2025-10-20T16:38:17.099+0000][21756][safepoint   ] Safepoint "G1CollectForAllocation", Time since last: 115035600 ns, Reaching safepoint: 38200 ns, At safepoint: 2206400 ns, Total: 2244600 ns
[2025-10-20T16:38:19.099+0000][21756][safepoint   ] Safepoint "Cleanup", Time since last: 1990283000 ns, Reaching safepoint: 86000 ns, At safepoint: 9000 ns, Total: 95000 ns
[2025-10-20T16:38:19.633+0000][21756][gc,start    ] GC(4) Pause Young (Normal) (G1 Evacuation Pause)
[2025-10-20T16:38:19.633+0000][21756][gc,task     ] GC(4) Using 10 workers of 10 for evacuation
[2025-10-20T16:38:19.633+0000][21756][gc,age      ] GC(4) Desired survivor size 40370176 bytes, new threshold 15 (max threshold 15)
[2025-10-20T16:38:19.635+0000][21756][gc,age      ] GC(4) Age table with threshold 15 (max threshold 15)
[2025-10-20T16:38:19.635+0000][21756][gc,age      ] GC(4) - age   1:    4425928 bytes,    4425928 total
[2025-10-20T16:38:19.635+0000][21756][gc,age      ] GC(4) - age   2:    3197608 bytes,    7623536 total
[2025-10-20T16:38:19.635+0000][21756][gc,age      ] GC(4) - age   3:    4371432 bytes,   11994968 total
[2025-10-20T16:38:19.635+0000][21756][gc,age      ] GC(4) - age   4:    1004128 bytes,   12999096 total
[2025-10-20T16:38:19.635+0000][21756][gc,phases   ] GC(4)   Pre Evacuate Collection Set: 0.1ms
[2025-10-20T16:38:19.635+0000][21756][gc,phases   ] GC(4)   Merge Heap Roots: 0.1ms
[2025-10-20T16:38:19.635+0000][21756][gc,phases   ] GC(4)   Evacuate Collection Set: 2.3ms
[2025-10-20T16:38:19.635+0000][21756][gc,phases   ] GC(4)   Post Evacuate Collection Set: 0.5ms
[2025-10-20T16:38:19.635+0000][21756][gc,phases   ] GC(4)   Other: 0.3ms
[2025-10-20T16:38:19.635+0000][21756][gc,heap     ] GC(4) Eden regions: 605->0(600)
[2025-10-20T16:38:19.635+0000][21756][gc,heap     ] GC(4) Survivor regions: 9->14(77)
[2025-10-20T16:38:19.635+0000][21756][gc,heap     ] GC(4) Old regions: 7->7
[2025-10-20T16:38:19.635+0000][21756][gc,heap     ] GC(4) Archive regions: 0->0
[2025-10-20T16:38:19.635+0000][21756][gc,heap     ] GC(4) Humongous regions: 1->1
[2025-10-20T16:38:19.635+0000][21756][gc,metaspace] GC(4) Metaspace: 19648K(20736K)->19648K(20736K) NonClass: 17283K(18176K)->17283K(18176K) Class: 2365K(2560K)->2365K(2560K)
[2025-10-20T16:38:19.635+0000][21756][gc          ] GC(4) Pause Young (Normal) (G1 Evacuation Pause) 621M->20M(1024M) 3.344ms
[2025-10-20T16:38:19.635+0000][21756][gc,cpu      ] GC(4) User=0.00s Sys=0.00s Real=0.00s
[2025-10-20T16:38:19.635+0000][21756][safepoint   ] Safepoint "G1CollectForAllocation", Time since last: 532799800 ns, Reaching safepoint: 245500 ns, At safepoint: 3416300 ns, Total: 3661800 ns
[2025-10-20T16:38:21.660+0000][21756][safepoint   ] Safepoint "Cleanup", Time since last: 2023971400 ns, Reaching safepoint: 62500 ns, At safepoint: 7500 ns, Total: 70000 ns
[2025-10-20T16:38:22.078+0000][21756][gc,start    ] GC(5) Pause Young (Concurrent Start) (Metadata GC Threshold)
[2025-10-20T16:38:22.078+0000][21756][gc,task     ] GC(5) Using 10 workers of 10 for evacuation
[2025-10-20T16:38:22.078+0000][21756][gc,age      ] GC(5) Desired survivor size 40370176 bytes, new threshold 15 (max threshold 15)
[2025-10-20T16:38:22.080+0000][21756][gc,age      ] GC(5) Age table with threshold 15 (max threshold 15)
[2025-10-20T16:38:22.080+0000][21756][gc,age      ] GC(5) - age   1:    1006968 bytes,    1006968 total
[2025-10-20T16:38:22.080+0000][21756][gc,age      ] GC(5) - age   2:    2359880 bytes,    3366848 total
[2025-10-20T16:38:22.080+0000][21756][gc,age      ] GC(5) - age   3:    3181848 bytes,    6548696 total
[2025-10-20T16:38:22.080+0000][21756][gc,age      ] GC(5) - age   4:    4365264 bytes,   10913960 total
[2025-10-20T16:38:22.080+0000][21756][gc,age      ] GC(5) - age   5:    1004024 bytes,   11917984 total
[2025-10-20T16:38:22.080+0000][21756][gc,phases   ] GC(5)   Pre Evacuate Collection Set: 0.1ms
[2025-10-20T16:38:22.080+0000][21756][gc,phases   ] GC(5)   Merge Heap Roots: 0.0ms
[2025-10-20T16:38:22.080+0000][21756][gc,phases   ] GC(5)   Evacuate Collection Set: 1.7ms
[2025-10-20T16:38:22.080+0000][21756][gc,phases   ] GC(5)   Post Evacuate Collection Set: 0.3ms
[2025-10-20T16:38:22.080+0000][21756][gc,phases   ] GC(5)   Other: 0.3ms
[2025-10-20T16:38:22.080+0000][21756][gc,heap     ] GC(5) Eden regions: 445->0(601)
[2025-10-20T16:38:22.080+0000][21756][gc,heap     ] GC(5) Survivor regions: 14->13(77)
[2025-10-20T16:38:22.080+0000][21756][gc,heap     ] GC(5) Old regions: 7->7
[2025-10-20T16:38:22.080+0000][21756][gc,heap     ] GC(5) Archive regions: 0->0
[2025-10-20T16:38:22.080+0000][21756][gc,heap     ] GC(5) Humongous regions: 1->1
[2025-10-20T16:38:22.080+0000][21756][gc,metaspace] GC(5) Metaspace: 20036K(21296K)->20036K(21296K) NonClass: 17597K(18608K)->17597K(18608K) Class: 2439K(2688K)->2439K(2688K)
[2025-10-20T16:38:22.080+0000][21756][gc          ] GC(5) Pause Young (Concurrent Start) (Metadata GC Threshold) 465M->19M(1024M) 2.566ms
[2025-10-20T16:38:22.080+0000][21756][gc,cpu      ] GC(5) User=0.14s Sys=0.02s Real=0.00s
[2025-10-20T16:38:22.080+0000][21756][gc          ] GC(6) Concurrent Cycle
[2025-10-20T16:38:22.080+0000][21756][gc,marking  ] GC(6) Concurrent Clear Claimed Marks
[2025-10-20T16:38:22.080+0000][21756][safepoint   ] Safepoint "CollectForMetadataAllocation", Time since last: 417847800 ns, Reaching safepoint: 66700 ns, At safepoint: 2672800 ns, Total: 2739500 ns
[2025-10-20T16:38:22.080+0000][21756][gc,marking  ] GC(6) Concurrent Clear Claimed Marks 0.022ms
[2025-10-20T16:38:22.080+0000][21756][gc,marking  ] GC(6) Concurrent Scan Root Regions
[2025-10-20T16:38:22.081+0000][21756][gc,marking  ] GC(6) Concurrent Scan Root Regions 1.093ms
[2025-10-20T16:38:22.081+0000][21756][gc,marking  ] GC(6) Concurrent Mark (11.911s)
[2025-10-20T16:38:22.081+0000][21756][gc,marking  ] GC(6) Concurrent Mark From Roots
[2025-10-20T16:38:22.081+0000][21756][gc,task     ] GC(6) Using 3 workers of 3 for marking
[2025-10-20T16:38:22.084+0000][21756][gc,marking  ] GC(6) Concurrent Mark From Roots 2.897ms
[2025-10-20T16:38:22.084+0000][21756][gc,marking  ] GC(6) Concurrent Preclean
[2025-10-20T16:38:22.084+0000][21756][gc,marking  ] GC(6) Concurrent Preclean 0.080ms
[2025-10-20T16:38:22.084+0000][21756][gc,marking  ] GC(6) Concurrent Mark (11.911s, 11.915s) 3.034ms
[2025-10-20T16:38:22.084+0000][21756][gc,start    ] GC(6) Pause Remark
[2025-10-20T16:38:22.085+0000][21756][gc          ] GC(6) Pause Remark 20M->20M(1024M) 0.743ms
[2025-10-20T16:38:22.085+0000][21756][gc,cpu      ] GC(6) User=0.00s Sys=0.00s Real=0.00s
[2025-10-20T16:38:22.085+0000][21756][safepoint   ] Safepoint "G1Concurrent", Time since last: 4197100 ns, Reaching safepoint: 52900 ns, At safepoint: 798900 ns, Total: 851800 ns
[2025-10-20T16:38:22.085+0000][21756][gc,marking  ] GC(6) Concurrent Rebuild Remembered Sets
[2025-10-20T16:38:22.086+0000][21756][gc,marking  ] GC(6) Concurrent Rebuild Remembered Sets 1.348ms
[2025-10-20T16:38:22.086+0000][21756][gc,start    ] GC(6) Pause Cleanup
[2025-10-20T16:38:22.087+0000][21756][gc          ] GC(6) Pause Cleanup 20M->20M(1024M) 0.172ms
[2025-10-20T16:38:22.087+0000][21756][gc,cpu      ] GC(6) User=0.00s Sys=0.00s Real=0.00s
[2025-10-20T16:38:22.087+0000][21756][safepoint   ] Safepoint "G1Concurrent", Time since last: 1408000 ns, Reaching safepoint: 390900 ns, At safepoint: 245300 ns, Total: 636200 ns
[2025-10-20T16:38:22.087+0000][21756][gc,marking  ] GC(6) Concurrent Cleanup for Next Mark
[2025-10-20T16:38:22.087+0000][21756][gc,marking  ] GC(6) Concurrent Cleanup for Next Mark 0.923ms
[2025-10-20T16:38:22.087+0000][21756][gc          ] GC(6) Concurrent Cycle 8.142ms
[2025-10-20T16:38:22.944+0000][21756][safepoint   ] Safepoint "ICBufferFull", Time since last: 857151800 ns, Reaching safepoint: 167300 ns, At safepoint: 8800 ns, Total: 176100 ns
[2025-10-20T16:38:23.599+0000][21756][safepoint   ] Safepoint "ICBufferFull", Time since last: 654666000 ns, Reaching safepoint: 146500 ns, At safepoint: 7800 ns, Total: 154300 ns
[2025-10-20T16:38:23.927+0000][21756][safepoint   ] Safepoint "ICBufferFull", Time since last: 327316400 ns, Reaching safepoint: 240300 ns, At safepoint: 168800 ns, Total: 409100 ns
[2025-10-20T16:38:23.928+0000][21756][gc,start    ] GC(7) Pause Young (Concurrent Start) (Metadata GC Threshold)
[2025-10-20T16:38:23.928+0000][21756][gc,task     ] GC(7) Using 10 workers of 10 for evacuation
[2025-10-20T16:38:23.928+0000][21756][gc,age      ] GC(7) Desired survivor size 40370176 bytes, new threshold 15 (max threshold 15)
[2025-10-20T16:38:23.945+0000][21756][gc,age      ] GC(7) Age table with threshold 15 (max threshold 15)
[2025-10-20T16:38:23.945+0000][21756][gc,age      ] GC(7) - age   1:   31705376 bytes,   31705376 total
[2025-10-20T16:38:23.945+0000][21756][gc,age      ] GC(7) - age   2:     988136 bytes,   32693512 total
[2025-10-20T16:38:23.945+0000][21756][gc,age      ] GC(7) - age   3:    2356512 bytes,   35050024 total
[2025-10-20T16:38:23.945+0000][21756][gc,age      ] GC(7) - age   4:    3163928 bytes,   38213952 total
[2025-10-20T16:38:23.945+0000][21756][gc,age      ] GC(7) - age   5:    4326272 bytes,   42540224 total
[2025-10-20T16:38:23.945+0000][21756][gc,age      ] GC(7) - age   6:     965216 bytes,   43505440 total
[2025-10-20T16:38:23.945+0000][21756][gc,phases   ] GC(7)   Pre Evacuate Collection Set: 0.1ms
[2025-10-20T16:38:23.945+0000][21756][gc,phases   ] GC(7)   Merge Heap Roots: 0.0ms
[2025-10-20T16:38:23.945+0000][21756][gc,phases   ] GC(7)   Evacuate Collection Set: 9.9ms
[2025-10-20T16:38:23.945+0000][21756][gc,phases   ] GC(7)   Post Evacuate Collection Set: 1.3ms
[2025-10-20T16:38:23.945+0000][21756][gc,phases   ] GC(7)   Other: 0.3ms
[2025-10-20T16:38:23.945+0000][21756][gc,heap     ] GC(7) Eden regions: 245->0(571)
[2025-10-20T16:38:23.945+0000][21756][gc,heap     ] GC(7) Survivor regions: 13->43(77)
[2025-10-20T16:38:23.945+0000][21756][gc,heap     ] GC(7) Old regions: 7->7
[2025-10-20T16:38:23.945+0000][21756][gc,heap     ] GC(7) Archive regions: 0->0
[2025-10-20T16:38:23.945+0000][21756][gc,heap     ] GC(7) Humongous regions: 1->1
[2025-10-20T16:38:23.945+0000][21756][gc,metaspace] GC(7) Metaspace: 33863K(35920K)->33863K(35920K) NonClass: 29545K(31056K)->29545K(31056K) Class: 4318K(4864K)->4318K(4864K)
[2025-10-20T16:38:23.945+0000][21756][gc          ] GC(7) Pause Young (Concurrent Start) (Metadata GC Threshold) 264M->49M(1024M) 11.751ms
[2025-10-20T16:38:23.945+0000][21756][gc,cpu      ] GC(7) User=0.13s Sys=0.05s Real=0.02s
[2025-10-20T16:38:23.945+0000][21756][gc          ] GC(8) Concurrent Cycle
[2025-10-20T16:38:23.945+0000][21756][gc,marking  ] GC(8) Concurrent Clear Claimed Marks
[2025-10-20T16:38:23.945+0000][21756][safepoint   ] Safepoint "CollectForMetadataAllocation", Time since last: 6165300 ns, Reaching safepoint: 38100 ns, At safepoint: 11872600 ns, Total: 11910700 ns
[2025-10-20T16:38:23.945+0000][21756][gc,marking  ] GC(8) Concurrent Clear Claimed Marks 0.047ms
[2025-10-20T16:38:23.945+0000][21756][gc,marking  ] GC(8) Concurrent Scan Root Regions
[2025-10-20T16:38:23.945+0000][21756][gc,marking  ] GC(8) Concurrent Scan Root Regions 8.017ms
[2025-10-20T16:38:23.945+0000][21756][gc,marking  ] GC(8) Concurrent Mark (13.783s)
[2025-10-20T16:38:23.945+0000][21756][gc,marking  ] GC(8) Concurrent Mark From Roots
[2025-10-20T16:38:23.945+0000][21756][gc,task     ] GC(8) Using 3 workers of 3 for marking
[2025-10-20T16:38:23.955+0000][21756][safepoint   ] Safepoint "CollectForMetadataAllocation", Time since last: 10138100 ns, Reaching safepoint: 54100 ns, At safepoint: 51200 ns, Total: 105300 ns
[2025-10-20T16:38:23.956+0000][21756][gc,marking  ] GC(8) Concurrent Mark From Roots 3.195ms
[2025-10-20T16:38:23.956+0000][21756][gc,marking  ] GC(8) Concurrent Preclean
[2025-10-20T16:38:23.956+0000][21756][gc,marking  ] GC(8) Concurrent Preclean 0.091ms
[2025-10-20T16:38:23.956+0000][21756][gc,marking  ] GC(8) Concurrent Mark (13.783s, 13.787s) 3.341ms
[2025-10-20T16:38:23.957+0000][21756][gc,start    ] GC(8) Pause Remark
[2025-10-20T16:38:23.957+0000][21756][gc          ] GC(8) Pause Remark 51M->51M(1024M) 0.802ms
[2025-10-20T16:38:23.957+0000][21756][gc,cpu      ] GC(8) User=0.00s Sys=0.00s Real=0.00s
[2025-10-20T16:38:23.957+0000][21756][safepoint   ] Safepoint "G1Concurrent", Time since last: 1220800 ns, Reaching safepoint: 192000 ns, At safepoint: 857800 ns, Total: 1049800 ns
[2025-10-20T16:38:23.957+0000][21756][gc,marking  ] GC(8) Concurrent Rebuild Remembered Sets
[2025-10-20T16:38:23.959+0000][21756][gc,marking  ] GC(8) Concurrent Rebuild Remembered Sets 1.526ms
[2025-10-20T16:38:23.959+0000][21756][gc,start    ] GC(8) Pause Cleanup
[2025-10-20T16:38:23.959+0000][21756][gc          ] GC(8) Pause Cleanup 51M->51M(1024M) 0.074ms
[2025-10-20T16:38:23.959+0000][21756][gc,cpu      ] GC(8) User=0.00s Sys=0.00s Real=0.00s
[2025-10-20T16:38:23.959+0000][21756][safepoint   ] Safepoint "G1Concurrent", Time since last: 1578700 ns, Reaching safepoint: 184600 ns, At safepoint: 126100 ns, Total: 310700 ns
[2025-10-20T16:38:23.959+0000][21756][gc,marking  ] GC(8) Concurrent Cleanup for Next Mark
[2025-10-20T16:38:23.960+0000][21756][gc,marking  ] GC(8) Concurrent Cleanup for Next Mark 0.870ms
[2025-10-20T16:38:23.960+0000][21756][gc          ] GC(8) Concurrent Cycle 15.383ms
[2025-10-20T16:38:24.382+0000][21756][safepoint   ] Safepoint "ICBufferFull", Time since last: 429261800 ns, Reaching safepoint: 138800 ns, At safepoint: 6800 ns, Total: 145600 ns
[2025-10-20T16:38:25.061+0000][21756][safepoint   ] Safepoint "ICBufferFull", Time since last: 673588100 ns, Reaching safepoint: 122400 ns, At safepoint: 6700 ns, Total: 129100 ns
[2025-10-20T16:38:25.715+0000][21756][gc,start    ] GC(9) Pause Young (Concurrent Start) (Metadata GC Threshold)
[2025-10-20T16:38:25.715+0000][21756][gc,task     ] GC(9) Using 10 workers of 10 for evacuation
[2025-10-20T16:38:25.715+0000][21756][gc,age      ] GC(9) Desired survivor size 40370176 bytes, new threshold 5 (max threshold 15)
[2025-10-20T16:38:25.735+0000][21756][gc,age      ] GC(9) Age table with threshold 5 (max threshold 15)
[2025-10-20T16:38:25.735+0000][21756][gc,age      ] GC(9) - age   1:   11613016 bytes,   11613016 total
[2025-10-20T16:38:25.735+0000][21756][gc,age      ] GC(9) - age   2:   31379144 bytes,   42992160 total
[2025-10-20T16:38:25.735+0000][21756][gc,age      ] GC(9) - age   3:     975528 bytes,   43967688 total
[2025-10-20T16:38:25.735+0000][21756][gc,age      ] GC(9) - age   4:    2333896 bytes,   46301584 total
[2025-10-20T16:38:25.735+0000][21756][gc,age      ] GC(9) - age   5:    3148224 bytes,   49449808 total
[2025-10-20T16:38:25.735+0000][21756][gc,phases   ] GC(9)   Pre Evacuate Collection Set: 0.1ms
[2025-10-20T16:38:25.735+0000][21756][gc,phases   ] GC(9)   Merge Heap Roots: 0.0ms
[2025-10-20T16:38:25.735+0000][21756][gc,phases   ] GC(9)   Evacuate Collection Set: 11.8ms
[2025-10-20T16:38:25.735+0000][21756][gc,phases   ] GC(9)   Post Evacuate Collection Set: 0.9ms
[2025-10-20T16:38:25.735+0000][21756][gc,phases   ] GC(9)   Other: 0.2ms
[2025-10-20T16:38:25.735+0000][21756][gc,heap     ] GC(9) Eden regions: 271->0(565)
[2025-10-20T16:38:25.735+0000][21756][gc,heap     ] GC(9) Survivor regions: 43->49(77)
[2025-10-20T16:38:25.735+0000][21756][gc,heap     ] GC(9) Old regions: 7->12
[2025-10-20T16:38:25.735+0000][21756][gc,heap     ] GC(9) Archive regions: 0->0
[2025-10-20T16:38:25.735+0000][21756][gc,heap     ] GC(9) Humongous regions: 1->1
[2025-10-20T16:38:25.735+0000][21756][gc,metaspace] GC(9) Metaspace: 57799K(60828K)->57799K(60828K) NonClass: 50178K(52304K)->50178K(52304K) Class: 7620K(8524K)->7620K(8524K)
[2025-10-20T16:38:25.735+0000][21756][gc          ] GC(9) Pause Young (Concurrent Start) (Metadata GC Threshold) 320M->61M(1024M) 13.106ms
[2025-10-20T16:38:25.735+0000][21756][gc,cpu      ] GC(9) User=0.16s Sys=0.00s Real=0.02s
[2025-10-20T16:38:25.735+0000][21756][gc          ] GC(10) Concurrent Cycle
[2025-10-20T16:38:25.735+0000][21756][gc,marking  ] GC(10) Concurrent Clear Claimed Marks
[2025-10-20T16:38:25.735+0000][21756][safepoint   ] Safepoint "CollectForMetadataAllocation", Time since last: 660145600 ns, Reaching safepoint: 141900 ns, At safepoint: 13210800 ns, Total: 13352700 ns
[2025-10-20T16:38:25.735+0000][21756][gc,marking  ] GC(10) Concurrent Clear Claimed Marks 0.049ms
[2025-10-20T16:38:25.735+0000][21756][gc,marking  ] GC(10) Concurrent Scan Root Regions
[2025-10-20T16:38:25.743+0000][21756][gc,marking  ] GC(10) Concurrent Scan Root Regions 8.405ms
[2025-10-20T16:38:25.743+0000][21756][gc,marking  ] GC(10) Concurrent Mark (15.575s)
[2025-10-20T16:38:25.743+0000][21756][gc,marking  ] GC(10) Concurrent Mark From Roots
[2025-10-20T16:38:25.743+0000][21756][gc,task     ] GC(10) Using 3 workers of 3 for marking
[2025-10-20T16:38:25.745+0000][21756][gc,marking  ] GC(10) Concurrent Mark From Roots 2.731ms
[2025-10-20T16:38:25.745+0000][21756][gc,marking  ] GC(10) Concurrent Preclean
[2025-10-20T16:38:25.745+0000][21756][gc,marking  ] GC(10) Concurrent Preclean 0.077ms
[2025-10-20T16:38:25.745+0000][21756][gc,marking  ] GC(10) Concurrent Mark (15.575s, 15.578s) 2.863ms
[2025-10-20T16:38:25.745+0000][21756][gc,start    ] GC(10) Pause Remark
[2025-10-20T16:38:25.745+0000][21756][gc          ] GC(10) Pause Remark 64M->64M(1024M) 0.971ms
[2025-10-20T16:38:25.745+0000][21756][gc,cpu      ] GC(10) User=0.00s Sys=0.00s Real=0.00s
[2025-10-20T16:38:25.745+0000][21756][safepoint   ] Safepoint "G1Concurrent", Time since last: 11376900 ns, Reaching safepoint: 34800 ns, At safepoint: 1020400 ns, Total: 1055200 ns
[2025-10-20T16:38:25.745+0000][21756][gc,marking  ] GC(10) Concurrent Rebuild Remembered Sets
[2025-10-20T16:38:25.751+0000][21756][gc,marking  ] GC(10) Concurrent Rebuild Remembered Sets 1.914ms
[2025-10-20T16:38:25.751+0000][21756][gc,start    ] GC(10) Pause Cleanup
[2025-10-20T16:38:25.751+0000][21756][gc          ] GC(10) Pause Cleanup 64M->64M(1024M) 0.076ms
[2025-10-20T16:38:25.751+0000][21756][gc,cpu      ] GC(10) User=0.00s Sys=0.00s Real=0.00s
[2025-10-20T16:38:25.751+0000][21756][safepoint   ] Safepoint "G1Concurrent", Time since last: 1965200 ns, Reaching safepoint: 360300 ns, At safepoint: 114200 ns, Total: 474500 ns
[2025-10-20T16:38:25.751+0000][21756][gc,marking  ] GC(10) Concurrent Cleanup for Next Mark
[2025-10-20T16:38:25.751+0000][21756][gc,marking  ] GC(10) Concurrent Cleanup for Next Mark 0.715ms
[2025-10-20T16:38:25.751+0000][21756][gc          ] GC(10) Concurrent Cycle 15.671ms
[2025-10-20T16:38:26.457+0000][21756][safepoint   ] Safepoint "ICBufferFull", Time since last: 704916200 ns, Reaching safepoint: 501900 ns, At safepoint: 9100 ns, Total: 511000 ns
[2025-10-20T16:38:27.020+0000][21756][safepoint   ] Safepoint "ICBufferFull", Time since last: 563211300 ns, Reaching safepoint: 140700 ns, At safepoint: 16500 ns, Total: 157200 ns
[2025-10-20T16:38:28.022+0000][21756][safepoint   ] Safepoint "Cleanup", Time since last: 1001830300 ns, Reaching safepoint: 83600 ns, At safepoint: 10900 ns, Total: 94500 ns
[2025-10-20T16:38:30.023+0000][21756][safepoint   ] Safepoint "Cleanup", Time since last: 2000588000 ns, Reaching safepoint: 76400 ns, At safepoint: 12500 ns, Total: 88900 ns
[2025-10-20T16:38:30.188+0000][21756][safepoint   ] Safepoint "ICBufferFull", Time since last: 165316400 ns, Reaching safepoint: 159000 ns, At safepoint: 10200 ns, Total: 169200 ns
[2025-10-20T16:38:30.564+0000][21756][safepoint   ] Safepoint "ICBufferFull", Time since last: 376608900 ns, Reaching safepoint: 191600 ns, At safepoint: 13600 ns, Total: 205200 ns
[2025-10-20T16:38:30.953+0000][21756][safepoint   ] Safepoint "ICBufferFull", Time since last: 388599600 ns, Reaching safepoint: 566500 ns, At safepoint: 11600 ns, Total: 578100 ns
[2025-10-20T16:38:31.371+0000][21756][safepoint   ] Safepoint "ICBufferFull", Time since last: 418290800 ns, Reaching safepoint: 144700 ns, At safepoint: 8700 ns, Total: 153400 ns
[2025-10-20T16:38:32.070+0000][21756][safepoint   ] Safepoint "ICBufferFull", Time since last: 697194800 ns, Reaching safepoint: 146900 ns, At safepoint: 8800 ns, Total: 155700 ns
[2025-10-20T16:38:32.833+0000][21756][safepoint   ] Safepoint "ICBufferFull", Time since last: 763144900 ns, Reaching safepoint: 165100 ns, At safepoint: 8500 ns, Total: 173600 ns
[2025-10-20T16:38:33.514+0000][21756][safepoint   ] Safepoint "ICBufferFull", Time since last: 681489300 ns, Reaching safepoint: 159800 ns, At safepoint: 6700 ns, Total: 166500 ns
[2025-10-20T16:38:34.518+0000][21756][safepoint   ] Safepoint "Cleanup", Time since last: 1003347200 ns, Reaching safepoint: 160800 ns, At safepoint: 24800 ns, Total: 185600 ns
[2025-10-20T16:38:35.519+0000][21756][safepoint   ] Safepoint "Cleanup", Time since last: 1000214900 ns, Reaching safepoint: 155800 ns, At safepoint: 3700 ns, Total: 159500 ns
[2025-10-20T16:38:38.536+0000][21756][safepoint   ] Safepoint "Cleanup", Time since last: 3016553900 ns, Reaching safepoint: 61100 ns, At safepoint: 6900 ns, Total: 68000 ns
[2025-10-20T16:38:39.536+0000][21756][safepoint   ] Safepoint "Cleanup", Time since last: 1000286200 ns, Reaching safepoint: 82700 ns, At safepoint: 8700 ns, Total: 91400 ns
[2025-10-20T16:38:53.594+0000][21756][safepoint   ] Safepoint "Cleanup", Time since last: 14058275100 ns, Reaching safepoint: 68600 ns, At safepoint: 6900 ns, Total: 75500 ns
[2025-10-20T16:38:56.619+0000][21756][safepoint   ] Safepoint "Cleanup", Time since last: 3024663200 ns, Reaching safepoint: 81100 ns, At safepoint: 1500 ns, Total: 82600 ns
[2025-10-20T16:39:00.620+0000][21756][safepoint   ] Safepoint "Cleanup", Time since last: 4001160400 ns, Reaching safepoint: 84900 ns, At safepoint: 2400 ns, Total: 87300 ns
[2025-10-20T16:39:01.621+0000][21756][safepoint   ] Safepoint "Cleanup", Time since last: 1000288000 ns, Reaching safepoint: 82700 ns, At safepoint: 20900 ns, Total: 103600 ns
[2025-10-20T16:39:02.621+0000][21756][safepoint   ] Safepoint "Cleanup", Time since last: 1000217300 ns, Reaching safepoint: 130600 ns, At safepoint: 25200 ns, Total: 155800 ns
[2025-10-20T16:39:05.624+0000][21756][safepoint   ] Safepoint "Cleanup", Time since last: 3003024000 ns, Reaching safepoint: 114700 ns, At safepoint: 6900 ns, Total: 121600 ns
[2025-10-20T16:39:07.649+0000][21756][safepoint   ] Safepoint "Cleanup", Time since last: 2025144500 ns, Reaching safepoint: 75200 ns, At safepoint: 8300 ns, Total: 83500 ns
[2025-10-20T16:39:13.667+0000][21756][safepoint   ] Safepoint "Cleanup", Time since last: 6017431500 ns, Reaching safepoint: 77600 ns, At safepoint: 6900 ns, Total: 84500 ns
[2025-10-20T16:39:15.679+0000][21756][safepoint   ] Safepoint "Cleanup", Time since last: 2012281800 ns, Reaching safepoint: 84000 ns, At safepoint: 21300 ns, Total: 105300 ns
[2025-10-20T16:39:17.679+0000][21756][safepoint   ] Safepoint "Cleanup", Time since last: 2000207200 ns, Reaching safepoint: 82800 ns, At safepoint: 13200 ns, Total: 96000 ns
[2025-10-20T16:39:23.682+0000][21756][safepoint   ] Safepoint "Cleanup", Time since last: 6002028500 ns, Reaching safepoint: 90700 ns, At safepoint: 2400 ns, Total: 93100 ns
[2025-10-20T16:39:30.698+0000][21756][safepoint   ] Safepoint "Cleanup", Time since last: 7015915200 ns, Reaching safepoint: 78900 ns, At safepoint: 8400 ns, Total: 87300 ns
[2025-10-20T16:40:00.844+0000][21756][safepoint   ] Safepoint "Cleanup", Time since last: 30145872200 ns, Reaching safepoint: 64300 ns, At safepoint: 6600 ns, Total: 70900 ns
[2025-10-20T16:40:03.859+0000][21756][safepoint   ] Safepoint "Cleanup", Time since last: 3015343000 ns, Reaching safepoint: 60200 ns, At safepoint: 7800 ns, Total: 68000 ns
[2025-10-20T16:40:05.875+0000][21756][safepoint   ] Safepoint "Cleanup", Time since last: 2016228400 ns, Reaching safepoint: 91400 ns, At safepoint: 8300 ns, Total: 99700 ns
[2025-10-20T16:40:10.912+0000][21756][safepoint   ] Safepoint "Cleanup", Time since last: 5036414400 ns, Reaching safepoint: 68100 ns, At safepoint: 5900 ns, Total: 74000 ns
[2025-10-20T16:40:11.912+0000][21756][safepoint   ] Safepoint "Cleanup", Time since last: 1000276200 ns, Reaching safepoint: 79700 ns, At safepoint: 2500 ns, Total: 82200 ns
[2025-10-20T16:40:25.050+0000][21756][safepoint   ] Safepoint "Cleanup", Time since last: 13137716800 ns, Reaching safepoint: 91800 ns, At safepoint: 2500 ns, Total: 94300 ns
[2025-10-20T16:40:31.079+0000][21756][safepoint   ] Safepoint "Cleanup", Time since last: 6028939500 ns, Reaching safepoint: 122100 ns, At safepoint: 2100 ns, Total: 124200 ns
[2025-10-20T16:40:34.080+0000][21756][safepoint   ] Safepoint "Cleanup", Time since last: 3000640900 ns, Reaching safepoint: 83400 ns, At safepoint: 2500 ns, Total: 85900 ns
[2025-10-20T16:40:35.080+0000][21756][safepoint   ] Safepoint "Cleanup", Time since last: 1000454200 ns, Reaching safepoint: 117100 ns, At safepoint: 2200 ns, Total: 119300 ns
[2025-10-20T16:40:44.030+0000][21756][safepoint   ] Safepoint "Cleanup", Time since last: 8950276000 ns, Reaching safepoint: 142200 ns, At safepoint: 8200 ns, Total: 150400 ns
[2025-10-20T16:40:44.260+0000][21756][safepoint   ] Safepoint "ICBufferFull", Time since last: 229163200 ns, Reaching safepoint: 203100 ns, At safepoint: 9700 ns, Total: 212800 ns
[2025-10-20T16:40:44.341+0000][21756][gc,start    ] GC(11) Pause Young (Normal) (G1 Evacuation Pause)
[2025-10-20T16:40:44.341+0000][21756][gc,task     ] GC(11) Using 10 workers of 10 for evacuation
[2025-10-20T16:40:44.341+0000][21756][gc,age      ] GC(11) Desired survivor size 40370176 bytes, new threshold 2 (max threshold 15)
[2025-10-20T16:40:44.354+0000][21756][gc,age      ] GC(11) Age table with threshold 2 (max threshold 15)
[2025-10-20T16:40:44.354+0000][21756][gc,age      ] GC(11) - age   1:   13353664 bytes,   13353664 total
[2025-10-20T16:40:44.354+0000][21756][gc,age      ] GC(11) - age   2:   11053816 bytes,   24407480 total
[2025-10-20T16:40:44.354+0000][21756][gc,phases   ] GC(11)   Pre Evacuate Collection Set: 0.1ms
[2025-10-20T16:40:44.354+0000][21756][gc,phases   ] GC(11)   Merge Heap Roots: 0.0ms
[2025-10-20T16:40:44.354+0000][21756][gc,phases   ] GC(11)   Evacuate Collection Set: 15.3ms
[2025-10-20T16:40:44.354+0000][21756][gc,phases   ] GC(11)   Post Evacuate Collection Set: 1.0ms
[2025-10-20T16:40:44.354+0000][21756][gc,phases   ] GC(11)   Other: 0.2ms
[2025-10-20T16:40:44.354+0000][21756][gc,heap     ] GC(11) Eden regions: 565->0(588)
[2025-10-20T16:40:44.354+0000][21756][gc,heap     ] GC(11) Survivor regions: 49->26(77)
[2025-10-20T16:40:44.354+0000][21756][gc,heap     ] GC(11) Old regions: 12->49
[2025-10-20T16:40:44.354+0000][21756][gc,heap     ] GC(11) Archive regions: 0->0
[2025-10-20T16:40:44.354+0000][21756][gc,heap     ] GC(11) Humongous regions: 7->7
[2025-10-20T16:40:44.354+0000][21756][gc,metaspace] GC(11) Metaspace: 92266K(95868K)->92266K(95868K) NonClass: 79983K(82480K)->79983K(82480K) Class: 12282K(13388K)->12282K(13388K)
[2025-10-20T16:40:44.354+0000][21756][gc          ] GC(11) Pause Young (Normal) (G1 Evacuation Pause) 632M->80M(1024M) 16.728ms
[2025-10-20T16:40:44.354+0000][21756][gc,cpu      ] GC(11) User=0.11s Sys=0.05s Real=0.01s
[2025-10-20T16:40:44.354+0000][21756][safepoint   ] Safepoint "G1CollectForAllocation", Time since last: 81677800 ns, Reaching safepoint: 80400 ns, At safepoint: 16806800 ns, Total: 16887200 ns
[2025-10-20T16:40:45.368+0000][21756][safepoint   ] Safepoint "Cleanup", Time since last: 1009472200 ns, Reaching safepoint: 144600 ns, At safepoint: 10700 ns, Total: 155300 ns
[2025-10-20T16:40:47.536+0000][21756][safepoint   ] Safepoint "Cleanup", Time since last: 2167303700 ns, Reaching safepoint: 124400 ns, At safepoint: 7100 ns, Total: 131500 ns
[2025-10-20T16:40:48.527+0000][21756][safepoint   ] Safepoint "ICBufferFull", Time since last: 991152900 ns, Reaching safepoint: 158200 ns, At safepoint: 10400 ns, Total: 168600 ns
[2025-10-20T16:40:49.555+0000][21756][safepoint   ] Safepoint "Cleanup", Time since last: 1027747900 ns, Reaching safepoint: 103100 ns, At safepoint: 27000 ns, Total: 130100 ns
[2025-10-20T16:40:50.559+0000][21756][safepoint   ] Safepoint "Cleanup", Time since last: 1003474100 ns, Reaching safepoint: 102600 ns, At safepoint: 10500 ns, Total: 113100 ns
[2025-10-20T16:40:52.223+0000][21756][safepoint   ] Safepoint "ICBufferFull", Time since last: 1665751900 ns, Reaching safepoint: 175700 ns, At safepoint: 30300 ns, Total: 206000 ns
[2025-10-20T16:40:52.591+0000][21756][safepoint   ] Safepoint "ICBufferFull", Time since last: 367030000 ns, Reaching safepoint: 174200 ns, At safepoint: 11500 ns, Total: 185700 ns
[2025-10-20T16:40:53.204+0000][21756][safepoint   ] Safepoint "ICBufferFull", Time since last: 612860600 ns, Reaching safepoint: 161300 ns, At safepoint: 7700 ns, Total: 169000 ns
[2025-10-20T16:40:53.853+0000][21756][safepoint   ] Safepoint "ICBufferFull", Time since last: 648056200 ns, Reaching safepoint: 143900 ns, At safepoint: 8300 ns, Total: 152200 ns
[2025-10-20T16:40:54.861+0000][21756][safepoint   ] Safepoint "Cleanup", Time since last: 1007449200 ns, Reaching safepoint: 139100 ns, At safepoint: 11000 ns, Total: 150100 ns
[2025-10-20T16:40:55.400+0000][21756][safepoint   ] Safepoint "ICBufferFull", Time since last: 540850800 ns, Reaching safepoint: 150100 ns, At safepoint: 10400 ns, Total: 160500 ns
[2025-10-20T16:40:55.481+0000][21756][gc,start    ] GC(12) Pause Young (Concurrent Start) (Metadata GC Threshold)
[2025-10-20T16:40:55.482+0000][21756][gc,task     ] GC(12) Using 10 workers of 10 for evacuation
[2025-10-20T16:40:55.482+0000][21756][gc,age      ] GC(12) Desired survivor size 40370176 bytes, new threshold 15 (max threshold 15)
[2025-10-20T16:40:55.491+0000][21756][gc,age      ] GC(12) Age table with threshold 15 (max threshold 15)
[2025-10-20T16:40:55.491+0000][21756][gc,age      ] GC(12) - age   1:    9402336 bytes,    9402336 total
[2025-10-20T16:40:55.491+0000][21756][gc,age      ] GC(12) - age   2:   12701528 bytes,   22103864 total
[2025-10-20T16:40:55.491+0000][21756][gc,age      ] GC(12) - age   3:   10964984 bytes,   33068848 total
[2025-10-20T16:40:55.491+0000][21756][gc,phases   ] GC(12)   Pre Evacuate Collection Set: 0.1ms
[2025-10-20T16:40:55.491+0000][21756][gc,phases   ] GC(12)   Merge Heap Roots: 0.0ms
[2025-10-20T16:40:55.491+0000][21756][gc,phases   ] GC(12)   Evacuate Collection Set: 8.3ms
[2025-10-20T16:40:55.491+0000][21756][gc,phases   ] GC(12)   Post Evacuate Collection Set: 1.0ms
[2025-10-20T16:40:55.491+0000][21756][gc,phases   ] GC(12)   Other: 0.2ms
[2025-10-20T16:40:55.491+0000][21756][gc,heap     ] GC(12) Eden regions: 417->0(581)
[2025-10-20T16:40:55.491+0000][21756][gc,heap     ] GC(12) Survivor regions: 26->33(77)
[2025-10-20T16:40:55.491+0000][21756][gc,heap     ] GC(12) Old regions: 49->49
[2025-10-20T16:40:55.491+0000][21756][gc,heap     ] GC(12) Archive regions: 0->0
[2025-10-20T16:40:55.491+0000][21756][gc,heap     ] GC(12) Humongous regions: 28->7
[2025-10-20T16:40:55.491+0000][21756][gc,metaspace] GC(12) Metaspace: 98204K(101884K)->98204K(101884K) NonClass: 85105K(87600K)->85105K(87600K) Class: 13098K(14284K)->13098K(14284K)
[2025-10-20T16:40:55.491+0000][21756][gc          ] GC(12) Pause Young (Concurrent Start) (Metadata GC Threshold) 518M->88M(1024M) 9.893ms
[2025-10-20T16:40:55.491+0000][21756][gc,cpu      ] GC(12) User=0.14s Sys=0.03s Real=0.01s
[2025-10-20T16:40:55.491+0000][21756][gc          ] GC(13) Concurrent Cycle
[2025-10-20T16:40:55.491+0000][21756][gc,marking  ] GC(13) Concurrent Clear Claimed Marks
[2025-10-20T16:40:55.491+0000][21756][safepoint   ] Safepoint "CollectForMetadataAllocation", Time since last: 80244900 ns, Reaching safepoint: 82700 ns, At safepoint: 10017500 ns, Total: 10100200 ns
[2025-10-20T16:40:55.491+0000][21756][gc,marking  ] GC(13) Concurrent Clear Claimed Marks 0.064ms
[2025-10-20T16:40:55.491+0000][21756][gc,marking  ] GC(13) Concurrent Scan Root Regions
[2025-10-20T16:40:55.496+0000][21756][gc,marking  ] GC(13) Concurrent Scan Root Regions 5.019ms
[2025-10-20T16:40:55.496+0000][21756][gc,marking  ] GC(13) Concurrent Mark (165.327s)
[2025-10-20T16:40:55.496+0000][21756][gc,marking  ] GC(13) Concurrent Mark From Roots
[2025-10-20T16:40:55.496+0000][21756][gc,task     ] GC(13) Using 3 workers of 3 for marking
[2025-10-20T16:40:55.518+0000][21756][gc,marking  ] GC(13) Concurrent Mark From Roots 21.246ms
[2025-10-20T16:40:55.518+0000][21756][gc,marking  ] GC(13) Concurrent Preclean
[2025-10-20T16:40:55.518+0000][21756][gc,marking  ] GC(13) Concurrent Preclean 0.345ms
[2025-10-20T16:40:55.518+0000][21756][gc,marking  ] GC(13) Concurrent Mark (165.327s, 165.349s) 21.711ms
[2025-10-20T16:40:55.518+0000][21756][gc,start    ] GC(13) Pause Remark
[2025-10-20T16:40:55.521+0000][21756][gc          ] GC(13) Pause Remark 94M->94M(1024M) 1.733ms
[2025-10-20T16:40:55.521+0000][21756][gc,cpu      ] GC(13) User=0.00s Sys=0.00s Real=0.00s
[2025-10-20T16:40:55.521+0000][21756][safepoint   ] Safepoint "G1Concurrent", Time since last: 26870900 ns, Reaching safepoint: 123500 ns, At safepoint: 1855000 ns, Total: 1978500 ns
[2025-10-20T16:40:55.521+0000][21756][gc,marking  ] GC(13) Concurrent Rebuild Remembered Sets
[2025-10-20T16:40:55.537+0000][21756][gc,marking  ] GC(13) Concurrent Rebuild Remembered Sets 15.858ms
[2025-10-20T16:40:55.537+0000][21756][gc,start    ] GC(13) Pause Cleanup
[2025-10-20T16:40:55.537+0000][21756][gc          ] GC(13) Pause Cleanup 100M->100M(1024M) 0.155ms
[2025-10-20T16:40:55.537+0000][21756][gc,cpu      ] GC(13) User=0.00s Sys=0.00s Real=0.00s
[2025-10-20T16:40:55.537+0000][21756][safepoint   ] Safepoint "G1Concurrent", Time since last: 15967000 ns, Reaching safepoint: 419700 ns, At safepoint: 255500 ns, Total: 675200 ns
[2025-10-20T16:40:55.537+0000][21756][gc,marking  ] GC(13) Concurrent Cleanup for Next Mark
[2025-10-20T16:40:55.538+0000][21756][gc,marking  ] GC(13) Concurrent Cleanup for Next Mark 0.905ms
[2025-10-20T16:40:55.538+0000][21756][gc          ] GC(13) Concurrent Cycle 46.526ms
[2025-10-20T16:40:55.785+0000][21756][safepoint   ] Safepoint "ICBufferFull", Time since last: 250169800 ns, Reaching safepoint: 180800 ns, At safepoint: 13600 ns, Total: 194400 ns
[2025-10-20T16:40:56.800+0000][21756][safepoint   ] Safepoint "Cleanup", Time since last: 1011764300 ns, Reaching safepoint: 176800 ns, At safepoint: 9300 ns, Total: 186100 ns
[2025-10-20T16:40:57.814+0000][21756][safepoint   ] Safepoint "Cleanup", Time since last: 1014418400 ns, Reaching safepoint: 168400 ns, At safepoint: 11800 ns, Total: 180200 ns
[2025-10-20T16:40:58.826+0000][21756][safepoint   ] Safepoint "Cleanup", Time since last: 1011332500 ns, Reaching safepoint: 191600 ns, At safepoint: 7500 ns, Total: 199100 ns
[2025-10-20T16:40:59.836+0000][21756][safepoint   ] Safepoint "Cleanup", Time since last: 1009815900 ns, Reaching safepoint: 96800 ns, At safepoint: 7800 ns, Total: 104600 ns
[2025-10-20T16:41:00.840+0000][21756][safepoint   ] Safepoint "Cleanup", Time since last: 1004459900 ns, Reaching safepoint: 84300 ns, At safepoint: 8200 ns, Total: 92500 ns
[2025-10-20T16:41:02.330+0000][21756][safepoint   ] Safepoint "Cleanup", Time since last: 1489458300 ns, Reaching safepoint: 194400 ns, At safepoint: 10800 ns, Total: 205200 ns
[2025-10-20T16:41:03.335+0000][21756][safepoint   ] Safepoint "Cleanup", Time since last: 1004777200 ns, Reaching safepoint: 88100 ns, At safepoint: 10800 ns, Total: 98900 ns
[2025-10-20T16:41:04.344+0000][21756][safepoint   ] Safepoint "Cleanup", Time since last: 1008487100 ns, Reaching safepoint: 134500 ns, At safepoint: 12200 ns, Total: 146700 ns
[2025-10-20T16:41:05.348+0000][21756][safepoint   ] Safepoint "Cleanup", Time since last: 1004294400 ns, Reaching safepoint: 115600 ns, At safepoint: 9700 ns, Total: 125300 ns
[2025-10-20T16:41:07.368+0000][21756][safepoint   ] Safepoint "Cleanup", Time since last: 2019596700 ns, Reaching safepoint: 112700 ns, At safepoint: 10700 ns, Total: 123400 ns
[2025-10-20T16:41:08.373+0000][21756][safepoint   ] Safepoint "Cleanup", Time since last: 1005265900 ns, Reaching safepoint: 89200 ns, At safepoint: 9100 ns, Total: 98300 ns
[2025-10-20T16:41:11.411+0000][21756][safepoint   ] Safepoint "Cleanup", Time since last: 3038026700 ns, Reaching safepoint: 98800 ns, At safepoint: 11500 ns, Total: 110300 ns
[2025-10-20T16:41:12.419+0000][21756][safepoint   ] Safepoint "Cleanup", Time since last: 1008102500 ns, Reaching safepoint: 90200 ns, At safepoint: 11500 ns, Total: 101700 ns
[2025-10-20T16:41:14.074+0000][21756][safepoint   ] Safepoint "Cleanup", Time since last: 1654072200 ns, Reaching safepoint: 155200 ns, At safepoint: 10400 ns, Total: 165600 ns
[2025-10-20T16:41:15.087+0000][21756][safepoint   ] Safepoint "Cleanup", Time since last: 1013442600 ns, Reaching safepoint: 116400 ns, At safepoint: 8700 ns, Total: 125100 ns
[2025-10-20T16:41:16.100+0000][21756][safepoint   ] Safepoint "Cleanup", Time since last: 1012479700 ns, Reaching safepoint: 92300 ns, At safepoint: 7700 ns, Total: 100000 ns
[2025-10-20T16:41:18.088+0000][21756][safepoint   ] Safepoint "Cleanup", Time since last: 1988135600 ns, Reaching safepoint: 129900 ns, At safepoint: 9900 ns, Total: 139800 ns
[2025-10-20T16:41:19.102+0000][21756][safepoint   ] Safepoint "Cleanup", Time since last: 1013407200 ns, Reaching safepoint: 91600 ns, At safepoint: 12300 ns, Total: 103900 ns
[2025-10-20T16:41:20.102+0000][21756][safepoint   ] Safepoint "Cleanup", Time since last: 1000323300 ns, Reaching safepoint: 94800 ns, At safepoint: 10200 ns, Total: 105000 ns
[2025-10-20T16:41:21.110+0000][21756][safepoint   ] Safepoint "Cleanup", Time since last: 1007626200 ns, Reaching safepoint: 107200 ns, At safepoint: 23400 ns, Total: 130600 ns
[2025-10-20T16:41:22.116+0000][21756][safepoint   ] Safepoint "Cleanup", Time since last: 1006321200 ns, Reaching safepoint: 93500 ns, At safepoint: 8100 ns, Total: 101600 ns
[2025-10-20T16:41:23.126+0000][21756][safepoint   ] Safepoint "Cleanup", Time since last: 1009598100 ns, Reaching safepoint: 91000 ns, At safepoint: 2600 ns, Total: 93600 ns
[2025-10-20T16:41:24.137+0000][21756][safepoint   ] Safepoint "Cleanup", Time since last: 1011326800 ns, Reaching safepoint: 182100 ns, At safepoint: 4000 ns, Total: 186100 ns
[2025-10-20T16:41:25.142+0000][21756][safepoint   ] Safepoint "Cleanup", Time since last: 1004740000 ns, Reaching safepoint: 107600 ns, At safepoint: 11500 ns, Total: 119100 ns
[2025-10-20T16:41:26.152+0000][21756][safepoint   ] Safepoint "Cleanup", Time since last: 1010115200 ns, Reaching safepoint: 91000 ns, At safepoint: 24200 ns, Total: 115200 ns
[2025-10-20T16:41:27.158+0000][21756][safepoint   ] Safepoint "Cleanup", Time since last: 1005801100 ns, Reaching safepoint: 89700 ns, At safepoint: 9600 ns, Total: 99300 ns
[2025-10-20T16:41:28.162+0000][21756][safepoint   ] Safepoint "Cleanup", Time since last: 1003626900 ns, Reaching safepoint: 100000 ns, At safepoint: 8900 ns, Total: 108900 ns
[2025-10-20T16:41:30.171+0000][21756][safepoint   ] Safepoint "Cleanup", Time since last: 2008450700 ns, Reaching safepoint: 85400 ns, At safepoint: 8600 ns, Total: 94000 ns
[2025-10-20T16:41:31.182+0000][21756][safepoint   ] Safepoint "Cleanup", Time since last: 1011538900 ns, Reaching safepoint: 123400 ns, At safepoint: 2500 ns, Total: 125900 ns
[2025-10-20T16:41:32.186+0000][21756][safepoint   ] Safepoint "Cleanup", Time since last: 1003183400 ns, Reaching safepoint: 107000 ns, At safepoint: 2400 ns, Total: 109400 ns
[2025-10-20T16:41:33.188+0000][21756][safepoint   ] Safepoint "Cleanup", Time since last: 1002137700 ns, Reaching safepoint: 128500 ns, At safepoint: 10600 ns, Total: 139100 ns
[2025-10-20T16:41:34.193+0000][21756][safepoint   ] Safepoint "Cleanup", Time since last: 1004583600 ns, Reaching safepoint: 95800 ns, At safepoint: 9800 ns, Total: 105600 ns
[2025-10-20T16:41:35.203+0000][21756][safepoint   ] Safepoint "Cleanup", Time since last: 1010651300 ns, Reaching safepoint: 91200 ns, At safepoint: 10100 ns, Total: 101300 ns
[2025-10-20T16:41:36.204+0000][21756][safepoint   ] Safepoint "Cleanup", Time since last: 1000200400 ns, Reaching safepoint: 83900 ns, At safepoint: 8200 ns, Total: 92100 ns
[2025-10-20T16:41:37.218+0000][21756][safepoint   ] Safepoint "Cleanup", Time since last: 1014570300 ns, Reaching safepoint: 112300 ns, At safepoint: 9600 ns, Total: 121900 ns
[2025-10-20T16:41:38.222+0000][21756][safepoint   ] Safepoint "Cleanup", Time since last: 1004037300 ns, Reaching safepoint: 107800 ns, At safepoint: 2900 ns, Total: 110700 ns
[2025-10-20T16:41:39.223+0000][21756][safepoint   ] Safepoint "Cleanup", Time since last: 1000853900 ns, Reaching safepoint: 110600 ns, At safepoint: 28800 ns, Total: 139400 ns
[2025-10-20T16:41:40.237+0000][21756][safepoint   ] Safepoint "Cleanup", Time since last: 1013035600 ns, Reaching safepoint: 127400 ns, At safepoint: 40300 ns, Total: 167700 ns
[2025-10-20T16:41:42.251+0000][21756][safepoint   ] Safepoint "Cleanup", Time since last: 2014127500 ns, Reaching safepoint: 105100 ns, At safepoint: 9400 ns, Total: 114500 ns
[2025-10-20T16:41:43.267+0000][21756][safepoint   ] Safepoint "Cleanup", Time since last: 1015828700 ns, Reaching safepoint: 116600 ns, At safepoint: 6300 ns, Total: 122900 ns
[2025-10-20T16:41:44.279+0000][21756][safepoint   ] Safepoint "Cleanup", Time since last: 1011652400 ns, Reaching safepoint: 127900 ns, At safepoint: 5000 ns, Total: 132900 ns
[2025-10-20T16:41:45.281+0000][21756][safepoint   ] Safepoint "Cleanup", Time since last: 1001729200 ns, Reaching safepoint: 99700 ns, At safepoint: 10100 ns, Total: 109800 ns
[2025-10-20T16:41:46.292+0000][21756][safepoint   ] Safepoint "Cleanup", Time since last: 1011707100 ns, Reaching safepoint: 114600 ns, At safepoint: 77100 ns, Total: 191700 ns
[2025-10-20T16:41:47.294+0000][21756][safepoint   ] Safepoint "Cleanup", Time since last: 1001904300 ns, Reaching safepoint: 74400 ns, At safepoint: 7500 ns, Total: 81900 ns
[2025-10-20T16:41:48.308+0000][21756][safepoint   ] Safepoint "Cleanup", Time since last: 1013635300 ns, Reaching safepoint: 86100 ns, At safepoint: 7800 ns, Total: 93900 ns
[2025-10-20T16:41:49.311+0000][21756][safepoint   ] Safepoint "Cleanup", Time since last: 1003225900 ns, Reaching safepoint: 84100 ns, At safepoint: 7500 ns, Total: 91600 ns
[2025-10-20T16:41:51.320+0000][21756][safepoint   ] Safepoint "Cleanup", Time since last: 2008935900 ns, Reaching safepoint: 87000 ns, At safepoint: 9000 ns, Total: 96000 ns
[2025-10-20T16:41:52.334+0000][21756][safepoint   ] Safepoint "Cleanup", Time since last: 1013518800 ns, Reaching safepoint: 159200 ns, At safepoint: 10600 ns, Total: 169800 ns
[2025-10-20T16:41:53.337+0000][21756][safepoint   ] Safepoint "Cleanup", Time since last: 1002340800 ns, Reaching safepoint: 81500 ns, At safepoint: 2500 ns, Total: 84000 ns
[2025-10-20T16:41:54.337+0000][21756][safepoint   ] Safepoint "Cleanup", Time since last: 1000272400 ns, Reaching safepoint: 85700 ns, At safepoint: 2400 ns, Total: 88100 ns
[2025-10-20T16:41:55.337+0000][21756][safepoint   ] Safepoint "Cleanup", Time since last: 1000212300 ns, Reaching safepoint: 99100 ns, At safepoint: 8500 ns, Total: 107600 ns
[2025-10-20T16:41:57.366+0000][21756][safepoint   ] Safepoint "Cleanup", Time since last: 2028951500 ns, Reaching safepoint: 121900 ns, At safepoint: 2700 ns, Total: 124600 ns
[2025-10-20T16:41:58.369+0000][21756][safepoint   ] Safepoint "Cleanup", Time since last: 1002065600 ns, Reaching safepoint: 164900 ns, At safepoint: 8700 ns, Total: 173600 ns
[2025-10-20T16:41:59.377+0000][21756][safepoint   ] Safepoint "Cleanup", Time since last: 1008146000 ns, Reaching safepoint: 165000 ns, At safepoint: 2700 ns, Total: 167700 ns
[2025-10-20T16:42:00.385+0000][21756][safepoint   ] Safepoint "Cleanup", Time since last: 1007727100 ns, Reaching safepoint: 96900 ns, At safepoint: 5700 ns, Total: 102600 ns
[2025-10-20T16:42:01.391+0000][21756][safepoint   ] Safepoint "Cleanup", Time since last: 1005842200 ns, Reaching safepoint: 121400 ns, At safepoint: 22200 ns, Total: 143600 ns
[2025-10-20T16:42:02.394+0000][21756][safepoint   ] Safepoint "Cleanup", Time since last: 1003216500 ns, Reaching safepoint: 101500 ns, At safepoint: 7800 ns, Total: 109300 ns
[2025-10-20T16:42:03.407+0000][21756][safepoint   ] Safepoint "Cleanup", Time since last: 1012658200 ns, Reaching safepoint: 85900 ns, At safepoint: 8800 ns, Total: 94700 ns
[2025-10-20T16:42:04.411+0000][21756][safepoint   ] Safepoint "Cleanup", Time since last: 1004444500 ns, Reaching safepoint: 101900 ns, At safepoint: 9200 ns, Total: 111100 ns
[2025-10-20T16:42:05.419+0000][21756][safepoint   ] Safepoint "Cleanup", Time since last: 1007462700 ns, Reaching safepoint: 98300 ns, At safepoint: 7900 ns, Total: 106200 ns
[2025-10-20T16:42:07.423+0000][21756][safepoint   ] Safepoint "Cleanup", Time since last: 2004111000 ns, Reaching safepoint: 103300 ns, At safepoint: 9700 ns, Total: 113000 ns
[2025-10-20T16:42:08.436+0000][21756][safepoint   ] Safepoint "Cleanup", Time since last: 1013041700 ns, Reaching safepoint: 82300 ns, At safepoint: 7900 ns, Total: 90200 ns
[2025-10-20T16:42:10.447+0000][21756][safepoint   ] Safepoint "Cleanup", Time since last: 2010982500 ns, Reaching safepoint: 84900 ns, At safepoint: 9300 ns, Total: 94200 ns
[2025-10-20T16:42:11.448+0000][21756][safepoint   ] Safepoint "Cleanup", Time since last: 1000466500 ns, Reaching safepoint: 84900 ns, At safepoint: 8200 ns, Total: 93100 ns
[2025-10-20T16:42:12.448+0000][21756][safepoint   ] Safepoint "Cleanup", Time since last: 1000118500 ns, Reaching safepoint: 99600 ns, At safepoint: 9700 ns, Total: 109300 ns
[2025-10-20T16:42:13.448+0000][21756][safepoint   ] Safepoint "Cleanup", Time since last: 1000166400 ns, Reaching safepoint: 96700 ns, At safepoint: 16100 ns, Total: 112800 ns
[2025-10-20T16:42:14.449+0000][21756][safepoint   ] Safepoint "Cleanup", Time since last: 1000209300 ns, Reaching safepoint: 81700 ns, At safepoint: 1900 ns, Total: 83600 ns
[2025-10-20T16:42:16.450+0000][21756][safepoint   ] Safepoint "Cleanup", Time since last: 2000868900 ns, Reaching safepoint: 93200 ns, At safepoint: 10200 ns, Total: 103400 ns
[2025-10-20T16:42:17.450+0000][21756][safepoint   ] Safepoint "Cleanup", Time since last: 1000047100 ns, Reaching safepoint: 93500 ns, At safepoint: 8200 ns, Total: 101700 ns
[2025-10-20T16:42:18.450+0000][21756][safepoint   ] Safepoint "Cleanup", Time since last: 1000004500 ns, Reaching safepoint: 97500 ns, At safepoint: 5100 ns, Total: 102600 ns
[2025-10-20T16:42:19.450+0000][21756][safepoint   ] Safepoint "Cleanup", Time since last: 1000315100 ns, Reaching safepoint: 89700 ns, At safepoint: 9800 ns, Total: 99500 ns
[2025-10-20T16:42:22.451+0000][21756][safepoint   ] Safepoint "Cleanup", Time since last: 3000973900 ns, Reaching safepoint: 89900 ns, At safepoint: 6200 ns, Total: 96100 ns
[2025-10-20T16:42:23.452+0000][21756][safepoint   ] Safepoint "Cleanup", Time since last: 1000254100 ns, Reaching safepoint: 88200 ns, At safepoint: 9800 ns, Total: 98000 ns
[2025-10-20T16:42:25.453+0000][21756][safepoint   ] Safepoint "Cleanup", Time since last: 2000656800 ns, Reaching safepoint: 88000 ns, At safepoint: 9800 ns, Total: 97800 ns
[2025-10-20T16:42:26.453+0000][21756][safepoint   ] Safepoint "Cleanup", Time since last: 1000214900 ns, Reaching safepoint: 99300 ns, At safepoint: 9700 ns, Total: 109000 ns
[2025-10-20T16:42:27.455+0000][21756][safepoint   ] Safepoint "Cleanup", Time since last: 1002352400 ns, Reaching safepoint: 88100 ns, At safepoint: 7300 ns, Total: 95400 ns
[2025-10-20T16:42:28.467+0000][21756][safepoint   ] Safepoint "Cleanup", Time since last: 1011620100 ns, Reaching safepoint: 93600 ns, At safepoint: 10400 ns, Total: 104000 ns
[2025-10-20T16:42:30.468+0000][21756][safepoint   ] Safepoint "Cleanup", Time since last: 2000580000 ns, Reaching safepoint: 98800 ns, At safepoint: 14700 ns, Total: 113500 ns
[2025-10-20T16:42:31.480+0000][21756][safepoint   ] Safepoint "Cleanup", Time since last: 1011757100 ns, Reaching safepoint: 108500 ns, At safepoint: 9500 ns, Total: 118000 ns
[2025-10-20T16:42:32.396+0000][21756][safepoint   ] Safepoint "ICBufferFull", Time since last: 916829000 ns, Reaching safepoint: 185400 ns, At safepoint: 47400 ns, Total: 232800 ns
[2025-10-20T16:42:33.405+0000][21756][safepoint   ] Safepoint "Cleanup", Time since last: 1007841000 ns, Reaching safepoint: 153900 ns, At safepoint: 21100 ns, Total: 175000 ns
[2025-10-20T16:42:34.416+0000][21756][safepoint   ] Safepoint "Cleanup", Time since last: 1011084700 ns, Reaching safepoint: 95300 ns, At safepoint: 10600 ns, Total: 105900 ns
[2025-10-20T16:42:36.417+0000][21756][safepoint   ] Safepoint "Cleanup", Time since last: 2001501600 ns, Reaching safepoint: 70500 ns, At safepoint: 8200 ns, Total: 78700 ns
[2025-10-20T16:42:37.418+0000][21756][safepoint   ] Safepoint "Cleanup", Time since last: 1000359400 ns, Reaching safepoint: 96100 ns, At safepoint: 13800 ns, Total: 109900 ns
[2025-10-20T16:42:38.431+0000][21756][safepoint   ] Safepoint "Cleanup", Time since last: 1012973700 ns, Reaching safepoint: 93700 ns, At safepoint: 9200 ns, Total: 102900 ns
[2025-10-20T16:42:40.432+0000][21756][safepoint   ] Safepoint "Cleanup", Time since last: 2000628100 ns, Reaching safepoint: 80500 ns, At safepoint: 7900 ns, Total: 88400 ns
[2025-10-20T16:42:43.434+0000][21756][safepoint   ] Safepoint "Cleanup", Time since last: 3002468200 ns, Reaching safepoint: 82800 ns, At safepoint: 8200 ns, Total: 91000 ns
[2025-10-20T16:42:44.446+0000][21756][safepoint   ] Safepoint "Cleanup", Time since last: 1011511900 ns, Reaching safepoint: 97800 ns, At safepoint: 8500 ns, Total: 106300 ns
[2025-10-20T16:42:45.447+0000][21756][safepoint   ] Safepoint "Cleanup", Time since last: 1000881000 ns, Reaching safepoint: 81500 ns, At safepoint: 16900 ns, Total: 98400 ns
[2025-10-20T16:42:46.473+0000][21756][safepoint   ] Safepoint "Cleanup", Time since last: 1026347400 ns, Reaching safepoint: 92100 ns, At safepoint: 10700 ns, Total: 102800 ns
[2025-10-20T16:42:48.476+0000][21756][safepoint   ] Safepoint "Cleanup", Time since last: 2002659600 ns, Reaching safepoint: 78600 ns, At safepoint: 7700 ns, Total: 86300 ns
[2025-10-20T16:42:49.490+0000][21756][safepoint   ] Safepoint "Cleanup", Time since last: 1013595300 ns, Reaching safepoint: 77100 ns, At safepoint: 7300 ns, Total: 84400 ns
[2025-10-20T16:42:52.517+0000][21756][safepoint   ] Safepoint "Cleanup", Time since last: 3027534800 ns, Reaching safepoint: 88900 ns, At safepoint: 2700 ns, Total: 91600 ns
[2025-10-20T16:42:54.518+0000][21756][safepoint   ] Safepoint "Cleanup", Time since last: 2000658200 ns, Reaching safepoint: 90400 ns, At safepoint: 7200 ns, Total: 97600 ns
[2025-10-20T16:42:55.530+0000][21756][safepoint   ] Safepoint "Cleanup", Time since last: 1011505700 ns, Reaching safepoint: 108500 ns, At safepoint: 7500 ns, Total: 116000 ns
[2025-10-20T16:42:58.531+0000][21756][safepoint   ] Safepoint "Cleanup", Time since last: 3001708100 ns, Reaching safepoint: 93900 ns, At safepoint: 5500 ns, Total: 99400 ns
[2025-10-20T16:43:00.532+0000][21756][safepoint   ] Safepoint "Cleanup", Time since last: 2000163200 ns, Reaching safepoint: 95800 ns, At safepoint: 7600 ns, Total: 103400 ns
[2025-10-20T16:43:02.533+0000][21756][safepoint   ] Safepoint "Cleanup", Time since last: 2001024200 ns, Reaching safepoint: 136000 ns, At safepoint: 39700 ns, Total: 175700 ns
[2025-10-20T16:43:03.533+0000][21756][safepoint   ] Safepoint "Cleanup", Time since last: 1000087500 ns, Reaching safepoint: 100100 ns, At safepoint: 10100 ns, Total: 110200 ns
[2025-10-20T16:43:04.534+0000][21756][safepoint   ] Safepoint "Cleanup", Time since last: 1000230600 ns, Reaching safepoint: 98200 ns, At safepoint: 6900 ns, Total: 105100 ns
[2025-10-20T16:43:06.548+0000][21756][safepoint   ] Safepoint "Cleanup", Time since last: 2014118000 ns, Reaching safepoint: 102100 ns, At safepoint: 7600 ns, Total: 109700 ns
[2025-10-20T16:43:07.561+0000][21756][safepoint   ] Safepoint "Cleanup", Time since last: 1012801600 ns, Reaching safepoint: 95800 ns, At safepoint: 9700 ns, Total: 105500 ns
[2025-10-20T16:43:10.578+0000][21756][safepoint   ] Safepoint "Cleanup", Time since last: 3017368300 ns, Reaching safepoint: 88900 ns, At safepoint: 2800 ns, Total: 91700 ns
[2025-10-20T16:43:14.630+0000][21756][safepoint   ] Safepoint "Cleanup", Time since last: 4051623800 ns, Reaching safepoint: 155000 ns, At safepoint: 2600 ns, Total: 157600 ns
[2025-10-20T16:43:15.631+0000][21756][safepoint   ] Safepoint "Cleanup", Time since last: 1001044000 ns, Reaching safepoint: 91500 ns, At safepoint: 9400 ns, Total: 100900 ns
[2025-10-20T16:43:16.646+0000][21756][safepoint   ] Safepoint "Cleanup", Time since last: 1014990400 ns, Reaching safepoint: 86900 ns, At safepoint: 7800 ns, Total: 94700 ns
[2025-10-20T16:43:17.647+0000][21756][safepoint   ] Safepoint "Cleanup", Time since last: 1001067100 ns, Reaching safepoint: 89200 ns, At safepoint: 9100 ns, Total: 98300 ns
[2025-10-20T16:43:19.662+0000][21756][safepoint   ] Safepoint "Cleanup", Time since last: 2014535100 ns, Reaching safepoint: 94600 ns, At safepoint: 19200 ns, Total: 113800 ns
[2025-10-20T16:43:20.672+0000][21756][safepoint   ] Safepoint "Cleanup", Time since last: 1009856700 ns, Reaching safepoint: 92900 ns, At safepoint: 8100 ns, Total: 101000 ns
[2025-10-20T16:43:25.704+0000][21756][safepoint   ] Safepoint "Cleanup", Time since last: 5032015000 ns, Reaching safepoint: 83700 ns, At safepoint: 6200 ns, Total: 89900 ns
[2025-10-20T16:43:27.741+0000][21756][safepoint   ] Safepoint "Cleanup", Time since last: 2036945500 ns, Reaching safepoint: 102800 ns, At safepoint: 8400 ns, Total: 111200 ns
[2025-10-20T16:43:32.796+0000][21756][safepoint   ] Safepoint "Cleanup", Time since last: 5055114600 ns, Reaching safepoint: 134200 ns, At safepoint: 9200 ns, Total: 143400 ns
[2025-10-20T16:43:34.801+0000][21756][safepoint   ] Safepoint "Cleanup", Time since last: 2004536800 ns, Reaching safepoint: 92700 ns, At safepoint: 8800 ns, Total: 101500 ns
[2025-10-20T16:43:37.825+0000][21756][safepoint   ] Safepoint "Cleanup", Time since last: 3023583000 ns, Reaching safepoint: 127500 ns, At safepoint: 2700 ns, Total: 130200 ns
[2025-10-20T16:43:38.825+0000][21756][safepoint   ] Safepoint "Cleanup", Time since last: 1000204800 ns, Reaching safepoint: 84900 ns, At safepoint: 24700 ns, Total: 109600 ns
[2025-10-20T16:43:40.839+0000][21756][safepoint   ] Safepoint "Cleanup", Time since last: 2014113300 ns, Reaching safepoint: 93900 ns, At safepoint: 8200 ns, Total: 102100 ns
[2025-10-20T16:43:42.844+0000][21756][safepoint   ] Safepoint "Cleanup", Time since last: 2005278500 ns, Reaching safepoint: 95600 ns, At safepoint: 17200 ns, Total: 112800 ns
[2025-10-20T16:43:43.854+0000][21756][safepoint   ] Safepoint "Cleanup", Time since last: 1009281400 ns, Reaching safepoint: 89200 ns, At safepoint: 8600 ns, Total: 97800 ns
[2025-10-20T16:43:46.857+0000][21756][safepoint   ] Safepoint "Cleanup", Time since last: 3002488100 ns, Reaching safepoint: 91600 ns, At safepoint: 7500 ns, Total: 99100 ns
[2025-10-20T16:43:47.868+0000][21756][safepoint   ] Safepoint "Cleanup", Time since last: 1011635800 ns, Reaching safepoint: 90600 ns, At safepoint: 2400 ns, Total: 93000 ns
[2025-10-20T16:43:49.872+0000][21756][safepoint   ] Safepoint "Cleanup", Time since last: 2003575400 ns, Reaching safepoint: 91500 ns, At safepoint: 7600 ns, Total: 99100 ns
[2025-10-20T16:43:50.872+0000][21756][safepoint   ] Safepoint "Cleanup", Time since last: 1000381100 ns, Reaching safepoint: 85600 ns, At safepoint: 9100 ns, Total: 94700 ns
[2025-10-20T16:43:52.883+0000][21756][safepoint   ] Safepoint "Cleanup", Time since last: 2010794200 ns, Reaching safepoint: 93000 ns, At safepoint: 15500 ns, Total: 108500 ns
[2025-10-20T16:43:55.900+0000][21756][safepoint   ] Safepoint "Cleanup", Time since last: 3016796600 ns, Reaching safepoint: 87500 ns, At safepoint: 13500 ns, Total: 101000 ns
[2025-10-20T16:43:57.912+0000][21756][safepoint   ] Safepoint "Cleanup", Time since last: 2011585100 ns, Reaching safepoint: 118400 ns, At safepoint: 7800 ns, Total: 126200 ns
[2025-10-20T16:43:58.912+0000][21756][safepoint   ] Safepoint "Cleanup", Time since last: 1000192800 ns, Reaching safepoint: 257600 ns, At safepoint: 33300 ns, Total: 290900 ns
[2025-10-20T16:44:04.981+0000][21756][safepoint   ] Safepoint "Cleanup", Time since last: 6068423600 ns, Reaching safepoint: 129500 ns, At safepoint: 2800 ns, Total: 132300 ns
[2025-10-20T16:44:05.995+0000][21756][safepoint   ] Safepoint "Cleanup", Time since last: 1013693500 ns, Reaching safepoint: 96000 ns, At safepoint: 7400 ns, Total: 103400 ns
[2025-10-20T16:44:07.998+0000][21756][safepoint   ] Safepoint "Cleanup", Time since last: 2003508200 ns, Reaching safepoint: 94100 ns, At safepoint: 1900 ns, Total: 96000 ns
[2025-10-20T16:44:09.025+0000][21756][safepoint   ] Safepoint "Cleanup", Time since last: 1026839600 ns, Reaching safepoint: 92500 ns, At safepoint: 8500 ns, Total: 101000 ns
[2025-10-20T16:44:11.065+0000][21756][safepoint   ] Safepoint "Cleanup", Time since last: 2039858100 ns, Reaching safepoint: 183500 ns, At safepoint: 3200 ns, Total: 186700 ns
[2025-10-20T16:44:12.070+0000][21756][safepoint   ] Safepoint "Cleanup", Time since last: 1004358600 ns, Reaching safepoint: 86900 ns, At safepoint: 10600 ns, Total: 97500 ns
[2025-10-20T16:44:14.082+0000][21756][safepoint   ] Safepoint "Cleanup", Time since last: 2011952900 ns, Reaching safepoint: 94000 ns, At safepoint: 18300 ns, Total: 112300 ns
[2025-10-20T16:44:15.086+0000][21756][safepoint   ] Safepoint "Cleanup", Time since last: 1003816800 ns, Reaching safepoint: 94500 ns, At safepoint: 8800 ns, Total: 103300 ns
[2025-10-20T16:44:17.092+0000][21756][safepoint   ] Safepoint "Cleanup", Time since last: 2005935200 ns, Reaching safepoint: 93300 ns, At safepoint: 9300 ns, Total: 102600 ns
[2025-10-20T16:44:18.092+0000][21756][safepoint   ] Safepoint "Cleanup", Time since last: 1000250000 ns, Reaching safepoint: 94700 ns, At safepoint: 3000 ns, Total: 97700 ns
[2025-10-20T16:44:20.108+0000][21756][safepoint   ] Safepoint "Cleanup", Time since last: 2015988700 ns, Reaching safepoint: 132100 ns, At safepoint: 20300 ns, Total: 152400 ns
[2025-10-20T16:44:21.120+0000][21756][safepoint   ] Safepoint "Cleanup", Time since last: 1011430600 ns, Reaching safepoint: 141300 ns, At safepoint: 9300 ns, Total: 150600 ns
[2025-10-20T16:44:23.121+0000][21756][safepoint   ] Safepoint "Cleanup", Time since last: 2000604200 ns, Reaching safepoint: 104300 ns, At safepoint: 9500 ns, Total: 113800 ns
[2025-10-20T16:44:24.121+0000][21756][safepoint   ] Safepoint "Cleanup", Time since last: 1000244900 ns, Reaching safepoint: 88800 ns, At safepoint: 2100 ns, Total: 90900 ns
[2025-10-20T16:44:28.149+0000][21756][safepoint   ] Safepoint "Cleanup", Time since last: 4027968100 ns, Reaching safepoint: 93700 ns, At safepoint: 10000 ns, Total: 103700 ns
[2025-10-20T16:44:30.150+0000][21756][safepoint   ] Safepoint "Cleanup", Time since last: 2000571500 ns, Reaching safepoint: 136900 ns, At safepoint: 9600 ns, Total: 146500 ns
[2025-10-20T16:44:31.150+0000][21756][safepoint   ] Safepoint "Cleanup", Time since last: 1000274800 ns, Reaching safepoint: 101600 ns, At safepoint: 10100 ns, Total: 111700 ns
[2025-10-20T16:44:33.151+0000][21756][safepoint   ] Safepoint "Cleanup", Time since last: 2000538000 ns, Reaching safepoint: 159600 ns, At safepoint: 9400 ns, Total: 169000 ns
[2025-10-20T16:44:35.152+0000][21756][safepoint   ] Safepoint "Cleanup", Time since last: 2000561500 ns, Reaching safepoint: 102900 ns, At safepoint: 9200 ns, Total: 112100 ns
[2025-10-20T16:44:35.328+0000][21756][gc,start    ] GC(14) Pause Young (Normal) (G1 Evacuation Pause)
[2025-10-20T16:44:35.328+0000][21756][gc,task     ] GC(14) Using 10 workers of 10 for evacuation
[2025-10-20T16:44:35.328+0000][21756][gc,age      ] GC(14) Desired survivor size 40370176 bytes, new threshold 15 (max threshold 15)
[2025-10-20T16:44:35.338+0000][21756][gc,age      ] GC(14) Age table with threshold 15 (max threshold 15)
[2025-10-20T16:44:35.338+0000][21756][gc,age      ] GC(14) - age   1:    5481440 bytes,    5481440 total
[2025-10-20T16:44:35.338+0000][21756][gc,age      ] GC(14) - age   2:    8179320 bytes,   13660760 total
[2025-10-20T16:44:35.338+0000][21756][gc,age      ] GC(14) - age   3:   12668920 bytes,   26329680 total
[2025-10-20T16:44:35.338+0000][21756][gc,age      ] GC(14) - age   4:   10859952 bytes,   37189632 total
[2025-10-20T16:44:35.338+0000][21756][gc,phases   ] GC(14)   Pre Evacuate Collection Set: 0.1ms
[2025-10-20T16:44:35.338+0000][21756][gc,phases   ] GC(14)   Merge Heap Roots: 0.1ms
[2025-10-20T16:44:35.338+0000][21756][gc,phases   ] GC(14)   Evacuate Collection Set: 8.5ms
[2025-10-20T16:44:35.338+0000][21756][gc,phases   ] GC(14)   Post Evacuate Collection Set: 0.9ms
[2025-10-20T16:44:35.338+0000][21756][gc,phases   ] GC(14)   Other: 0.3ms
[2025-10-20T16:44:35.338+0000][21756][gc,heap     ] GC(14) Eden regions: 581->0(575)
[2025-10-20T16:44:35.338+0000][21756][gc,heap     ] GC(14) Survivor regions: 33->39(77)
[2025-10-20T16:44:35.338+0000][21756][gc,heap     ] GC(14) Old regions: 49->49
[2025-10-20T16:44:35.338+0000][21756][gc,heap     ] GC(14) Archive regions: 0->0
[2025-10-20T16:44:35.338+0000][21756][gc,heap     ] GC(14) Humongous regions: 7->7
[2025-10-20T16:44:35.338+0000][21756][gc,metaspace] GC(14) Metaspace: 104666K(108540K)->104666K(108540K) NonClass: 90864K(93488K)->90864K(93488K) Class: 13802K(15052K)->13802K(15052K)
[2025-10-20T16:44:35.338+0000][21756][gc          ] GC(14) Pause Young (Normal) (G1 Evacuation Pause) 669M->93M(1024M) 9.990ms
[2025-10-20T16:44:35.338+0000][21756][gc,cpu      ] GC(14) User=0.00s Sys=0.00s Real=0.01s
[2025-10-20T16:44:35.338+0000][21756][safepoint   ] Safepoint "G1CollectForAllocation", Time since last: 176505200 ns, Reaching safepoint: 56800 ns, At safepoint: 10084600 ns, Total: 10141400 ns
[2025-10-20T16:44:36.339+0000][21756][safepoint   ] Safepoint "Cleanup", Time since last: 1000460500 ns, Reaching safepoint: 77400 ns, At safepoint: 10300 ns, Total: 87700 ns
[2025-10-20T16:44:38.353+0000][21756][safepoint   ] Safepoint "Cleanup", Time since last: 2013820400 ns, Reaching safepoint: 83200 ns, At safepoint: 9100 ns, Total: 92300 ns
[2025-10-20T16:44:39.356+0000][21756][safepoint   ] Safepoint "Cleanup", Time since last: 1003309900 ns, Reaching safepoint: 84800 ns, At safepoint: 9100 ns, Total: 93900 ns
[2025-10-20T16:44:40.367+0000][21756][safepoint   ] Safepoint "Cleanup", Time since last: 1010781000 ns, Reaching safepoint: 89100 ns, At safepoint: 18700 ns, Total: 107800 ns
[2025-10-20T16:44:41.367+0000][21756][safepoint   ] Safepoint "Cleanup", Time since last: 1000169300 ns, Reaching safepoint: 104400 ns, At safepoint: 17900 ns, Total: 122300 ns
[2025-10-20T16:44:47.410+0000][21756][safepoint   ] Safepoint "Cleanup", Time since last: 6042458800 ns, Reaching safepoint: 74400 ns, At safepoint: 7500 ns, Total: 81900 ns
[2025-10-20T16:44:48.410+0000][21756][safepoint   ] Safepoint "Cleanup", Time since last: 1000259600 ns, Reaching safepoint: 98300 ns, At safepoint: 9700 ns, Total: 108000 ns
[2025-10-20T16:44:51.439+0000][21756][safepoint   ] Safepoint "Cleanup", Time since last: 3029112200 ns, Reaching safepoint: 79100 ns, At safepoint: 8300 ns, Total: 87400 ns
[2025-10-20T16:44:53.481+0000][21756][safepoint   ] Safepoint "Cleanup", Time since last: 2041664500 ns, Reaching safepoint: 389900 ns, At safepoint: 17400 ns, Total: 407300 ns
[2025-10-20T16:44:58.534+0000][21756][safepoint   ] Safepoint "Cleanup", Time since last: 5052204200 ns, Reaching safepoint: 91200 ns, At safepoint: 9500 ns, Total: 100700 ns
[2025-10-20T16:45:04.577+0000][21756][safepoint   ] Safepoint "Cleanup", Time since last: 6043501500 ns, Reaching safepoint: 97000 ns, At safepoint: 8400 ns, Total: 105400 ns
[2025-10-20T16:45:05.578+0000][21756][safepoint   ] Safepoint "Cleanup", Time since last: 1000233000 ns, Reaching safepoint: 87500 ns, At safepoint: 8100 ns, Total: 95600 ns
[2025-10-20T16:45:07.593+0000][21756][safepoint   ] Safepoint "Cleanup", Time since last: 2014902100 ns, Reaching safepoint: 89900 ns, At safepoint: 13300 ns, Total: 103200 ns
[2025-10-20T16:45:08.603+0000][21756][safepoint   ] Safepoint "Cleanup", Time since last: 1010586800 ns, Reaching safepoint: 141100 ns, At safepoint: 9600 ns, Total: 150700 ns
[2025-10-20T16:45:09.606+0000][21756][safepoint   ] Safepoint "Cleanup", Time since last: 1002245400 ns, Reaching safepoint: 118300 ns, At safepoint: 9500 ns, Total: 127800 ns
[2025-10-20T16:45:10.635+0000][21756][safepoint   ] Safepoint "Cleanup", Time since last: 1029016800 ns, Reaching safepoint: 108200 ns, At safepoint: 9000 ns, Total: 117200 ns
[2025-10-20T16:45:11.650+0000][21756][safepoint   ] Safepoint "Cleanup", Time since last: 1014842800 ns, Reaching safepoint: 93900 ns, At safepoint: 8800 ns, Total: 102700 ns
[2025-10-20T16:45:13.659+0000][21756][safepoint   ] Safepoint "Cleanup", Time since last: 2008689400 ns, Reaching safepoint: 90200 ns, At safepoint: 2700 ns, Total: 92900 ns
[2025-10-20T16:45:14.659+0000][21756][safepoint   ] Safepoint "Cleanup", Time since last: 1000225700 ns, Reaching safepoint: 110300 ns, At safepoint: 11400 ns, Total: 121700 ns
[2025-10-20T16:45:15.660+0000][21756][safepoint   ] Safepoint "Cleanup", Time since last: 1000464000 ns, Reaching safepoint: 92200 ns, At safepoint: 8700 ns, Total: 100900 ns
[2025-10-20T16:45:17.677+0000][21756][safepoint   ] Safepoint "Cleanup", Time since last: 2017617200 ns, Reaching safepoint: 100000 ns, At safepoint: 8400 ns, Total: 108400 ns
[2025-10-20T16:45:18.681+0000][21756][safepoint   ] Safepoint "Cleanup", Time since last: 1004100000 ns, Reaching safepoint: 89000 ns, At safepoint: 8200 ns, Total: 97200 ns
[2025-10-20T16:45:22.688+0000][21756][safepoint   ] Safepoint "Cleanup", Time since last: 4006897200 ns, Reaching safepoint: 95100 ns, At safepoint: 2700 ns, Total: 97800 ns
[2025-10-20T16:45:23.689+0000][21756][safepoint   ] Safepoint "Cleanup", Time since last: 1000244100 ns, Reaching safepoint: 91800 ns, At safepoint: 8300 ns, Total: 100100 ns
[2025-10-20T16:45:24.689+0000][21756][safepoint   ] Safepoint "Cleanup", Time since last: 1000213500 ns, Reaching safepoint: 91800 ns, At safepoint: 9400 ns, Total: 101200 ns
[2025-10-20T16:45:25.690+0000][21756][safepoint   ] Safepoint "Cleanup", Time since last: 1000287800 ns, Reaching safepoint: 101800 ns, At safepoint: 8100 ns, Total: 109900 ns
[2025-10-20T16:45:30.718+0000][21756][safepoint   ] Safepoint "Cleanup", Time since last: 5028318800 ns, Reaching safepoint: 111100 ns, At safepoint: 8500 ns, Total: 119600 ns
[2025-10-20T16:45:31.718+0000][21756][safepoint   ] Safepoint "Cleanup", Time since last: 1000246500 ns, Reaching safepoint: 98500 ns, At safepoint: 8400 ns, Total: 106900 ns
[2025-10-20T16:45:32.719+0000][21756][safepoint   ] Safepoint "Cleanup", Time since last: 1000181700 ns, Reaching safepoint: 154600 ns, At safepoint: 7800 ns, Total: 162400 ns
[2025-10-20T16:45:34.733+0000][21756][safepoint   ] Safepoint "Cleanup", Time since last: 2013776400 ns, Reaching safepoint: 95200 ns, At safepoint: 7200 ns, Total: 102400 ns
[2025-10-20T16:45:36.733+0000][21756][safepoint   ] Safepoint "Cleanup", Time since last: 2000813200 ns, Reaching safepoint: 97600 ns, At safepoint: 10200 ns, Total: 107800 ns
[2025-10-20T16:45:37.734+0000][21756][safepoint   ] Safepoint "Cleanup", Time since last: 1000101800 ns, Reaching safepoint: 116400 ns, At safepoint: 9000 ns, Total: 125400 ns
[2025-10-20T16:45:42.792+0000][21756][safepoint   ] Safepoint "Cleanup", Time since last: 5057988100 ns, Reaching safepoint: 94300 ns, At safepoint: 7500 ns, Total: 101800 ns
[2025-10-20T16:45:46.806+0000][21756][safepoint   ] Safepoint "Cleanup", Time since last: 4013645000 ns, Reaching safepoint: 89200 ns, At safepoint: 9800 ns, Total: 99000 ns
[2025-10-20T16:45:50.818+0000][21756][safepoint   ] Safepoint "Cleanup", Time since last: 4012725300 ns, Reaching safepoint: 131600 ns, At safepoint: 3100 ns, Total: 134700 ns
[2025-10-20T16:45:51.821+0000][21756][safepoint   ] Safepoint "Cleanup", Time since last: 1002161700 ns, Reaching safepoint: 81400 ns, At safepoint: 2000 ns, Total: 83400 ns
[2025-10-20T16:45:52.835+0000][21756][safepoint   ] Safepoint "Cleanup", Time since last: 1014606900 ns, Reaching safepoint: 142800 ns, At safepoint: 9900 ns, Total: 152700 ns
[2025-10-20T16:45:53.836+0000][21756][safepoint   ] Safepoint "Cleanup", Time since last: 1000184400 ns, Reaching safepoint: 96800 ns, At safepoint: 5800 ns, Total: 102600 ns
[2025-10-20T16:45:55.847+0000][21756][safepoint   ] Safepoint "Cleanup", Time since last: 2011044100 ns, Reaching safepoint: 103300 ns, At safepoint: 10100 ns, Total: 113400 ns
[2025-10-20T16:45:58.861+0000][21756][safepoint   ] Safepoint "Cleanup", Time since last: 3014090600 ns, Reaching safepoint: 98800 ns, At safepoint: 12000 ns, Total: 110800 ns
[2025-10-20T16:46:00.862+0000][21756][safepoint   ] Safepoint "Cleanup", Time since last: 2000656900 ns, Reaching safepoint: 99900 ns, At safepoint: 3800 ns, Total: 103700 ns
[2025-10-20T16:46:01.862+0000][21756][safepoint   ] Safepoint "Cleanup", Time since last: 1000153400 ns, Reaching safepoint: 98900 ns, At safepoint: 13800 ns, Total: 112700 ns
[2025-10-20T16:46:05.894+0000][21756][safepoint   ] Safepoint "Cleanup", Time since last: 4031717100 ns, Reaching safepoint: 92200 ns, At safepoint: 2500 ns, Total: 94700 ns
[2025-10-20T16:46:06.906+0000][21756][safepoint   ] Safepoint "Cleanup", Time since last: 1011977800 ns, Reaching safepoint: 90200 ns, At safepoint: 7900 ns, Total: 98100 ns
[2025-10-20T16:46:07.914+0000][21756][safepoint   ] Safepoint "Cleanup", Time since last: 1007564600 ns, Reaching safepoint: 87900 ns, At safepoint: 8700 ns, Total: 96600 ns
[2025-10-20T16:46:09.919+0000][21756][safepoint   ] Safepoint "Cleanup", Time since last: 2005137100 ns, Reaching safepoint: 97500 ns, At safepoint: 10400 ns, Total: 107900 ns
[2025-10-20T16:46:10.933+0000][21756][safepoint   ] Safepoint "Cleanup", Time since last: 1014239100 ns, Reaching safepoint: 112200 ns, At safepoint: 7700 ns, Total: 119900 ns
[2025-10-20T16:46:11.935+0000][21756][safepoint   ] Safepoint "Cleanup", Time since last: 1001559200 ns, Reaching safepoint: 177800 ns, At safepoint: 7100 ns, Total: 184900 ns
[2025-10-20T16:46:12.946+0000][21756][safepoint   ] Safepoint "Cleanup", Time since last: 1010966800 ns, Reaching safepoint: 103800 ns, At safepoint: 9800 ns, Total: 113600 ns
[2025-10-20T16:46:13.946+0000][21756][safepoint   ] Safepoint "Cleanup", Time since last: 1000206800 ns, Reaching safepoint: 112100 ns, At safepoint: 9900 ns, Total: 122000 ns
[2025-10-20T16:46:14.960+0000][21756][safepoint   ] Safepoint "Cleanup", Time since last: 1013820100 ns, Reaching safepoint: 92000 ns, At safepoint: 7700 ns, Total: 99700 ns
[2025-10-20T16:46:15.963+0000][21756][safepoint   ] Safepoint "Cleanup", Time since last: 1003403600 ns, Reaching safepoint: 84000 ns, At safepoint: 19300 ns, Total: 103300 ns
[2025-10-20T16:46:16.975+0000][21756][safepoint   ] Safepoint "Cleanup", Time since last: 1010784300 ns, Reaching safepoint: 98800 ns, At safepoint: 2600 ns, Total: 101400 ns
[2025-10-20T16:46:18.990+0000][21756][safepoint   ] Safepoint "Cleanup", Time since last: 2015552500 ns, Reaching safepoint: 86900 ns, At safepoint: 7600 ns, Total: 94500 ns
[2025-10-20T16:46:20.002+0000][21756][safepoint   ] Safepoint "Cleanup", Time since last: 1011639900 ns, Reaching safepoint: 100000 ns, At safepoint: 8400 ns, Total: 108400 ns
[2025-10-20T16:46:23.007+0000][21756][safepoint   ] Safepoint "Cleanup", Time since last: 3004926700 ns, Reaching safepoint: 98800 ns, At safepoint: 9700 ns, Total: 108500 ns
[2025-10-20T16:46:27.054+0000][21756][safepoint   ] Safepoint "Cleanup", Time since last: 4046700400 ns, Reaching safepoint: 90700 ns, At safepoint: 21900 ns, Total: 112600 ns
[2025-10-20T16:46:29.070+0000][21756][safepoint   ] Safepoint "Cleanup", Time since last: 2015513300 ns, Reaching safepoint: 111300 ns, At safepoint: 15300 ns, Total: 126600 ns
[2025-10-20T16:46:31.087+0000][21756][safepoint   ] Safepoint "Cleanup", Time since last: 2017104600 ns, Reaching safepoint: 98400 ns, At safepoint: 6400 ns, Total: 104800 ns
[2025-10-20T16:46:32.087+0000][21756][safepoint   ] Safepoint "Cleanup", Time since last: 1000432000 ns, Reaching safepoint: 85000 ns, At safepoint: 1700 ns, Total: 86700 ns
[2025-10-20T16:46:33.093+0000][21756][safepoint   ] Safepoint "Cleanup", Time since last: 1005293400 ns, Reaching safepoint: 164100 ns, At safepoint: 23600 ns, Total: 187700 ns
[2025-10-20T16:46:35.128+0000][21756][safepoint   ] Safepoint "Cleanup", Time since last: 2035330800 ns, Reaching safepoint: 83200 ns, At safepoint: 2900 ns, Total: 86100 ns
[2025-10-20T16:46:44.157+0000][21756][safepoint   ] Safepoint "Cleanup", Time since last: 9028863500 ns, Reaching safepoint: 89200 ns, At safepoint: 2700 ns, Total: 91900 ns
[2025-10-20T16:46:48.177+0000][21756][safepoint   ] Safepoint "Cleanup", Time since last: 4019947500 ns, Reaching safepoint: 92500 ns, At safepoint: 8500 ns, Total: 101000 ns
[2025-10-20T16:46:50.192+0000][21756][safepoint   ] Safepoint "Cleanup", Time since last: 2014541700 ns, Reaching safepoint: 89300 ns, At safepoint: 2300 ns, Total: 91600 ns
[2025-10-20T16:46:51.204+0000][21756][safepoint   ] Safepoint "Cleanup", Time since last: 1011814500 ns, Reaching safepoint: 121400 ns, At safepoint: 5600 ns, Total: 127000 ns
[2025-10-20T16:46:53.221+0000][21756][safepoint   ] Safepoint "Cleanup", Time since last: 2016816900 ns, Reaching safepoint: 90600 ns, At safepoint: 6200 ns, Total: 96800 ns
[2025-10-20T16:46:54.230+0000][21756][safepoint   ] Safepoint "Cleanup", Time since last: 1009481600 ns, Reaching safepoint: 90600 ns, At safepoint: 11300 ns, Total: 101900 ns
[2025-10-20T16:46:55.240+0000][21756][safepoint   ] Safepoint "Cleanup", Time since last: 1009603800 ns, Reaching safepoint: 99600 ns, At safepoint: 5400 ns, Total: 105000 ns
[2025-10-20T16:46:56.249+0000][21756][safepoint   ] Safepoint "Cleanup", Time since last: 1009228100 ns, Reaching safepoint: 95900 ns, At safepoint: 9800 ns, Total: 105700 ns
[2025-10-20T16:46:57.257+0000][21756][safepoint   ] Safepoint "Cleanup", Time since last: 1007689800 ns, Reaching safepoint: 97500 ns, At safepoint: 8600 ns, Total: 106100 ns
[2025-10-20T16:46:59.274+0000][21756][safepoint   ] Safepoint "Cleanup", Time since last: 2016846700 ns, Reaching safepoint: 87600 ns, At safepoint: 10000 ns, Total: 97600 ns
[2025-10-20T16:47:05.320+0000][21756][safepoint   ] Safepoint "Cleanup", Time since last: 6045831000 ns, Reaching safepoint: 87100 ns, At safepoint: 7900 ns, Total: 95000 ns
[2025-10-20T16:47:13.391+0000][21756][safepoint   ] Safepoint "Cleanup", Time since last: 8070908800 ns, Reaching safepoint: 91800 ns, At safepoint: 6800 ns, Total: 98600 ns
[2025-10-20T16:47:14.399+0000][21756][safepoint   ] Safepoint "Cleanup", Time since last: 1008002700 ns, Reaching safepoint: 144100 ns, At safepoint: 9400 ns, Total: 153500 ns
[2025-10-20T16:47:15.407+0000][21756][safepoint   ] Safepoint "Cleanup", Time since last: 1008235100 ns, Reaching safepoint: 99400 ns, At safepoint: 9700 ns, Total: 109100 ns
[2025-10-20T16:47:16.415+0000][21756][safepoint   ] Safepoint "Cleanup", Time since last: 1006915700 ns, Reaching safepoint: 103000 ns, At safepoint: 8800 ns, Total: 111800 ns
[2025-10-20T16:47:17.417+0000][21756][safepoint   ] Safepoint "Cleanup", Time since last: 1002284100 ns, Reaching safepoint: 95600 ns, At safepoint: 8200 ns, Total: 103800 ns
[2025-10-20T16:47:19.439+0000][21756][safepoint   ] Safepoint "Cleanup", Time since last: 2021532900 ns, Reaching safepoint: 93200 ns, At safepoint: 17700 ns, Total: 110900 ns
[2025-10-20T16:47:20.448+0000][21756][safepoint   ] Safepoint "Cleanup", Time since last: 1009342700 ns, Reaching safepoint: 96700 ns, At safepoint: 8800 ns, Total: 105500 ns
[2025-10-20T16:47:22.468+0000][21756][safepoint   ] Safepoint "Cleanup", Time since last: 2019485700 ns, Reaching safepoint: 92500 ns, At safepoint: 12300 ns, Total: 104800 ns
[2025-10-20T16:47:23.475+0000][21756][safepoint   ] Safepoint "Cleanup", Time since last: 1007740100 ns, Reaching safepoint: 97400 ns, At safepoint: 7500 ns, Total: 104900 ns
[2025-10-20T16:47:27.507+0000][21756][safepoint   ] Safepoint "Cleanup", Time since last: 4031873600 ns, Reaching safepoint: 88200 ns, At safepoint: 2900 ns, Total: 91100 ns
[2025-10-20T16:47:28.515+0000][21756][safepoint   ] Safepoint "Cleanup", Time since last: 1007406700 ns, Reaching safepoint: 90500 ns, At safepoint: 10500 ns, Total: 101000 ns
[2025-10-20T16:47:33.557+0000][21756][safepoint   ] Safepoint "Cleanup", Time since last: 5041649200 ns, Reaching safepoint: 135800 ns, At safepoint: 2300 ns, Total: 138100 ns
[2025-10-20T16:47:34.563+0000][21756][safepoint   ] Safepoint "Cleanup", Time since last: 1005889100 ns, Reaching safepoint: 82400 ns, At safepoint: 7900 ns, Total: 90300 ns
[2025-10-20T16:47:35.564+0000][21756][safepoint   ] Safepoint "Cleanup", Time since last: 1000895400 ns, Reaching safepoint: 100300 ns, At safepoint: 8000 ns, Total: 108300 ns
[2025-10-20T16:47:37.578+0000][21756][safepoint   ] Safepoint "Cleanup", Time since last: 2014076200 ns, Reaching safepoint: 90700 ns, At safepoint: 8400 ns, Total: 99100 ns
[2025-10-20T16:47:38.584+0000][21756][safepoint   ] Safepoint "Cleanup", Time since last: 1006371200 ns, Reaching safepoint: 105800 ns, At safepoint: 9900 ns, Total: 115700 ns
[2025-10-20T16:47:41.604+0000][21756][safepoint   ] Safepoint "Cleanup", Time since last: 3019655000 ns, Reaching safepoint: 91600 ns, At safepoint: 9100 ns, Total: 100700 ns
[2025-10-20T16:47:46.645+0000][21756][safepoint   ] Safepoint "Cleanup", Time since last: 5040738300 ns, Reaching safepoint: 91200 ns, At safepoint: 11400 ns, Total: 102600 ns
[2025-10-20T16:47:47.649+0000][21756][safepoint   ] Safepoint "Cleanup", Time since last: 1004185700 ns, Reaching safepoint: 88800 ns, At safepoint: 6400 ns, Total: 95200 ns
[2025-10-20T16:47:48.658+0000][21756][safepoint   ] Safepoint "Cleanup", Time since last: 1008392800 ns, Reaching safepoint: 102300 ns, At safepoint: 9600 ns, Total: 111900 ns
[2025-10-20T16:47:56.709+0000][21756][safepoint   ] Safepoint "Cleanup", Time since last: 8050864900 ns, Reaching safepoint: 87500 ns, At safepoint: 7400 ns, Total: 94900 ns
[2025-10-20T16:47:59.742+0000][21756][safepoint   ] Safepoint "Cleanup", Time since last: 3033465400 ns, Reaching safepoint: 95300 ns, At safepoint: 9200 ns, Total: 104500 ns
[2025-10-20T16:48:00.751+0000][21756][safepoint   ] Safepoint "Cleanup", Time since last: 1009016600 ns, Reaching safepoint: 90700 ns, At safepoint: 10200 ns, Total: 100900 ns
[2025-10-20T16:48:01.760+0000][21756][safepoint   ] Safepoint "Cleanup", Time since last: 1008863800 ns, Reaching safepoint: 89800 ns, At safepoint: 13000 ns, Total: 102800 ns
[2025-10-20T16:48:05.786+0000][21756][safepoint   ] Safepoint "Cleanup", Time since last: 4025426700 ns, Reaching safepoint: 89500 ns, At safepoint: 10000 ns, Total: 99500 ns
[2025-10-20T16:48:08.806+0000][21756][safepoint   ] Safepoint "Cleanup", Time since last: 3019639500 ns, Reaching safepoint: 89300 ns, At safepoint: 9600 ns, Total: 98900 ns
[2025-10-20T16:48:11.832+0000][21756][safepoint   ] Safepoint "Cleanup", Time since last: 3026154400 ns, Reaching safepoint: 88500 ns, At safepoint: 2500 ns, Total: 91000 ns
[2025-10-20T16:48:17.878+0000][21756][safepoint   ] Safepoint "Cleanup", Time since last: 6046023500 ns, Reaching safepoint: 133400 ns, At safepoint: 11300 ns, Total: 144700 ns
[2025-10-20T16:48:18.884+0000][21756][safepoint   ] Safepoint "Cleanup", Time since last: 1006069400 ns, Reaching safepoint: 86800 ns, At safepoint: 6700 ns, Total: 93500 ns
[2025-10-20T16:48:20.904+0000][21756][safepoint   ] Safepoint "Cleanup", Time since last: 2019382000 ns, Reaching safepoint: 87000 ns, At safepoint: 8400 ns, Total: 95400 ns
[2025-10-20T16:48:23.933+0000][21756][safepoint   ] Safepoint "Cleanup", Time since last: 3029675800 ns, Reaching safepoint: 95800 ns, At safepoint: 8900 ns, Total: 104700 ns
[2025-10-20T16:48:30.483+0000][21756][safepoint   ] Safepoint "Cleanup", Time since last: 6549843300 ns, Reaching safepoint: 115300 ns, At safepoint: 10000 ns, Total: 125300 ns
[2025-10-20T16:48:31.493+0000][21756][safepoint   ] Safepoint "Cleanup", Time since last: 1009813100 ns, Reaching safepoint: 205700 ns, At safepoint: 8300 ns, Total: 214000 ns
[2025-10-20T16:48:32.501+0000][21756][safepoint   ] Safepoint "Cleanup", Time since last: 1007301600 ns, Reaching safepoint: 108800 ns, At safepoint: 2100 ns, Total: 110900 ns
[2025-10-20T16:48:35.006+0000][21756][gc,start    ] GC(15) Pause Young (Normal) (G1 Evacuation Pause)
[2025-10-20T16:48:35.006+0000][21756][gc,task     ] GC(15) Using 10 workers of 10 for evacuation
[2025-10-20T16:48:35.006+0000][21756][gc,age      ] GC(15) Desired survivor size 40370176 bytes, new threshold 15 (max threshold 15)
[2025-10-20T16:48:35.016+0000][21756][gc,age      ] GC(15) Age table with threshold 15 (max threshold 15)
[2025-10-20T16:48:35.016+0000][21756][gc,age      ] GC(15) - age   1:    2715832 bytes,    2715832 total
[2025-10-20T16:48:35.016+0000][21756][gc,age      ] GC(15) - age   2:    3834368 bytes,    6550200 total
[2025-10-20T16:48:35.016+0000][21756][gc,age      ] GC(15) - age   3:    8160696 bytes,   14710896 total
[2025-10-20T16:48:35.016+0000][21756][gc,age      ] GC(15) - age   4:   12668504 bytes,   27379400 total
[2025-10-20T16:48:35.016+0000][21756][gc,age      ] GC(15) - age   5:   10859952 bytes,   38239352 total
[2025-10-20T16:48:35.016+0000][21756][gc,phases   ] GC(15)   Pre Evacuate Collection Set: 0.1ms
[2025-10-20T16:48:35.016+0000][21756][gc,phases   ] GC(15)   Merge Heap Roots: 0.1ms
[2025-10-20T16:48:35.016+0000][21756][gc,phases   ] GC(15)   Evacuate Collection Set: 8.0ms
[2025-10-20T16:48:35.016+0000][21756][gc,phases   ] GC(15)   Post Evacuate Collection Set: 1.0ms
[2025-10-20T16:48:35.016+0000][21756][gc,phases   ] GC(15)   Other: 0.3ms
[2025-10-20T16:48:35.016+0000][21756][gc,heap     ] GC(15) Eden regions: 575->0(575)
[2025-10-20T16:48:35.016+0000][21756][gc,heap     ] GC(15) Survivor regions: 39->39(77)
[2025-10-20T16:48:35.016+0000][21756][gc,heap     ] GC(15) Old regions: 49->49
[2025-10-20T16:48:35.016+0000][21756][gc,heap     ] GC(15) Archive regions: 0->0
[2025-10-20T16:48:35.016+0000][21756][gc,heap     ] GC(15) Humongous regions: 7->7
[2025-10-20T16:48:35.016+0000][21756][gc,metaspace] GC(15) Metaspace: 105684K(109564K)->105684K(109564K) NonClass: 91874K(94512K)->91874K(94512K) Class: 13810K(15052K)->13810K(15052K)
[2025-10-20T16:48:35.016+0000][21756][gc          ] GC(15) Pause Young (Normal) (G1 Evacuation Pause) 668M->94M(1024M) 9.542ms
[2025-10-20T16:48:35.016+0000][21756][gc,cpu      ] GC(15) User=0.14s Sys=0.00s Real=0.01s
[2025-10-20T16:48:35.016+0000][21756][safepoint   ] Safepoint "G1CollectForAllocation", Time since last: 2505455300 ns, Reaching safepoint: 69900 ns, At safepoint: 9631600 ns, Total: 9701500 ns
[2025-10-20T16:48:37.038+0000][21756][safepoint   ] Safepoint "Cleanup", Time since last: 2021629800 ns, Reaching safepoint: 120200 ns, At safepoint: 11300 ns, Total: 131500 ns
[2025-10-20T16:48:45.112+0000][21756][safepoint   ] Safepoint "Cleanup", Time since last: 8073799100 ns, Reaching safepoint: 106900 ns, At safepoint: 8400 ns, Total: 115300 ns
[2025-10-20T16:48:50.155+0000][21756][safepoint   ] Safepoint "Cleanup", Time since last: 5043390500 ns, Reaching safepoint: 89700 ns, At safepoint: 10100 ns, Total: 99800 ns
[2025-10-20T16:48:53.180+0000][21756][safepoint   ] Safepoint "Cleanup", Time since last: 3024392600 ns, Reaching safepoint: 91600 ns, At safepoint: 6900 ns, Total: 98500 ns
[2025-10-20T16:49:01.255+0000][21756][safepoint   ] Safepoint "Cleanup", Time since last: 8075032700 ns, Reaching safepoint: 118200 ns, At safepoint: 9200 ns, Total: 127400 ns
[2025-10-20T16:49:02.257+0000][21756][safepoint   ] Safepoint "Cleanup", Time since last: 1002041800 ns, Reaching safepoint: 87800 ns, At safepoint: 9900 ns, Total: 97700 ns
[2025-10-20T16:49:08.307+0000][21756][safepoint   ] Safepoint "Cleanup", Time since last: 6049561200 ns, Reaching safepoint: 106700 ns, At safepoint: 11000 ns, Total: 117700 ns
[2025-10-20T16:49:09.313+0000][21756][safepoint   ] Safepoint "Cleanup", Time since last: 1005859600 ns, Reaching safepoint: 87400 ns, At safepoint: 9100 ns, Total: 96500 ns
[2025-10-20T16:49:11.326+0000][21756][safepoint   ] Safepoint "Cleanup", Time since last: 2013781600 ns, Reaching safepoint: 87400 ns, At safepoint: 12500 ns, Total: 99900 ns
[2025-10-20T16:49:14.350+0000][21756][safepoint   ] Safepoint "Cleanup", Time since last: 3023364000 ns, Reaching safepoint: 83700 ns, At safepoint: 2900 ns, Total: 86600 ns
[2025-10-20T16:49:15.361+0000][21756][safepoint   ] Safepoint "Cleanup", Time since last: 1010950000 ns, Reaching safepoint: 86000 ns, At safepoint: 3100 ns, Total: 89100 ns
[2025-10-20T16:49:18.382+0000][21756][safepoint   ] Safepoint "Cleanup", Time since last: 3020952900 ns, Reaching safepoint: 105000 ns, At safepoint: 9700 ns, Total: 114700 ns
[2025-10-20T16:49:20.404+0000][21756][safepoint   ] Safepoint "Cleanup", Time since last: 2021933400 ns, Reaching safepoint: 101000 ns, At safepoint: 7300 ns, Total: 108300 ns
[2025-10-20T16:49:21.411+0000][21756][safepoint   ] Safepoint "Cleanup", Time since last: 1007026200 ns, Reaching safepoint: 106300 ns, At safepoint: 9200 ns, Total: 115500 ns
[2025-10-20T16:49:22.417+0000][21756][safepoint   ] Safepoint "Cleanup", Time since last: 1005488900 ns, Reaching safepoint: 109200 ns, At safepoint: 8800 ns, Total: 118000 ns
[2025-10-20T16:49:26.461+0000][21756][safepoint   ] Safepoint "Cleanup", Time since last: 4044252300 ns, Reaching safepoint: 95400 ns, At safepoint: 9000 ns, Total: 104400 ns
[2025-10-20T16:49:31.511+0000][21756][safepoint   ] Safepoint "Cleanup", Time since last: 5050002400 ns, Reaching safepoint: 86400 ns, At safepoint: 8800 ns, Total: 95200 ns
[2025-10-20T16:49:38.578+0000][21756][safepoint   ] Safepoint "Cleanup", Time since last: 7066241700 ns, Reaching safepoint: 91300 ns, At safepoint: 12400 ns, Total: 103700 ns
[2025-10-20T16:49:41.604+0000][21756][safepoint   ] Safepoint "Cleanup", Time since last: 3026144300 ns, Reaching safepoint: 92400 ns, At safepoint: 8800 ns, Total: 101200 ns
[2025-10-20T16:49:44.628+0000][21756][safepoint   ] Safepoint "Cleanup", Time since last: 3023583300 ns, Reaching safepoint: 90600 ns, At safepoint: 11300 ns, Total: 101900 ns
[2025-10-20T16:49:47.662+0000][21756][safepoint   ] Safepoint "Cleanup", Time since last: 3034851700 ns, Reaching safepoint: 90400 ns, At safepoint: 19000 ns, Total: 109400 ns
[2025-10-20T16:49:48.676+0000][21756][safepoint   ] Safepoint "Cleanup", Time since last: 1013771900 ns, Reaching safepoint: 83000 ns, At safepoint: 7800 ns, Total: 90800 ns
[2025-10-20T16:49:50.697+0000][21756][safepoint   ] Safepoint "Cleanup", Time since last: 2020884500 ns, Reaching safepoint: 99100 ns, At safepoint: 10100 ns, Total: 109200 ns
[2025-10-20T16:49:56.754+0000][21756][safepoint   ] Safepoint "Cleanup", Time since last: 6056655900 ns, Reaching safepoint: 97300 ns, At safepoint: 9100 ns, Total: 106400 ns
[2025-10-20T16:49:58.781+0000][21756][safepoint   ] Safepoint "Cleanup", Time since last: 2026430800 ns, Reaching safepoint: 94600 ns, At safepoint: 10000 ns, Total: 104600 ns
[2025-10-20T16:50:01.807+0000][21756][safepoint   ] Safepoint "Cleanup", Time since last: 3026726900 ns, Reaching safepoint: 120400 ns, At safepoint: 15400 ns, Total: 135800 ns
[2025-10-20T16:50:02.815+0000][21756][safepoint   ] Safepoint "Cleanup", Time since last: 1007326700 ns, Reaching safepoint: 126300 ns, At safepoint: 8900 ns, Total: 135200 ns
[2025-10-20T16:50:05.848+0000][21756][safepoint   ] Safepoint "Cleanup", Time since last: 3032921900 ns, Reaching safepoint: 96900 ns, At safepoint: 8900 ns, Total: 105800 ns
[2025-10-20T16:50:08.880+0000][21756][safepoint   ] Safepoint "Cleanup", Time since last: 3031724600 ns, Reaching safepoint: 95400 ns, At safepoint: 6500 ns, Total: 101900 ns
[2025-10-20T16:50:11.914+0000][21756][safepoint   ] Safepoint "Cleanup", Time since last: 3033703100 ns, Reaching safepoint: 89600 ns, At safepoint: 10900 ns, Total: 100500 ns
[2025-10-20T16:50:14.935+0000][21756][safepoint   ] Safepoint "Cleanup", Time since last: 3020984200 ns, Reaching safepoint: 93600 ns, At safepoint: 2100 ns, Total: 95700 ns
[2025-10-20T16:50:16.947+0000][21756][safepoint   ] Safepoint "Cleanup", Time since last: 2012454200 ns, Reaching safepoint: 94500 ns, At safepoint: 9400 ns, Total: 103900 ns
[2025-10-20T16:50:17.950+0000][21756][safepoint   ] Safepoint "Cleanup", Time since last: 1002263100 ns, Reaching safepoint: 96500 ns, At safepoint: 2800 ns, Total: 99300 ns
[2025-10-20T16:50:20.972+0000][21756][safepoint   ] Safepoint "Cleanup", Time since last: 3022590600 ns, Reaching safepoint: 98100 ns, At safepoint: 10100 ns, Total: 108200 ns
[2025-10-20T16:50:22.986+0000][21756][safepoint   ] Safepoint "Cleanup", Time since last: 2013798700 ns, Reaching safepoint: 93700 ns, At safepoint: 8800 ns, Total: 102500 ns
[2025-10-20T16:50:23.995+0000][21756][safepoint   ] Safepoint "Cleanup", Time since last: 1009051600 ns, Reaching safepoint: 114500 ns, At safepoint: 2800 ns, Total: 117300 ns
[2025-10-20T16:50:27.025+0000][21756][safepoint   ] Safepoint "Cleanup", Time since last: 3029139700 ns, Reaching safepoint: 88200 ns, At safepoint: 8300 ns, Total: 96500 ns
[2025-10-20T16:50:30.052+0000][21756][safepoint   ] Safepoint "Cleanup", Time since last: 3026906400 ns, Reaching safepoint: 91300 ns, At safepoint: 8800 ns, Total: 100100 ns
[2025-10-20T16:50:33.081+0000][21756][safepoint   ] Safepoint "Cleanup", Time since last: 3028967100 ns, Reaching safepoint: 107700 ns, At safepoint: 8900 ns, Total: 116600 ns
[2025-10-20T16:50:34.088+0000][21756][safepoint   ] Safepoint "Cleanup", Time since last: 1006810000 ns, Reaching safepoint: 92300 ns, At safepoint: 12000 ns, Total: 104300 ns
[2025-10-20T16:50:37.119+0000][21756][safepoint   ] Safepoint "Cleanup", Time since last: 3030944300 ns, Reaching safepoint: 83400 ns, At safepoint: 8100 ns, Total: 91500 ns
[2025-10-20T16:50:42.154+0000][21756][safepoint   ] Safepoint "Cleanup", Time since last: 5035105800 ns, Reaching safepoint: 102600 ns, At safepoint: 8800 ns, Total: 111400 ns
[2025-10-20T16:50:51.247+0000][21756][safepoint   ] Safepoint "Cleanup", Time since last: 9093342700 ns, Reaching safepoint: 86800 ns, At safepoint: 9300 ns, Total: 96100 ns
[2025-10-20T16:50:53.262+0000][21756][safepoint   ] Safepoint "Cleanup", Time since last: 2014418300 ns, Reaching safepoint: 89500 ns, At safepoint: 8400 ns, Total: 97900 ns
[2025-10-20T16:50:54.270+0000][21756][safepoint   ] Safepoint "Cleanup", Time since last: 1008401900 ns, Reaching safepoint: 94600 ns, At safepoint: 14700 ns, Total: 109300 ns
[2025-10-20T16:50:57.285+0000][21756][safepoint   ] Safepoint "Cleanup", Time since last: 3014986200 ns, Reaching safepoint: 84100 ns, At safepoint: 9100 ns, Total: 93200 ns
[2025-10-20T16:50:58.293+0000][21756][safepoint   ] Safepoint "Cleanup", Time since last: 1007338700 ns, Reaching safepoint: 93900 ns, At safepoint: 10000 ns, Total: 103900 ns
[2025-10-20T16:50:59.299+0000][21756][safepoint   ] Safepoint "Cleanup", Time since last: 1005943900 ns, Reaching safepoint: 85600 ns, At safepoint: 7200 ns, Total: 92800 ns
[2025-10-20T16:51:01.316+0000][21756][safepoint   ] Safepoint "Cleanup", Time since last: 2016960100 ns, Reaching safepoint: 126400 ns, At safepoint: 8400 ns, Total: 134800 ns
[2025-10-20T16:51:02.323+0000][21756][safepoint   ] Safepoint "Cleanup", Time since last: 1007262700 ns, Reaching safepoint: 76300 ns, At safepoint: 10700 ns, Total: 87000 ns
[2025-10-20T16:51:03.330+0000][21756][safepoint   ] Safepoint "Cleanup", Time since last: 1006842200 ns, Reaching safepoint: 94600 ns, At safepoint: 8400 ns, Total: 103000 ns
[2025-10-20T16:51:08.368+0000][21756][safepoint   ] Safepoint "Cleanup", Time since last: 5037439300 ns, Reaching safepoint: 109800 ns, At safepoint: 16000 ns, Total: 125800 ns
[2025-10-20T16:51:09.371+0000][21756][safepoint   ] Safepoint "Cleanup", Time since last: 1003327200 ns, Reaching safepoint: 102600 ns, At safepoint: 9700 ns, Total: 112300 ns
[2025-10-20T16:51:23.471+0000][21756][safepoint   ] Safepoint "Cleanup", Time since last: 14099456900 ns, Reaching safepoint: 108800 ns, At safepoint: 3300 ns, Total: 112100 ns
[2025-10-20T16:51:26.491+0000][21756][safepoint   ] Safepoint "Cleanup", Time since last: 3020452800 ns, Reaching safepoint: 107500 ns, At safepoint: 20100 ns, Total: 127600 ns
[2025-10-20T16:51:27.497+0000][21756][safepoint   ] Safepoint "Cleanup", Time since last: 1006113100 ns, Reaching safepoint: 125700 ns, At safepoint: 2400 ns, Total: 128100 ns
[2025-10-20T16:51:28.507+0000][21756][safepoint   ] Safepoint "Cleanup", Time since last: 1009554300 ns, Reaching safepoint: 93000 ns, At safepoint: 6400 ns, Total: 99400 ns
[2025-10-20T16:51:29.518+0000][21756][safepoint   ] Safepoint "Cleanup", Time since last: 1010528000 ns, Reaching safepoint: 88900 ns, At safepoint: 7900 ns, Total: 96800 ns
[2025-10-20T16:51:39.611+0000][21756][safepoint   ] Safepoint "Cleanup", Time since last: 10093313500 ns, Reaching safepoint: 84800 ns, At safepoint: 9100 ns, Total: 93900 ns
[2025-10-20T16:51:44.658+0000][21756][safepoint   ] Safepoint "Cleanup", Time since last: 5046573800 ns, Reaching safepoint: 89700 ns, At safepoint: 9100 ns, Total: 98800 ns
[2025-10-20T16:51:50.716+0000][21756][safepoint   ] Safepoint "Cleanup", Time since last: 6058174100 ns, Reaching safepoint: 91800 ns, At safepoint: 6900 ns, Total: 98700 ns
[2025-10-20T16:51:52.730+0000][21756][safepoint   ] Safepoint "Cleanup", Time since last: 2013464500 ns, Reaching safepoint: 90900 ns, At safepoint: 3000 ns, Total: 93900 ns
[2025-10-20T16:51:53.737+0000][21756][safepoint   ] Safepoint "Cleanup", Time since last: 1007186500 ns, Reaching safepoint: 90700 ns, At safepoint: 2500 ns, Total: 93200 ns
[2025-10-20T16:51:54.752+0000][21756][safepoint   ] Safepoint "Cleanup", Time since last: 1015077900 ns, Reaching safepoint: 101700 ns, At safepoint: 15100 ns, Total: 116800 ns
[2025-10-20T16:51:56.775+0000][21756][safepoint   ] Safepoint "Cleanup", Time since last: 2022389200 ns, Reaching safepoint: 119000 ns, At safepoint: 9700 ns, Total: 128700 ns
[2025-10-20T16:51:57.783+0000][21756][safepoint   ] Safepoint "Cleanup", Time since last: 1008077400 ns, Reaching safepoint: 85000 ns, At safepoint: 2800 ns, Total: 87800 ns
[2025-10-20T16:51:59.798+0000][21756][safepoint   ] Safepoint "Cleanup", Time since last: 2014823400 ns, Reaching safepoint: 86300 ns, At safepoint: 19500 ns, Total: 105800 ns
[2025-10-20T16:52:00.810+0000][21756][safepoint   ] Safepoint "Cleanup", Time since last: 1011612500 ns, Reaching safepoint: 94000 ns, At safepoint: 8900 ns, Total: 102900 ns
[2025-10-20T16:52:01.820+0000][21756][safepoint   ] Safepoint "Cleanup", Time since last: 1010197600 ns, Reaching safepoint: 89400 ns, At safepoint: 12300 ns, Total: 101700 ns
[2025-10-20T16:52:02.826+0000][21756][safepoint   ] Safepoint "Cleanup", Time since last: 1006233100 ns, Reaching safepoint: 97200 ns, At safepoint: 7400 ns, Total: 104600 ns
[2025-10-20T16:52:05.850+0000][21756][safepoint   ] Safepoint "Cleanup", Time since last: 3023293300 ns, Reaching safepoint: 92200 ns, At safepoint: 7900 ns, Total: 100100 ns
[2025-10-20T16:52:09.864+0000][21756][safepoint   ] Safepoint "Cleanup", Time since last: 4014140100 ns, Reaching safepoint: 99500 ns, At safepoint: 9600 ns, Total: 109100 ns
[2025-10-20T16:52:16.919+0000][21756][safepoint   ] Safepoint "Cleanup", Time since last: 7054760500 ns, Reaching safepoint: 100200 ns, At safepoint: 11600 ns, Total: 111800 ns
[2025-10-20T16:52:17.930+0000][21756][safepoint   ] Safepoint "Cleanup", Time since last: 1011356400 ns, Reaching safepoint: 88700 ns, At safepoint: 11500 ns, Total: 100200 ns
[2025-10-20T16:52:23.991+0000][21756][safepoint   ] Safepoint "Cleanup", Time since last: 6060972200 ns, Reaching safepoint: 104400 ns, At safepoint: 13700 ns, Total: 118100 ns
[2025-10-20T16:52:30.047+0000][21756][safepoint   ] Safepoint "Cleanup", Time since last: 6055326500 ns, Reaching safepoint: 110900 ns, At safepoint: 9000 ns, Total: 119900 ns
[2025-10-20T16:52:32.066+0000][21756][safepoint   ] Safepoint "Cleanup", Time since last: 2018693700 ns, Reaching safepoint: 86500 ns, At safepoint: 8400 ns, Total: 94900 ns
[2025-10-20T16:52:33.072+0000][21756][safepoint   ] Safepoint "Cleanup", Time since last: 1006497400 ns, Reaching safepoint: 95900 ns, At safepoint: 8600 ns, Total: 104500 ns
[2025-10-20T16:52:36.099+0000][21756][safepoint   ] Safepoint "Cleanup", Time since last: 3026650300 ns, Reaching safepoint: 101800 ns, At safepoint: 9000 ns, Total: 110800 ns
[2025-10-20T16:52:39.125+0000][21756][safepoint   ] Safepoint "Cleanup", Time since last: 3025754100 ns, Reaching safepoint: 82800 ns, At safepoint: 9600 ns, Total: 92400 ns
[2025-10-20T16:52:42.155+0000][21756][safepoint   ] Safepoint "Cleanup", Time since last: 3030366200 ns, Reaching safepoint: 80800 ns, At safepoint: 12700 ns, Total: 93500 ns
[2025-10-20T16:52:48.220+0000][21756][safepoint   ] Safepoint "Cleanup", Time since last: 6064856200 ns, Reaching safepoint: 92700 ns, At safepoint: 9500 ns, Total: 102200 ns
[2025-10-20T16:53:06.400+0000][21756][safepoint   ] Safepoint "Cleanup", Time since last: 18179723200 ns, Reaching safepoint: 72800 ns, At safepoint: 8000 ns, Total: 80800 ns
[2025-10-20T16:53:08.416+0000][21756][safepoint   ] Safepoint "Cleanup", Time since last: 2015758500 ns, Reaching safepoint: 89800 ns, At safepoint: 18900 ns, Total: 108700 ns
[2025-10-20T16:53:09.425+0000][21756][safepoint   ] Safepoint "Cleanup", Time since last: 1008846100 ns, Reaching safepoint: 93100 ns, At safepoint: 10000 ns, Total: 103100 ns
[2025-10-20T16:53:18.517+0000][21756][safepoint   ] Safepoint "Cleanup", Time since last: 9092206600 ns, Reaching safepoint: 87700 ns, At safepoint: 8400 ns, Total: 96100 ns
[2025-10-20T16:53:30.623+0000][21756][safepoint   ] Safepoint "Cleanup", Time since last: 12106224900 ns, Reaching safepoint: 93700 ns, At safepoint: 8700 ns, Total: 102400 ns
[2025-10-20T16:53:33.652+0000][21756][safepoint   ] Safepoint "Cleanup", Time since last: 3028135100 ns, Reaching safepoint: 104000 ns, At safepoint: 8300 ns, Total: 112300 ns
[2025-10-20T16:53:36.187+0000][21756][gc,start    ] GC(16) Pause Young (Normal) (G1 Evacuation Pause)
[2025-10-20T16:53:36.187+0000][21756][gc,task     ] GC(16) Using 10 workers of 10 for evacuation
[2025-10-20T16:53:36.187+0000][21756][gc,age      ] GC(16) Desired survivor size 40370176 bytes, new threshold 15 (max threshold 15)
[2025-10-20T16:53:36.196+0000][21756][gc,age      ] GC(16) Age table with threshold 15 (max threshold 15)
[2025-10-20T16:53:36.196+0000][21756][gc,age      ] GC(16) - age   1:    1421008 bytes,    1421008 total
[2025-10-20T16:53:36.196+0000][21756][gc,age      ] GC(16) - age   2:     976544 bytes,    2397552 total
[2025-10-20T16:53:36.196+0000][21756][gc,age      ] GC(16) - age   3:    3529744 bytes,    5927296 total
[2025-10-20T16:53:36.196+0000][21756][gc,age      ] GC(16) - age   4:    8154856 bytes,   14082152 total
[2025-10-20T16:53:36.196+0000][21756][gc,age      ] GC(16) - age   5:   12667968 bytes,   26750120 total
[2025-10-20T16:53:36.196+0000][21756][gc,age      ] GC(16) - age   6:   10859952 bytes,   37610072 total
[2025-10-20T16:53:36.196+0000][21756][gc,phases   ] GC(16)   Pre Evacuate Collection Set: 0.1ms
[2025-10-20T16:53:36.196+0000][21756][gc,phases   ] GC(16)   Merge Heap Roots: 0.1ms
[2025-10-20T16:53:36.196+0000][21756][gc,phases   ] GC(16)   Evacuate Collection Set: 8.0ms
[2025-10-20T16:53:36.196+0000][21756][gc,phases   ] GC(16)   Post Evacuate Collection Set: 1.0ms
[2025-10-20T16:53:36.196+0000][21756][gc,phases   ] GC(16)   Other: 0.3ms
[2025-10-20T16:53:36.196+0000][21756][gc,heap     ] GC(16) Eden regions: 575->0(575)
[2025-10-20T16:53:36.196+0000][21756][gc,heap     ] GC(16) Survivor regions: 39->39(77)
[2025-10-20T16:53:36.196+0000][21756][gc,heap     ] GC(16) Old regions: 49->49
[2025-10-20T16:53:36.196+0000][21756][gc,heap     ] GC(16) Archive regions: 0->0
[2025-10-20T16:53:36.196+0000][21756][gc,heap     ] GC(16) Humongous regions: 7->7
[2025-10-20T16:53:36.196+0000][21756][gc,metaspace] GC(16) Metaspace: 106415K(110332K)->106415K(110332K) NonClass: 92597K(95280K)->92597K(95280K) Class: 13817K(15052K)->13817K(15052K)
[2025-10-20T16:53:36.196+0000][21756][gc          ] GC(16) Pause Young (Normal) (G1 Evacuation Pause) 669M->93M(1024M) 9.517ms
[2025-10-20T16:53:36.196+0000][21756][gc,cpu      ] GC(16) User=0.16s Sys=0.00s Real=0.01s
[2025-10-20T16:53:36.196+0000][21756][safepoint   ] Safepoint "G1CollectForAllocation", Time since last: 2535315200 ns, Reaching safepoint: 92400 ns, At safepoint: 9594600 ns, Total: 9687000 ns
[2025-10-20T16:53:38.206+0000][21756][safepoint   ] Safepoint "Cleanup", Time since last: 2008736100 ns, Reaching safepoint: 72500 ns, At safepoint: 7100 ns, Total: 79600 ns
[2025-10-20T16:53:42.249+0000][21756][safepoint   ] Safepoint "Cleanup", Time since last: 4043318100 ns, Reaching safepoint: 90800 ns, At safepoint: 20000 ns, Total: 110800 ns
[2025-10-20T16:53:44.267+0000][21756][safepoint   ] Safepoint "Cleanup", Time since last: 2017856400 ns, Reaching safepoint: 85500 ns, At safepoint: 8800 ns, Total: 94300 ns
[2025-10-20T16:53:45.278+0000][21756][safepoint   ] Safepoint "Cleanup", Time since last: 1011114500 ns, Reaching safepoint: 89400 ns, At safepoint: 9300 ns, Total: 98700 ns
[2025-10-20T16:53:51.339+0000][21756][safepoint   ] Safepoint "Cleanup", Time since last: 6060446900 ns, Reaching safepoint: 93700 ns, At safepoint: 9900 ns, Total: 103600 ns
[2025-10-20T16:54:00.407+0000][21756][safepoint   ] Safepoint "Cleanup", Time since last: 9068164000 ns, Reaching safepoint: 93000 ns, At safepoint: 9000 ns, Total: 102000 ns
[2025-10-20T16:54:06.462+0000][21756][safepoint   ] Safepoint "Cleanup", Time since last: 6054934400 ns, Reaching safepoint: 91500 ns, At safepoint: 9600 ns, Total: 101100 ns
[2025-10-20T16:54:12.520+0000][21756][safepoint   ] Safepoint "Cleanup", Time since last: 6058088800 ns, Reaching safepoint: 98900 ns, At safepoint: 7100 ns, Total: 106000 ns
[2025-10-20T16:54:14.539+0000][21756][safepoint   ] Safepoint "Cleanup", Time since last: 2018592400 ns, Reaching safepoint: 81800 ns, At safepoint: 7400 ns, Total: 89200 ns
[2025-10-20T16:54:18.580+0000][21756][safepoint   ] Safepoint "Cleanup", Time since last: 4041083100 ns, Reaching safepoint: 93500 ns, At safepoint: 9400 ns, Total: 102900 ns
[2025-10-20T16:54:24.634+0000][21756][safepoint   ] Safepoint "Cleanup", Time since last: 6053489000 ns, Reaching safepoint: 90400 ns, At safepoint: 10600 ns, Total: 101000 ns
[2025-10-20T16:54:25.643+0000][21756][safepoint   ] Safepoint "Cleanup", Time since last: 1008895000 ns, Reaching safepoint: 93600 ns, At safepoint: 16800 ns, Total: 110400 ns
[2025-10-20T16:54:27.668+0000][21756][safepoint   ] Safepoint "Cleanup", Time since last: 2024910600 ns, Reaching safepoint: 97900 ns, At safepoint: 9900 ns, Total: 107800 ns
[2025-10-20T16:54:28.679+0000][21756][safepoint   ] Safepoint "Cleanup", Time since last: 1011301300 ns, Reaching safepoint: 91900 ns, At safepoint: 8500 ns, Total: 100400 ns
[2025-10-20T16:54:32.726+0000][21756][safepoint   ] Safepoint "Cleanup", Time since last: 4046952100 ns, Reaching safepoint: 101200 ns, At safepoint: 21000 ns, Total: 122200 ns
[2025-10-20T16:54:36.763+0000][21756][safepoint   ] Safepoint "Cleanup", Time since last: 4036765400 ns, Reaching safepoint: 140800 ns, At safepoint: 10900 ns, Total: 151700 ns
[2025-10-20T16:54:37.773+0000][21756][safepoint   ] Safepoint "Cleanup", Time since last: 1010140500 ns, Reaching safepoint: 95900 ns, At safepoint: 9500 ns, Total: 105400 ns
[2025-10-20T16:54:38.786+0000][21756][safepoint   ] Safepoint "Cleanup", Time since last: 1012140700 ns, Reaching safepoint: 82500 ns, At safepoint: 9200 ns, Total: 91700 ns
[2025-10-20T16:54:40.805+0000][21756][safepoint   ] Safepoint "Cleanup", Time since last: 2019674200 ns, Reaching safepoint: 149200 ns, At safepoint: 9200 ns, Total: 158400 ns
[2025-10-20T16:54:43.828+0000][21756][safepoint   ] Safepoint "Cleanup", Time since last: 3022128400 ns, Reaching safepoint: 93900 ns, At safepoint: 11700 ns, Total: 105600 ns
[2025-10-20T16:54:47.870+0000][21756][safepoint   ] Safepoint "Cleanup", Time since last: 4042185700 ns, Reaching safepoint: 97300 ns, At safepoint: 23200 ns, Total: 120500 ns
[2025-10-20T16:54:48.880+0000][21756][safepoint   ] Safepoint "Cleanup", Time since last: 1010229700 ns, Reaching safepoint: 88200 ns, At safepoint: 8600 ns, Total: 96800 ns
[2025-10-20T16:54:51.907+0000][21756][safepoint   ] Safepoint "Cleanup", Time since last: 3027069500 ns, Reaching safepoint: 99700 ns, At safepoint: 8600 ns, Total: 108300 ns
[2025-10-20T16:54:52.917+0000][21756][safepoint   ] Safepoint "Cleanup", Time since last: 1009340100 ns, Reaching safepoint: 72100 ns, At safepoint: 8900 ns, Total: 81000 ns
[2025-10-20T16:54:57.960+0000][21756][safepoint   ] Safepoint "Cleanup", Time since last: 5043458500 ns, Reaching safepoint: 91700 ns, At safepoint: 6100 ns, Total: 97800 ns
[2025-10-20T16:54:58.969+0000][21756][safepoint   ] Safepoint "Cleanup", Time since last: 1008819300 ns, Reaching safepoint: 101400 ns, At safepoint: 20200 ns, Total: 121600 ns
[2025-10-20T16:55:07.053+0000][21756][safepoint   ] Safepoint "Cleanup", Time since last: 8083377500 ns, Reaching safepoint: 86000 ns, At safepoint: 2100 ns, Total: 88100 ns
[2025-10-20T16:55:09.074+0000][21756][safepoint   ] Safepoint "Cleanup", Time since last: 2021007800 ns, Reaching safepoint: 88600 ns, At safepoint: 9900 ns, Total: 98500 ns
[2025-10-20T16:55:15.135+0000][21756][safepoint   ] Safepoint "Cleanup", Time since last: 6060878000 ns, Reaching safepoint: 98700 ns, At safepoint: 2900 ns, Total: 101600 ns
[2025-10-20T16:55:24.226+0000][21756][safepoint   ] Safepoint "Cleanup", Time since last: 9091112800 ns, Reaching safepoint: 109000 ns, At safepoint: 7600 ns, Total: 116600 ns
[2025-10-20T16:55:36.347+0000][21756][safepoint   ] Safepoint "Cleanup", Time since last: 12120391100 ns, Reaching safepoint: 83600 ns, At safepoint: 18700 ns, Total: 102300 ns
[2025-10-20T16:55:39.372+0000][21756][safepoint   ] Safepoint "Cleanup", Time since last: 3025691600 ns, Reaching safepoint: 100700 ns, At safepoint: 9200 ns, Total: 109900 ns
[2025-10-20T16:55:40.380+0000][21756][safepoint   ] Safepoint "Cleanup", Time since last: 1007877100 ns, Reaching safepoint: 148400 ns, At safepoint: 10100 ns, Total: 158500 ns
[2025-10-20T16:55:41.391+0000][21756][safepoint   ] Safepoint "Cleanup", Time since last: 1010151000 ns, Reaching safepoint: 87400 ns, At safepoint: 8300 ns, Total: 95700 ns
[2025-10-20T16:55:42.400+0000][21756][safepoint   ] Safepoint "Cleanup", Time since last: 1009514000 ns, Reaching safepoint: 82800 ns, At safepoint: 8200 ns, Total: 91000 ns
[2025-10-20T16:56:00.582+0000][21756][safepoint   ] Safepoint "Cleanup", Time since last: 18181266000 ns, Reaching safepoint: 90300 ns, At safepoint: 5400 ns, Total: 95700 ns
[2025-10-20T16:56:14.723+0000][21756][safepoint   ] Safepoint "Cleanup", Time since last: 14141384700 ns, Reaching safepoint: 78900 ns, At safepoint: 9600 ns, Total: 88500 ns
[2025-10-20T16:56:33.923+0000][21756][safepoint   ] Safepoint "Cleanup", Time since last: 19199964800 ns, Reaching safepoint: 80900 ns, At safepoint: 9000 ns, Total: 89900 ns
[2025-10-20T16:56:37.969+0000][21756][safepoint   ] Safepoint "Cleanup", Time since last: 4045423900 ns, Reaching safepoint: 94100 ns, At safepoint: 26500 ns, Total: 120600 ns
[2025-10-20T16:56:43.020+0000][21756][safepoint   ] Safepoint "Cleanup", Time since last: 5051424500 ns, Reaching safepoint: 104200 ns, At safepoint: 8300 ns, Total: 112500 ns
[2025-10-20T16:56:44.033+0000][21756][safepoint   ] Safepoint "Cleanup", Time since last: 1013070900 ns, Reaching safepoint: 103200 ns, At safepoint: 11000 ns, Total: 114200 ns
[2025-10-20T16:56:46.050+0000][21756][safepoint   ] Safepoint "Cleanup", Time since last: 2016754600 ns, Reaching safepoint: 96000 ns, At safepoint: 11200 ns, Total: 107200 ns
[2025-10-20T16:56:51.107+0000][21756][safepoint   ] Safepoint "Cleanup", Time since last: 5056167300 ns, Reaching safepoint: 81100 ns, At safepoint: 9500 ns, Total: 90600 ns
[2025-10-20T16:56:57.151+0000][21756][safepoint   ] Safepoint "Cleanup", Time since last: 6043829700 ns, Reaching safepoint: 81600 ns, At safepoint: 9300 ns, Total: 90900 ns
[2025-10-20T16:57:01.189+0000][21756][safepoint   ] Safepoint "Cleanup", Time since last: 4037955800 ns, Reaching safepoint: 95000 ns, At safepoint: 17400 ns, Total: 112400 ns
[2025-10-20T16:57:12.304+0000][21756][safepoint   ] Safepoint "Cleanup", Time since last: 11115351400 ns, Reaching safepoint: 84700 ns, At safepoint: 9100 ns, Total: 93800 ns
[2025-10-20T16:57:13.313+0000][21756][safepoint   ] Safepoint "Cleanup", Time since last: 1009234100 ns, Reaching safepoint: 92100 ns, At safepoint: 13500 ns, Total: 105600 ns
[2025-10-20T16:57:14.323+0000][21756][safepoint   ] Safepoint "Cleanup", Time since last: 1009114700 ns, Reaching safepoint: 110500 ns, At safepoint: 7900 ns, Total: 118400 ns
[2025-10-20T16:57:16.343+0000][21756][safepoint   ] Safepoint "Cleanup", Time since last: 2020519200 ns, Reaching safepoint: 101400 ns, At safepoint: 21200 ns, Total: 122600 ns
[2025-10-20T16:57:18.365+0000][21756][safepoint   ] Safepoint "Cleanup", Time since last: 2021858600 ns, Reaching safepoint: 86100 ns, At safepoint: 8800 ns, Total: 94900 ns
[2025-10-20T16:57:23.421+0000][21756][safepoint   ] Safepoint "Cleanup", Time since last: 5055392900 ns, Reaching safepoint: 82300 ns, At safepoint: 10500 ns, Total: 92800 ns
[2025-10-20T16:57:24.431+0000][21756][safepoint   ] Safepoint "Cleanup", Time since last: 1009721000 ns, Reaching safepoint: 106400 ns, At safepoint: 9000 ns, Total: 115400 ns
[2025-10-20T16:57:26.452+0000][21756][safepoint   ] Safepoint "Cleanup", Time since last: 2021428300 ns, Reaching safepoint: 127000 ns, At safepoint: 10200 ns, Total: 137200 ns
[2025-10-20T17:18:50.348+0000][21756][safepoint   ] Safepoint "Cleanup", Time since last: 1284054088000 ns, Reaching safepoint: 92500 ns, At safepoint: 6300 ns, Total: 98800 ns
[2025-10-20T17:18:51.354+0000][21756][safepoint   ] Safepoint "Cleanup", Time since last: 1005822700 ns, Reaching safepoint: 189800 ns, At safepoint: 3000 ns, Total: 192800 ns
[2025-10-20T17:18:52.380+0000][21756][safepoint   ] Safepoint "Cleanup", Time since last: 1026149700 ns, Reaching safepoint: 98500 ns, At safepoint: 5300 ns, Total: 103800 ns
[2025-10-20T17:18:53.388+0000][21756][safepoint   ] Safepoint "Cleanup", Time since last: 1007813500 ns, Reaching safepoint: 237900 ns, At safepoint: 10300 ns, Total: 248200 ns
[2025-10-20T17:19:00.437+0000][21756][safepoint   ] Safepoint "Cleanup", Time since last: 7048522500 ns, Reaching safepoint: 99600 ns, At safepoint: 2900 ns, Total: 102500 ns
[2025-10-20T17:19:05.476+0000][21756][safepoint   ] Safepoint "Cleanup", Time since last: 5039409300 ns, Reaching safepoint: 110300 ns, At safepoint: 10200 ns, Total: 120500 ns
[2025-10-20T17:19:06.487+0000][21756][safepoint   ] Safepoint "Cleanup", Time since last: 1010765200 ns, Reaching safepoint: 92400 ns, At safepoint: 11500 ns, Total: 103900 ns
[2025-10-20T17:19:11.502+0000][21756][safepoint   ] Safepoint "Cleanup", Time since last: 5015101100 ns, Reaching safepoint: 132400 ns, At safepoint: 10500 ns, Total: 142900 ns
[2025-10-20T17:19:20.573+0000][21756][safepoint   ] Safepoint "Cleanup", Time since last: 9069896300 ns, Reaching safepoint: 100900 ns, At safepoint: 17200 ns, Total: 118100 ns
[2025-10-20T17:19:21.574+0000][21756][safepoint   ] Safepoint "Cleanup", Time since last: 1000871300 ns, Reaching safepoint: 101300 ns, At safepoint: 3200 ns, Total: 104500 ns
[2025-10-20T17:19:27.610+0000][21756][safepoint   ] Safepoint "Cleanup", Time since last: 6036538300 ns, Reaching safepoint: 75500 ns, At safepoint: 7800 ns, Total: 83300 ns
[2025-10-20T17:19:28.623+0000][21756][safepoint   ] Safepoint "Cleanup", Time since last: 1012851000 ns, Reaching safepoint: 101900 ns, At safepoint: 9800 ns, Total: 111700 ns
[2025-10-20T17:19:29.630+0000][21756][safepoint   ] Safepoint "Cleanup", Time since last: 1006894100 ns, Reaching safepoint: 77000 ns, At safepoint: 7700 ns, Total: 84700 ns
[2025-10-20T17:19:30.641+0000][21756][safepoint   ] Safepoint "Cleanup", Time since last: 1010836400 ns, Reaching safepoint: 93300 ns, At safepoint: 18900 ns, Total: 112200 ns
[2025-10-20T17:19:31.650+0000][21756][safepoint   ] Safepoint "Cleanup", Time since last: 1008786700 ns, Reaching safepoint: 109500 ns, At safepoint: 2200 ns, Total: 111700 ns
[2025-10-20T17:19:33.665+0000][21756][safepoint   ] Safepoint "Cleanup", Time since last: 2014524100 ns, Reaching safepoint: 88100 ns, At safepoint: 8000 ns, Total: 96100 ns
[2025-10-20T17:19:36.698+0000][21756][safepoint   ] Safepoint "Cleanup", Time since last: 3032791900 ns, Reaching safepoint: 94200 ns, At safepoint: 11600 ns, Total: 105800 ns
[2025-10-20T17:19:39.716+0000][21756][safepoint   ] Safepoint "Cleanup", Time since last: 3018292900 ns, Reaching safepoint: 78900 ns, At safepoint: 8300 ns, Total: 87200 ns
[2025-10-20T17:19:41.727+0000][21756][safepoint   ] Safepoint "Cleanup", Time since last: 2010920800 ns, Reaching safepoint: 101400 ns, At safepoint: 10900 ns, Total: 112300 ns
[2025-10-20T17:19:48.783+0000][21756][safepoint   ] Safepoint "Cleanup", Time since last: 7056054500 ns, Reaching safepoint: 88100 ns, At safepoint: 10800 ns, Total: 98900 ns
[2025-10-20T17:19:49.788+0000][21756][safepoint   ] Safepoint "Cleanup", Time since last: 1004918300 ns, Reaching safepoint: 149600 ns, At safepoint: 7800 ns, Total: 157400 ns
[2025-10-20T17:19:50.790+0000][21756][safepoint   ] Safepoint "Cleanup", Time since last: 1001739400 ns, Reaching safepoint: 106200 ns, At safepoint: 19000 ns, Total: 125200 ns
[2025-10-20T17:19:54.820+0000][21756][safepoint   ] Safepoint "Cleanup", Time since last: 4029989000 ns, Reaching safepoint: 122200 ns, At safepoint: 7700 ns, Total: 129900 ns
[2025-10-20T17:20:24.836+0000][21756][gc,start    ] GC(17) Pause Young (Normal) (G1 Evacuation Pause)
[2025-10-20T17:20:24.836+0000][21756][gc,task     ] GC(17) Using 10 workers of 10 for evacuation
[2025-10-20T17:20:24.836+0000][21756][gc,age      ] GC(17) Desired survivor size 40370176 bytes, new threshold 15 (max threshold 15)
[2025-10-20T17:20:24.845+0000][21756][gc,age      ] GC(17) Age table with threshold 15 (max threshold 15)
[2025-10-20T17:20:24.845+0000][21756][gc,age      ] GC(17) - age   1:    1539496 bytes,    1539496 total
[2025-10-20T17:20:24.845+0000][21756][gc,age      ] GC(17) - age   2:     106368 bytes,    1645864 total
[2025-10-20T17:20:24.845+0000][21756][gc,age      ] GC(17) - age   3:     331776 bytes,    1977640 total
[2025-10-20T17:20:24.845+0000][21756][gc,age      ] GC(17) - age   4:    3079536 bytes,    5057176 total
[2025-10-20T17:20:24.845+0000][21756][gc,age      ] GC(17) - age   5:    7766792 bytes,   12823968 total
[2025-10-20T17:20:24.845+0000][21756][gc,age      ] GC(17) - age   6:   12663896 bytes,   25487864 total
[2025-10-20T17:20:24.845+0000][21756][gc,age      ] GC(17) - age   7:   10859904 bytes,   36347768 total
[2025-10-20T17:20:24.845+0000][21756][gc,phases   ] GC(17)   Pre Evacuate Collection Set: 0.1ms
[2025-10-20T17:20:24.845+0000][21756][gc,phases   ] GC(17)   Merge Heap Roots: 0.1ms
[2025-10-20T17:20:24.845+0000][21756][gc,phases   ] GC(17)   Evacuate Collection Set: 7.7ms
[2025-10-20T17:20:24.845+0000][21756][gc,phases   ] GC(17)   Post Evacuate Collection Set: 0.9ms
[2025-10-20T17:20:24.845+0000][21756][gc,phases   ] GC(17)   Other: 0.3ms
[2025-10-20T17:20:24.845+0000][21756][gc,heap     ] GC(17) Eden regions: 575->0(577)
[2025-10-20T17:20:24.845+0000][21756][gc,heap     ] GC(17) Survivor regions: 39->37(77)
[2025-10-20T17:20:24.845+0000][21756][gc,heap     ] GC(17) Old regions: 49->49
[2025-10-20T17:20:24.845+0000][21756][gc,heap     ] GC(17) Archive regions: 0->0
[2025-10-20T17:20:24.845+0000][21756][gc,heap     ] GC(17) Humongous regions: 7->7
[2025-10-20T17:20:24.845+0000][21756][gc,metaspace] GC(17) Metaspace: 106875K(110844K)->106875K(110844K) NonClass: 93037K(95792K)->93037K(95792K) Class: 13838K(15052K)->13838K(15052K)
[2025-10-20T17:20:24.845+0000][21756][gc          ] GC(17) Pause Young (Normal) (G1 Evacuation Pause) 668M->92M(1024M) 9.154ms
[2025-10-20T17:20:24.845+0000][21756][gc,cpu      ] GC(17) User=0.16s Sys=0.00s Real=0.01s
[2025-10-20T17:20:24.845+0000][21756][safepoint   ] Safepoint "G1CollectForAllocation", Time since last: 30016370400 ns, Reaching safepoint: 85500 ns, At safepoint: 9321200 ns, Total: 9406700 ns
[2025-10-20T17:20:27.878+0000][21756][safepoint   ] Safepoint "Cleanup", Time since last: 3032379800 ns, Reaching safepoint: 91000 ns, At safepoint: 36600 ns, Total: 127600 ns
[2025-10-20T17:20:39.996+0000][21756][safepoint   ] Safepoint "Cleanup", Time since last: 12117635600 ns, Reaching safepoint: 91600 ns, At safepoint: 14600 ns, Total: 106200 ns
[2025-10-20T17:20:49.078+0000][21756][safepoint   ] Safepoint "Cleanup", Time since last: 9081890900 ns, Reaching safepoint: 87200 ns, At safepoint: 45900 ns, Total: 133100 ns
[2025-10-20T17:20:51.093+0000][21756][safepoint   ] Safepoint "Cleanup", Time since last: 2014688500 ns, Reaching safepoint: 92200 ns, At safepoint: 19600 ns, Total: 111800 ns
[2025-10-20T17:20:57.150+0000][21756][safepoint   ] Safepoint "Cleanup", Time since last: 6057032800 ns, Reaching safepoint: 92200 ns, At safepoint: 8900 ns, Total: 101100 ns
[2025-10-20T17:20:58.162+0000][21756][safepoint   ] Safepoint "Cleanup", Time since last: 1011657300 ns, Reaching safepoint: 73000 ns, At safepoint: 3200 ns, Total: 76200 ns
[2025-10-20T17:21:05.226+0000][21756][safepoint   ] Safepoint "Cleanup", Time since last: 7064130800 ns, Reaching safepoint: 91400 ns, At safepoint: 12100 ns, Total: 103500 ns
[2025-10-20T17:21:24.362+0000][21756][safepoint   ] Safepoint "Cleanup", Time since last: 19136095500 ns, Reaching safepoint: 84600 ns, At safepoint: 23100 ns, Total: 107700 ns
[2025-10-20T17:21:27.383+0000][21756][safepoint   ] Safepoint "Cleanup", Time since last: 3020769400 ns, Reaching safepoint: 90900 ns, At safepoint: 26000 ns, Total: 116900 ns
[2025-10-20T17:21:30.409+0000][21756][safepoint   ] Safepoint "Cleanup", Time since last: 3025253800 ns, Reaching safepoint: 88100 ns, At safepoint: 15900 ns, Total: 104000 ns
[2025-10-20T17:21:48.558+0000][21756][safepoint   ] Safepoint "Cleanup", Time since last: 18149545500 ns, Reaching safepoint: 95700 ns, At safepoint: 9100 ns, Total: 104800 ns
[2025-10-20T17:22:00.633+0000][21756][safepoint   ] Safepoint "Cleanup", Time since last: 12074971100 ns, Reaching safepoint: 90000 ns, At safepoint: 20400 ns, Total: 110400 ns
[2025-10-20T17:22:03.647+0000][21756][safepoint   ] Safepoint "Cleanup", Time since last: 3014059700 ns, Reaching safepoint: 92800 ns, At safepoint: 8400 ns, Total: 101200 ns
[2025-10-20T17:22:12.703+0000][21756][safepoint   ] Safepoint "Cleanup", Time since last: 9055759900 ns, Reaching safepoint: 73100 ns, At safepoint: 7300 ns, Total: 80400 ns
[2025-10-20T17:22:24.818+0000][21756][safepoint   ] Safepoint "Cleanup", Time since last: 12114893000 ns, Reaching safepoint: 81200 ns, At safepoint: 10500 ns, Total: 91700 ns
[2025-10-20T17:22:26.833+0000][21756][safepoint   ] Safepoint "Cleanup", Time since last: 2015137300 ns, Reaching safepoint: 84200 ns, At safepoint: 8800 ns, Total: 93000 ns
[2025-10-20T17:22:31.881+0000][21756][safepoint   ] Safepoint "Cleanup", Time since last: 5047077200 ns, Reaching safepoint: 116400 ns, At safepoint: 26400 ns, Total: 142800 ns
[2025-10-20T17:22:36.927+0000][21756][safepoint   ] Safepoint "Cleanup", Time since last: 5046275900 ns, Reaching safepoint: 90400 ns, At safepoint: 7700 ns, Total: 98100 ns
[2025-10-20T17:23:04.133+0000][21756][safepoint   ] Safepoint "Cleanup", Time since last: 27206208600 ns, Reaching safepoint: 105500 ns, At safepoint: 8300 ns, Total: 113800 ns
[2025-10-20T17:23:05.138+0000][21756][safepoint   ] Safepoint "Cleanup", Time since last: 1004376800 ns, Reaching safepoint: 108500 ns, At safepoint: 2700 ns, Total: 111200 ns
[2025-10-20T17:23:09.166+0000][21756][safepoint   ] Safepoint "Cleanup", Time since last: 4028122000 ns, Reaching safepoint: 83400 ns, At safepoint: 10900 ns, Total: 94300 ns
[2025-10-20T17:23:10.172+0000][21756][safepoint   ] Safepoint "Cleanup", Time since last: 1005717400 ns, Reaching safepoint: 87400 ns, At safepoint: 9200 ns, Total: 96600 ns
[2025-10-20T17:23:11.178+0000][21756][safepoint   ] Safepoint "Cleanup", Time since last: 1005740400 ns, Reaching safepoint: 95600 ns, At safepoint: 7700 ns, Total: 103300 ns
[2025-10-20T17:23:25.304+0000][21756][safepoint   ] Safepoint "Cleanup", Time since last: 14125949700 ns, Reaching safepoint: 83500 ns, At safepoint: 17100 ns, Total: 100600 ns
[2025-10-20T17:23:32.361+0000][21756][safepoint   ] Safepoint "Cleanup", Time since last: 7056742600 ns, Reaching safepoint: 86000 ns, At safepoint: 21000 ns, Total: 107000 ns
[2025-10-20T17:23:50.483+0000][21756][safepoint   ] Safepoint "Cleanup", Time since last: 18121998200 ns, Reaching safepoint: 89000 ns, At safepoint: 6600 ns, Total: 95600 ns
[2025-10-20T17:23:52.499+0000][21756][safepoint   ] Safepoint "Cleanup", Time since last: 2016412800 ns, Reaching safepoint: 81600 ns, At safepoint: 14600 ns, Total: 96200 ns
[2025-10-20T17:24:06.587+0000][21756][safepoint   ] Safepoint "Cleanup", Time since last: 14088080600 ns, Reaching safepoint: 108300 ns, At safepoint: 11100 ns, Total: 119400 ns
[2025-10-20T17:24:07.595+0000][21756][safepoint   ] Safepoint "Cleanup", Time since last: 1007344900 ns, Reaching safepoint: 95700 ns, At safepoint: 7600 ns, Total: 103300 ns
[2025-10-20T17:24:09.606+0000][21756][safepoint   ] Safepoint "Cleanup", Time since last: 2010688400 ns, Reaching safepoint: 105100 ns, At safepoint: 9500 ns, Total: 114600 ns
[2025-10-20T17:24:19.682+0000][21756][safepoint   ] Safepoint "Cleanup", Time since last: 10075780800 ns, Reaching safepoint: 88300 ns, At safepoint: 9200 ns, Total: 97500 ns
[2025-10-20T17:24:21.698+0000][21756][safepoint   ] Safepoint "Cleanup", Time since last: 2016485400 ns, Reaching safepoint: 89300 ns, At safepoint: 2500 ns, Total: 91800 ns
[2025-10-20T17:24:22.705+0000][21756][safepoint   ] Safepoint "Cleanup", Time since last: 1007185500 ns, Reaching safepoint: 92400 ns, At safepoint: 10600 ns, Total: 103000 ns
[2025-10-20T17:24:51.907+0000][21756][safepoint   ] Safepoint "Cleanup", Time since last: 29201208900 ns, Reaching safepoint: 92200 ns, At safepoint: 10400 ns, Total: 102600 ns
[2025-10-20T17:25:00.983+0000][21756][safepoint   ] Safepoint "Cleanup", Time since last: 9075952700 ns, Reaching safepoint: 162900 ns, At safepoint: 8700 ns, Total: 171600 ns
[2025-10-20T17:25:05.012+0000][21756][safepoint   ] Safepoint "Cleanup", Time since last: 4028803500 ns, Reaching safepoint: 84800 ns, At safepoint: 15000 ns, Total: 99800 ns
[2025-10-20T17:25:07.020+0000][21756][safepoint   ] Safepoint "Cleanup", Time since last: 2007745600 ns, Reaching safepoint: 94700 ns, At safepoint: 8200 ns, Total: 102900 ns
[2025-10-20T17:25:10.042+0000][21756][safepoint   ] Safepoint "Cleanup", Time since last: 3022281900 ns, Reaching safepoint: 129400 ns, At safepoint: 34300 ns, Total: 163700 ns
[2025-10-20T17:25:13.074+0000][21756][safepoint   ] Safepoint "Cleanup", Time since last: 3032174500 ns, Reaching safepoint: 80200 ns, At safepoint: 8400 ns, Total: 88600 ns
[2025-10-20T17:25:16.103+0000][21756][safepoint   ] Safepoint "Cleanup", Time since last: 3028210800 ns, Reaching safepoint: 91300 ns, At safepoint: 8000 ns, Total: 99300 ns
[2025-10-20T17:25:21.148+0000][21756][safepoint   ] Safepoint "Cleanup", Time since last: 5045127200 ns, Reaching safepoint: 84400 ns, At safepoint: 11300 ns, Total: 95700 ns
[2025-10-20T17:25:22.163+0000][21756][safepoint   ] Safepoint "Cleanup", Time since last: 1014728500 ns, Reaching safepoint: 86700 ns, At safepoint: 10800 ns, Total: 97500 ns
[2025-10-20T17:25:34.263+0000][21756][safepoint   ] Safepoint "Cleanup", Time since last: 12099772700 ns, Reaching safepoint: 93700 ns, At safepoint: 8300 ns, Total: 102000 ns
[2025-10-20T17:25:40.316+0000][21756][safepoint   ] Safepoint "Cleanup", Time since last: 6053468100 ns, Reaching safepoint: 87200 ns, At safepoint: 9800 ns, Total: 97000 ns
[2025-10-20T17:25:50.408+0000][21756][safepoint   ] Safepoint "Cleanup", Time since last: 10092041700 ns, Reaching safepoint: 84200 ns, At safepoint: 10800 ns, Total: 95000 ns
[2025-10-20T17:25:51.421+0000][21756][safepoint   ] Safepoint "Cleanup", Time since last: 1012621900 ns, Reaching safepoint: 99800 ns, At safepoint: 9400 ns, Total: 109200 ns
[2025-10-20T17:25:52.429+0000][21756][safepoint   ] Safepoint "Cleanup", Time since last: 1008246100 ns, Reaching safepoint: 99400 ns, At safepoint: 14100 ns, Total: 113500 ns
[2025-10-20T17:26:01.523+0000][21756][safepoint   ] Safepoint "Cleanup", Time since last: 9093565300 ns, Reaching safepoint: 92700 ns, At safepoint: 10300 ns, Total: 103000 ns
[2025-10-20T17:26:13.618+0000][21756][safepoint   ] Safepoint "Cleanup", Time since last: 12094922200 ns, Reaching safepoint: 102600 ns, At safepoint: 8800 ns, Total: 111400 ns
[2025-10-20T17:26:18.761+0000][21756][gc,start    ] GC(18) Pause Young (Normal) (G1 Evacuation Pause)
[2025-10-20T17:26:18.761+0000][21756][gc,task     ] GC(18) Using 10 workers of 10 for evacuation
[2025-10-20T17:26:18.761+0000][21756][gc,age      ] GC(18) Desired survivor size 40370176 bytes, new threshold 15 (max threshold 15)
[2025-10-20T17:26:18.770+0000][21756][gc,age      ] GC(18) Age table with threshold 15 (max threshold 15)
[2025-10-20T17:26:18.770+0000][21756][gc,age      ] GC(18) - age   1:    1996560 bytes,    1996560 total
[2025-10-20T17:26:18.770+0000][21756][gc,age      ] GC(18) - age   2:     898664 bytes,    2895224 total
[2025-10-20T17:26:18.770+0000][21756][gc,age      ] GC(18) - age   3:     103464 bytes,    2998688 total
[2025-10-20T17:26:18.770+0000][21756][gc,age      ] GC(18) - age   4:     303856 bytes,    3302544 total
[2025-10-20T17:26:18.770+0000][21756][gc,age      ] GC(18) - age   5:    2896624 bytes,    6199168 total
[2025-10-20T17:26:18.770+0000][21756][gc,age      ] GC(18) - age   6:    7643264 bytes,   13842432 total
[2025-10-20T17:26:18.770+0000][21756][gc,age      ] GC(18) - age   7:   11443848 bytes,   25286280 total
[2025-10-20T17:26:18.770+0000][21756][gc,age      ] GC(18) - age   8:   10352432 bytes,   35638712 total
[2025-10-20T17:26:18.770+0000][21756][gc,phases   ] GC(18)   Pre Evacuate Collection Set: 0.1ms
[2025-10-20T17:26:18.770+0000][21756][gc,phases   ] GC(18)   Merge Heap Roots: 0.1ms
[2025-10-20T17:26:18.770+0000][21756][gc,phases   ] GC(18)   Evacuate Collection Set: 8.0ms
[2025-10-20T17:26:18.770+0000][21756][gc,phases   ] GC(18)   Post Evacuate Collection Set: 1.0ms
[2025-10-20T17:26:18.770+0000][21756][gc,phases   ] GC(18)   Other: 0.3ms
[2025-10-20T17:26:18.770+0000][21756][gc,heap     ] GC(18) Eden regions: 577->0(577)
[2025-10-20T17:26:18.770+0000][21756][gc,heap     ] GC(18) Survivor regions: 37->37(77)
[2025-10-20T17:26:18.770+0000][21756][gc,heap     ] GC(18) Old regions: 49->49
[2025-10-20T17:26:18.770+0000][21756][gc,heap     ] GC(18) Archive regions: 0->0
[2025-10-20T17:26:18.770+0000][21756][gc,heap     ] GC(18) Humongous regions: 7->7
[2025-10-20T17:26:18.770+0000][21756][gc,metaspace] GC(18) Metaspace: 107107K(111100K)->107107K(111100K) NonClass: 93268K(96048K)->93268K(96048K) Class: 13839K(15052K)->13839K(15052K)
[2025-10-20T17:26:18.770+0000][21756][gc          ] GC(18) Pause Young (Normal) (G1 Evacuation Pause) 669M->92M(1024M) 9.638ms
[2025-10-20T17:26:18.770+0000][21756][gc,cpu      ] GC(18) User=0.14s Sys=0.00s Real=0.01s
[2025-10-20T17:26:18.770+0000][21756][safepoint   ] Safepoint "G1CollectForAllocation", Time since last: 5142939900 ns, Reaching safepoint: 73900 ns, At safepoint: 9719500 ns, Total: 9793400 ns
[2025-10-20T17:26:21.797+0000][21756][safepoint   ] Safepoint "Cleanup", Time since last: 3026119300 ns, Reaching safepoint: 87200 ns, At safepoint: 6400 ns, Total: 93600 ns
[2025-10-20T17:26:24.825+0000][21756][safepoint   ] Safepoint "Cleanup", Time since last: 3028019500 ns, Reaching safepoint: 87900 ns, At safepoint: 8800 ns, Total: 96700 ns
[2025-10-20T17:26:42.920+0000][21756][safepoint   ] Safepoint "Cleanup", Time since last: 18094790300 ns, Reaching safepoint: 95900 ns, At safepoint: 8700 ns, Total: 104600 ns
[2025-10-20T17:26:43.929+0000][21756][safepoint   ] Safepoint "Cleanup", Time since last: 1008841500 ns, Reaching safepoint: 101100 ns, At safepoint: 9900 ns, Total: 111000 ns
[2025-10-20T17:26:45.942+0000][21756][safepoint   ] Safepoint "Cleanup", Time since last: 2013407200 ns, Reaching safepoint: 132000 ns, At safepoint: 13200 ns, Total: 145200 ns
[2025-10-20T17:26:49.968+0000][21756][safepoint   ] Safepoint "Cleanup", Time since last: 4025313300 ns, Reaching safepoint: 82000 ns, At safepoint: 2600 ns, Total: 84600 ns
[2025-10-20T17:26:50.977+0000][21756][safepoint   ] Safepoint "Cleanup", Time since last: 1009298900 ns, Reaching safepoint: 95400 ns, At safepoint: 8500 ns, Total: 103900 ns
[2025-10-20T17:26:51.984+0000][21756][safepoint   ] Safepoint "Cleanup", Time since last: 1006791300 ns, Reaching safepoint: 104500 ns, At safepoint: 11200 ns, Total: 115700 ns
[2025-10-20T17:27:10.104+0000][21756][safepoint   ] Safepoint "Cleanup", Time since last: 18119455900 ns, Reaching safepoint: 89300 ns, At safepoint: 8100 ns, Total: 97400 ns
[2025-10-20T17:27:16.137+0000][21756][safepoint   ] Safepoint "Cleanup", Time since last: 6033182900 ns, Reaching safepoint: 107500 ns, At safepoint: 10600 ns, Total: 118100 ns
[2025-10-20T17:27:17.145+0000][21756][safepoint   ] Safepoint "Cleanup", Time since last: 1007326100 ns, Reaching safepoint: 89800 ns, At safepoint: 9600 ns, Total: 99400 ns
[2025-10-20T17:27:22.183+0000][21756][safepoint   ] Safepoint "Cleanup", Time since last: 5038769500 ns, Reaching safepoint: 95100 ns, At safepoint: 9200 ns, Total: 104300 ns
[2025-10-20T17:27:25.200+0000][21756][safepoint   ] Safepoint "Cleanup", Time since last: 3016198700 ns, Reaching safepoint: 86400 ns, At safepoint: 9200 ns, Total: 95600 ns
[2025-10-20T17:27:31.229+0000][21756][safepoint   ] Safepoint "Cleanup", Time since last: 6029226100 ns, Reaching safepoint: 78000 ns, At safepoint: 2000 ns, Total: 80000 ns
[2025-10-20T17:27:50.350+0000][21756][safepoint   ] Safepoint "Cleanup", Time since last: 19120539000 ns, Reaching safepoint: 84800 ns, At safepoint: 3400 ns, Total: 88200 ns
[2025-10-20T17:27:52.365+0000][21756][safepoint   ] Safepoint "Cleanup", Time since last: 2015744700 ns, Reaching safepoint: 121800 ns, At safepoint: 10700 ns, Total: 132500 ns
[2025-10-20T17:27:56.396+0000][21756][safepoint   ] Safepoint "Cleanup", Time since last: 4030207100 ns, Reaching safepoint: 87700 ns, At safepoint: 7200 ns, Total: 94900 ns
[2025-10-20T17:28:01.434+0000][21756][safepoint   ] Safepoint "Cleanup", Time since last: 5038181300 ns, Reaching safepoint: 116600 ns, At safepoint: 21200 ns, Total: 137800 ns
[2025-10-20T17:28:04.458+0000][21756][safepoint   ] Safepoint "Cleanup", Time since last: 3023477400 ns, Reaching safepoint: 88000 ns, At safepoint: 7500 ns, Total: 95500 ns
[2025-10-20T17:28:07.467+0000][21756][safepoint   ] Safepoint "Cleanup", Time since last: 3009401400 ns, Reaching safepoint: 110200 ns, At safepoint: 2500 ns, Total: 112700 ns
[2025-10-20T17:28:16.530+0000][21756][safepoint   ] Safepoint "Cleanup", Time since last: 9062755400 ns, Reaching safepoint: 93800 ns, At safepoint: 9600 ns, Total: 103400 ns
[2025-10-20T17:28:19.549+0000][21756][safepoint   ] Safepoint "Cleanup", Time since last: 3018802600 ns, Reaching safepoint: 142400 ns, At safepoint: 3000 ns, Total: 145400 ns
[2025-10-20T17:28:21.561+0000][21756][safepoint   ] Safepoint "Cleanup", Time since last: 2011843200 ns, Reaching safepoint: 78100 ns, At safepoint: 2400 ns, Total: 80500 ns
[2025-10-20T17:28:22.567+0000][21756][safepoint   ] Safepoint "Cleanup", Time since last: 1006231000 ns, Reaching safepoint: 80900 ns, At safepoint: 7100 ns, Total: 88000 ns
[2025-10-20T17:28:30.640+0000][21756][safepoint   ] Safepoint "Cleanup", Time since last: 8073140100 ns, Reaching safepoint: 88700 ns, At safepoint: 7900 ns, Total: 96600 ns
[2025-10-20T17:29:11.939+0000][21756][safepoint   ] Safepoint "Cleanup", Time since last: 41298182200 ns, Reaching safepoint: 91800 ns, At safepoint: 12800 ns, Total: 104600 ns
[2025-10-20T17:29:23.000+0000][21756][safepoint   ] Safepoint "Cleanup", Time since last: 11060698800 ns, Reaching safepoint: 85400 ns, At safepoint: 2800 ns, Total: 88200 ns
[2025-10-20T17:29:29.051+0000][21756][safepoint   ] Safepoint "Cleanup", Time since last: 6051285900 ns, Reaching safepoint: 95800 ns, At safepoint: 8700 ns, Total: 104500 ns
[2025-10-20T17:29:51.195+0000][21756][safepoint   ] Safepoint "Cleanup", Time since last: 22143678700 ns, Reaching safepoint: 100200 ns, At safepoint: 2700 ns, Total: 102900 ns
[2025-10-20T17:29:52.205+0000][21756][safepoint   ] Safepoint "Cleanup", Time since last: 1010075600 ns, Reaching safepoint: 112300 ns, At safepoint: 9300 ns, Total: 121600 ns
[2025-10-20T17:29:53.211+0000][21756][safepoint   ] Safepoint "Cleanup", Time since last: 1006364600 ns, Reaching safepoint: 88700 ns, At safepoint: 8100 ns, Total: 96800 ns
[2025-10-20T17:30:01.277+0000][21756][safepoint   ] Safepoint "Cleanup", Time since last: 8065549600 ns, Reaching safepoint: 96600 ns, At safepoint: 9800 ns, Total: 106400 ns
[2025-10-20T17:30:05.305+0000][21756][safepoint   ] Safepoint "Cleanup", Time since last: 4027498100 ns, Reaching safepoint: 89500 ns, At safepoint: 14200 ns, Total: 103700 ns
[2025-10-20T17:30:07.325+0000][21756][safepoint   ] Safepoint "Cleanup", Time since last: 2020127800 ns, Reaching safepoint: 87600 ns, At safepoint: 9100 ns, Total: 96700 ns
[2025-10-20T17:30:24.447+0000][21756][safepoint   ] Safepoint "Cleanup", Time since last: 17121596600 ns, Reaching safepoint: 100900 ns, At safepoint: 10600 ns, Total: 111500 ns
[2025-10-20T17:30:25.456+0000][21756][safepoint   ] Safepoint "Cleanup", Time since last: 1009185700 ns, Reaching safepoint: 84100 ns, At safepoint: 8000 ns, Total: 92100 ns
[2025-10-20T17:30:26.461+0000][21756][safepoint   ] Safepoint "Cleanup", Time since last: 1004549400 ns, Reaching safepoint: 108200 ns, At safepoint: 10500 ns, Total: 118700 ns
[2025-10-20T17:30:50.635+0000][21756][safepoint   ] Safepoint "Cleanup", Time since last: 24174093500 ns, Reaching safepoint: 88900 ns, At safepoint: 10100 ns, Total: 99000 ns
[2025-10-20T17:30:51.640+0000][21756][safepoint   ] Safepoint "Cleanup", Time since last: 1005550000 ns, Reaching safepoint: 103500 ns, At safepoint: 11800 ns, Total: 115300 ns
[2025-10-20T17:30:52.650+0000][21756][safepoint   ] Safepoint "Cleanup", Time since last: 1009055500 ns, Reaching safepoint: 85500 ns, At safepoint: 10300 ns, Total: 95800 ns
[2025-10-20T17:31:04.745+0000][21756][safepoint   ] Safepoint "Cleanup", Time since last: 12095661100 ns, Reaching safepoint: 91300 ns, At safepoint: 10200 ns, Total: 101500 ns
[2025-10-20T17:31:28.945+0000][21756][safepoint   ] Safepoint "Cleanup", Time since last: 24199895800 ns, Reaching safepoint: 115500 ns, At safepoint: 10200 ns, Total: 125700 ns
[2025-10-20T17:31:29.952+0000][21756][safepoint   ] Safepoint "Cleanup", Time since last: 1006991600 ns, Reaching safepoint: 87900 ns, At safepoint: 7700 ns, Total: 95600 ns
[2025-10-20T17:31:31.972+0000][21756][safepoint   ] Safepoint "Cleanup", Time since last: 2019891900 ns, Reaching safepoint: 92300 ns, At safepoint: 13800 ns, Total: 106100 ns
[2025-10-20T17:31:50.111+0000][21756][safepoint   ] Safepoint "Cleanup", Time since last: 18138094700 ns, Reaching safepoint: 97500 ns, At safepoint: 14500 ns, Total: 112000 ns
[2025-10-20T17:31:51.119+0000][21756][safepoint   ] Safepoint "Cleanup", Time since last: 1007879600 ns, Reaching safepoint: 85100 ns, At safepoint: 8700 ns, Total: 93800 ns
[2025-10-20T17:31:56.162+0000][21756][safepoint   ] Safepoint "Cleanup", Time since last: 5043161500 ns, Reaching safepoint: 85500 ns, At safepoint: 9300 ns, Total: 94800 ns
[2025-10-20T17:32:06.714+0000][21756][gc,start    ] GC(19) Pause Young (Normal) (G1 Evacuation Pause)
[2025-10-20T17:32:06.714+0000][21756][gc,task     ] GC(19) Using 10 workers of 10 for evacuation
[2025-10-20T17:32:06.714+0000][21756][gc,age      ] GC(19) Desired survivor size 40370176 bytes, new threshold 15 (max threshold 15)
[2025-10-20T17:32:06.722+0000][21756][gc,age      ] GC(19) Age table with threshold 15 (max threshold 15)
[2025-10-20T17:32:06.722+0000][21756][gc,age      ] GC(19) - age   1:    1626392 bytes,    1626392 total
[2025-10-20T17:32:06.722+0000][21756][gc,age      ] GC(19) - age   2:     594216 bytes,    2220608 total
[2025-10-20T17:32:06.722+0000][21756][gc,age      ] GC(19) - age   3:     738064 bytes,    2958672 total
[2025-10-20T17:32:06.722+0000][21756][gc,age      ] GC(19) - age   4:      67824 bytes,    3026496 total
[2025-10-20T17:32:06.722+0000][21756][gc,age      ] GC(19) - age   5:     300008 bytes,    3326504 total
[2025-10-20T17:32:06.722+0000][21756][gc,age      ] GC(19) - age   6:    2890136 bytes,    6216640 total
[2025-10-20T17:32:06.722+0000][21756][gc,age      ] GC(19) - age   7:    7638336 bytes,   13854976 total
[2025-10-20T17:32:06.722+0000][21756][gc,age      ] GC(19) - age   8:   11443560 bytes,   25298536 total
[2025-10-20T17:32:06.722+0000][21756][gc,age      ] GC(19) - age   9:   10352432 bytes,   35650968 total
[2025-10-20T17:32:06.722+0000][21756][gc,phases   ] GC(19)   Pre Evacuate Collection Set: 0.1ms
[2025-10-20T17:32:06.722+0000][21756][gc,phases   ] GC(19)   Merge Heap Roots: 0.1ms
[2025-10-20T17:32:06.722+0000][21756][gc,phases   ] GC(19)   Evacuate Collection Set: 6.9ms
[2025-10-20T17:32:06.722+0000][21756][gc,phases   ] GC(19)   Post Evacuate Collection Set: 1.1ms
[2025-10-20T17:32:06.722+0000][21756][gc,phases   ] GC(19)   Other: 0.4ms
[2025-10-20T17:32:06.722+0000][21756][gc,heap     ] GC(19) Eden regions: 577->0(577)
[2025-10-20T17:32:06.722+0000][21756][gc,heap     ] GC(19) Survivor regions: 37->37(77)
[2025-10-20T17:32:06.722+0000][21756][gc,heap     ] GC(19) Old regions: 49->49
[2025-10-20T17:32:06.723+0000][21756][gc,heap     ] GC(19) Archive regions: 0->0
[2025-10-20T17:32:06.723+0000][21756][gc,heap     ] GC(19) Humongous regions: 7->7
[2025-10-20T17:32:06.723+0000][21756][gc,metaspace] GC(19) Metaspace: 107364K(111356K)->107364K(111356K) NonClass: 93523K(96304K)->93523K(96304K) Class: 13840K(15052K)->13840K(15052K)
[2025-10-20T17:32:06.723+0000][21756][gc          ] GC(19) Pause Young (Normal) (G1 Evacuation Pause) 669M->91M(1024M) 8.678ms
[2025-10-20T17:32:06.723+0000][21756][gc,cpu      ] GC(19) User=0.16s Sys=0.00s Real=0.01s
[2025-10-20T17:32:06.723+0000][21756][safepoint   ] Safepoint "G1CollectForAllocation", Time since last: 10552336600 ns, Reaching safepoint: 62900 ns, At safepoint: 8791600 ns, Total: 8854500 ns
[2025-10-20T17:32:07.737+0000][21756][safepoint   ] Safepoint "Cleanup", Time since last: 1013671700 ns, Reaching safepoint: 92500 ns, At safepoint: 2600 ns, Total: 95100 ns
[2025-10-20T17:32:21.862+0000][21756][safepoint   ] Safepoint "Cleanup", Time since last: 14124666300 ns, Reaching safepoint: 151300 ns, At safepoint: 12400 ns, Total: 163700 ns
[2025-10-20T17:32:31.944+0000][21756][safepoint   ] Safepoint "Cleanup", Time since last: 10082137200 ns, Reaching safepoint: 84400 ns, At safepoint: 7900 ns, Total: 92300 ns
[2025-10-20T17:32:32.952+0000][21756][safepoint   ] Safepoint "Cleanup", Time since last: 1007647700 ns, Reaching safepoint: 95200 ns, At safepoint: 8400 ns, Total: 103600 ns
[2025-10-20T17:32:33.961+0000][21756][safepoint   ] Safepoint "Cleanup", Time since last: 1009717900 ns, Reaching safepoint: 82900 ns, At safepoint: 9500 ns, Total: 92400 ns
[2025-10-20T17:32:42.022+0000][21756][safepoint   ] Safepoint "Cleanup", Time since last: 8060975200 ns, Reaching safepoint: 87900 ns, At safepoint: 10000 ns, Total: 97900 ns
[2025-10-20T17:32:52.108+0000][21756][safepoint   ] Safepoint "Cleanup", Time since last: 10085799700 ns, Reaching safepoint: 93500 ns, At safepoint: 9800 ns, Total: 103300 ns
[2025-10-20T17:32:56.141+0000][21756][safepoint   ] Safepoint "Cleanup", Time since last: 4032580800 ns, Reaching safepoint: 87700 ns, At safepoint: 8600 ns, Total: 96300 ns
[2025-10-20T17:33:06.223+0000][21756][safepoint   ] Safepoint "Cleanup", Time since last: 10081691100 ns, Reaching safepoint: 108200 ns, At safepoint: 26100 ns, Total: 134300 ns
[2025-10-20T17:33:16.317+0000][21756][safepoint   ] Safepoint "Cleanup", Time since last: 10093562100 ns, Reaching safepoint: 92400 ns, At safepoint: 9200 ns, Total: 101600 ns
[2025-10-20T17:33:17.331+0000][21756][safepoint   ] Safepoint "Cleanup", Time since last: 1014101700 ns, Reaching safepoint: 95900 ns, At safepoint: 15100 ns, Total: 111000 ns
[2025-10-20T17:33:19.349+0000][21756][safepoint   ] Safepoint "Cleanup", Time since last: 2018136300 ns, Reaching safepoint: 91800 ns, At safepoint: 9300 ns, Total: 101100 ns
[2025-10-20T17:33:23.381+0000][21756][safepoint   ] Safepoint "Cleanup", Time since last: 4031845500 ns, Reaching safepoint: 93200 ns, At safepoint: 8700 ns, Total: 101900 ns
[2025-10-20T17:33:24.391+0000][21756][safepoint   ] Safepoint "Cleanup", Time since last: 1010086900 ns, Reaching safepoint: 109300 ns, At safepoint: 6800 ns, Total: 116100 ns
[2025-10-20T17:33:26.415+0000][21756][safepoint   ] Safepoint "Cleanup", Time since last: 2023830400 ns, Reaching safepoint: 94500 ns, At safepoint: 7900 ns, Total: 102400 ns
[2025-10-20T17:33:29.445+0000][21756][safepoint   ] Safepoint "Cleanup", Time since last: 3029657700 ns, Reaching safepoint: 108100 ns, At safepoint: 2700 ns, Total: 110800 ns
[2025-10-20T17:33:31.470+0000][21756][safepoint   ] Safepoint "Cleanup", Time since last: 2024587000 ns, Reaching safepoint: 88300 ns, At safepoint: 15900 ns, Total: 104200 ns
[2025-10-20T17:33:35.513+0000][21756][safepoint   ] Safepoint "Cleanup", Time since last: 4043339400 ns, Reaching safepoint: 117400 ns, At safepoint: 10800 ns, Total: 128200 ns
[2025-10-20T17:33:48.632+0000][21756][safepoint   ] Safepoint "Cleanup", Time since last: 13119381900 ns, Reaching safepoint: 80000 ns, At safepoint: 8200 ns, Total: 88200 ns
[2025-10-20T17:33:51.663+0000][21756][safepoint   ] Safepoint "Cleanup", Time since last: 3030433700 ns, Reaching safepoint: 93000 ns, At safepoint: 8300 ns, Total: 101300 ns
[2025-10-20T17:33:56.712+0000][21756][safepoint   ] Safepoint "Cleanup", Time since last: 5048444500 ns, Reaching safepoint: 111800 ns, At safepoint: 10200 ns, Total: 122000 ns
[2025-10-20T17:34:17.872+0000][21756][safepoint   ] Safepoint "Cleanup", Time since last: 21160478700 ns, Reaching safepoint: 83600 ns, At safepoint: 12900 ns, Total: 96500 ns
[2025-10-20T17:34:39.019+0000][21756][safepoint   ] Safepoint "Cleanup", Time since last: 21147194100 ns, Reaching safepoint: 93900 ns, At safepoint: 7900 ns, Total: 101800 ns
[2025-10-20T17:34:40.025+0000][21756][safepoint   ] Safepoint "Cleanup", Time since last: 1004970600 ns, Reaching safepoint: 130200 ns, At safepoint: 9500 ns, Total: 139700 ns
[2025-10-20T17:34:45.067+0000][21756][safepoint   ] Safepoint "Cleanup", Time since last: 5042179000 ns, Reaching safepoint: 83400 ns, At safepoint: 2200 ns, Total: 85600 ns
[2025-10-20T17:34:47.084+0000][21756][safepoint   ] Safepoint "Cleanup", Time since last: 2017344700 ns, Reaching safepoint: 77600 ns, At safepoint: 8900 ns, Total: 86500 ns
[2025-10-20T17:34:48.093+0000][21756][safepoint   ] Safepoint "Cleanup", Time since last: 1008701400 ns, Reaching safepoint: 81300 ns, At safepoint: 9600 ns, Total: 90900 ns
[2025-10-20T17:34:51.109+0000][21756][safepoint   ] Safepoint "Cleanup", Time since last: 3015992600 ns, Reaching safepoint: 77600 ns, At safepoint: 8400 ns, Total: 86000 ns
[2025-10-20T17:34:57.148+0000][21756][safepoint   ] Safepoint "Cleanup", Time since last: 6038610400 ns, Reaching safepoint: 79400 ns, At safepoint: 7700 ns, Total: 87100 ns
[2025-10-20T17:35:29.385+0000][21756][safepoint   ] Safepoint "Cleanup", Time since last: 32237494800 ns, Reaching safepoint: 95200 ns, At safepoint: 10000 ns, Total: 105200 ns
[2025-10-20T17:35:41.492+0000][21756][safepoint   ] Safepoint "Cleanup", Time since last: 12106241000 ns, Reaching safepoint: 138700 ns, At safepoint: 2500 ns, Total: 141200 ns
[2025-10-20T17:35:42.504+0000][21756][safepoint   ] Safepoint "Cleanup", Time since last: 1011664600 ns, Reaching safepoint: 86300 ns, At safepoint: 9600 ns, Total: 95900 ns
[2025-10-20T17:35:50.557+0000][21756][safepoint   ] Safepoint "Cleanup", Time since last: 8053332400 ns, Reaching safepoint: 99000 ns, At safepoint: 11800 ns, Total: 110800 ns
[2025-10-20T17:36:07.679+0000][21756][safepoint   ] Safepoint "Cleanup", Time since last: 17121751200 ns, Reaching safepoint: 84200 ns, At safepoint: 7500 ns, Total: 91700 ns
[2025-10-20T17:36:09.695+0000][21756][safepoint   ] Safepoint "Cleanup", Time since last: 2016104600 ns, Reaching safepoint: 87900 ns, At safepoint: 7100 ns, Total: 95000 ns
[2025-10-20T17:36:44.973+0000][21756][safepoint   ] Safepoint "Cleanup", Time since last: 35278103600 ns, Reaching safepoint: 102800 ns, At safepoint: 2700 ns, Total: 105500 ns
[2025-10-20T17:36:50.010+0000][21756][safepoint   ] Safepoint "Cleanup", Time since last: 5036748300 ns, Reaching safepoint: 103900 ns, At safepoint: 6900 ns, Total: 110800 ns
[2025-10-20T17:36:52.020+0000][21756][safepoint   ] Safepoint "Cleanup", Time since last: 2010083200 ns, Reaching safepoint: 86600 ns, At safepoint: 1900 ns, Total: 88500 ns
[2025-10-20T17:37:48.135+0000][21756][gc,start    ] GC(20) Pause Young (Normal) (G1 Evacuation Pause)
[2025-10-20T17:37:48.135+0000][21756][gc,task     ] GC(20) Using 10 workers of 10 for evacuation
[2025-10-20T17:37:48.135+0000][21756][gc,age      ] GC(20) Desired survivor size 40370176 bytes, new threshold 15 (max threshold 15)
[2025-10-20T17:37:48.145+0000][21756][gc,age      ] GC(20) Age table with threshold 15 (max threshold 15)
[2025-10-20T17:37:48.145+0000][21756][gc,age      ] GC(20) - age   1:    2166848 bytes,    2166848 total
[2025-10-20T17:37:48.145+0000][21756][gc,age      ] GC(20) - age   2:     361768 bytes,    2528616 total
[2025-10-20T17:37:48.145+0000][21756][gc,age      ] GC(20) - age   3:     437120 bytes,    2965736 total
[2025-10-20T17:37:48.145+0000][21756][gc,age      ] GC(20) - age   4:     737128 bytes,    3702864 total
[2025-10-20T17:37:48.145+0000][21756][gc,age      ] GC(20) - age   5:      67624 bytes,    3770488 total
[2025-10-20T17:37:48.145+0000][21756][gc,age      ] GC(20) - age   6:     299944 bytes,    4070432 total
[2025-10-20T17:37:48.145+0000][21756][gc,age      ] GC(20) - age   7:    2890008 bytes,    6960440 total
[2025-10-20T17:37:48.145+0000][21756][gc,age      ] GC(20) - age   8:    7638208 bytes,   14598648 total
[2025-10-20T17:37:48.145+0000][21756][gc,age      ] GC(20) - age   9:   11443536 bytes,   26042184 total
[2025-10-20T17:37:48.145+0000][21756][gc,age      ] GC(20) - age  10:   10352432 bytes,   36394616 total
[2025-10-20T17:37:48.145+0000][21756][gc,phases   ] GC(20)   Pre Evacuate Collection Set: 0.1ms
[2025-10-20T17:37:48.145+0000][21756][gc,phases   ] GC(20)   Merge Heap Roots: 0.1ms
[2025-10-20T17:37:48.145+0000][21756][gc,phases   ] GC(20)   Evacuate Collection Set: 8.3ms
[2025-10-20T17:37:48.145+0000][21756][gc,phases   ] GC(20)   Post Evacuate Collection Set: 1.0ms
[2025-10-20T17:37:48.145+0000][21756][gc,phases   ] GC(20)   Other: 0.4ms
[2025-10-20T17:37:48.145+0000][21756][gc,heap     ] GC(20) Eden regions: 577->0(577)
[2025-10-20T17:37:48.145+0000][21756][gc,heap     ] GC(20) Survivor regions: 37->37(77)
[2025-10-20T17:37:48.145+0000][21756][gc,heap     ] GC(20) Old regions: 49->49
[2025-10-20T17:37:48.145+0000][21756][gc,heap     ] GC(20) Archive regions: 0->0
[2025-10-20T17:37:48.145+0000][21756][gc,heap     ] GC(20) Humongous regions: 7->7
[2025-10-20T17:37:48.145+0000][21756][gc,metaspace] GC(20) Metaspace: 107495K(111356K)->107495K(111356K) NonClass: 93655K(96304K)->93655K(96304K) Class: 13840K(15052K)->13840K(15052K)
[2025-10-20T17:37:48.145+0000][21756][gc          ] GC(20) Pause Young (Normal) (G1 Evacuation Pause) 668M->91M(1024M) 10.022ms
[2025-10-20T17:37:48.145+0000][21756][gc,cpu      ] GC(20) User=0.13s Sys=0.00s Real=0.01s
[2025-10-20T17:37:48.145+0000][21756][safepoint   ] Safepoint "G1CollectForAllocation", Time since last: 56115438200 ns, Reaching safepoint: 199200 ns, At safepoint: 10115300 ns, Total: 10314500 ns
[2025-10-20T17:37:49.158+0000][21756][safepoint   ] Safepoint "Cleanup", Time since last: 1011660900 ns, Reaching safepoint: 89300 ns, At safepoint: 7100 ns, Total: 96400 ns
[2025-10-20T17:38:06.310+0000][21756][safepoint   ] Safepoint "Cleanup", Time since last: 17151704400 ns, Reaching safepoint: 90900 ns, At safepoint: 2700 ns, Total: 93600 ns
[2025-10-20T17:38:09.336+0000][21756][safepoint   ] Safepoint "Cleanup", Time since last: 3025928800 ns, Reaching safepoint: 78000 ns, At safepoint: 10100 ns, Total: 88100 ns
[2025-10-20T17:38:18.419+0000][21756][safepoint   ] Safepoint "Cleanup", Time since last: 9083335600 ns, Reaching safepoint: 98200 ns, At safepoint: 8300 ns, Total: 106500 ns
[2025-10-20T17:38:27.502+0000][21756][safepoint   ] Safepoint "Cleanup", Time since last: 9083234500 ns, Reaching safepoint: 82000 ns, At safepoint: 8300 ns, Total: 90300 ns
[2025-10-20T17:38:29.525+0000][21756][safepoint   ] Safepoint "Cleanup", Time since last: 2022048700 ns, Reaching safepoint: 82800 ns, At safepoint: 2500 ns, Total: 85300 ns
[2025-10-20T17:38:30.529+0000][21756][safepoint   ] Safepoint "Cleanup", Time since last: 1004438900 ns, Reaching safepoint: 99600 ns, At safepoint: 9200 ns, Total: 108800 ns
[2025-10-20T17:38:32.544+0000][21756][safepoint   ] Safepoint "Cleanup", Time since last: 2015304000 ns, Reaching safepoint: 104400 ns, At safepoint: 7600 ns, Total: 112000 ns
[2025-10-20T17:38:51.711+0000][21756][safepoint   ] Safepoint "Cleanup", Time since last: 19166523900 ns, Reaching safepoint: 97600 ns, At safepoint: 3400 ns, Total: 101000 ns
[2025-10-20T17:39:01.797+0000][21756][safepoint   ] Safepoint "Cleanup", Time since last: 10085548600 ns, Reaching safepoint: 92000 ns, At safepoint: 7700 ns, Total: 99700 ns
[2025-10-20T17:39:48.219+0000][21756][safepoint   ] Safepoint "Cleanup", Time since last: 46422227800 ns, Reaching safepoint: 151100 ns, At safepoint: 10500 ns, Total: 161600 ns
[2025-10-20T17:39:50.237+0000][21756][safepoint   ] Safepoint "Cleanup", Time since last: 2017788000 ns, Reaching safepoint: 85100 ns, At safepoint: 3200 ns, Total: 88300 ns
[2025-10-20T17:39:54.262+0000][21756][safepoint   ] Safepoint "Cleanup", Time since last: 4025125600 ns, Reaching safepoint: 96700 ns, At safepoint: 2100 ns, Total: 98800 ns
[2025-10-20T17:39:55.272+0000][21756][safepoint   ] Safepoint "Cleanup", Time since last: 1009549600 ns, Reaching safepoint: 110100 ns, At safepoint: 7500 ns, Total: 117600 ns
[2025-10-20T17:39:57.296+0000][21756][safepoint   ] Safepoint "Cleanup", Time since last: 2024460300 ns, Reaching safepoint: 84100 ns, At safepoint: 8900 ns, Total: 93000 ns
[2025-10-20T17:40:20.488+0000][21756][safepoint   ] Safepoint "Cleanup", Time since last: 23191156000 ns, Reaching safepoint: 79600 ns, At safepoint: 8800 ns, Total: 88400 ns
[2025-10-20T17:40:57.857+0000][21756][safepoint   ] Safepoint "Cleanup", Time since last: 37369429700 ns, Reaching safepoint: 102100 ns, At safepoint: 6900 ns, Total: 109000 ns
[2025-10-20T17:41:57.379+0000][21756][safepoint   ] Safepoint "Cleanup", Time since last: 59521684700 ns, Reaching safepoint: 113800 ns, At safepoint: 7600 ns, Total: 121400 ns
[2025-10-20T17:41:58.388+0000][21756][safepoint   ] Safepoint "Cleanup", Time since last: 1008979700 ns, Reaching safepoint: 88800 ns, At safepoint: 9800 ns, Total: 98600 ns
[2025-10-20T17:42:00.192+0000][21756][safepoint   ] Safepoint "Cleanup", Time since last: 1804448500 ns, Reaching safepoint: 55500 ns, At safepoint: 7500 ns, Total: 63000 ns
[2025-10-20T17:42:01.200+0000][21756][safepoint   ] Safepoint "Cleanup", Time since last: 1006956500 ns, Reaching safepoint: 195900 ns, At safepoint: 11400 ns, Total: 207300 ns
[2025-10-20T17:42:02.207+0000][21756][safepoint   ] Safepoint "Cleanup", Time since last: 1006787800 ns, Reaching safepoint: 122600 ns, At safepoint: 7900 ns, Total: 130500 ns
[2025-10-20T17:43:03.809+0000][21756][safepoint   ] Safepoint "Cleanup", Time since last: 61602633500 ns, Reaching safepoint: 95500 ns, At safepoint: 8700 ns, Total: 104200 ns
[2025-10-20T17:43:50.253+0000][21756][safepoint   ] Safepoint "Cleanup", Time since last: 46443587100 ns, Reaching safepoint: 115000 ns, At safepoint: 2900 ns, Total: 117900 ns
[2025-10-20T17:43:51.256+0000][21756][safepoint   ] Safepoint "Cleanup", Time since last: 1002343700 ns, Reaching safepoint: 92800 ns, At safepoint: 9400 ns, Total: 102200 ns
[2025-10-20T17:44:00.546+0000][21756][gc,start    ] GC(21) Pause Young (Normal) (G1 Evacuation Pause)
[2025-10-20T17:44:00.546+0000][21756][gc,task     ] GC(21) Using 10 workers of 10 for evacuation
[2025-10-20T17:44:00.546+0000][21756][gc,age      ] GC(21) Desired survivor size 40370176 bytes, new threshold 15 (max threshold 15)
[2025-10-20T17:44:00.557+0000][21756][gc,age      ] GC(21) Age table with threshold 15 (max threshold 15)
[2025-10-20T17:44:00.557+0000][21756][gc,age      ] GC(21) - age   1:     755232 bytes,     755232 total
[2025-10-20T17:44:00.557+0000][21756][gc,age      ] GC(21) - age   2:      78464 bytes,     833696 total
[2025-10-20T17:44:00.557+0000][21756][gc,age      ] GC(21) - age   3:     200872 bytes,    1034568 total
[2025-10-20T17:44:00.557+0000][21756][gc,age      ] GC(21) - age   4:     435992 bytes,    1470560 total
[2025-10-20T17:44:00.557+0000][21756][gc,age      ] GC(21) - age   5:     736584 bytes,    2207144 total
[2025-10-20T17:44:00.557+0000][21756][gc,age      ] GC(21) - age   6:      67624 bytes,    2274768 total
[2025-10-20T17:44:00.557+0000][21756][gc,age      ] GC(21) - age   7:     299800 bytes,    2574568 total
[2025-10-20T17:44:00.557+0000][21756][gc,age      ] GC(21) - age   8:    2890008 bytes,    5464576 total
[2025-10-20T17:44:00.557+0000][21756][gc,age      ] GC(21) - age   9:    7638208 bytes,   13102784 total
[2025-10-20T17:44:00.557+0000][21756][gc,age      ] GC(21) - age  10:   11434544 bytes,   24537328 total
[2025-10-20T17:44:00.557+0000][21756][gc,age      ] GC(21) - age  11:   10352432 bytes,   34889760 total
[2025-10-20T17:44:00.557+0000][21756][gc,phases   ] GC(21)   Pre Evacuate Collection Set: 0.1ms
[2025-10-20T17:44:00.557+0000][21756][gc,phases   ] GC(21)   Merge Heap Roots: 0.0ms
[2025-10-20T17:44:00.557+0000][21756][gc,phases   ] GC(21)   Evacuate Collection Set: 9.4ms
[2025-10-20T17:44:00.557+0000][21756][gc,phases   ] GC(21)   Post Evacuate Collection Set: 1.1ms
[2025-10-20T17:44:00.557+0000][21756][gc,phases   ] GC(21)   Other: 0.4ms
[2025-10-20T17:44:00.557+0000][21756][gc,heap     ] GC(21) Eden regions: 577->0(578)
[2025-10-20T17:44:00.557+0000][21756][gc,heap     ] GC(21) Survivor regions: 37->36(77)
[2025-10-20T17:44:00.557+0000][21756][gc,heap     ] GC(21) Old regions: 49->49
[2025-10-20T17:44:00.557+0000][21756][gc,heap     ] GC(21) Archive regions: 0->0
[2025-10-20T17:44:00.557+0000][21756][gc,heap     ] GC(21) Humongous regions: 7->7
[2025-10-20T17:44:00.557+0000][21756][gc,metaspace] GC(21) Metaspace: 107571K(111612K)->107571K(111612K) NonClass: 93731K(96560K)->93731K(96560K) Class: 13840K(15052K)->13840K(15052K)
[2025-10-20T17:44:00.557+0000][21756][gc          ] GC(21) Pause Young (Normal) (G1 Evacuation Pause) 668M->90M(1024M) 11.225ms
[2025-10-20T17:44:00.557+0000][21756][gc,cpu      ] GC(21) User=0.00s Sys=0.00s Real=0.01s
[2025-10-20T17:44:00.557+0000][21756][safepoint   ] Safepoint "G1CollectForAllocation", Time since last: 9290963400 ns, Reaching safepoint: 81800 ns, At safepoint: 11315100 ns, Total: 11396900 ns
[2025-10-20T17:44:06.613+0000][21756][safepoint   ] Safepoint "Cleanup", Time since last: 6054722200 ns, Reaching safepoint: 101100 ns, At safepoint: 9100 ns, Total: 110200 ns
[2025-10-20T17:44:07.613+0000][21756][safepoint   ] Safepoint "Cleanup", Time since last: 1000193300 ns, Reaching safepoint: 72800 ns, At safepoint: 2000 ns, Total: 74800 ns
[2025-10-20T17:44:08.617+0000][21756][safepoint   ] Safepoint "Cleanup", Time since last: 1003311000 ns, Reaching safepoint: 94800 ns, At safepoint: 10500 ns, Total: 105300 ns
[2025-10-20T17:44:12.654+0000][21756][safepoint   ] Safepoint "Cleanup", Time since last: 4037887300 ns, Reaching safepoint: 84100 ns, At safepoint: 9100 ns, Total: 93200 ns
[2025-10-20T17:44:28.790+0000][21756][safepoint   ] Safepoint "Cleanup", Time since last: 16135882600 ns, Reaching safepoint: 100800 ns, At safepoint: 8400 ns, Total: 109200 ns
[2025-10-20T17:44:40.897+0000][21756][safepoint   ] Safepoint "Cleanup", Time since last: 12106260000 ns, Reaching safepoint: 116400 ns, At safepoint: 2500 ns, Total: 118900 ns
[2025-10-20T17:44:42.917+0000][21756][safepoint   ] Safepoint "Cleanup", Time since last: 2019706000 ns, Reaching safepoint: 88600 ns, At safepoint: 8800 ns, Total: 97400 ns
[2025-10-20T17:44:45.946+0000][21756][safepoint   ] Safepoint "Cleanup", Time since last: 3029743300 ns, Reaching safepoint: 74200 ns, At safepoint: 3300 ns, Total: 77500 ns
[2025-10-20T17:44:48.980+0000][21756][safepoint   ] Safepoint "Cleanup", Time since last: 3033487300 ns, Reaching safepoint: 81400 ns, At safepoint: 7100 ns, Total: 88500 ns
[2025-10-20T17:45:10.178+0000][21756][safepoint   ] Safepoint "Cleanup", Time since last: 21197367600 ns, Reaching safepoint: 85200 ns, At safepoint: 9400 ns, Total: 94600 ns
[2025-10-20T17:45:11.186+0000][21756][safepoint   ] Safepoint "Cleanup", Time since last: 1008760800 ns, Reaching safepoint: 197400 ns, At safepoint: 9100 ns, Total: 206500 ns
[2025-10-20T17:45:12.195+0000][21756][safepoint   ] Safepoint "Cleanup", Time since last: 1008564400 ns, Reaching safepoint: 81100 ns, At safepoint: 7000 ns, Total: 88100 ns
[2025-10-20T17:45:18.249+0000][21756][safepoint   ] Safepoint "Cleanup", Time since last: 6053688400 ns, Reaching safepoint: 88600 ns, At safepoint: 10100 ns, Total: 98700 ns
[2025-10-20T17:45:21.276+0000][21756][safepoint   ] Safepoint "Cleanup", Time since last: 3026840300 ns, Reaching safepoint: 83500 ns, At safepoint: 9600 ns, Total: 93100 ns
[2025-10-20T17:45:55.579+0000][21756][safepoint   ] Safepoint "Cleanup", Time since last: 34303161500 ns, Reaching safepoint: 86500 ns, At safepoint: 2400 ns, Total: 88900 ns
[2025-10-20T17:46:02.648+0000][21756][safepoint   ] Safepoint "Cleanup", Time since last: 7068772200 ns, Reaching safepoint: 76800 ns, At safepoint: 9700 ns, Total: 86500 ns
[2025-10-20T17:46:13.742+0000][21756][safepoint   ] Safepoint "Cleanup", Time since last: 11094001300 ns, Reaching safepoint: 92900 ns, At safepoint: 6900 ns, Total: 99800 ns
[2025-10-20T17:46:16.775+0000][21756][safepoint   ] Safepoint "Cleanup", Time since last: 3032494500 ns, Reaching safepoint: 86100 ns, At safepoint: 8900 ns, Total: 95000 ns
[2025-10-20T17:46:20.816+0000][21756][safepoint   ] Safepoint "Cleanup", Time since last: 4040736600 ns, Reaching safepoint: 160100 ns, At safepoint: 9700 ns, Total: 169800 ns
[2025-10-20T17:46:34.957+0000][21756][safepoint   ] Safepoint "Cleanup", Time since last: 14141412900 ns, Reaching safepoint: 81900 ns, At safepoint: 7400 ns, Total: 89300 ns
[2025-10-20T17:47:08.243+0000][21756][safepoint   ] Safepoint "Cleanup", Time since last: 33286006300 ns, Reaching safepoint: 93900 ns, At safepoint: 10000 ns, Total: 103900 ns
[2025-10-20T17:47:16.322+0000][21756][safepoint   ] Safepoint "Cleanup", Time since last: 8078813400 ns, Reaching safepoint: 97200 ns, At safepoint: 9400 ns, Total: 106600 ns
[2025-10-20T17:47:17.331+0000][21756][safepoint   ] Safepoint "Cleanup", Time since last: 1009079700 ns, Reaching safepoint: 83000 ns, At safepoint: 8400 ns, Total: 91400 ns
[2025-10-20T17:47:21.366+0000][21756][safepoint   ] Safepoint "Cleanup", Time since last: 4035070500 ns, Reaching safepoint: 113600 ns, At safepoint: 13200 ns, Total: 126800 ns
[2025-10-20T17:48:19.922+0000][21756][safepoint   ] Safepoint "Cleanup", Time since last: 58555251900 ns, Reaching safepoint: 100900 ns, At safepoint: 8200 ns, Total: 109100 ns
[2025-10-20T17:48:47.166+0000][21756][safepoint   ] Safepoint "Cleanup", Time since last: 27244245600 ns, Reaching safepoint: 110100 ns, At safepoint: 11900 ns, Total: 122000 ns
[2025-10-20T17:48:51.204+0000][21756][safepoint   ] Safepoint "Cleanup", Time since last: 4037484900 ns, Reaching safepoint: 96700 ns, At safepoint: 12000 ns, Total: 108700 ns
[2025-10-20T17:48:52.210+0000][21756][safepoint   ] Safepoint "Cleanup", Time since last: 1005611700 ns, Reaching safepoint: 99600 ns, At safepoint: 12400 ns, Total: 112000 ns
[2025-10-20T17:48:53.216+0000][21756][safepoint   ] Safepoint "Cleanup", Time since last: 1006682100 ns, Reaching safepoint: 206600 ns, At safepoint: 10900 ns, Total: 217500 ns
[2025-10-20T17:48:54.228+0000][21756][safepoint   ] Safepoint "Cleanup", Time since last: 1011424300 ns, Reaching safepoint: 90800 ns, At safepoint: 12000 ns, Total: 102800 ns
[2025-10-20T17:49:22.486+0000][21756][safepoint   ] Safepoint "Cleanup", Time since last: 28257967000 ns, Reaching safepoint: 103200 ns, At safepoint: 9700 ns, Total: 112900 ns
[2025-10-20T17:49:23.496+0000][21756][safepoint   ] Safepoint "Cleanup", Time since last: 1009897200 ns, Reaching safepoint: 92500 ns, At safepoint: 16700 ns, Total: 109200 ns
[2025-10-20T17:49:24.501+0000][21756][safepoint   ] Safepoint "Cleanup", Time since last: 1004850500 ns, Reaching safepoint: 97300 ns, At safepoint: 2600 ns, Total: 99900 ns
[2025-10-20T17:49:31.565+0000][21756][safepoint   ] Safepoint "Cleanup", Time since last: 7064392500 ns, Reaching safepoint: 92900 ns, At safepoint: 10100 ns, Total: 103000 ns
[2025-10-20T17:49:34.459+0000][21756][gc,start    ] GC(22) Pause Young (Normal) (G1 Evacuation Pause)
[2025-10-20T17:49:34.459+0000][21756][gc,task     ] GC(22) Using 10 workers of 10 for evacuation
[2025-10-20T17:49:34.459+0000][21756][gc,age      ] GC(22) Desired survivor size 40370176 bytes, new threshold 15 (max threshold 15)
[2025-10-20T17:49:34.469+0000][21756][gc,age      ] GC(22) Age table with threshold 15 (max threshold 15)
[2025-10-20T17:49:34.469+0000][21756][gc,age      ] GC(22) - age   1:    2131872 bytes,    2131872 total
[2025-10-20T17:49:34.469+0000][21756][gc,age      ] GC(22) - age   2:     172976 bytes,    2304848 total
[2025-10-20T17:49:34.469+0000][21756][gc,age      ] GC(22) - age   3:      27056 bytes,    2331904 total
[2025-10-20T17:49:34.469+0000][21756][gc,age      ] GC(22) - age   4:     110984 bytes,    2442888 total
[2025-10-20T17:49:34.469+0000][21756][gc,age      ] GC(22) - age   5:     205888 bytes,    2648776 total
[2025-10-20T17:49:34.469+0000][21756][gc,age      ] GC(22) - age   6:     621544 bytes,    3270320 total
[2025-10-20T17:49:34.469+0000][21756][gc,age      ] GC(22) - age   7:      67536 bytes,    3337856 total
[2025-10-20T17:49:34.469+0000][21756][gc,age      ] GC(22) - age   8:     200944 bytes,    3538800 total
[2025-10-20T17:49:34.469+0000][21756][gc,age      ] GC(22) - age   9:    2889600 bytes,    6428400 total
[2025-10-20T17:49:34.469+0000][21756][gc,age      ] GC(22) - age  10:    7638040 bytes,   14066440 total
[2025-10-20T17:49:34.469+0000][21756][gc,age      ] GC(22) - age  11:   11434544 bytes,   25500984 total
[2025-10-20T17:49:34.469+0000][21756][gc,age      ] GC(22) - age  12:   10352432 bytes,   35853416 total
[2025-10-20T17:49:34.469+0000][21756][gc,phases   ] GC(22)   Pre Evacuate Collection Set: 0.1ms
[2025-10-20T17:49:34.469+0000][21756][gc,phases   ] GC(22)   Merge Heap Roots: 0.1ms
[2025-10-20T17:49:34.469+0000][21756][gc,phases   ] GC(22)   Evacuate Collection Set: 7.5ms
[2025-10-20T17:49:34.469+0000][21756][gc,phases   ] GC(22)   Post Evacuate Collection Set: 1.4ms
[2025-10-20T17:49:34.469+0000][21756][gc,phases   ] GC(22)   Other: 0.4ms
[2025-10-20T17:49:34.469+0000][21756][gc,heap     ] GC(22) Eden regions: 578->0(577)
[2025-10-20T17:49:34.469+0000][21756][gc,heap     ] GC(22) Survivor regions: 36->37(77)
[2025-10-20T17:49:34.469+0000][21756][gc,heap     ] GC(22) Old regions: 49->49
[2025-10-20T17:49:34.469+0000][21756][gc,heap     ] GC(22) Archive regions: 0->0
[2025-10-20T17:49:34.469+0000][21756][gc,heap     ] GC(22) Humongous regions: 7->7
[2025-10-20T17:49:34.469+0000][21756][gc,metaspace] GC(22) Metaspace: 107686K(111612K)->107686K(111612K) NonClass: 93846K(96560K)->93846K(96560K) Class: 13840K(15052K)->13840K(15052K)
[2025-10-20T17:49:34.469+0000][21756][gc          ] GC(22) Pause Young (Normal) (G1 Evacuation Pause) 668M->92M(1024M) 9.558ms
[2025-10-20T17:49:34.469+0000][21756][gc,cpu      ] GC(22) User=0.14s Sys=0.00s Real=0.01s
[2025-10-20T17:49:34.469+0000][21756][safepoint   ] Safepoint "G1CollectForAllocation", Time since last: 2894032900 ns, Reaching safepoint: 59100 ns, At safepoint: 9637500 ns, Total: 9696600 ns
[2025-10-20T17:49:37.488+0000][21756][safepoint   ] Safepoint "Cleanup", Time since last: 3018499400 ns, Reaching safepoint: 86300 ns, At safepoint: 9100 ns, Total: 95400 ns
[2025-10-20T17:49:43.541+0000][21756][safepoint   ] Safepoint "Cleanup", Time since last: 6053344000 ns, Reaching safepoint: 74200 ns, At safepoint: 9500 ns, Total: 83700 ns
[2025-10-20T17:49:44.545+0000][21756][safepoint   ] Safepoint "Cleanup", Time since last: 1003819800 ns, Reaching safepoint: 93200 ns, At safepoint: 7900 ns, Total: 101100 ns
[2025-10-20T17:49:50.595+0000][21756][safepoint   ] Safepoint "Cleanup", Time since last: 6049391900 ns, Reaching safepoint: 78200 ns, At safepoint: 2900 ns, Total: 81100 ns
[2025-10-20T17:50:06.719+0000][21756][safepoint   ] Safepoint "Cleanup", Time since last: 16124215400 ns, Reaching safepoint: 97900 ns, At safepoint: 13700 ns, Total: 111600 ns
[2025-10-20T17:50:07.721+0000][21756][safepoint   ] Safepoint "Cleanup", Time since last: 1002075000 ns, Reaching safepoint: 86400 ns, At safepoint: 12300 ns, Total: 98700 ns
[2025-10-20T17:50:22.862+0000][21756][safepoint   ] Safepoint "Cleanup", Time since last: 15140324800 ns, Reaching safepoint: 79200 ns, At safepoint: 4000 ns, Total: 83200 ns
[2025-10-20T17:50:25.885+0000][21756][safepoint   ] Safepoint "Cleanup", Time since last: 3023779700 ns, Reaching safepoint: 80100 ns, At safepoint: 15300 ns, Total: 95400 ns
[2025-10-20T17:50:36.966+0000][21756][safepoint   ] Safepoint "Cleanup", Time since last: 11080873000 ns, Reaching safepoint: 81300 ns, At safepoint: 20000 ns, Total: 101300 ns
[2025-10-20T17:50:47.056+0000][21756][safepoint   ] Safepoint "Cleanup", Time since last: 10089740000 ns, Reaching safepoint: 78000 ns, At safepoint: 10800 ns, Total: 88800 ns
[2025-10-20T17:50:51.072+0000][21756][safepoint   ] Safepoint "Cleanup", Time since last: 4015578600 ns, Reaching safepoint: 79900 ns, At safepoint: 8500 ns, Total: 88400 ns
[2025-10-20T17:50:52.077+0000][21756][safepoint   ] Safepoint "Cleanup", Time since last: 1004770600 ns, Reaching safepoint: 82000 ns, At safepoint: 6600 ns, Total: 88600 ns
[2025-10-20T17:51:02.180+0000][21756][safepoint   ] Safepoint "Cleanup", Time since last: 10103427600 ns, Reaching safepoint: 73800 ns, At safepoint: 7500 ns, Total: 81300 ns
[2025-10-20T17:51:03.186+0000][21756][safepoint   ] Safepoint "Cleanup", Time since last: 1006002900 ns, Reaching safepoint: 90300 ns, At safepoint: 8400 ns, Total: 98700 ns
[2025-10-20T17:51:06.218+0000][21756][safepoint   ] Safepoint "Cleanup", Time since last: 3031980500 ns, Reaching safepoint: 85400 ns, At safepoint: 7100 ns, Total: 92500 ns
[2025-10-20T17:51:12.270+0000][21756][safepoint   ] Safepoint "Cleanup", Time since last: 6051846900 ns, Reaching safepoint: 76300 ns, At safepoint: 7600 ns, Total: 83900 ns
[2025-10-20T17:51:19.310+0000][21756][safepoint   ] Safepoint "Cleanup", Time since last: 7039097000 ns, Reaching safepoint: 85100 ns, At safepoint: 9200 ns, Total: 94300 ns
[2025-10-20T17:51:20.318+0000][21756][safepoint   ] Safepoint "Cleanup", Time since last: 1008238200 ns, Reaching safepoint: 75000 ns, At safepoint: 7400 ns, Total: 82400 ns
[2025-10-20T17:51:29.398+0000][21756][safepoint   ] Safepoint "Cleanup", Time since last: 9079973100 ns, Reaching safepoint: 107600 ns, At safepoint: 10600 ns, Total: 118200 ns
[2025-10-20T17:51:30.400+0000][21756][safepoint   ] Safepoint "Cleanup", Time since last: 1001587500 ns, Reaching safepoint: 103400 ns, At safepoint: 7900 ns, Total: 111300 ns
[2025-10-20T17:51:42.472+0000][21756][safepoint   ] Safepoint "Cleanup", Time since last: 12072563600 ns, Reaching safepoint: 92100 ns, At safepoint: 8600 ns, Total: 100700 ns
[2025-10-20T17:51:50.514+0000][21756][safepoint   ] Safepoint "Cleanup", Time since last: 8041997500 ns, Reaching safepoint: 99300 ns, At safepoint: 7000 ns, Total: 106300 ns
[2025-10-20T17:51:51.518+0000][21756][safepoint   ] Safepoint "Cleanup", Time since last: 1003962700 ns, Reaching safepoint: 97400 ns, At safepoint: 8400 ns, Total: 105800 ns
[2025-10-20T17:52:18.726+0000][21756][safepoint   ] Safepoint "Cleanup", Time since last: 27207438100 ns, Reaching safepoint: 76700 ns, At safepoint: 8300 ns, Total: 85000 ns
[2025-10-20T17:52:32.839+0000][21756][safepoint   ] Safepoint "Cleanup", Time since last: 14113316100 ns, Reaching safepoint: 91200 ns, At safepoint: 15400 ns, Total: 106600 ns
[2025-10-20T17:52:51.989+0000][21756][safepoint   ] Safepoint "Cleanup", Time since last: 19149694900 ns, Reaching safepoint: 98200 ns, At safepoint: 8400 ns, Total: 106600 ns
[2025-10-20T17:53:35.259+0000][21756][safepoint   ] Safepoint "Cleanup", Time since last: 43269592800 ns, Reaching safepoint: 90500 ns, At safepoint: 7700 ns, Total: 98200 ns
[2025-10-20T17:53:36.259+0000][21756][safepoint   ] Safepoint "Cleanup", Time since last: 1000007600 ns, Reaching safepoint: 67700 ns, At safepoint: 2600 ns, Total: 70300 ns
[2025-10-20T17:53:37.274+0000][21756][safepoint   ] Safepoint "Cleanup", Time since last: 1015269800 ns, Reaching safepoint: 84900 ns, At safepoint: 8800 ns, Total: 93700 ns
[2025-10-20T17:53:50.371+0000][21756][safepoint   ] Safepoint "Cleanup", Time since last: 13096744300 ns, Reaching safepoint: 76200 ns, At safepoint: 8600 ns, Total: 84800 ns
[2025-10-20T17:53:53.391+0000][21756][safepoint   ] Safepoint "Cleanup", Time since last: 3020091300 ns, Reaching safepoint: 91600 ns, At safepoint: 11100 ns, Total: 102700 ns
[2025-10-20T17:53:55.408+0000][21756][safepoint   ] Safepoint "Cleanup", Time since last: 2016603300 ns, Reaching safepoint: 88100 ns, At safepoint: 8100 ns, Total: 96200 ns
[2025-10-20T17:54:02.455+0000][21756][safepoint   ] Safepoint "Cleanup", Time since last: 7047219900 ns, Reaching safepoint: 98000 ns, At safepoint: 8000 ns, Total: 106000 ns
[2025-10-20T17:54:11.538+0000][21756][safepoint   ] Safepoint "Cleanup", Time since last: 9082881700 ns, Reaching safepoint: 79600 ns, At safepoint: 7500 ns, Total: 87100 ns
[2025-10-20T17:54:35.695+0000][21756][safepoint   ] Safepoint "Cleanup", Time since last: 24156891600 ns, Reaching safepoint: 90800 ns, At safepoint: 8800 ns, Total: 99600 ns
[2025-10-20T17:54:38.723+0000][21756][safepoint   ] Safepoint "Cleanup", Time since last: 3027466700 ns, Reaching safepoint: 88900 ns, At safepoint: 8500 ns, Total: 97400 ns
[2025-10-20T17:54:39.737+0000][21756][safepoint   ] Safepoint "Cleanup", Time since last: 1013604600 ns, Reaching safepoint: 87100 ns, At safepoint: 8100 ns, Total: 95200 ns
[2025-10-20T17:54:47.812+0000][21756][safepoint   ] Safepoint "Cleanup", Time since last: 8074919800 ns, Reaching safepoint: 89000 ns, At safepoint: 9100 ns, Total: 98100 ns
[2025-10-20T17:54:50.847+0000][21756][safepoint   ] Safepoint "Cleanup", Time since last: 3035375300 ns, Reaching safepoint: 120300 ns, At safepoint: 7600 ns, Total: 127900 ns
[2025-10-20T17:54:52.851+0000][21756][safepoint   ] Safepoint "Cleanup", Time since last: 2004122100 ns, Reaching safepoint: 81500 ns, At safepoint: 3000 ns, Total: 84500 ns
[2025-10-20T17:54:56.887+0000][21756][safepoint   ] Safepoint "Cleanup", Time since last: 4035365400 ns, Reaching safepoint: 89800 ns, At safepoint: 13200 ns, Total: 103000 ns
[2025-10-20T17:55:02.934+0000][21756][safepoint   ] Safepoint "Cleanup", Time since last: 6046633200 ns, Reaching safepoint: 75000 ns, At safepoint: 7100 ns, Total: 82100 ns
[2025-10-20T17:55:32.436+0000][21756][gc,start    ] GC(23) Pause Young (Normal) (G1 Evacuation Pause)
[2025-10-20T17:55:32.436+0000][21756][gc,task     ] GC(23) Using 10 workers of 10 for evacuation
[2025-10-20T17:55:32.436+0000][21756][gc,age      ] GC(23) Desired survivor size 40370176 bytes, new threshold 15 (max threshold 15)
[2025-10-20T17:55:32.446+0000][21756][gc,age      ] GC(23) Age table with threshold 15 (max threshold 15)
[2025-10-20T17:55:32.446+0000][21756][gc,age      ] GC(23) - age   1:    1529664 bytes,    1529664 total
[2025-10-20T17:55:32.446+0000][21756][gc,age      ] GC(23) - age   2:     432608 bytes,    1962272 total
[2025-10-20T17:55:32.446+0000][21756][gc,age      ] GC(23) - age   3:       7808 bytes,    1970080 total
[2025-10-20T17:55:32.446+0000][21756][gc,age      ] GC(23) - age   4:      26544 bytes,    1996624 total
[2025-10-20T17:55:32.446+0000][21756][gc,age      ] GC(23) - age   5:      87904 bytes,    2084528 total
[2025-10-20T17:55:32.446+0000][21756][gc,age      ] GC(23) - age   6:     202304 bytes,    2286832 total
[2025-10-20T17:55:32.446+0000][21756][gc,age      ] GC(23) - age   7:     619896 bytes,    2906728 total
[2025-10-20T17:55:32.446+0000][21756][gc,age      ] GC(23) - age   8:      67472 bytes,    2974200 total
[2025-10-20T17:55:32.446+0000][21756][gc,age      ] GC(23) - age   9:     200944 bytes,    3175144 total
[2025-10-20T17:55:32.446+0000][21756][gc,age      ] GC(23) - age  10:    2889600 bytes,    6064744 total
[2025-10-20T17:55:32.446+0000][21756][gc,age      ] GC(23) - age  11:    7638040 bytes,   13702784 total
[2025-10-20T17:55:32.446+0000][21756][gc,age      ] GC(23) - age  12:   11434544 bytes,   25137328 total
[2025-10-20T17:55:32.446+0000][21756][gc,age      ] GC(23) - age  13:   10352432 bytes,   35489760 total
[2025-10-20T17:55:32.446+0000][21756][gc,phases   ] GC(23)   Pre Evacuate Collection Set: 0.1ms
[2025-10-20T17:55:32.446+0000][21756][gc,phases   ] GC(23)   Merge Heap Roots: 0.1ms
[2025-10-20T17:55:32.446+0000][21756][gc,phases   ] GC(23)   Evacuate Collection Set: 8.4ms
[2025-10-20T17:55:32.446+0000][21756][gc,phases   ] GC(23)   Post Evacuate Collection Set: 1.2ms
[2025-10-20T17:55:32.446+0000][21756][gc,phases   ] GC(23)   Other: 0.4ms
[2025-10-20T17:55:32.446+0000][21756][gc,heap     ] GC(23) Eden regions: 577->0(577)
[2025-10-20T17:55:32.446+0000][21756][gc,heap     ] GC(23) Survivor regions: 37->37(77)
[2025-10-20T17:55:32.446+0000][21756][gc,heap     ] GC(23) Old regions: 49->49
[2025-10-20T17:55:32.446+0000][21756][gc,heap     ] GC(23) Archive regions: 0->0
[2025-10-20T17:55:32.446+0000][21756][gc,heap     ] GC(23) Humongous regions: 7->7
[2025-10-20T17:55:32.446+0000][21756][gc,metaspace] GC(23) Metaspace: 107762K(111612K)->107762K(111612K) NonClass: 93922K(96560K)->93922K(96560K) Class: 13840K(15052K)->13840K(15052K)
[2025-10-20T17:55:32.446+0000][21756][gc          ] GC(23) Pause Young (Normal) (G1 Evacuation Pause) 669M->92M(1024M) 10.168ms
[2025-10-20T17:55:32.446+0000][21756][gc,cpu      ] GC(23) User=0.00s Sys=0.00s Real=0.01s
[2025-10-20T17:55:32.447+0000][21756][safepoint   ] Safepoint "G1CollectForAllocation", Time since last: 29503197400 ns, Reaching safepoint: 60700 ns, At safepoint: 10329500 ns, Total: 10390200 ns
[2025-10-20T17:55:33.456+0000][21756][safepoint   ] Safepoint "Cleanup", Time since last: 1009145900 ns, Reaching safepoint: 87800 ns, At safepoint: 8100 ns, Total: 95900 ns
[2025-10-20T17:55:35.460+0000][21756][safepoint   ] Safepoint "Cleanup", Time since last: 2003698800 ns, Reaching safepoint: 84200 ns, At safepoint: 2800 ns, Total: 87000 ns
[2025-10-20T17:55:36.466+0000][21756][safepoint   ] Safepoint "Cleanup", Time since last: 1005337400 ns, Reaching safepoint: 80000 ns, At safepoint: 9000 ns, Total: 89000 ns
[2025-10-20T17:55:37.471+0000][21756][safepoint   ] Safepoint "Cleanup", Time since last: 1005264500 ns, Reaching safepoint: 98500 ns, At safepoint: 8000 ns, Total: 106500 ns
[2025-10-20T17:55:39.493+0000][21756][safepoint   ] Safepoint "Cleanup", Time since last: 2021948300 ns, Reaching safepoint: 84000 ns, At safepoint: 8900 ns, Total: 92900 ns
[2025-10-20T17:55:42.510+0000][21756][safepoint   ] Safepoint "Cleanup", Time since last: 3016618500 ns, Reaching safepoint: 85800 ns, At safepoint: 3000 ns, Total: 88800 ns
[2025-10-20T17:55:43.521+0000][21756][safepoint   ] Safepoint "Cleanup", Time since last: 1011561200 ns, Reaching safepoint: 72200 ns, At safepoint: 8200 ns, Total: 80400 ns
[2025-10-20T17:55:44.536+0000][21756][safepoint   ] Safepoint "Cleanup", Time since last: 1014758600 ns, Reaching safepoint: 139400 ns, At safepoint: 7200 ns, Total: 146600 ns
[2025-10-20T17:55:45.549+0000][21756][safepoint   ] Safepoint "Cleanup", Time since last: 1012304800 ns, Reaching safepoint: 81500 ns, At safepoint: 8200 ns, Total: 89700 ns
[2025-10-20T17:55:47.558+0000][21756][safepoint   ] Safepoint "Cleanup", Time since last: 2009400900 ns, Reaching safepoint: 92000 ns, At safepoint: 7200 ns, Total: 99200 ns
[2025-10-20T17:55:48.572+0000][21756][safepoint   ] Safepoint "Cleanup", Time since last: 1014025100 ns, Reaching safepoint: 84900 ns, At safepoint: 7200 ns, Total: 92100 ns
[2025-10-20T17:56:06.681+0000][21756][safepoint   ] Safepoint "Cleanup", Time since last: 18108443400 ns, Reaching safepoint: 101300 ns, At safepoint: 14000 ns, Total: 115300 ns
[2025-10-20T17:56:20.787+0000][21756][safepoint   ] Safepoint "Cleanup", Time since last: 14106498500 ns, Reaching safepoint: 76400 ns, At safepoint: 3100 ns, Total: 79500 ns
[2025-10-20T17:56:39.914+0000][21756][safepoint   ] Safepoint "Cleanup", Time since last: 19126785800 ns, Reaching safepoint: 79100 ns, At safepoint: 7000 ns, Total: 86100 ns
[2025-10-20T17:56:44.943+0000][21756][safepoint   ] Safepoint "Cleanup", Time since last: 5028856600 ns, Reaching safepoint: 88600 ns, At safepoint: 8600 ns, Total: 97200 ns
[2025-10-20T17:56:45.958+0000][21756][safepoint   ] Safepoint "Cleanup", Time since last: 1014614800 ns, Reaching safepoint: 89100 ns, At safepoint: 14100 ns, Total: 103200 ns
[2025-10-20T17:57:07.133+0000][21756][safepoint   ] Safepoint "Cleanup", Time since last: 21175240700 ns, Reaching safepoint: 104300 ns, At safepoint: 9100 ns, Total: 113400 ns
[2025-10-20T17:57:13.168+0000][21756][safepoint   ] Safepoint "Cleanup", Time since last: 6034106400 ns, Reaching safepoint: 140200 ns, At safepoint: 12900 ns, Total: 153100 ns
[2025-10-20T17:57:48.432+0000][21756][safepoint   ] Safepoint "Cleanup", Time since last: 35264514600 ns, Reaching safepoint: 93100 ns, At safepoint: 10300 ns, Total: 103400 ns
[2025-10-20T17:57:51.457+0000][21756][safepoint   ] Safepoint "Cleanup", Time since last: 3024692900 ns, Reaching safepoint: 88200 ns, At safepoint: 2200 ns, Total: 90400 ns
[2025-10-20T17:57:57.526+0000][21756][safepoint   ] Safepoint "Cleanup", Time since last: 6068987900 ns, Reaching safepoint: 87000 ns, At safepoint: 15400 ns, Total: 102400 ns
[2025-10-20T17:58:15.679+0000][21756][safepoint   ] Safepoint "Cleanup", Time since last: 18152810300 ns, Reaching safepoint: 156100 ns, At safepoint: 13800 ns, Total: 169900 ns
[2025-10-20T17:58:18.700+0000][21756][safepoint   ] Safepoint "Cleanup", Time since last: 3021040900 ns, Reaching safepoint: 104100 ns, At safepoint: 11300 ns, Total: 115400 ns
[2025-10-20T17:58:22.746+0000][21756][safepoint   ] Safepoint "Cleanup", Time since last: 4046051600 ns, Reaching safepoint: 86600 ns, At safepoint: 12400 ns, Total: 99000 ns
[2025-10-20T17:58:35.846+0000][21756][safepoint   ] Safepoint "Cleanup", Time since last: 13099946700 ns, Reaching safepoint: 127700 ns, At safepoint: 10000 ns, Total: 137700 ns
[2025-10-20T17:58:39.876+0000][21756][safepoint   ] Safepoint "Cleanup", Time since last: 4029176000 ns, Reaching safepoint: 91200 ns, At safepoint: 9600 ns, Total: 100800 ns
[2025-10-20T17:58:40.888+0000][21756][safepoint   ] Safepoint "Cleanup", Time since last: 1012533400 ns, Reaching safepoint: 104300 ns, At safepoint: 9100 ns, Total: 113400 ns
[2025-10-20T17:58:43.900+0000][21756][safepoint   ] Safepoint "Cleanup", Time since last: 3011849100 ns, Reaching safepoint: 107900 ns, At safepoint: 7000 ns, Total: 114900 ns
[2025-10-20T17:58:44.901+0000][21756][safepoint   ] Safepoint "Cleanup", Time since last: 1000231400 ns, Reaching safepoint: 101100 ns, At safepoint: 7500 ns, Total: 108600 ns
[2025-10-20T17:58:50.951+0000][21756][safepoint   ] Safepoint "Cleanup", Time since last: 6050579700 ns, Reaching safepoint: 92300 ns, At safepoint: 10300 ns, Total: 102600 ns
[2025-10-20T17:59:15.086+0000][21756][safepoint   ] Safepoint "Cleanup", Time since last: 24134946400 ns, Reaching safepoint: 86300 ns, At safepoint: 8900 ns, Total: 95200 ns
[2025-10-20T17:59:25.151+0000][21756][safepoint   ] Safepoint "Cleanup", Time since last: 10064784300 ns, Reaching safepoint: 80800 ns, At safepoint: 8700 ns, Total: 89500 ns
[2025-10-20T17:59:54.435+0000][21756][safepoint   ] Safepoint "Cleanup", Time since last: 29283257300 ns, Reaching safepoint: 102500 ns, At safepoint: 13400 ns, Total: 115900 ns
[2025-10-20T17:59:55.445+0000][21756][safepoint   ] Safepoint "Cleanup", Time since last: 1010610000 ns, Reaching safepoint: 96500 ns, At safepoint: 14500 ns, Total: 111000 ns
[2025-10-20T17:59:56.458+0000][21756][safepoint   ] Safepoint "Cleanup", Time since last: 1012333900 ns, Reaching safepoint: 422000 ns, At safepoint: 14300 ns, Total: 436300 ns
[2025-10-20T17:59:57.466+0000][21756][safepoint   ] Safepoint "Cleanup", Time since last: 1008255500 ns, Reaching safepoint: 89800 ns, At safepoint: 10400 ns, Total: 100200 ns
[2025-10-20T18:00:03.524+0000][21756][safepoint   ] Safepoint "Cleanup", Time since last: 6057608100 ns, Reaching safepoint: 91400 ns, At safepoint: 13600 ns, Total: 105000 ns
[2025-10-20T18:00:52.002+0000][21756][safepoint   ] Safepoint "Cleanup", Time since last: 48477361300 ns, Reaching safepoint: 105800 ns, At safepoint: 13700 ns, Total: 119500 ns
[2025-10-20T18:00:57.476+0000][21756][gc,start    ] GC(24) Pause Young (Normal) (G1 Evacuation Pause)
[2025-10-20T18:00:57.476+0000][21756][gc,task     ] GC(24) Using 10 workers of 10 for evacuation
[2025-10-20T18:00:57.476+0000][21756][gc,age      ] GC(24) Desired survivor size 40370176 bytes, new threshold 15 (max threshold 15)
[2025-10-20T18:00:57.485+0000][21756][gc,age      ] GC(24) Age table with threshold 15 (max threshold 15)
[2025-10-20T18:00:57.485+0000][21756][gc,age      ] GC(24) - age   1:    2733144 bytes,    2733144 total
[2025-10-20T18:00:57.485+0000][21756][gc,age      ] GC(24) - age   2:     273424 bytes,    3006568 total
[2025-10-20T18:00:57.485+0000][21756][gc,age      ] GC(24) - age   3:     271808 bytes,    3278376 total
[2025-10-20T18:00:57.485+0000][21756][gc,age      ] GC(24) - age   4:       7328 bytes,    3285704 total
[2025-10-20T18:00:57.485+0000][21756][gc,age      ] GC(24) - age   5:      26192 bytes,    3311896 total
[2025-10-20T18:00:57.485+0000][21756][gc,age      ] GC(24) - age   6:      87648 bytes,    3399544 total
[2025-10-20T18:00:57.485+0000][21756][gc,age      ] GC(24) - age   7:     202176 bytes,    3601720 total
[2025-10-20T18:00:57.485+0000][21756][gc,age      ] GC(24) - age   8:     619736 bytes,    4221456 total
[2025-10-20T18:00:57.485+0000][21756][gc,age      ] GC(24) - age   9:      67216 bytes,    4288672 total
[2025-10-20T18:00:57.485+0000][21756][gc,age      ] GC(24) - age  10:     200752 bytes,    4489424 total
[2025-10-20T18:00:57.485+0000][21756][gc,age      ] GC(24) - age  11:    2889600 bytes,    7379024 total
[2025-10-20T18:00:57.485+0000][21756][gc,age      ] GC(24) - age  12:    7621888 bytes,   15000912 total
[2025-10-20T18:00:57.485+0000][21756][gc,age      ] GC(24) - age  13:   11434184 bytes,   26435096 total
[2025-10-20T18:00:57.485+0000][21756][gc,age      ] GC(24) - age  14:   10352432 bytes,   36787528 total
[2025-10-20T18:00:57.485+0000][21756][gc,phases   ] GC(24)   Pre Evacuate Collection Set: 0.1ms
[2025-10-20T18:00:57.485+0000][21756][gc,phases   ] GC(24)   Merge Heap Roots: 0.1ms
[2025-10-20T18:00:57.485+0000][21756][gc,phases   ] GC(24)   Evacuate Collection Set: 8.1ms
[2025-10-20T18:00:57.485+0000][21756][gc,phases   ] GC(24)   Post Evacuate Collection Set: 0.9ms
[2025-10-20T18:00:57.485+0000][21756][gc,phases   ] GC(24)   Other: 0.4ms
[2025-10-20T18:00:57.485+0000][21756][gc,heap     ] GC(24) Eden regions: 577->0(576)
[2025-10-20T18:00:57.485+0000][21756][gc,heap     ] GC(24) Survivor regions: 37->38(77)
[2025-10-20T18:00:57.485+0000][21756][gc,heap     ] GC(24) Old regions: 49->49
[2025-10-20T18:00:57.485+0000][21756][gc,heap     ] GC(24) Archive regions: 0->0
[2025-10-20T18:00:57.485+0000][21756][gc,heap     ] GC(24) Humongous regions: 7->7
[2025-10-20T18:00:57.485+0000][21756][gc,metaspace] GC(24) Metaspace: 107838K(111612K)->107838K(111612K) NonClass: 93995K(96560K)->93995K(96560K) Class: 13842K(15052K)->13842K(15052K)
[2025-10-20T18:00:57.485+0000][21756][gc          ] GC(24) Pause Young (Normal) (G1 Evacuation Pause) 669M->93M(1024M) 9.720ms
[2025-10-20T18:00:57.485+0000][21756][gc,cpu      ] GC(24) User=0.16s Sys=0.00s Real=0.01s
[2025-10-20T18:00:57.485+0000][21756][safepoint   ] Safepoint "G1CollectForAllocation", Time since last: 5473946400 ns, Reaching safepoint: 176900 ns, At safepoint: 9833000 ns, Total: 10009900 ns
[2025-10-20T18:00:58.491+0000][21756][safepoint   ] Safepoint "Cleanup", Time since last: 1005489000 ns, Reaching safepoint: 101900 ns, At safepoint: 9900 ns, Total: 111800 ns
[2025-10-20T18:01:21.663+0000][21756][safepoint   ] Safepoint "Cleanup", Time since last: 23172099500 ns, Reaching safepoint: 167100 ns, At safepoint: 9900 ns, Total: 177000 ns
[2025-10-20T18:01:33.754+0000][21756][safepoint   ] Safepoint "Cleanup", Time since last: 12090460200 ns, Reaching safepoint: 80700 ns, At safepoint: 1500 ns, Total: 82200 ns
[2025-10-20T18:02:00.991+0000][21756][safepoint   ] Safepoint "Cleanup", Time since last: 27237021300 ns, Reaching safepoint: 121200 ns, At safepoint: 11500 ns, Total: 132700 ns
[2025-10-20T18:02:22.165+0000][21756][safepoint   ] Safepoint "Cleanup", Time since last: 21173835000 ns, Reaching safepoint: 92700 ns, At safepoint: 10300 ns, Total: 103000 ns
[2025-10-20T18:02:51.429+0000][21756][safepoint   ] Safepoint "Cleanup", Time since last: 29263722500 ns, Reaching safepoint: 94900 ns, At safepoint: 7100 ns, Total: 102000 ns
[2025-10-20T18:03:04.549+0000][21756][safepoint   ] Safepoint "Cleanup", Time since last: 13120445100 ns, Reaching safepoint: 97900 ns, At safepoint: 2500 ns, Total: 100400 ns
[2025-10-20T18:03:21.697+0000][21756][safepoint   ] Safepoint "Cleanup", Time since last: 17147006400 ns, Reaching safepoint: 96600 ns, At safepoint: 2500 ns, Total: 99100 ns
[2025-10-20T18:03:49.966+0000][21756][safepoint   ] Safepoint "Cleanup", Time since last: 28269149000 ns, Reaching safepoint: 92100 ns, At safepoint: 9200 ns, Total: 101300 ns
[2025-10-20T18:03:51.987+0000][21756][safepoint   ] Safepoint "Cleanup", Time since last: 2021430900 ns, Reaching safepoint: 85700 ns, At safepoint: 9600 ns, Total: 95300 ns
[2025-10-20T18:04:04.104+0000][21756][safepoint   ] Safepoint "Cleanup", Time since last: 12116746600 ns, Reaching safepoint: 93000 ns, At safepoint: 7300 ns, Total: 100300 ns
[2025-10-20T18:04:08.142+0000][21756][safepoint   ] Safepoint "Cleanup", Time since last: 4037384200 ns, Reaching safepoint: 83600 ns, At safepoint: 6000 ns, Total: 89600 ns
[2025-10-20T18:04:21.258+0000][21756][safepoint   ] Safepoint "Cleanup", Time since last: 13115880100 ns, Reaching safepoint: 104200 ns, At safepoint: 9800 ns, Total: 114000 ns
[2025-10-20T18:04:40.442+0000][21756][safepoint   ] Safepoint "Cleanup", Time since last: 19183884100 ns, Reaching safepoint: 79200 ns, At safepoint: 8200 ns, Total: 87400 ns
[2025-10-20T18:04:50.549+0000][21756][safepoint   ] Safepoint "Cleanup", Time since last: 10107141700 ns, Reaching safepoint: 88000 ns, At safepoint: 7300 ns, Total: 95300 ns
[2025-10-20T18:05:10.740+0000][21756][safepoint   ] Safepoint "Cleanup", Time since last: 20190501200 ns, Reaching safepoint: 88500 ns, At safepoint: 2500 ns, Total: 91000 ns
[2025-10-20T18:05:11.746+0000][21756][safepoint   ] Safepoint "Cleanup", Time since last: 1006588200 ns, Reaching safepoint: 88400 ns, At safepoint: 10100 ns, Total: 98500 ns
[2025-10-20T18:05:37.988+0000][21756][safepoint   ] Safepoint "Cleanup", Time since last: 26241333200 ns, Reaching safepoint: 96300 ns, At safepoint: 2000 ns, Total: 98300 ns
[2025-10-20T18:06:13.318+0000][21756][safepoint   ] Safepoint "Cleanup", Time since last: 35330087900 ns, Reaching safepoint: 84100 ns, At safepoint: 8200 ns, Total: 92300 ns
[2025-10-20T18:06:14.325+0000][21756][safepoint   ] Safepoint "Cleanup", Time since last: 1006713000 ns, Reaching safepoint: 84100 ns, At safepoint: 7300 ns, Total: 91400 ns
[2025-10-20T18:06:21.394+0000][21756][safepoint   ] Safepoint "Cleanup", Time since last: 7069355800 ns, Reaching safepoint: 109400 ns, At safepoint: 6100 ns, Total: 115500 ns
[2025-10-20T18:06:25.432+0000][21756][safepoint   ] Safepoint "Cleanup", Time since last: 4037455800 ns, Reaching safepoint: 105900 ns, At safepoint: 8900 ns, Total: 114800 ns
[2025-10-20T18:07:01.795+0000][21756][safepoint   ] Safepoint "Cleanup", Time since last: 36363525700 ns, Reaching safepoint: 85700 ns, At safepoint: 8800 ns, Total: 94500 ns
[2025-10-20T18:07:07.253+0000][21756][gc,start    ] GC(25) Pause Young (Normal) (G1 Evacuation Pause)
[2025-10-20T18:07:07.253+0000][21756][gc,task     ] GC(25) Using 10 workers of 10 for evacuation
[2025-10-20T18:07:07.253+0000][21756][gc,age      ] GC(25) Desired survivor size 40370176 bytes, new threshold 15 (max threshold 15)
[2025-10-20T18:07:07.263+0000][21756][gc,age      ] GC(25) Age table with threshold 15 (max threshold 15)
[2025-10-20T18:07:07.263+0000][21756][gc,age      ] GC(25) - age   1:     720016 bytes,     720016 total
[2025-10-20T18:07:07.263+0000][21756][gc,age      ] GC(25) - age   2:      84328 bytes,     804344 total
[2025-10-20T18:07:07.263+0000][21756][gc,age      ] GC(25) - age   3:     120184 bytes,     924528 total
[2025-10-20T18:07:07.263+0000][21756][gc,age      ] GC(25) - age   4:     254776 bytes,    1179304 total
[2025-10-20T18:07:07.263+0000][21756][gc,age      ] GC(25) - age   5:       6784 bytes,    1186088 total
[2025-10-20T18:07:07.263+0000][21756][gc,age      ] GC(25) - age   6:      26192 bytes,    1212280 total
[2025-10-20T18:07:07.263+0000][21756][gc,age      ] GC(25) - age   7:      87648 bytes,    1299928 total
[2025-10-20T18:07:07.263+0000][21756][gc,age      ] GC(25) - age   8:     202048 bytes,    1501976 total
[2025-10-20T18:07:07.263+0000][21756][gc,age      ] GC(25) - age   9:     619608 bytes,    2121584 total
[2025-10-20T18:07:07.263+0000][21756][gc,age      ] GC(25) - age  10:      67088 bytes,    2188672 total
[2025-10-20T18:07:07.263+0000][21756][gc,age      ] GC(25) - age  11:     200752 bytes,    2389424 total
[2025-10-20T18:07:07.263+0000][21756][gc,age      ] GC(25) - age  12:    2889600 bytes,    5279024 total
[2025-10-20T18:07:07.263+0000][21756][gc,age      ] GC(25) - age  13:    7621888 bytes,   12900912 total
[2025-10-20T18:07:07.263+0000][21756][gc,age      ] GC(25) - age  14:   11434184 bytes,   24335096 total
[2025-10-20T18:07:07.263+0000][21756][gc,age      ] GC(25) - age  15:   10352432 bytes,   34687528 total
[2025-10-20T18:07:07.263+0000][21756][gc,phases   ] GC(25)   Pre Evacuate Collection Set: 0.1ms
[2025-10-20T18:07:07.263+0000][21756][gc,phases   ] GC(25)   Merge Heap Roots: 0.0ms
[2025-10-20T18:07:07.263+0000][21756][gc,phases   ] GC(25)   Evacuate Collection Set: 8.9ms
[2025-10-20T18:07:07.263+0000][21756][gc,phases   ] GC(25)   Post Evacuate Collection Set: 1.1ms
[2025-10-20T18:07:07.263+0000][21756][gc,phases   ] GC(25)   Other: 0.4ms
[2025-10-20T18:07:07.263+0000][21756][gc,heap     ] GC(25) Eden regions: 576->0(577)
[2025-10-20T18:07:07.263+0000][21756][gc,heap     ] GC(25) Survivor regions: 38->37(77)
[2025-10-20T18:07:07.263+0000][21756][gc,heap     ] GC(25) Old regions: 49->49
[2025-10-20T18:07:07.263+0000][21756][gc,heap     ] GC(25) Archive regions: 0->0
[2025-10-20T18:07:07.263+0000][21756][gc,heap     ] GC(25) Humongous regions: 7->7
[2025-10-20T18:07:07.263+0000][21756][gc,metaspace] GC(25) Metaspace: 108013K(111868K)->108013K(111868K) NonClass: 94171K(96816K)->94171K(96816K) Class: 13842K(15052K)->13842K(15052K)
[2025-10-20T18:07:07.263+0000][21756][gc          ] GC(25) Pause Young (Normal) (G1 Evacuation Pause) 669M->91M(1024M) 10.604ms
[2025-10-20T18:07:07.263+0000][21756][gc,cpu      ] GC(25) User=0.11s Sys=0.00s Real=0.01s
[2025-10-20T18:07:07.265+0000][21756][safepoint   ] Safepoint "G1CollectForAllocation", Time since last: 5458393100 ns, Reaching safepoint: 57200 ns, At safepoint: 10682800 ns, Total: 10740000 ns
[2025-10-20T18:07:16.346+0000][21756][safepoint   ] Safepoint "Cleanup", Time since last: 9081238200 ns, Reaching safepoint: 89400 ns, At safepoint: 8900 ns, Total: 98300 ns
[2025-10-20T18:07:20.388+0000][21756][safepoint   ] Safepoint "Cleanup", Time since last: 4041930700 ns, Reaching safepoint: 117700 ns, At safepoint: 3100 ns, Total: 120800 ns
[2025-10-20T18:08:07.849+0000][21756][safepoint   ] Safepoint "Cleanup", Time since last: 47460729700 ns, Reaching safepoint: 92000 ns, At safepoint: 8800 ns, Total: 100800 ns
[2025-10-20T18:08:19.978+0000][21756][safepoint   ] Safepoint "Cleanup", Time since last: 12129157100 ns, Reaching safepoint: 98000 ns, At safepoint: 9600 ns, Total: 107600 ns
[2025-10-20T18:08:20.988+0000][21756][safepoint   ] Safepoint "Cleanup", Time since last: 1009759400 ns, Reaching safepoint: 108500 ns, At safepoint: 8100 ns, Total: 116600 ns
[2025-10-20T18:08:31.100+0000][21756][safepoint   ] Safepoint "Cleanup", Time since last: 10111661400 ns, Reaching safepoint: 89800 ns, At safepoint: 9800 ns, Total: 99600 ns
[2025-10-20T18:08:35.135+0000][21756][safepoint   ] Safepoint "Cleanup", Time since last: 4034949900 ns, Reaching safepoint: 85200 ns, At safepoint: 9600 ns, Total: 94800 ns
[2025-10-20T18:09:22.615+0000][21756][safepoint   ] Safepoint "Cleanup", Time since last: 47480022500 ns, Reaching safepoint: 124500 ns, At safepoint: 6400 ns, Total: 130900 ns
[2025-10-20T18:09:23.624+0000][21756][safepoint   ] Safepoint "Cleanup", Time since last: 1009578500 ns, Reaching safepoint: 109600 ns, At safepoint: 8400 ns, Total: 118000 ns
[2025-10-20T18:09:44.818+0000][21756][safepoint   ] Safepoint "Cleanup", Time since last: 21193042200 ns, Reaching safepoint: 94700 ns, At safepoint: 6900 ns, Total: 101600 ns
[2025-10-20T18:10:26.225+0000][21756][safepoint   ] Safepoint "Cleanup", Time since last: 41406990400 ns, Reaching safepoint: 149000 ns, At safepoint: 11200 ns, Total: 160200 ns
[2025-10-20T18:10:27.238+0000][21756][safepoint   ] Safepoint "Cleanup", Time since last: 1013128500 ns, Reaching safepoint: 79000 ns, At safepoint: 45600 ns, Total: 124600 ns
[2025-10-20T18:10:32.281+0000][21756][safepoint   ] Safepoint "Cleanup", Time since last: 5043204000 ns, Reaching safepoint: 73600 ns, At safepoint: 7900 ns, Total: 81500 ns
[2025-10-20T18:10:33.294+0000][21756][safepoint   ] Safepoint "Cleanup", Time since last: 1013116300 ns, Reaching safepoint: 83600 ns, At safepoint: 8000 ns, Total: 91600 ns
[2025-10-20T18:11:15.740+0000][21756][safepoint   ] Safepoint "Cleanup", Time since last: 42445330500 ns, Reaching safepoint: 87800 ns, At safepoint: 8700 ns, Total: 96500 ns
[2025-10-20T18:11:21.805+0000][21756][safepoint   ] Safepoint "Cleanup", Time since last: 6064525500 ns, Reaching safepoint: 92000 ns, At safepoint: 7900 ns, Total: 99900 ns
[2025-10-20T18:11:29.890+0000][21756][safepoint   ] Safepoint "Cleanup", Time since last: 8084978600 ns, Reaching safepoint: 87400 ns, At safepoint: 2200 ns, Total: 89600 ns
[2025-10-20T18:12:13.282+0000][21756][safepoint   ] Safepoint "Cleanup", Time since last: 43392669400 ns, Reaching safepoint: 93600 ns, At safepoint: 7900 ns, Total: 101500 ns
[2025-10-20T18:12:15.299+0000][21756][safepoint   ] Safepoint "Cleanup", Time since last: 2016844800 ns, Reaching safepoint: 92500 ns, At safepoint: 8700 ns, Total: 101200 ns
[2025-10-20T18:12:21.362+0000][21756][safepoint   ] Safepoint "Cleanup", Time since last: 6062496500 ns, Reaching safepoint: 88400 ns, At safepoint: 2700 ns, Total: 91100 ns
[2025-10-20T18:12:22.375+0000][21756][safepoint   ] Safepoint "Cleanup", Time since last: 1013049700 ns, Reaching safepoint: 100300 ns, At safepoint: 7500 ns, Total: 107800 ns
[2025-10-20T18:12:23.388+0000][21756][safepoint   ] Safepoint "Cleanup", Time since last: 1012984500 ns, Reaching safepoint: 95600 ns, At safepoint: 8800 ns, Total: 104400 ns
[2025-10-20T18:12:32.477+0000][21756][safepoint   ] Safepoint "Cleanup", Time since last: 9088882000 ns, Reaching safepoint: 115900 ns, At safepoint: 8400 ns, Total: 124300 ns
[2025-10-20T18:12:50.094+0000][21756][gc,start    ] GC(26) Pause Young (Normal) (G1 Evacuation Pause)
[2025-10-20T18:12:50.094+0000][21756][gc,task     ] GC(26) Using 10 workers of 10 for evacuation
[2025-10-20T18:12:50.094+0000][21756][gc,age      ] GC(26) Desired survivor size 40370176 bytes, new threshold 15 (max threshold 15)
[2025-10-20T18:12:50.104+0000][21756][gc,age      ] GC(26) Age table with threshold 15 (max threshold 15)
[2025-10-20T18:12:50.104+0000][21756][gc,age      ] GC(26) - age   1:    1381952 bytes,    1381952 total
[2025-10-20T18:12:50.104+0000][21756][gc,age      ] GC(26) - age   2:     186216 bytes,    1568168 total
[2025-10-20T18:12:50.104+0000][21756][gc,age      ] GC(26) - age   3:      34840 bytes,    1603008 total
[2025-10-20T18:12:50.104+0000][21756][gc,age      ] GC(26) - age   4:     119768 bytes,    1722776 total
[2025-10-20T18:12:50.104+0000][21756][gc,age      ] GC(26) - age   5:     253904 bytes,    1976680 total
[2025-10-20T18:12:50.104+0000][21756][gc,age      ] GC(26) - age   6:       6720 bytes,    1983400 total
[2025-10-20T18:12:50.104+0000][21756][gc,age      ] GC(26) - age   7:      26192 bytes,    2009592 total
[2025-10-20T18:12:50.104+0000][21756][gc,age      ] GC(26) - age   8:      87648 bytes,    2097240 total
[2025-10-20T18:12:50.104+0000][21756][gc,age      ] GC(26) - age   9:     202048 bytes,    2299288 total
[2025-10-20T18:12:50.104+0000][21756][gc,age      ] GC(26) - age  10:     619608 bytes,    2918896 total
[2025-10-20T18:12:50.104+0000][21756][gc,age      ] GC(26) - age  11:      67088 bytes,    2985984 total
[2025-10-20T18:12:50.104+0000][21756][gc,age      ] GC(26) - age  12:     200752 bytes,    3186736 total
[2025-10-20T18:12:50.104+0000][21756][gc,age      ] GC(26) - age  13:    2889304 bytes,    6076040 total
[2025-10-20T18:12:50.104+0000][21756][gc,age      ] GC(26) - age  14:    7621888 bytes,   13697928 total
[2025-10-20T18:12:50.104+0000][21756][gc,age      ] GC(26) - age  15:   11433792 bytes,   25131720 total
[2025-10-20T18:12:50.104+0000][21756][gc,phases   ] GC(26)   Pre Evacuate Collection Set: 0.1ms
[2025-10-20T18:12:50.104+0000][21756][gc,phases   ] GC(26)   Merge Heap Roots: 0.1ms
[2025-10-20T18:12:50.104+0000][21756][gc,phases   ] GC(26)   Evacuate Collection Set: 8.5ms
[2025-10-20T18:12:50.104+0000][21756][gc,phases   ] GC(26)   Post Evacuate Collection Set: 1.2ms
[2025-10-20T18:12:50.104+0000][21756][gc,phases   ] GC(26)   Other: 0.4ms
[2025-10-20T18:12:50.104+0000][21756][gc,heap     ] GC(26) Eden regions: 577->0(587)
[2025-10-20T18:12:50.104+0000][21756][gc,heap     ] GC(26) Survivor regions: 37->27(77)
[2025-10-20T18:12:50.104+0000][21756][gc,heap     ] GC(26) Old regions: 49->59
[2025-10-20T18:12:50.104+0000][21756][gc,heap     ] GC(26) Archive regions: 0->0
[2025-10-20T18:12:50.104+0000][21756][gc,heap     ] GC(26) Humongous regions: 7->7
[2025-10-20T18:12:50.104+0000][21756][gc,metaspace] GC(26) Metaspace: 108143K(111868K)->108143K(111868K) NonClass: 94298K(96816K)->94298K(96816K) Class: 13844K(15052K)->13844K(15052K)
[2025-10-20T18:12:50.104+0000][21756][gc          ] GC(26) Pause Young (Normal) (G1 Evacuation Pause) 668M->92M(1024M) 10.300ms
[2025-10-20T18:12:50.104+0000][21756][gc,cpu      ] GC(26) User=0.00s Sys=0.00s Real=0.01s
[2025-10-20T18:12:50.104+0000][21756][safepoint   ] Safepoint "G1CollectForAllocation", Time since last: 17616912600 ns, Reaching safepoint: 68200 ns, At safepoint: 10379700 ns, Total: 10447900 ns
[2025-10-20T18:13:21.402+0000][21756][safepoint   ] Safepoint "Cleanup", Time since last: 31297019300 ns, Reaching safepoint: 87600 ns, At safepoint: 9100 ns, Total: 96700 ns
[2025-10-20T18:13:35.530+0000][21756][safepoint   ] Safepoint "Cleanup", Time since last: 14128522000 ns, Reaching safepoint: 91200 ns, At safepoint: 10100 ns, Total: 101300 ns
[2025-10-20T18:13:53.696+0000][21756][safepoint   ] Safepoint "Cleanup", Time since last: 18165662500 ns, Reaching safepoint: 122800 ns, At safepoint: 8700 ns, Total: 131500 ns
[2025-10-20T18:14:20.971+0000][21756][safepoint   ] Safepoint "Cleanup", Time since last: 27275157300 ns, Reaching safepoint: 93100 ns, At safepoint: 6600 ns, Total: 99700 ns
[2025-10-20T18:14:40.179+0000][21756][safepoint   ] Safepoint "Cleanup", Time since last: 19207972200 ns, Reaching safepoint: 102400 ns, At safepoint: 8800 ns, Total: 111200 ns
[2025-10-20T18:15:34.725+0000][21756][safepoint   ] Safepoint "Cleanup", Time since last: 54545584300 ns, Reaching safepoint: 90900 ns, At safepoint: 7100 ns, Total: 98000 ns
[2025-10-20T18:15:41.814+0000][21756][safepoint   ] Safepoint "Cleanup", Time since last: 7088440100 ns, Reaching safepoint: 122300 ns, At safepoint: 7400 ns, Total: 129700 ns
[2025-10-20T18:15:42.824+0000][21756][safepoint   ] Safepoint "Cleanup", Time since last: 1010554200 ns, Reaching safepoint: 88000 ns, At safepoint: 8900 ns, Total: 96900 ns
[2025-10-20T18:16:45.466+0000][21756][safepoint   ] Safepoint "Cleanup", Time since last: 62641894500 ns, Reaching safepoint: 92300 ns, At safepoint: 7500 ns, Total: 99800 ns
[2025-10-20T18:17:17.813+0000][21756][safepoint   ] Safepoint "Cleanup", Time since last: 32346778800 ns, Reaching safepoint: 78300 ns, At safepoint: 1700 ns, Total: 80000 ns
[2025-10-20T18:17:48.089+0000][21756][safepoint   ] Safepoint "Cleanup", Time since last: 30276198400 ns, Reaching safepoint: 77500 ns, At safepoint: 2700 ns, Total: 80200 ns
[2025-10-20T18:18:24.457+0000][21756][safepoint   ] Safepoint "Cleanup", Time since last: 36367413600 ns, Reaching safepoint: 84600 ns, At safepoint: 3300 ns, Total: 87900 ns
[2025-10-20T18:18:30.505+0000][21756][safepoint   ] Safepoint "Cleanup", Time since last: 6048172800 ns, Reaching safepoint: 80600 ns, At safepoint: 6900 ns, Total: 87500 ns
[2025-10-20T18:18:46.988+0000][21756][gc,start    ] GC(27) Pause Young (Normal) (G1 Evacuation Pause)
[2025-10-20T18:18:46.988+0000][21756][gc,task     ] GC(27) Using 10 workers of 10 for evacuation
[2025-10-20T18:18:46.988+0000][21756][gc,age      ] GC(27) Desired survivor size 40370176 bytes, new threshold 15 (max threshold 15)
[2025-10-20T18:18:46.994+0000][21756][gc,age      ] GC(27) Age table with threshold 15 (max threshold 15)
[2025-10-20T18:18:46.994+0000][21756][gc,age      ] GC(27) - age   1:    1430360 bytes,    1430360 total
[2025-10-20T18:18:46.994+0000][21756][gc,age      ] GC(27) - age   2:     197016 bytes,    1627376 total
[2025-10-20T18:18:46.994+0000][21756][gc,age      ] GC(27) - age   3:      16832 bytes,    1644208 total
[2025-10-20T18:18:46.994+0000][21756][gc,age      ] GC(27) - age   4:      29848 bytes,    1674056 total
[2025-10-20T18:18:46.994+0000][21756][gc,age      ] GC(27) - age   5:     119576 bytes,    1793632 total
[2025-10-20T18:18:46.994+0000][21756][gc,age      ] GC(27) - age   6:     253776 bytes,    2047408 total
[2025-10-20T18:18:46.994+0000][21756][gc,age      ] GC(27) - age   7:       6720 bytes,    2054128 total
[2025-10-20T18:18:46.994+0000][21756][gc,age      ] GC(27) - age   8:      26192 bytes,    2080320 total
[2025-10-20T18:18:46.994+0000][21756][gc,age      ] GC(27) - age   9:      87584 bytes,    2167904 total
[2025-10-20T18:18:46.994+0000][21756][gc,age      ] GC(27) - age  10:     202048 bytes,    2369952 total
[2025-10-20T18:18:46.995+0000][21756][gc,age      ] GC(27) - age  11:     619496 bytes,    2989448 total
[2025-10-20T18:18:46.995+0000][21756][gc,age      ] GC(27) - age  12:      67088 bytes,    3056536 total
[2025-10-20T18:18:46.995+0000][21756][gc,age      ] GC(27) - age  13:     200752 bytes,    3257288 total
[2025-10-20T18:18:46.995+0000][21756][gc,age      ] GC(27) - age  14:    2889264 bytes,    6146552 total
[2025-10-20T18:18:46.995+0000][21756][gc,age      ] GC(27) - age  15:    7621888 bytes,   13768440 total
[2025-10-20T18:18:46.995+0000][21756][gc,phases   ] GC(27)   Pre Evacuate Collection Set: 0.1ms
[2025-10-20T18:18:46.995+0000][21756][gc,phases   ] GC(27)   Merge Heap Roots: 0.1ms
[2025-10-20T18:18:46.995+0000][21756][gc,phases   ] GC(27)   Evacuate Collection Set: 5.6ms
[2025-10-20T18:18:46.995+0000][21756][gc,phases   ] GC(27)   Post Evacuate Collection Set: 0.8ms
[2025-10-20T18:18:46.995+0000][21756][gc,phases   ] GC(27)   Other: 0.4ms
[2025-10-20T18:18:46.995+0000][21756][gc,heap     ] GC(27) Eden regions: 587->0(598)
[2025-10-20T18:18:46.995+0000][21756][gc,heap     ] GC(27) Survivor regions: 27->16(77)
[2025-10-20T18:18:46.995+0000][21756][gc,heap     ] GC(27) Old regions: 59->70
[2025-10-20T18:18:46.995+0000][21756][gc,heap     ] GC(27) Archive regions: 0->0
[2025-10-20T18:18:46.995+0000][21756][gc,heap     ] GC(27) Humongous regions: 7->7
[2025-10-20T18:18:46.995+0000][21756][gc,metaspace] GC(27) Metaspace: 108198K(112124K)->108198K(112124K) NonClass: 94353K(97072K)->94353K(97072K) Class: 13845K(15052K)->13845K(15052K)
[2025-10-20T18:18:46.995+0000][21756][gc          ] GC(27) Pause Young (Normal) (G1 Evacuation Pause) 679M->92M(1024M) 7.134ms
[2025-10-20T18:18:46.995+0000][21756][gc,cpu      ] GC(27) User=0.00s Sys=0.00s Real=0.01s
[2025-10-20T18:18:46.995+0000][21756][safepoint   ] Safepoint "G1CollectForAllocation", Time since last: 16482741200 ns, Reaching safepoint: 66600 ns, At safepoint: 7215100 ns, Total: 7281700 ns
[2025-10-20T18:18:50.026+0000][21756][safepoint   ] Safepoint "Cleanup", Time since last: 3030794600 ns, Reaching safepoint: 102200 ns, At safepoint: 10000 ns, Total: 112200 ns
[2025-10-20T18:18:52.040+0000][21756][safepoint   ] Safepoint "Cleanup", Time since last: 2013885800 ns, Reaching safepoint: 103800 ns, At safepoint: 7700 ns, Total: 111500 ns
[2025-10-20T18:18:53.051+0000][21756][safepoint   ] Safepoint "Cleanup", Time since last: 1010850700 ns, Reaching safepoint: 82400 ns, At safepoint: 8500 ns, Total: 90900 ns
[2025-10-20T18:19:21.282+0000][21756][safepoint   ] Safepoint "Cleanup", Time since last: 28231367500 ns, Reaching safepoint: 78100 ns, At safepoint: 9400 ns, Total: 87500 ns
[2025-10-20T18:19:54.589+0000][21756][safepoint   ] Safepoint "Cleanup", Time since last: 33306075100 ns, Reaching safepoint: 124900 ns, At safepoint: 11700 ns, Total: 136600 ns
[2025-10-20T18:19:55.601+0000][21756][safepoint   ] Safepoint "Cleanup", Time since last: 1011779100 ns, Reaching safepoint: 90300 ns, At safepoint: 9000 ns, Total: 99300 ns
[2025-10-20T18:20:34.907+0000][21756][safepoint   ] Safepoint "Cleanup", Time since last: 39305894600 ns, Reaching safepoint: 102800 ns, At safepoint: 10100 ns, Total: 112900 ns
[2025-10-20T18:20:58.102+0000][21756][safepoint   ] Safepoint "Cleanup", Time since last: 23194853300 ns, Reaching safepoint: 114000 ns, At safepoint: 35800 ns, Total: 149800 ns
[2025-10-20T18:21:51.533+0000][21756][safepoint   ] Safepoint "Cleanup", Time since last: 53431441900 ns, Reaching safepoint: 95100 ns, At safepoint: 2600 ns, Total: 97700 ns
[2025-10-20T18:22:01.626+0000][21756][safepoint   ] Safepoint "Cleanup", Time since last: 10092595600 ns, Reaching safepoint: 92200 ns, At safepoint: 12700 ns, Total: 104900 ns
[2025-10-20T18:23:04.142+0000][21756][safepoint   ] Safepoint "Cleanup", Time since last: 62516203400 ns, Reaching safepoint: 115300 ns, At safepoint: 17000 ns, Total: 132300 ns
[2025-10-20T18:24:03.699+0000][21756][safepoint   ] Safepoint "Cleanup", Time since last: 59556616800 ns, Reaching safepoint: 177400 ns, At safepoint: 8800 ns, Total: 186200 ns
[2025-10-20T18:24:07.729+0000][21756][safepoint   ] Safepoint "Cleanup", Time since last: 4030258000 ns, Reaching safepoint: 92800 ns, At safepoint: 6600 ns, Total: 99400 ns
[2025-10-20T18:24:13.782+0000][21756][safepoint   ] Safepoint "Cleanup", Time since last: 6052761500 ns, Reaching safepoint: 119100 ns, At safepoint: 11700 ns, Total: 130800 ns
[2025-10-20T18:24:45.012+0000][21756][gc,start    ] GC(28) Pause Young (Normal) (G1 Evacuation Pause)
[2025-10-20T18:24:45.012+0000][21756][gc,task     ] GC(28) Using 10 workers of 10 for evacuation
[2025-10-20T18:24:45.012+0000][21756][gc,age      ] GC(28) Desired survivor size 40370176 bytes, new threshold 15 (max threshold 15)
[2025-10-20T18:24:45.016+0000][21756][gc,age      ] GC(28) Age table with threshold 15 (max threshold 15)
[2025-10-20T18:24:45.016+0000][21756][gc,age      ] GC(28) - age   1:     590272 bytes,     590272 total
[2025-10-20T18:24:45.016+0000][21756][gc,age      ] GC(28) - age   2:       6472 bytes,     596744 total
[2025-10-20T18:24:45.016+0000][21756][gc,age      ] GC(28) - age   3:      35624 bytes,     632368 total
[2025-10-20T18:24:45.016+0000][21756][gc,age      ] GC(28) - age   4:      16176 bytes,     648544 total
[2025-10-20T18:24:45.016+0000][21756][gc,age      ] GC(28) - age   5:      29464 bytes,     678008 total
[2025-10-20T18:24:45.016+0000][21756][gc,age      ] GC(28) - age   6:     119256 bytes,     797264 total
[2025-10-20T18:24:45.016+0000][21756][gc,age      ] GC(28) - age   7:     253456 bytes,    1050720 total
[2025-10-20T18:24:45.016+0000][21756][gc,age      ] GC(28) - age   8:       6720 bytes,    1057440 total
[2025-10-20T18:24:45.016+0000][21756][gc,age      ] GC(28) - age   9:      26192 bytes,    1083632 total
[2025-10-20T18:24:45.016+0000][21756][gc,age      ] GC(28) - age  10:      87584 bytes,    1171216 total
[2025-10-20T18:24:45.016+0000][21756][gc,age      ] GC(28) - age  11:     202048 bytes,    1373264 total
[2025-10-20T18:24:45.016+0000][21756][gc,age      ] GC(28) - age  12:     619496 bytes,    1992760 total
[2025-10-20T18:24:45.016+0000][21756][gc,age      ] GC(28) - age  13:      67088 bytes,    2059848 total
[2025-10-20T18:24:45.016+0000][21756][gc,age      ] GC(28) - age  14:     200752 bytes,    2260600 total
[2025-10-20T18:24:45.016+0000][21756][gc,age      ] GC(28) - age  15:    2889264 bytes,    5149864 total
[2025-10-20T18:24:45.016+0000][21756][gc,phases   ] GC(28)   Pre Evacuate Collection Set: 0.1ms
[2025-10-20T18:24:45.016+0000][21756][gc,phases   ] GC(28)   Merge Heap Roots: 0.1ms
[2025-10-20T18:24:45.016+0000][21756][gc,phases   ] GC(28)   Evacuate Collection Set: 3.1ms
[2025-10-20T18:24:45.016+0000][21756][gc,phases   ] GC(28)   Post Evacuate Collection Set: 0.6ms
[2025-10-20T18:24:45.016+0000][21756][gc,phases   ] GC(28)   Other: 0.4ms
[2025-10-20T18:24:45.016+0000][21756][gc,heap     ] GC(28) Eden regions: 598->0(608)
[2025-10-20T18:24:45.016+0000][21756][gc,heap     ] GC(28) Survivor regions: 16->6(77)
[2025-10-20T18:24:45.016+0000][21756][gc,heap     ] GC(28) Old regions: 70->78
[2025-10-20T18:24:45.016+0000][21756][gc,heap     ] GC(28) Archive regions: 0->0
[2025-10-20T18:24:45.016+0000][21756][gc,heap     ] GC(28) Humongous regions: 7->7
[2025-10-20T18:24:45.016+0000][21756][gc,metaspace] GC(28) Metaspace: 108289K(112124K)->108289K(112124K) NonClass: 94444K(97072K)->94444K(97072K) Class: 13845K(15052K)->13845K(15052K)
[2025-10-20T18:24:45.016+0000][21756][gc          ] GC(28) Pause Young (Normal) (G1 Evacuation Pause) 690M->91M(1024M) 4.334ms
[2025-10-20T18:24:45.016+0000][21756][gc,cpu      ] GC(28) User=0.16s Sys=0.00s Real=0.00s
[2025-10-20T18:24:45.016+0000][21756][safepoint   ] Safepoint "G1CollectForAllocation", Time since last: 31230194800 ns, Reaching safepoint: 84700 ns, At safepoint: 4422700 ns, Total: 4507400 ns
[2025-10-20T18:25:10.163+0000][21756][safepoint   ] Safepoint "Cleanup", Time since last: 25146443300 ns, Reaching safepoint: 106200 ns, At safepoint: 11500 ns, Total: 117700 ns
[2025-10-20T18:25:11.178+0000][21756][safepoint   ] Safepoint "Cleanup", Time since last: 1014023900 ns, Reaching safepoint: 81600 ns, At safepoint: 9100 ns, Total: 90700 ns
[2025-10-20T18:26:12.893+0000][21756][safepoint   ] Safepoint "Cleanup", Time since last: 56457234100 ns, Reaching safepoint: 125600 ns, At safepoint: 3500 ns, Total: 129100 ns
[2025-10-20T18:26:13.895+0000][21756][safepoint   ] Safepoint "Cleanup", Time since last: 1002454100 ns, Reaching safepoint: 85500 ns, At safepoint: 8200 ns, Total: 93700 ns
[2025-10-20T18:26:57.202+0000][21756][safepoint   ] Safepoint "Cleanup", Time since last: 43306215500 ns, Reaching safepoint: 104100 ns, At safepoint: 12600 ns, Total: 116700 ns
[2025-10-20T18:27:16.379+0000][21756][safepoint   ] Safepoint "Cleanup", Time since last: 19177457900 ns, Reaching safepoint: 113000 ns, At safepoint: 6100 ns, Total: 119100 ns
[2025-10-20T18:27:17.394+0000][21756][safepoint   ] Safepoint "Cleanup", Time since last: 1013818800 ns, Reaching safepoint: 174800 ns, At safepoint: 682200 ns, Total: 857000 ns
[2025-10-20T18:27:18.402+0000][21756][safepoint   ] Safepoint "Cleanup", Time since last: 1007836500 ns, Reaching safepoint: 86700 ns, At safepoint: 3000 ns, Total: 89700 ns
[2025-10-20T18:27:19.408+0000][21756][safepoint   ] Safepoint "Cleanup", Time since last: 1006434800 ns, Reaching safepoint: 77600 ns, At safepoint: 4100 ns, Total: 81700 ns
[2025-10-20T18:27:27.496+0000][21756][safepoint   ] Safepoint "Cleanup", Time since last: 8087952400 ns, Reaching safepoint: 90400 ns, At safepoint: 4600 ns, Total: 95000 ns
[2025-10-20T18:28:19.007+0000][21756][safepoint   ] Safepoint "Cleanup", Time since last: 51510094300 ns, Reaching safepoint: 103200 ns, At safepoint: 24800 ns, Total: 128000 ns
[2025-10-20T18:28:20.009+0000][21756][safepoint   ] Safepoint "Cleanup", Time since last: 1002567400 ns, Reaching safepoint: 123900 ns, At safepoint: 9200 ns, Total: 133100 ns
[2025-10-20T18:28:21.024+0000][21756][safepoint   ] Safepoint "Cleanup", Time since last: 1013999500 ns, Reaching safepoint: 321700 ns, At safepoint: 48300 ns, Total: 370000 ns
[2025-10-20T18:28:26.073+0000][21756][safepoint   ] Safepoint "Cleanup", Time since last: 5049141900 ns, Reaching safepoint: 92000 ns, At safepoint: 9000 ns, Total: 101000 ns
[2025-10-20T18:29:08.240+0000][21756][gc,heap,exit] Heap
[2025-10-20T18:29:08.240+0000][21756][gc,heap,exit]  garbage-first heap   total 1048576K, used 529408K [0x00000000c0000000, 0x0000000100000000)
[2025-10-20T18:29:08.240+0000][21756][gc,heap,exit]   region size 1024K, 434 young (444416K), 6 survivors (6144K)
[2025-10-20T18:29:08.240+0000][21756][gc,heap,exit]  Metaspace       used 108544K, capacity 112296K, committed 112508K, reserved 1146880K
[2025-10-20T18:29:08.240+0000][21756][gc,heap,exit]   class space    used 13877K, capacity 15045K, committed 15180K, reserved 1048576K
